[35m[1mConsolidate compiler generated dependencies of target unitree_go__rosidl_generator_c[0m
[  0%] Built target unitree_go__dds_connext_idl
[  0%] Built target unitree_go__cpp
[  0%] Built target ament_cmake_python_copy_unitree_go
[ 12%] Built target unitree_go__rosidl_generator_c
[ 13%] [34m[1mGenerating C++ type support for eProsima Fast-RTPS[0m
[ 14%] [34m[1mGenerating C++ introspection for ROS interfaces[0m
[35m[1mConsolidate compiler generated dependencies of target unitree_go__rosidl_typesupport_cpp[0m
[ 27%] Built target unitree_go__rosidl_typesupport_cpp
[35m[1mConsolidate compiler generated dependencies of target unitree_go__rosidl_typesupport_fastrtps_c[0m
[ 27%] [32mBuilding CXX object CMakeFiles/unitree_go__rosidl_typesupport_fastrtps_c.dir/rosidl_typesupport_fastrtps_c/unitree_go/msg/detail/res__type_support_c.cpp.o[0m
running egg_info
writing unitree_go.egg-info/PKG-INFO
writing dependency_links to unitree_go.egg-info/dependency_links.txt
writing top-level names to unitree_go.egg-info/top_level.txt
reading manifest file 'unitree_go.egg-info/SOURCES.txt'
writing manifest file 'unitree_go.egg-info/SOURCES.txt'
[ 27%] Built target ament_cmake_python_build_unitree_go_egg
[ 27%] [34m[1mGenerating C introspection for ROS interfaces[0m
[ 28%] [32mBuilding CXX object CMakeFiles/unitree_go__rosidl_typesupport_fastrtps_c.dir/rosidl_typesupport_fastrtps_c/unitree_go/msg/detail/sport_mode_cmd__type_support_c.cpp.o[0m
[ 28%] [32mBuilding CXX object CMakeFiles/unitree_go__rosidl_typesupport_fastrtps_c.dir/rosidl_typesupport_fastrtps_c/unitree_go/msg/detail/sport_mode_state__type_support_c.cpp.o[0m
[ 29%] [32mBuilding CXX object CMakeFiles/unitree_go__rosidl_typesupport_fastrtps_c.dir/rosidl_typesupport_fastrtps_c/unitree_go/msg/detail/time_spec__type_support_c.cpp.o[0m
[ 29%] [32mBuilding CXX object CMakeFiles/unitree_go__rosidl_typesupport_fastrtps_c.dir/rosidl_typesupport_fastrtps_c/unitree_go/msg/detail/uwb_state__type_support_c.cpp.o[0m
[ 29%] [32mBuilding CXX object CMakeFiles/unitree_go__rosidl_typesupport_introspection_cpp.dir/rosidl_typesupport_introspection_cpp/unitree_go/msg/detail/audio_data__type_support.cpp.o[0m
[ 29%] [32mBuilding CXX object CMakeFiles/unitree_go__rosidl_typesupport_fastrtps_cpp.dir/rosidl_typesupport_fastrtps_cpp/unitree_go/msg/detail/dds_fastrtps/audio_data__type_support.cpp.o[0m
[ 30%] [32mBuilding CXX object CMakeFiles/unitree_go__rosidl_typesupport_fastrtps_c.dir/rosidl_typesupport_fastrtps_c/unitree_go/msg/detail/uwb_switch__type_support_c.cpp.o[0m
[ 30%] [32mBuilding C object CMakeFiles/unitree_go__rosidl_typesupport_introspection_c.dir/rosidl_typesupport_introspection_c/unitree_go/msg/detail/audio_data__type_support.c.o[0m
[ 31%] [32mBuilding C object CMakeFiles/unitree_go__rosidl_typesupport_introspection_c.dir/rosidl_typesupport_introspection_c/unitree_go/msg/detail/bms_cmd__type_support.c.o[0m
[ 31%] [32mBuilding C object CMakeFiles/unitree_go__rosidl_typesupport_introspection_c.dir/rosidl_typesupport_introspection_c/unitree_go/msg/detail/bms_state__type_support.c.o[0m
[ 32%] [32mBuilding C object CMakeFiles/unitree_go__rosidl_typesupport_introspection_c.dir/rosidl_typesupport_introspection_c/unitree_go/msg/detail/error__type_support.c.o[0m
[ 32%] [32mBuilding C object CMakeFiles/unitree_go__rosidl_typesupport_introspection_c.dir/rosidl_typesupport_introspection_c/unitree_go/msg/detail/go2_front_video_data__type_support.c.o[0m
[ 33%] [32mBuilding C object CMakeFiles/unitree_go__rosidl_typesupport_introspection_c.dir/rosidl_typesupport_introspection_c/unitree_go/msg/detail/height_map__type_support.c.o[0m
[ 33%] [32mBuilding C object CMakeFiles/unitree_go__rosidl_typesupport_introspection_c.dir/rosidl_typesupport_introspection_c/unitree_go/msg/detail/imu_state__type_support.c.o[0m
[ 33%] [32mBuilding CXX object CMakeFiles/unitree_go__rosidl_typesupport_fastrtps_c.dir/rosidl_typesupport_fastrtps_c/unitree_go/msg/detail/wireless_controller__type_support_c.cpp.o[0m
[ 34%] [32mBuilding C object CMakeFiles/unitree_go__rosidl_typesupport_introspection_c.dir/rosidl_typesupport_introspection_c/unitree_go/msg/detail/interface_config__type_support.c.o[0m
[ 34%] [32mBuilding C object CMakeFiles/unitree_go__rosidl_typesupport_introspection_c.dir/rosidl_typesupport_introspection_c/unitree_go/msg/detail/lidar_state__type_support.c.o[0m
[ 35%] [32mBuilding C object CMakeFiles/unitree_go__rosidl_typesupport_introspection_c.dir/rosidl_typesupport_introspection_c/unitree_go/msg/detail/low_cmd__type_support.c.o[0m
[ 36%] [32mBuilding CXX object CMakeFiles/unitree_go__rosidl_typesupport_introspection_cpp.dir/rosidl_typesupport_introspection_cpp/unitree_go/msg/detail/bms_cmd__type_support.cpp.o[0m
[ 36%] [32mBuilding C object CMakeFiles/unitree_go__rosidl_typesupport_introspection_c.dir/rosidl_typesupport_introspection_c/unitree_go/msg/detail/low_state__type_support.c.o[0m
[ 37%] [32mBuilding C object CMakeFiles/unitree_go__rosidl_typesupport_introspection_c.dir/rosidl_typesupport_introspection_c/unitree_go/msg/detail/motor_cmd__type_support.c.o[0m
[ 37%] [32mBuilding C object CMakeFiles/unitree_go__rosidl_typesupport_introspection_c.dir/rosidl_typesupport_introspection_c/unitree_go/msg/detail/motor_cmds__type_support.c.o[0m
[ 38%] [32mBuilding CXX object CMakeFiles/unitree_go__rosidl_typesupport_fastrtps_cpp.dir/rosidl_typesupport_fastrtps_cpp/unitree_go/msg/detail/dds_fastrtps/bms_cmd__type_support.cpp.o[0m
[ 38%] [32mBuilding C object CMakeFiles/unitree_go__rosidl_typesupport_introspection_c.dir/rosidl_typesupport_introspection_c/unitree_go/msg/detail/motor_state__type_support.c.o[0m
[ 39%] [32mBuilding C object CMakeFiles/unitree_go__rosidl_typesupport_introspection_c.dir/rosidl_typesupport_introspection_c/unitree_go/msg/detail/motor_states__type_support.c.o[0m
[ 39%] [32mBuilding C object CMakeFiles/unitree_go__rosidl_typesupport_introspection_c.dir/rosidl_typesupport_introspection_c/unitree_go/msg/detail/path_point__type_support.c.o[0m
[ 40%] [32mBuilding C object CMakeFiles/unitree_go__rosidl_typesupport_introspection_c.dir/rosidl_typesupport_introspection_c/unitree_go/msg/detail/req__type_support.c.o[0m
[ 41%] [32m[1mLinking CXX shared library libunitree_go__rosidl_typesupport_fastrtps_c.so[0m
[ 41%] [32mBuilding C object CMakeFiles/unitree_go__rosidl_typesupport_introspection_c.dir/rosidl_typesupport_introspection_c/unitree_go/msg/detail/res__type_support.c.o[0m
[ 42%] [32mBuilding C object CMakeFiles/unitree_go__rosidl_typesupport_introspection_c.dir/rosidl_typesupport_introspection_c/unitree_go/msg/detail/sport_mode_cmd__type_support.c.o[0m
[ 42%] [32mBuilding C object CMakeFiles/unitree_go__rosidl_typesupport_introspection_c.dir/rosidl_typesupport_introspection_c/unitree_go/msg/detail/sport_mode_state__type_support.c.o[0m
[ 50%] Built target unitree_go__rosidl_typesupport_fastrtps_c
[ 50%] [32mBuilding CXX object CMakeFiles/unitree_go__rosidl_typesupport_introspection_cpp.dir/rosidl_typesupport_introspection_cpp/unitree_go/msg/detail/bms_state__type_support.cpp.o[0m
[ 51%] [32mBuilding C object CMakeFiles/unitree_go__rosidl_typesupport_introspection_c.dir/rosidl_typesupport_introspection_c/unitree_go/msg/detail/time_spec__type_support.c.o[0m
[ 51%] [32mBuilding C object CMakeFiles/unitree_go__rosidl_typesupport_introspection_c.dir/rosidl_typesupport_introspection_c/unitree_go/msg/detail/uwb_state__type_support.c.o[0m
[ 52%] [32mBuilding C object CMakeFiles/unitree_go__rosidl_typesupport_introspection_c.dir/rosidl_typesupport_introspection_c/unitree_go/msg/detail/uwb_switch__type_support.c.o[0m
[ 52%] [32mBuilding C object CMakeFiles/unitree_go__rosidl_typesupport_introspection_c.dir/rosidl_typesupport_introspection_c/unitree_go/msg/detail/wireless_controller__type_support.c.o[0m
[ 52%] [32mBuilding CXX object CMakeFiles/unitree_go__rosidl_typesupport_fastrtps_cpp.dir/rosidl_typesupport_fastrtps_cpp/unitree_go/msg/detail/dds_fastrtps/bms_state__type_support.cpp.o[0m
[ 53%] [32m[1mLinking C shared library libunitree_go__rosidl_typesupport_introspection_c.so[0m
[ 53%] Built target unitree_go__rosidl_typesupport_introspection_c
[ 54%] [32mBuilding CXX object CMakeFiles/unitree_go__rosidl_typesupport_introspection_cpp.dir/rosidl_typesupport_introspection_cpp/unitree_go/msg/detail/error__type_support.cpp.o[0m
[ 55%] [32mBuilding CXX object CMakeFiles/unitree_go__rosidl_typesupport_fastrtps_cpp.dir/rosidl_typesupport_fastrtps_cpp/unitree_go/msg/detail/dds_fastrtps/error__type_support.cpp.o[0m
[ 55%] [32mBuilding CXX object CMakeFiles/unitree_go__rosidl_typesupport_introspection_cpp.dir/rosidl_typesupport_introspection_cpp/unitree_go/msg/detail/go2_front_video_data__type_support.cpp.o[0m
[ 55%] [32mBuilding CXX object CMakeFiles/unitree_go__rosidl_typesupport_fastrtps_cpp.dir/rosidl_typesupport_fastrtps_cpp/unitree_go/msg/detail/dds_fastrtps/go2_front_video_data__type_support.cpp.o[0m
[ 56%] [32mBuilding CXX object CMakeFiles/unitree_go__rosidl_typesupport_introspection_cpp.dir/rosidl_typesupport_introspection_cpp/unitree_go/msg/detail/height_map__type_support.cpp.o[0m
[ 57%] [32mBuilding CXX object CMakeFiles/unitree_go__rosidl_typesupport_fastrtps_cpp.dir/rosidl_typesupport_fastrtps_cpp/unitree_go/msg/detail/dds_fastrtps/height_map__type_support.cpp.o[0m
[ 57%] [32mBuilding CXX object CMakeFiles/unitree_go__rosidl_typesupport_introspection_cpp.dir/rosidl_typesupport_introspection_cpp/unitree_go/msg/detail/imu_state__type_support.cpp.o[0m
[ 57%] [32mBuilding CXX object CMakeFiles/unitree_go__rosidl_typesupport_fastrtps_cpp.dir/rosidl_typesupport_fastrtps_cpp/unitree_go/msg/detail/dds_fastrtps/imu_state__type_support.cpp.o[0m
[ 58%] [32mBuilding CXX object CMakeFiles/unitree_go__rosidl_typesupport_introspection_cpp.dir/rosidl_typesupport_introspection_cpp/unitree_go/msg/detail/interface_config__type_support.cpp.o[0m
[ 59%] [32mBuilding CXX object CMakeFiles/unitree_go__rosidl_typesupport_fastrtps_cpp.dir/rosidl_typesupport_fastrtps_cpp/unitree_go/msg/detail/dds_fastrtps/interface_config__type_support.cpp.o[0m
[ 59%] [32mBuilding CXX object CMakeFiles/unitree_go__rosidl_typesupport_introspection_cpp.dir/rosidl_typesupport_introspection_cpp/unitree_go/msg/detail/lidar_state__type_support.cpp.o[0m
[ 59%] [32mBuilding CXX object CMakeFiles/unitree_go__rosidl_typesupport_fastrtps_cpp.dir/rosidl_typesupport_fastrtps_cpp/unitree_go/msg/detail/dds_fastrtps/lidar_state__type_support.cpp.o[0m
[ 60%] [32mBuilding CXX object CMakeFiles/unitree_go__rosidl_typesupport_introspection_cpp.dir/rosidl_typesupport_introspection_cpp/unitree_go/msg/detail/low_cmd__type_support.cpp.o[0m
[ 61%] [32mBuilding CXX object CMakeFiles/unitree_go__rosidl_typesupport_fastrtps_cpp.dir/rosidl_typesupport_fastrtps_cpp/unitree_go/msg/detail/dds_fastrtps/low_cmd__type_support.cpp.o[0m
[ 61%] [32mBuilding CXX object CMakeFiles/unitree_go__rosidl_typesupport_introspection_cpp.dir/rosidl_typesupport_introspection_cpp/unitree_go/msg/detail/low_state__type_support.cpp.o[0m
[ 61%] [32mBuilding CXX object CMakeFiles/unitree_go__rosidl_typesupport_fastrtps_cpp.dir/rosidl_typesupport_fastrtps_cpp/unitree_go/msg/detail/dds_fastrtps/low_state__type_support.cpp.o[0m
[ 61%] [32mBuilding CXX object CMakeFiles/unitree_go__rosidl_typesupport_introspection_cpp.dir/rosidl_typesupport_introspection_cpp/unitree_go/msg/detail/motor_cmd__type_support.cpp.o[0m
[ 62%] [32mBuilding CXX object CMakeFiles/unitree_go__rosidl_typesupport_introspection_cpp.dir/rosidl_typesupport_introspection_cpp/unitree_go/msg/detail/motor_cmds__type_support.cpp.o[0m
[ 62%] [32mBuilding CXX object CMakeFiles/unitree_go__rosidl_typesupport_fastrtps_cpp.dir/rosidl_typesupport_fastrtps_cpp/unitree_go/msg/detail/dds_fastrtps/motor_cmd__type_support.cpp.o[0m
[ 62%] [32mBuilding CXX object CMakeFiles/unitree_go__rosidl_typesupport_introspection_cpp.dir/rosidl_typesupport_introspection_cpp/unitree_go/msg/detail/motor_state__type_support.cpp.o[0m
[ 63%] [32mBuilding CXX object CMakeFiles/unitree_go__rosidl_typesupport_fastrtps_cpp.dir/rosidl_typesupport_fastrtps_cpp/unitree_go/msg/detail/dds_fastrtps/motor_cmds__type_support.cpp.o[0m
[ 64%] [32mBuilding CXX object CMakeFiles/unitree_go__rosidl_typesupport_introspection_cpp.dir/rosidl_typesupport_introspection_cpp/unitree_go/msg/detail/motor_states__type_support.cpp.o[0m
[ 64%] [32mBuilding CXX object CMakeFiles/unitree_go__rosidl_typesupport_fastrtps_cpp.dir/rosidl_typesupport_fastrtps_cpp/unitree_go/msg/detail/dds_fastrtps/motor_state__type_support.cpp.o[0m
[ 64%] [32mBuilding CXX object CMakeFiles/unitree_go__rosidl_typesupport_introspection_cpp.dir/rosidl_typesupport_introspection_cpp/unitree_go/msg/detail/path_point__type_support.cpp.o[0m
[ 65%] [32mBuilding CXX object CMakeFiles/unitree_go__rosidl_typesupport_fastrtps_cpp.dir/rosidl_typesupport_fastrtps_cpp/unitree_go/msg/detail/dds_fastrtps/motor_states__type_support.cpp.o[0m
[ 66%] [32mBuilding CXX object CMakeFiles/unitree_go__rosidl_typesupport_introspection_cpp.dir/rosidl_typesupport_introspection_cpp/unitree_go/msg/detail/req__type_support.cpp.o[0m
[ 66%] [32mBuilding CXX object CMakeFiles/unitree_go__rosidl_typesupport_fastrtps_cpp.dir/rosidl_typesupport_fastrtps_cpp/unitree_go/msg/detail/dds_fastrtps/path_point__type_support.cpp.o[0m
[ 66%] [32mBuilding CXX object CMakeFiles/unitree_go__rosidl_typesupport_introspection_cpp.dir/rosidl_typesupport_introspection_cpp/unitree_go/msg/detail/res__type_support.cpp.o[0m
[ 67%] [32mBuilding CXX object CMakeFiles/unitree_go__rosidl_typesupport_fastrtps_cpp.dir/rosidl_typesupport_fastrtps_cpp/unitree_go/msg/detail/dds_fastrtps/req__type_support.cpp.o[0m
[ 68%] [32mBuilding CXX object CMakeFiles/unitree_go__rosidl_typesupport_introspection_cpp.dir/rosidl_typesupport_introspection_cpp/unitree_go/msg/detail/sport_mode_cmd__type_support.cpp.o[0m
[ 68%] [32mBuilding CXX object CMakeFiles/unitree_go__rosidl_typesupport_fastrtps_cpp.dir/rosidl_typesupport_fastrtps_cpp/unitree_go/msg/detail/dds_fastrtps/res__type_support.cpp.o[0m
[ 68%] [32mBuilding CXX object CMakeFiles/unitree_go__rosidl_typesupport_introspection_cpp.dir/rosidl_typesupport_introspection_cpp/unitree_go/msg/detail/sport_mode_state__type_support.cpp.o[0m
[ 69%] [32mBuilding CXX object CMakeFiles/unitree_go__rosidl_typesupport_fastrtps_cpp.dir/rosidl_typesupport_fastrtps_cpp/unitree_go/msg/detail/dds_fastrtps/sport_mode_cmd__type_support.cpp.o[0m
[ 70%] [32mBuilding CXX object CMakeFiles/unitree_go__rosidl_typesupport_introspection_cpp.dir/rosidl_typesupport_introspection_cpp/unitree_go/msg/detail/time_spec__type_support.cpp.o[0m
[ 70%] [32mBuilding CXX object CMakeFiles/unitree_go__rosidl_typesupport_fastrtps_cpp.dir/rosidl_typesupport_fastrtps_cpp/unitree_go/msg/detail/dds_fastrtps/sport_mode_state__type_support.cpp.o[0m
[ 70%] [32mBuilding CXX object CMakeFiles/unitree_go__rosidl_typesupport_introspection_cpp.dir/rosidl_typesupport_introspection_cpp/unitree_go/msg/detail/uwb_state__type_support.cpp.o[0m
[ 71%] [32mBuilding CXX object CMakeFiles/unitree_go__rosidl_typesupport_fastrtps_cpp.dir/rosidl_typesupport_fastrtps_cpp/unitree_go/msg/detail/dds_fastrtps/time_spec__type_support.cpp.o[0m
[ 72%] [32mBuilding CXX object CMakeFiles/unitree_go__rosidl_typesupport_introspection_cpp.dir/rosidl_typesupport_introspection_cpp/unitree_go/msg/detail/uwb_switch__type_support.cpp.o[0m
[ 72%] [32mBuilding CXX object CMakeFiles/unitree_go__rosidl_typesupport_fastrtps_cpp.dir/rosidl_typesupport_fastrtps_cpp/unitree_go/msg/detail/dds_fastrtps/uwb_state__type_support.cpp.o[0m
[ 72%] [32mBuilding CXX object CMakeFiles/unitree_go__rosidl_typesupport_introspection_cpp.dir/rosidl_typesupport_introspection_cpp/unitree_go/msg/detail/wireless_controller__type_support.cpp.o[0m
[ 73%] [32mBuilding CXX object CMakeFiles/unitree_go__rosidl_typesupport_fastrtps_cpp.dir/rosidl_typesupport_fastrtps_cpp/unitree_go/msg/detail/dds_fastrtps/uwb_switch__type_support.cpp.o[0m
[ 74%] [32m[1mLinking CXX shared library libunitree_go__rosidl_typesupport_introspection_cpp.so[0m
[ 74%] Built target unitree_go__rosidl_typesupport_introspection_cpp
[ 74%] [32mBuilding CXX object CMakeFiles/unitree_go__rosidl_typesupport_fastrtps_cpp.dir/rosidl_typesupport_fastrtps_cpp/unitree_go/msg/detail/dds_fastrtps/wireless_controller__type_support.cpp.o[0m
[ 75%] [32m[1mLinking CXX shared library libunitree_go__rosidl_typesupport_fastrtps_cpp.so[0m
[ 75%] Built target unitree_go__rosidl_typesupport_fastrtps_cpp
[ 75%] [34m[1mGenerating C type support dispatch for ROS interfaces[0m
[ 75%] [32mBuilding CXX object CMakeFiles/unitree_go__rosidl_typesupport_c.dir/rosidl_typesupport_c/unitree_go/msg/audio_data__type_support.cpp.o[0m
[ 76%] [32mBuilding CXX object CMakeFiles/unitree_go__rosidl_typesupport_c.dir/rosidl_typesupport_c/unitree_go/msg/error__type_support.cpp.o[0m
[ 76%] [32mBuilding CXX object CMakeFiles/unitree_go__rosidl_typesupport_c.dir/rosidl_typesupport_c/unitree_go/msg/go2_front_video_data__type_support.cpp.o[0m
[ 77%] [32mBuilding CXX object CMakeFiles/unitree_go__rosidl_typesupport_c.dir/rosidl_typesupport_c/unitree_go/msg/height_map__type_support.cpp.o[0m
[ 77%] [32mBuilding CXX object CMakeFiles/unitree_go__rosidl_typesupport_c.dir/rosidl_typesupport_c/unitree_go/msg/imu_state__type_support.cpp.o[0m
[ 78%] [32mBuilding CXX object CMakeFiles/unitree_go__rosidl_typesupport_c.dir/rosidl_typesupport_c/unitree_go/msg/interface_config__type_support.cpp.o[0m
[ 78%] [32mBuilding CXX object CMakeFiles/unitree_go__rosidl_typesupport_c.dir/rosidl_typesupport_c/unitree_go/msg/lidar_state__type_support.cpp.o[0m
[ 79%] [32mBuilding CXX object CMakeFiles/unitree_go__rosidl_typesupport_c.dir/rosidl_typesupport_c/unitree_go/msg/low_cmd__type_support.cpp.o[0m
[ 79%] [32mBuilding CXX object CMakeFiles/unitree_go__rosidl_typesupport_c.dir/rosidl_typesupport_c/unitree_go/msg/low_state__type_support.cpp.o[0m
[ 80%] [32mBuilding CXX object CMakeFiles/unitree_go__rosidl_typesupport_c.dir/rosidl_typesupport_c/unitree_go/msg/motor_cmd__type_support.cpp.o[0m
[ 80%] [32mBuilding CXX object CMakeFiles/unitree_go__rosidl_typesupport_c.dir/rosidl_typesupport_c/unitree_go/msg/motor_cmds__type_support.cpp.o[0m
[ 80%] [32mBuilding CXX object CMakeFiles/unitree_go__rosidl_typesupport_c.dir/rosidl_typesupport_c/unitree_go/msg/motor_state__type_support.cpp.o[0m
[ 81%] [32mBuilding CXX object CMakeFiles/unitree_go__rosidl_typesupport_c.dir/rosidl_typesupport_c/unitree_go/msg/motor_states__type_support.cpp.o[0m
[ 81%] [32mBuilding CXX object CMakeFiles/unitree_go__rosidl_typesupport_c.dir/rosidl_typesupport_c/unitree_go/msg/path_point__type_support.cpp.o[0m
[ 82%] [32mBuilding CXX object CMakeFiles/unitree_go__rosidl_typesupport_c.dir/rosidl_typesupport_c/unitree_go/msg/req__type_support.cpp.o[0m
[ 82%] [32mBuilding CXX object CMakeFiles/unitree_go__rosidl_typesupport_c.dir/rosidl_typesupport_c/unitree_go/msg/res__type_support.cpp.o[0m
[ 83%] [32mBuilding CXX object CMakeFiles/unitree_go__rosidl_typesupport_c.dir/rosidl_typesupport_c/unitree_go/msg/sport_mode_cmd__type_support.cpp.o[0m
[ 83%] [32mBuilding CXX object CMakeFiles/unitree_go__rosidl_typesupport_c.dir/rosidl_typesupport_c/unitree_go/msg/sport_mode_state__type_support.cpp.o[0m
[ 84%] [32mBuilding CXX object CMakeFiles/unitree_go__rosidl_typesupport_c.dir/rosidl_typesupport_c/unitree_go/msg/time_spec__type_support.cpp.o[0m
[ 84%] [32mBuilding CXX object CMakeFiles/unitree_go__rosidl_typesupport_c.dir/rosidl_typesupport_c/unitree_go/msg/uwb_state__type_support.cpp.o[0m
[ 85%] [32mBuilding CXX object CMakeFiles/unitree_go__rosidl_typesupport_c.dir/rosidl_typesupport_c/unitree_go/msg/uwb_switch__type_support.cpp.o[0m
[ 85%] [32mBuilding CXX object CMakeFiles/unitree_go__rosidl_typesupport_c.dir/rosidl_typesupport_c/unitree_go/msg/wireless_controller__type_support.cpp.o[0m
[ 85%] [32mBuilding CXX object CMakeFiles/unitree_go__rosidl_typesupport_c.dir/rosidl_typesupport_c/unitree_go/msg/bms_state__type_support.cpp.o[0m
[ 86%] [32mBuilding CXX object CMakeFiles/unitree_go__rosidl_typesupport_c.dir/rosidl_typesupport_c/unitree_go/msg/bms_cmd__type_support.cpp.o[0m
[ 87%] [32m[1mLinking CXX shared library libunitree_go__rosidl_typesupport_c.so[0m
[ 87%] Built target unitree_go__rosidl_typesupport_c
[ 87%] Built target unitree_go
[ 88%] [34m[1mGenerating Python code for ROS interfaces[0m
[ 88%] Built target unitree_go__py
[ 88%] [32mBuilding C object CMakeFiles/unitree_go__rosidl_generator_py.dir/rosidl_generator_py/unitree_go/msg/_audio_data_s.c.o[0m
[ 89%] [32mBuilding C object CMakeFiles/unitree_go__rosidl_generator_py.dir/rosidl_generator_py/unitree_go/msg/_error_s.c.o[0m
[ 89%] [32mBuilding C object CMakeFiles/unitree_go__rosidl_generator_py.dir/rosidl_generator_py/unitree_go/msg/_go2_front_video_data_s.c.o[0m
[ 90%] [32mBuilding C object CMakeFiles/unitree_go__rosidl_generator_py.dir/rosidl_generator_py/unitree_go/msg/_height_map_s.c.o[0m
[ 90%] [32mBuilding C object CMakeFiles/unitree_go__rosidl_generator_py.dir/rosidl_generator_py/unitree_go/msg/_imu_state_s.c.o[0m
[ 91%] [32mBuilding C object CMakeFiles/unitree_go__rosidl_generator_py.dir/rosidl_generator_py/unitree_go/msg/_interface_config_s.c.o[0m
[ 91%] [32mBuilding C object CMakeFiles/unitree_go__rosidl_generator_py.dir/rosidl_generator_py/unitree_go/msg/_lidar_state_s.c.o[0m
[ 92%] [32mBuilding C object CMakeFiles/unitree_go__rosidl_generator_py.dir/rosidl_generator_py/unitree_go/msg/_low_cmd_s.c.o[0m
[ 92%] [32mBuilding C object CMakeFiles/unitree_go__rosidl_generator_py.dir/rosidl_generator_py/unitree_go/msg/_low_state_s.c.o[0m
[ 92%] [32mBuilding C object CMakeFiles/unitree_go__rosidl_generator_py.dir/rosidl_generator_py/unitree_go/msg/_motor_cmd_s.c.o[0m
[ 93%] [32mBuilding C object CMakeFiles/unitree_go__rosidl_generator_py.dir/rosidl_generator_py/unitree_go/msg/_motor_cmds_s.c.o[0m
[ 93%] [32mBuilding C object CMakeFiles/unitree_go__rosidl_generator_py.dir/rosidl_generator_py/unitree_go/msg/_motor_state_s.c.o[0m
[ 94%] [32mBuilding C object CMakeFiles/unitree_go__rosidl_generator_py.dir/rosidl_generator_py/unitree_go/msg/_motor_states_s.c.o[0m
[ 94%] [32mBuilding C object CMakeFiles/unitree_go__rosidl_generator_py.dir/rosidl_generator_py/unitree_go/msg/_path_point_s.c.o[0m
[ 95%] [32mBuilding C object CMakeFiles/unitree_go__rosidl_generator_py.dir/rosidl_generator_py/unitree_go/msg/_req_s.c.o[0m
[ 95%] [32mBuilding C object CMakeFiles/unitree_go__rosidl_generator_py.dir/rosidl_generator_py/unitree_go/msg/_res_s.c.o[0m
[ 96%] [32mBuilding C object CMakeFiles/unitree_go__rosidl_generator_py.dir/rosidl_generator_py/unitree_go/msg/_sport_mode_cmd_s.c.o[0m
[ 96%] [32mBuilding C object CMakeFiles/unitree_go__rosidl_generator_py.dir/rosidl_generator_py/unitree_go/msg/_sport_mode_state_s.c.o[0m
[ 97%] [32mBuilding C object CMakeFiles/unitree_go__rosidl_generator_py.dir/rosidl_generator_py/unitree_go/msg/_time_spec_s.c.o[0m
[ 97%] [32mBuilding C object CMakeFiles/unitree_go__rosidl_generator_py.dir/rosidl_generator_py/unitree_go/msg/_uwb_state_s.c.o[0m
[ 98%] [32mBuilding C object CMakeFiles/unitree_go__rosidl_generator_py.dir/rosidl_generator_py/unitree_go/msg/_uwb_switch_s.c.o[0m
[ 98%] [32mBuilding C object CMakeFiles/unitree_go__rosidl_generator_py.dir/rosidl_generator_py/unitree_go/msg/_wireless_controller_s.c.o[0m
[ 98%] [32mBuilding C object CMakeFiles/unitree_go__rosidl_generator_py.dir/rosidl_generator_py/unitree_go/msg/_bms_state_s.c.o[0m
[ 99%] [32mBuilding C object CMakeFiles/unitree_go__rosidl_generator_py.dir/rosidl_generator_py/unitree_go/msg/_bms_cmd_s.c.o[0m
[100%] [32m[1mLinking C shared library rosidl_generator_py/unitree_go/libunitree_go__rosidl_generator_py.so[0m
[100%] Built target unitree_go__rosidl_generator_py
[100%] [32mBuilding C object CMakeFiles/unitree_go__rosidl_typesupport_fastrtps_c__pyext.dir/rosidl_generator_py/unitree_go/_unitree_go_s.ep.rosidl_typesupport_fastrtps_c.c.o[0m
[100%] [32m[1mLinking C shared library rosidl_generator_py/unitree_go/unitree_go_s__rosidl_typesupport_fastrtps_c.cpython-310-aarch64-linux-gnu.so[0m
[100%] Built target unitree_go__rosidl_typesupport_fastrtps_c__pyext
[100%] [32mBuilding C object CMakeFiles/unitree_go__rosidl_typesupport_c__pyext.dir/rosidl_generator_py/unitree_go/_unitree_go_s.ep.rosidl_typesupport_c.c.o[0m
[100%] [32m[1mLinking C shared library rosidl_generator_py/unitree_go/unitree_go_s__rosidl_typesupport_c.cpython-310-aarch64-linux-gnu.so[0m
[100%] Built target unitree_go__rosidl_typesupport_c__pyext
[100%] [32mBuilding C object CMakeFiles/unitree_go__rosidl_typesupport_introspection_c__pyext.dir/rosidl_generator_py/unitree_go/_unitree_go_s.ep.rosidl_typesupport_introspection_c.c.o[0m
[100%] [32m[1mLinking C shared library rosidl_generator_py/unitree_go/unitree_go_s__rosidl_typesupport_introspection_c.cpython-310-aarch64-linux-gnu.so[0m
[100%] Built target unitree_go__rosidl_typesupport_introspection_c__pyext
-- Install configuration: ""
-- Installing: /ws/install/unitree_go/share/ament_index/resource_index/rosidl_interfaces/unitree_go
-- Installing: /ws/install/unitree_go/include/unitree_go/unitree_go
-- Installing: /ws/install/unitree_go/include/unitree_go/unitree_go/msg
-- Installing: /ws/install/unitree_go/include/unitree_go/unitree_go/msg/low_cmd.h
-- Installing: /ws/install/unitree_go/include/unitree_go/unitree_go/msg/motor_cmd.h
-- Installing: /ws/install/unitree_go/include/unitree_go/unitree_go/msg/audio_data.h
-- Installing: /ws/install/unitree_go/include/unitree_go/unitree_go/msg/lidar_state.h
-- Installing: /ws/install/unitree_go/include/unitree_go/unitree_go/msg/height_map.h
-- Installing: /ws/install/unitree_go/include/unitree_go/unitree_go/msg/go2_front_video_data.h
-- Installing: /ws/install/unitree_go/include/unitree_go/unitree_go/msg/uwb_switch.h
-- Installing: /ws/install/unitree_go/include/unitree_go/unitree_go/msg/motor_cmds.h
-- Installing: /ws/install/unitree_go/include/unitree_go/unitree_go/msg/low_state.h
-- Installing: /ws/install/unitree_go/include/unitree_go/unitree_go/msg/bms_cmd.h
-- Installing: /ws/install/unitree_go/include/unitree_go/unitree_go/msg/res.h
-- Installing: /ws/install/unitree_go/include/unitree_go/unitree_go/msg/wireless_controller.h
-- Installing: /ws/install/unitree_go/include/unitree_go/unitree_go/msg/motor_states.h
-- Installing: /ws/install/unitree_go/include/unitree_go/unitree_go/msg/sport_mode_cmd.h
-- Installing: /ws/install/unitree_go/include/unitree_go/unitree_go/msg/time_spec.h
-- Installing: /ws/install/unitree_go/include/unitree_go/unitree_go/msg/sport_mode_state.h
-- Installing: /ws/install/unitree_go/include/unitree_go/unitree_go/msg/motor_state.h
-- Installing: /ws/install/unitree_go/include/unitree_go/unitree_go/msg/interface_config.h
-- Installing: /ws/install/unitree_go/include/unitree_go/unitree_go/msg/error.h
-- Installing: /ws/install/unitree_go/include/unitree_go/unitree_go/msg/bms_state.h
-- Installing: /ws/install/unitree_go/include/unitree_go/unitree_go/msg/uwb_state.h
-- Installing: /ws/install/unitree_go/include/unitree_go/unitree_go/msg/rosidl_generator_c__visibility_control.h
-- Installing: /ws/install/unitree_go/include/unitree_go/unitree_go/msg/path_point.h
-- Installing: /ws/install/unitree_go/include/unitree_go/unitree_go/msg/imu_state.h
-- Installing: /ws/install/unitree_go/include/unitree_go/unitree_go/msg/req.h
-- Installing: /ws/install/unitree_go/include/unitree_go/unitree_go/msg/detail
-- Installing: /ws/install/unitree_go/include/unitree_go/unitree_go/msg/detail/uwb_switch__functions.h
-- Installing: /ws/install/unitree_go/include/unitree_go/unitree_go/msg/detail/res__struct.h
-- Installing: /ws/install/unitree_go/include/unitree_go/unitree_go/msg/detail/motor_cmds__type_support.h
-- Installing: /ws/install/unitree_go/include/unitree_go/unitree_go/msg/detail/motor_state__struct.h
-- Installing: /ws/install/unitree_go/include/unitree_go/unitree_go/msg/detail/path_point__functions.h
-- Installing: /ws/install/unitree_go/include/unitree_go/unitree_go/msg/detail/path_point__struct.h
-- Installing: /ws/install/unitree_go/include/unitree_go/unitree_go/msg/detail/time_spec__struct.h
-- Installing: /ws/install/unitree_go/include/unitree_go/unitree_go/msg/detail/sport_mode_state__struct.h
-- Installing: /ws/install/unitree_go/include/unitree_go/unitree_go/msg/detail/error__functions.c
-- Installing: /ws/install/unitree_go/include/unitree_go/unitree_go/msg/detail/req__struct.h
-- Installing: /ws/install/unitree_go/include/unitree_go/unitree_go/msg/detail/uwb_state__functions.h
-- Installing: /ws/install/unitree_go/include/unitree_go/unitree_go/msg/detail/height_map__functions.c
-- Installing: /ws/install/unitree_go/include/unitree_go/unitree_go/msg/detail/motor_states__functions.h
-- Installing: /ws/install/unitree_go/include/unitree_go/unitree_go/msg/detail/low_state__type_support.h
-- Installing: /ws/install/unitree_go/include/unitree_go/unitree_go/msg/detail/go2_front_video_data__struct.h
-- Installing: /ws/install/unitree_go/include/unitree_go/unitree_go/msg/detail/sport_mode_cmd__functions.h
-- Installing: /ws/install/unitree_go/include/unitree_go/unitree_go/msg/detail/sport_mode_cmd__functions.c
-- Installing: /ws/install/unitree_go/include/unitree_go/unitree_go/msg/detail/low_cmd__struct.h
-- Installing: /ws/install/unitree_go/include/unitree_go/unitree_go/msg/detail/error__struct.h
-- Installing: /ws/install/unitree_go/include/unitree_go/unitree_go/msg/detail/time_spec__type_support.h
-- Installing: /ws/install/unitree_go/include/unitree_go/unitree_go/msg/detail/bms_state__struct.h
-- Installing: /ws/install/unitree_go/include/unitree_go/unitree_go/msg/detail/motor_state__functions.h
-- Installing: /ws/install/unitree_go/include/unitree_go/unitree_go/msg/detail/motor_cmds__functions.c
-- Installing: /ws/install/unitree_go/include/unitree_go/unitree_go/msg/detail/uwb_switch__type_support.h
-- Installing: /ws/install/unitree_go/include/unitree_go/unitree_go/msg/detail/res__type_support.h
-- Installing: /ws/install/unitree_go/include/unitree_go/unitree_go/msg/detail/low_state__functions.h
-- Installing: /ws/install/unitree_go/include/unitree_go/unitree_go/msg/detail/res__functions.c
-- Installing: /ws/install/unitree_go/include/unitree_go/unitree_go/msg/detail/bms_state__functions.h
-- Installing: /ws/install/unitree_go/include/unitree_go/unitree_go/msg/detail/motor_cmd__functions.c
-- Installing: /ws/install/unitree_go/include/unitree_go/unitree_go/msg/detail/low_state__struct.h
-- Installing: /ws/install/unitree_go/include/unitree_go/unitree_go/msg/detail/low_cmd__functions.h
-- Installing: /ws/install/unitree_go/include/unitree_go/unitree_go/msg/detail/go2_front_video_data__type_support.h
-- Installing: /ws/install/unitree_go/include/unitree_go/unitree_go/msg/detail/audio_data__functions.c
-- Installing: /ws/install/unitree_go/include/unitree_go/unitree_go/msg/detail/interface_config__functions.h
-- Installing: /ws/install/unitree_go/include/unitree_go/unitree_go/msg/detail/lidar_state__struct.h
-- Installing: /ws/install/unitree_go/include/unitree_go/unitree_go/msg/detail/error__functions.h
-- Installing: /ws/install/unitree_go/include/unitree_go/unitree_go/msg/detail/imu_state__type_support.h
-- Installing: /ws/install/unitree_go/include/unitree_go/unitree_go/msg/detail/bms_cmd__type_support.h
-- Installing: /ws/install/unitree_go/include/unitree_go/unitree_go/msg/detail/low_cmd__type_support.h
-- Installing: /ws/install/unitree_go/include/unitree_go/unitree_go/msg/detail/sport_mode_state__functions.h
-- Installing: /ws/install/unitree_go/include/unitree_go/unitree_go/msg/detail/height_map__type_support.h
-- Installing: /ws/install/unitree_go/include/unitree_go/unitree_go/msg/detail/req__type_support.h
-- Installing: /ws/install/unitree_go/include/unitree_go/unitree_go/msg/detail/bms_cmd__functions.c
-- Installing: /ws/install/unitree_go/include/unitree_go/unitree_go/msg/detail/bms_cmd__functions.h
-- Installing: /ws/install/unitree_go/include/unitree_go/unitree_go/msg/detail/low_state__functions.c
-- Installing: /ws/install/unitree_go/include/unitree_go/unitree_go/msg/detail/motor_cmd__struct.h
-- Installing: /ws/install/unitree_go/include/unitree_go/unitree_go/msg/detail/imu_state__functions.h
-- Installing: /ws/install/unitree_go/include/unitree_go/unitree_go/msg/detail/motor_states__functions.c
-- Installing: /ws/install/unitree_go/include/unitree_go/unitree_go/msg/detail/audio_data__functions.h
-- Installing: /ws/install/unitree_go/include/unitree_go/unitree_go/msg/detail/path_point__type_support.h
-- Installing: /ws/install/unitree_go/include/unitree_go/unitree_go/msg/detail/bms_cmd__struct.h
-- Installing: /ws/install/unitree_go/include/unitree_go/unitree_go/msg/detail/req__functions.c
-- Installing: /ws/install/unitree_go/include/unitree_go/unitree_go/msg/detail/uwb_state__struct.h
-- Installing: /ws/install/unitree_go/include/unitree_go/unitree_go/msg/detail/imu_state__functions.c
-- Installing: /ws/install/unitree_go/include/unitree_go/unitree_go/msg/detail/wireless_controller__functions.c
-- Installing: /ws/install/unitree_go/include/unitree_go/unitree_go/msg/detail/time_spec__functions.c
-- Installing: /ws/install/unitree_go/include/unitree_go/unitree_go/msg/detail/interface_config__type_support.h
-- Installing: /ws/install/unitree_go/include/unitree_go/unitree_go/msg/detail/motor_states__type_support.h
-- Installing: /ws/install/unitree_go/include/unitree_go/unitree_go/msg/detail/wireless_controller__functions.h
-- Installing: /ws/install/unitree_go/include/unitree_go/unitree_go/msg/detail/lidar_state__functions.h
-- Installing: /ws/install/unitree_go/include/unitree_go/unitree_go/msg/detail/uwb_state__type_support.h
-- Installing: /ws/install/unitree_go/include/unitree_go/unitree_go/msg/detail/bms_state__functions.c
-- Installing: /ws/install/unitree_go/include/unitree_go/unitree_go/msg/detail/res__functions.h
-- Installing: /ws/install/unitree_go/include/unitree_go/unitree_go/msg/detail/wireless_controller__struct.h
-- Installing: /ws/install/unitree_go/include/unitree_go/unitree_go/msg/detail/sport_mode_state__type_support.h
-- Installing: /ws/install/unitree_go/include/unitree_go/unitree_go/msg/detail/motor_cmds__functions.h
-- Installing: /ws/install/unitree_go/include/unitree_go/unitree_go/msg/detail/uwb_state__functions.c
-- Installing: /ws/install/unitree_go/include/unitree_go/unitree_go/msg/detail/audio_data__struct.h
-- Installing: /ws/install/unitree_go/include/unitree_go/unitree_go/msg/detail/uwb_switch__struct.h
-- Installing: /ws/install/unitree_go/include/unitree_go/unitree_go/msg/detail/motor_state__functions.c
-- Installing: /ws/install/unitree_go/include/unitree_go/unitree_go/msg/detail/req__functions.h
-- Installing: /ws/install/unitree_go/include/unitree_go/unitree_go/msg/detail/interface_config__struct.h
-- Installing: /ws/install/unitree_go/include/unitree_go/unitree_go/msg/detail/interface_config__functions.c
-- Installing: /ws/install/unitree_go/include/unitree_go/unitree_go/msg/detail/lidar_state__functions.c
-- Installing: /ws/install/unitree_go/include/unitree_go/unitree_go/msg/detail/go2_front_video_data__functions.h
-- Installing: /ws/install/unitree_go/include/unitree_go/unitree_go/msg/detail/error__type_support.h
-- Installing: /ws/install/unitree_go/include/unitree_go/unitree_go/msg/detail/low_cmd__functions.c
-- Installing: /ws/install/unitree_go/include/unitree_go/unitree_go/msg/detail/sport_mode_cmd__struct.h
-- Installing: /ws/install/unitree_go/include/unitree_go/unitree_go/msg/detail/go2_front_video_data__functions.c
-- Installing: /ws/install/unitree_go/include/unitree_go/unitree_go/msg/detail/audio_data__type_support.h
-- Installing: /ws/install/unitree_go/include/unitree_go/unitree_go/msg/detail/time_spec__functions.h
-- Installing: /ws/install/unitree_go/include/unitree_go/unitree_go/msg/detail/motor_cmd__type_support.h
-- Installing: /ws/install/unitree_go/include/unitree_go/unitree_go/msg/detail/imu_state__struct.h
-- Installing: /ws/install/unitree_go/include/unitree_go/unitree_go/msg/detail/uwb_switch__functions.c
-- Installing: /ws/install/unitree_go/include/unitree_go/unitree_go/msg/detail/motor_cmd__functions.h
-- Installing: /ws/install/unitree_go/include/unitree_go/unitree_go/msg/detail/motor_cmds__struct.h
-- Installing: /ws/install/unitree_go/include/unitree_go/unitree_go/msg/detail/path_point__functions.c
-- Installing: /ws/install/unitree_go/include/unitree_go/unitree_go/msg/detail/wireless_controller__type_support.h
-- Installing: /ws/install/unitree_go/include/unitree_go/unitree_go/msg/detail/motor_state__type_support.h
-- Installing: /ws/install/unitree_go/include/unitree_go/unitree_go/msg/detail/sport_mode_cmd__type_support.h
-- Installing: /ws/install/unitree_go/include/unitree_go/unitree_go/msg/detail/height_map__functions.h
-- Installing: /ws/install/unitree_go/include/unitree_go/unitree_go/msg/detail/lidar_state__type_support.h
-- Installing: /ws/install/unitree_go/include/unitree_go/unitree_go/msg/detail/bms_state__type_support.h
-- Installing: /ws/install/unitree_go/include/unitree_go/unitree_go/msg/detail/sport_mode_state__functions.c
-- Installing: /ws/install/unitree_go/include/unitree_go/unitree_go/msg/detail/height_map__struct.h
-- Installing: /ws/install/unitree_go/include/unitree_go/unitree_go/msg/detail/motor_states__struct.h
-- Installing: /ws/install/unitree_go/share/unitree_go/environment/library_path.sh
-- Installing: /ws/install/unitree_go/share/unitree_go/environment/library_path.dsv
-- Installing: /ws/install/unitree_go/lib/libunitree_go__rosidl_generator_c.so
-- Set runtime path of "/ws/install/unitree_go/lib/libunitree_go__rosidl_generator_c.so" to ""
-- Up-to-date: /ws/install/unitree_go/include/unitree_go/unitree_go
-- Up-to-date: /ws/install/unitree_go/include/unitree_go/unitree_go/msg
-- Installing: /ws/install/unitree_go/include/unitree_go/unitree_go/msg/rosidl_typesupport_fastrtps_c__visibility_control.h
-- Up-to-date: /ws/install/unitree_go/include/unitree_go/unitree_go/msg/detail
-- Installing: /ws/install/unitree_go/include/unitree_go/unitree_go/msg/detail/motor_state__rosidl_typesupport_fastrtps_c.h
-- Installing: /ws/install/unitree_go/include/unitree_go/unitree_go/msg/detail/low_state__rosidl_typesupport_fastrtps_c.h
-- Installing: /ws/install/unitree_go/include/unitree_go/unitree_go/msg/detail/audio_data__rosidl_typesupport_fastrtps_c.h
-- Installing: /ws/install/unitree_go/include/unitree_go/unitree_go/msg/detail/bms_cmd__rosidl_typesupport_fastrtps_c.h
-- Installing: /ws/install/unitree_go/include/unitree_go/unitree_go/msg/detail/sport_mode_cmd__rosidl_typesupport_fastrtps_c.h
-- Installing: /ws/install/unitree_go/include/unitree_go/unitree_go/msg/detail/res__rosidl_typesupport_fastrtps_c.h
-- Installing: /ws/install/unitree_go/include/unitree_go/unitree_go/msg/detail/wireless_controller__rosidl_typesupport_fastrtps_c.h
-- Installing: /ws/install/unitree_go/include/unitree_go/unitree_go/msg/detail/height_map__rosidl_typesupport_fastrtps_c.h
-- Installing: /ws/install/unitree_go/include/unitree_go/unitree_go/msg/detail/motor_cmd__rosidl_typesupport_fastrtps_c.h
-- Installing: /ws/install/unitree_go/include/unitree_go/unitree_go/msg/detail/time_spec__rosidl_typesupport_fastrtps_c.h
-- Installing: /ws/install/unitree_go/include/unitree_go/unitree_go/msg/detail/req__rosidl_typesupport_fastrtps_c.h
-- Installing: /ws/install/unitree_go/include/unitree_go/unitree_go/msg/detail/uwb_switch__rosidl_typesupport_fastrtps_c.h
-- Installing: /ws/install/unitree_go/include/unitree_go/unitree_go/msg/detail/low_cmd__rosidl_typesupport_fastrtps_c.h
-- Installing: /ws/install/unitree_go/include/unitree_go/unitree_go/msg/detail/path_point__rosidl_typesupport_fastrtps_c.h
-- Installing: /ws/install/unitree_go/include/unitree_go/unitree_go/msg/detail/motor_cmds__rosidl_typesupport_fastrtps_c.h
-- Installing: /ws/install/unitree_go/include/unitree_go/unitree_go/msg/detail/bms_state__rosidl_typesupport_fastrtps_c.h
-- Installing: /ws/install/unitree_go/include/unitree_go/unitree_go/msg/detail/imu_state__rosidl_typesupport_fastrtps_c.h
-- Installing: /ws/install/unitree_go/include/unitree_go/unitree_go/msg/detail/error__rosidl_typesupport_fastrtps_c.h
-- Installing: /ws/install/unitree_go/include/unitree_go/unitree_go/msg/detail/lidar_state__rosidl_typesupport_fastrtps_c.h
-- Installing: /ws/install/unitree_go/include/unitree_go/unitree_go/msg/detail/sport_mode_state__rosidl_typesupport_fastrtps_c.h
-- Installing: /ws/install/unitree_go/include/unitree_go/unitree_go/msg/detail/motor_states__rosidl_typesupport_fastrtps_c.h
-- Installing: /ws/install/unitree_go/include/unitree_go/unitree_go/msg/detail/interface_config__rosidl_typesupport_fastrtps_c.h
-- Installing: /ws/install/unitree_go/include/unitree_go/unitree_go/msg/detail/uwb_state__rosidl_typesupport_fastrtps_c.h
-- Installing: /ws/install/unitree_go/include/unitree_go/unitree_go/msg/detail/go2_front_video_data__rosidl_typesupport_fastrtps_c.h
-- Installing: /ws/install/unitree_go/lib/libunitree_go__rosidl_typesupport_fastrtps_c.so
-- Set runtime path of "/ws/install/unitree_go/lib/libunitree_go__rosidl_typesupport_fastrtps_c.so" to ""
-- Up-to-date: /ws/install/unitree_go/include/unitree_go/unitree_go
-- Up-to-date: /ws/install/unitree_go/include/unitree_go/unitree_go/msg
-- Installing: /ws/install/unitree_go/include/unitree_go/unitree_go/msg/rosidl_generator_cpp__visibility_control.hpp
-- Installing: /ws/install/unitree_go/include/unitree_go/unitree_go/msg/imu_state.hpp
-- Installing: /ws/install/unitree_go/include/unitree_go/unitree_go/msg/motor_cmd.hpp
-- Installing: /ws/install/unitree_go/include/unitree_go/unitree_go/msg/motor_cmds.hpp
-- Installing: /ws/install/unitree_go/include/unitree_go/unitree_go/msg/uwb_state.hpp
-- Installing: /ws/install/unitree_go/include/unitree_go/unitree_go/msg/audio_data.hpp
-- Installing: /ws/install/unitree_go/include/unitree_go/unitree_go/msg/sport_mode_cmd.hpp
-- Installing: /ws/install/unitree_go/include/unitree_go/unitree_go/msg/time_spec.hpp
-- Installing: /ws/install/unitree_go/include/unitree_go/unitree_go/msg/motor_state.hpp
-- Installing: /ws/install/unitree_go/include/unitree_go/unitree_go/msg/bms_cmd.hpp
-- Installing: /ws/install/unitree_go/include/unitree_go/unitree_go/msg/req.hpp
-- Installing: /ws/install/unitree_go/include/unitree_go/unitree_go/msg/uwb_switch.hpp
-- Installing: /ws/install/unitree_go/include/unitree_go/unitree_go/msg/interface_config.hpp
-- Installing: /ws/install/unitree_go/include/unitree_go/unitree_go/msg/sport_mode_state.hpp
-- Installing: /ws/install/unitree_go/include/unitree_go/unitree_go/msg/go2_front_video_data.hpp
-- Installing: /ws/install/unitree_go/include/unitree_go/unitree_go/msg/low_cmd.hpp
-- Installing: /ws/install/unitree_go/include/unitree_go/unitree_go/msg/res.hpp
-- Installing: /ws/install/unitree_go/include/unitree_go/unitree_go/msg/low_state.hpp
-- Installing: /ws/install/unitree_go/include/unitree_go/unitree_go/msg/error.hpp
-- Installing: /ws/install/unitree_go/include/unitree_go/unitree_go/msg/wireless_controller.hpp
-- Installing: /ws/install/unitree_go/include/unitree_go/unitree_go/msg/lidar_state.hpp
-- Installing: /ws/install/unitree_go/include/unitree_go/unitree_go/msg/path_point.hpp
-- Installing: /ws/install/unitree_go/include/unitree_go/unitree_go/msg/bms_state.hpp
-- Installing: /ws/install/unitree_go/include/unitree_go/unitree_go/msg/height_map.hpp
-- Up-to-date: /ws/install/unitree_go/include/unitree_go/unitree_go/msg/detail
-- Installing: /ws/install/unitree_go/include/unitree_go/unitree_go/msg/detail/imu_state__type_support.hpp
-- Installing: /ws/install/unitree_go/include/unitree_go/unitree_go/msg/detail/bms_state__traits.hpp
-- Installing: /ws/install/unitree_go/include/unitree_go/unitree_go/msg/detail/sport_mode_state__traits.hpp
-- Installing: /ws/install/unitree_go/include/unitree_go/unitree_go/msg/detail/uwb_switch__struct.hpp
-- Installing: /ws/install/unitree_go/include/unitree_go/unitree_go/msg/detail/motor_states__traits.hpp
-- Installing: /ws/install/unitree_go/include/unitree_go/unitree_go/msg/detail/lidar_state__traits.hpp
-- Installing: /ws/install/unitree_go/include/unitree_go/unitree_go/msg/detail/go2_front_video_data__traits.hpp
-- Installing: /ws/install/unitree_go/include/unitree_go/unitree_go/msg/detail/bms_cmd__struct.hpp
-- Installing: /ws/install/unitree_go/include/unitree_go/unitree_go/msg/detail/height_map__type_support.hpp
-- Installing: /ws/install/unitree_go/include/unitree_go/unitree_go/msg/detail/sport_mode_cmd__builder.hpp
-- Installing: /ws/install/unitree_go/include/unitree_go/unitree_go/msg/detail/req__traits.hpp
-- Installing: /ws/install/unitree_go/include/unitree_go/unitree_go/msg/detail/uwb_switch__builder.hpp
-- Installing: /ws/install/unitree_go/include/unitree_go/unitree_go/msg/detail/sport_mode_cmd__traits.hpp
-- Installing: /ws/install/unitree_go/include/unitree_go/unitree_go/msg/detail/lidar_state__struct.hpp
-- Installing: /ws/install/unitree_go/include/unitree_go/unitree_go/msg/detail/motor_state__traits.hpp
-- Installing: /ws/install/unitree_go/include/unitree_go/unitree_go/msg/detail/req__builder.hpp
-- Installing: /ws/install/unitree_go/include/unitree_go/unitree_go/msg/detail/bms_cmd__traits.hpp
-- Installing: /ws/install/unitree_go/include/unitree_go/unitree_go/msg/detail/imu_state__builder.hpp
-- Installing: /ws/install/unitree_go/include/unitree_go/unitree_go/msg/detail/path_point__traits.hpp
-- Installing: /ws/install/unitree_go/include/unitree_go/unitree_go/msg/detail/res__builder.hpp
-- Installing: /ws/install/unitree_go/include/unitree_go/unitree_go/msg/detail/bms_state__type_support.hpp
-- Installing: /ws/install/unitree_go/include/unitree_go/unitree_go/msg/detail/uwb_switch__type_support.hpp
-- Installing: /ws/install/unitree_go/include/unitree_go/unitree_go/msg/detail/height_map__struct.hpp
-- Installing: /ws/install/unitree_go/include/unitree_go/unitree_go/msg/detail/bms_state__builder.hpp
-- Installing: /ws/install/unitree_go/include/unitree_go/unitree_go/msg/detail/motor_states__type_support.hpp
-- Installing: /ws/install/unitree_go/include/unitree_go/unitree_go/msg/detail/sport_mode_state__type_support.hpp
-- Installing: /ws/install/unitree_go/include/unitree_go/unitree_go/msg/detail/imu_state__traits.hpp
-- Installing: /ws/install/unitree_go/include/unitree_go/unitree_go/msg/detail/path_point__struct.hpp
-- Installing: /ws/install/unitree_go/include/unitree_go/unitree_go/msg/detail/sport_mode_state__struct.hpp
-- Installing: /ws/install/unitree_go/include/unitree_go/unitree_go/msg/detail/audio_data__type_support.hpp
-- Installing: /ws/install/unitree_go/include/unitree_go/unitree_go/msg/detail/bms_cmd__type_support.hpp
-- Installing: /ws/install/unitree_go/include/unitree_go/unitree_go/msg/detail/go2_front_video_data__type_support.hpp
-- Installing: /ws/install/unitree_go/include/unitree_go/unitree_go/msg/detail/res__struct.hpp
-- Installing: /ws/install/unitree_go/include/unitree_go/unitree_go/msg/detail/lidar_state__type_support.hpp
-- Installing: /ws/install/unitree_go/include/unitree_go/unitree_go/msg/detail/interface_config__struct.hpp
-- Installing: /ws/install/unitree_go/include/unitree_go/unitree_go/msg/detail/error__builder.hpp
-- Installing: /ws/install/unitree_go/include/unitree_go/unitree_go/msg/detail/motor_cmds__type_support.hpp
-- Installing: /ws/install/unitree_go/include/unitree_go/unitree_go/msg/detail/bms_cmd__builder.hpp
-- Installing: /ws/install/unitree_go/include/unitree_go/unitree_go/msg/detail/time_spec__traits.hpp
-- Installing: /ws/install/unitree_go/include/unitree_go/unitree_go/msg/detail/time_spec__builder.hpp
-- Installing: /ws/install/unitree_go/include/unitree_go/unitree_go/msg/detail/low_cmd__builder.hpp
-- Installing: /ws/install/unitree_go/include/unitree_go/unitree_go/msg/detail/wireless_controller__builder.hpp
-- Installing: /ws/install/unitree_go/include/unitree_go/unitree_go/msg/detail/motor_cmds__builder.hpp
-- Installing: /ws/install/unitree_go/include/unitree_go/unitree_go/msg/detail/bms_state__struct.hpp
-- Installing: /ws/install/unitree_go/include/unitree_go/unitree_go/msg/detail/motor_states__builder.hpp
-- Installing: /ws/install/unitree_go/include/unitree_go/unitree_go/msg/detail/low_state__builder.hpp
-- Installing: /ws/install/unitree_go/include/unitree_go/unitree_go/msg/detail/time_spec__type_support.hpp
-- Installing: /ws/install/unitree_go/include/unitree_go/unitree_go/msg/detail/req__struct.hpp
-- Installing: /ws/install/unitree_go/include/unitree_go/unitree_go/msg/detail/wireless_controller__type_support.hpp
-- Installing: /ws/install/unitree_go/include/unitree_go/unitree_go/msg/detail/lidar_state__builder.hpp
-- Installing: /ws/install/unitree_go/include/unitree_go/unitree_go/msg/detail/motor_cmd__traits.hpp
-- Installing: /ws/install/unitree_go/include/unitree_go/unitree_go/msg/detail/path_point__builder.hpp
-- Installing: /ws/install/unitree_go/include/unitree_go/unitree_go/msg/detail/error__traits.hpp
-- Installing: /ws/install/unitree_go/include/unitree_go/unitree_go/msg/detail/audio_data__traits.hpp
-- Installing: /ws/install/unitree_go/include/unitree_go/unitree_go/msg/detail/imu_state__struct.hpp
-- Installing: /ws/install/unitree_go/include/unitree_go/unitree_go/msg/detail/sport_mode_cmd__type_support.hpp
-- Installing: /ws/install/unitree_go/include/unitree_go/unitree_go/msg/detail/motor_state__struct.hpp
-- Installing: /ws/install/unitree_go/include/unitree_go/unitree_go/msg/detail/error__struct.hpp
-- Installing: /ws/install/unitree_go/include/unitree_go/unitree_go/msg/detail/motor_state__builder.hpp
-- Installing: /ws/install/unitree_go/include/unitree_go/unitree_go/msg/detail/low_cmd__type_support.hpp
-- Installing: /ws/install/unitree_go/include/unitree_go/unitree_go/msg/detail/go2_front_video_data__builder.hpp
-- Installing: /ws/install/unitree_go/include/unitree_go/unitree_go/msg/detail/low_cmd__struct.hpp
-- Installing: /ws/install/unitree_go/include/unitree_go/unitree_go/msg/detail/error__type_support.hpp
-- Installing: /ws/install/unitree_go/include/unitree_go/unitree_go/msg/detail/uwb_state__struct.hpp
-- Installing: /ws/install/unitree_go/include/unitree_go/unitree_go/msg/detail/uwb_state__builder.hpp
-- Installing: /ws/install/unitree_go/include/unitree_go/unitree_go/msg/detail/low_cmd__traits.hpp
-- Installing: /ws/install/unitree_go/include/unitree_go/unitree_go/msg/detail/low_state__struct.hpp
-- Installing: /ws/install/unitree_go/include/unitree_go/unitree_go/msg/detail/go2_front_video_data__struct.hpp
-- Installing: /ws/install/unitree_go/include/unitree_go/unitree_go/msg/detail/sport_mode_cmd__struct.hpp
-- Installing: /ws/install/unitree_go/include/unitree_go/unitree_go/msg/detail/motor_cmd__builder.hpp
-- Installing: /ws/install/unitree_go/include/unitree_go/unitree_go/msg/detail/interface_config__type_support.hpp
-- Installing: /ws/install/unitree_go/include/unitree_go/unitree_go/msg/detail/motor_cmds__struct.hpp
-- Installing: /ws/install/unitree_go/include/unitree_go/unitree_go/msg/detail/height_map__builder.hpp
-- Installing: /ws/install/unitree_go/include/unitree_go/unitree_go/msg/detail/sport_mode_state__builder.hpp
-- Installing: /ws/install/unitree_go/include/unitree_go/unitree_go/msg/detail/time_spec__struct.hpp
-- Installing: /ws/install/unitree_go/include/unitree_go/unitree_go/msg/detail/motor_cmd__struct.hpp
-- Installing: /ws/install/unitree_go/include/unitree_go/unitree_go/msg/detail/low_state__type_support.hpp
-- Installing: /ws/install/unitree_go/include/unitree_go/unitree_go/msg/detail/interface_config__builder.hpp
-- Installing: /ws/install/unitree_go/include/unitree_go/unitree_go/msg/detail/motor_states__struct.hpp
-- Installing: /ws/install/unitree_go/include/unitree_go/unitree_go/msg/detail/height_map__traits.hpp
-- Installing: /ws/install/unitree_go/include/unitree_go/unitree_go/msg/detail/motor_cmds__traits.hpp
-- Installing: /ws/install/unitree_go/include/unitree_go/unitree_go/msg/detail/motor_state__type_support.hpp
-- Installing: /ws/install/unitree_go/include/unitree_go/unitree_go/msg/detail/req__type_support.hpp
-- Installing: /ws/install/unitree_go/include/unitree_go/unitree_go/msg/detail/wireless_controller__struct.hpp
-- Installing: /ws/install/unitree_go/include/unitree_go/unitree_go/msg/detail/low_state__traits.hpp
-- Installing: /ws/install/unitree_go/include/unitree_go/unitree_go/msg/detail/uwb_switch__traits.hpp
-- Installing: /ws/install/unitree_go/include/unitree_go/unitree_go/msg/detail/uwb_state__traits.hpp
-- Installing: /ws/install/unitree_go/include/unitree_go/unitree_go/msg/detail/motor_cmd__type_support.hpp
-- Installing: /ws/install/unitree_go/include/unitree_go/unitree_go/msg/detail/res__traits.hpp
-- Installing: /ws/install/unitree_go/include/unitree_go/unitree_go/msg/detail/wireless_controller__traits.hpp
-- Installing: /ws/install/unitree_go/include/unitree_go/unitree_go/msg/detail/audio_data__builder.hpp
-- Installing: /ws/install/unitree_go/include/unitree_go/unitree_go/msg/detail/interface_config__traits.hpp
-- Installing: /ws/install/unitree_go/include/unitree_go/unitree_go/msg/detail/audio_data__struct.hpp
-- Installing: /ws/install/unitree_go/include/unitree_go/unitree_go/msg/detail/uwb_state__type_support.hpp
-- Installing: /ws/install/unitree_go/include/unitree_go/unitree_go/msg/detail/res__type_support.hpp
-- Installing: /ws/install/unitree_go/include/unitree_go/unitree_go/msg/detail/path_point__type_support.hpp
-- Installing: /ws/install/unitree_go/include/unitree_go/unitree_go/msg/motor_states.hpp
-- Up-to-date: /ws/install/unitree_go/include/unitree_go/unitree_go
-- Up-to-date: /ws/install/unitree_go/include/unitree_go/unitree_go/msg
-- Installing: /ws/install/unitree_go/include/unitree_go/unitree_go/msg/rosidl_typesupport_fastrtps_cpp__visibility_control.h
-- Up-to-date: /ws/install/unitree_go/include/unitree_go/unitree_go/msg/detail
-- Installing: /ws/install/unitree_go/include/unitree_go/unitree_go/msg/detail/wireless_controller__rosidl_typesupport_fastrtps_cpp.hpp
-- Installing: /ws/install/unitree_go/include/unitree_go/unitree_go/msg/detail/interface_config__rosidl_typesupport_fastrtps_cpp.hpp
-- Installing: /ws/install/unitree_go/include/unitree_go/unitree_go/msg/detail/uwb_state__rosidl_typesupport_fastrtps_cpp.hpp
-- Installing: /ws/install/unitree_go/include/unitree_go/unitree_go/msg/detail/sport_mode_state__rosidl_typesupport_fastrtps_cpp.hpp
-- Installing: /ws/install/unitree_go/include/unitree_go/unitree_go/msg/detail/bms_state__rosidl_typesupport_fastrtps_cpp.hpp
-- Installing: /ws/install/unitree_go/include/unitree_go/unitree_go/msg/detail/low_state__rosidl_typesupport_fastrtps_cpp.hpp
-- Installing: /ws/install/unitree_go/include/unitree_go/unitree_go/msg/detail/motor_cmd__rosidl_typesupport_fastrtps_cpp.hpp
-- Installing: /ws/install/unitree_go/include/unitree_go/unitree_go/msg/detail/lidar_state__rosidl_typesupport_fastrtps_cpp.hpp
-- Installing: /ws/install/unitree_go/include/unitree_go/unitree_go/msg/detail/motor_states__rosidl_typesupport_fastrtps_cpp.hpp
-- Installing: /ws/install/unitree_go/include/unitree_go/unitree_go/msg/detail/motor_cmds__rosidl_typesupport_fastrtps_cpp.hpp
-- Installing: /ws/install/unitree_go/include/unitree_go/unitree_go/msg/detail/sport_mode_cmd__rosidl_typesupport_fastrtps_cpp.hpp
-- Installing: /ws/install/unitree_go/include/unitree_go/unitree_go/msg/detail/time_spec__rosidl_typesupport_fastrtps_cpp.hpp
-- Installing: /ws/install/unitree_go/include/unitree_go/unitree_go/msg/detail/motor_state__rosidl_typesupport_fastrtps_cpp.hpp
-- Installing: /ws/install/unitree_go/include/unitree_go/unitree_go/msg/detail/path_point__rosidl_typesupport_fastrtps_cpp.hpp
-- Installing: /ws/install/unitree_go/include/unitree_go/unitree_go/msg/detail/req__rosidl_typesupport_fastrtps_cpp.hpp
-- Installing: /ws/install/unitree_go/include/unitree_go/unitree_go/msg/detail/dds_fastrtps
-- Installing: /ws/install/unitree_go/include/unitree_go/unitree_go/msg/detail/res__rosidl_typesupport_fastrtps_cpp.hpp
-- Installing: /ws/install/unitree_go/include/unitree_go/unitree_go/msg/detail/imu_state__rosidl_typesupport_fastrtps_cpp.hpp
-- Installing: /ws/install/unitree_go/include/unitree_go/unitree_go/msg/detail/bms_cmd__rosidl_typesupport_fastrtps_cpp.hpp
-- Installing: /ws/install/unitree_go/include/unitree_go/unitree_go/msg/detail/uwb_switch__rosidl_typesupport_fastrtps_cpp.hpp
-- Installing: /ws/install/unitree_go/include/unitree_go/unitree_go/msg/detail/height_map__rosidl_typesupport_fastrtps_cpp.hpp
-- Installing: /ws/install/unitree_go/include/unitree_go/unitree_go/msg/detail/error__rosidl_typesupport_fastrtps_cpp.hpp
-- Installing: /ws/install/unitree_go/include/unitree_go/unitree_go/msg/detail/low_cmd__rosidl_typesupport_fastrtps_cpp.hpp
-- Installing: /ws/install/unitree_go/include/unitree_go/unitree_go/msg/detail/go2_front_video_data__rosidl_typesupport_fastrtps_cpp.hpp
-- Installing: /ws/install/unitree_go/include/unitree_go/unitree_go/msg/detail/audio_data__rosidl_typesupport_fastrtps_cpp.hpp
-- Installing: /ws/install/unitree_go/lib/libunitree_go__rosidl_typesupport_fastrtps_cpp.so
-- Set runtime path of "/ws/install/unitree_go/lib/libunitree_go__rosidl_typesupport_fastrtps_cpp.so" to ""
-- Up-to-date: /ws/install/unitree_go/include/unitree_go/unitree_go
-- Up-to-date: /ws/install/unitree_go/include/unitree_go/unitree_go/msg
-- Installing: /ws/install/unitree_go/include/unitree_go/unitree_go/msg/rosidl_typesupport_introspection_c__visibility_control.h
-- Up-to-date: /ws/install/unitree_go/include/unitree_go/unitree_go/msg/detail
-- Installing: /ws/install/unitree_go/include/unitree_go/unitree_go/msg/detail/uwb_state__rosidl_typesupport_introspection_c.h
-- Installing: /ws/install/unitree_go/include/unitree_go/unitree_go/msg/detail/motor_states__type_support.c
-- Installing: /ws/install/unitree_go/include/unitree_go/unitree_go/msg/detail/time_spec__type_support.c
-- Installing: /ws/install/unitree_go/include/unitree_go/unitree_go/msg/detail/audio_data__type_support.c
-- Installing: /ws/install/unitree_go/include/unitree_go/unitree_go/msg/detail/path_point__type_support.c
-- Installing: /ws/install/unitree_go/include/unitree_go/unitree_go/msg/detail/bms_cmd__rosidl_typesupport_introspection_c.h
-- Installing: /ws/install/unitree_go/include/unitree_go/unitree_go/msg/detail/height_map__rosidl_typesupport_introspection_c.h
-- Installing: /ws/install/unitree_go/include/unitree_go/unitree_go/msg/detail/sport_mode_state__type_support.c
-- Installing: /ws/install/unitree_go/include/unitree_go/unitree_go/msg/detail/motor_states__rosidl_typesupport_introspection_c.h
-- Installing: /ws/install/unitree_go/include/unitree_go/unitree_go/msg/detail/motor_cmds__type_support.c
-- Installing: /ws/install/unitree_go/include/unitree_go/unitree_go/msg/detail/imu_state__type_support.c
-- Installing: /ws/install/unitree_go/include/unitree_go/unitree_go/msg/detail/motor_cmds__rosidl_typesupport_introspection_c.h
-- Installing: /ws/install/unitree_go/include/unitree_go/unitree_go/msg/detail/wireless_controller__rosidl_typesupport_introspection_c.h
-- Installing: /ws/install/unitree_go/include/unitree_go/unitree_go/msg/detail/imu_state__rosidl_typesupport_introspection_c.h
-- Installing: /ws/install/unitree_go/include/unitree_go/unitree_go/msg/detail/height_map__type_support.c
-- Installing: /ws/install/unitree_go/include/unitree_go/unitree_go/msg/detail/wireless_controller__type_support.c
-- Installing: /ws/install/unitree_go/include/unitree_go/unitree_go/msg/detail/res__rosidl_typesupport_introspection_c.h
-- Installing: /ws/install/unitree_go/include/unitree_go/unitree_go/msg/detail/uwb_switch__type_support.c
-- Installing: /ws/install/unitree_go/include/unitree_go/unitree_go/msg/detail/time_spec__rosidl_typesupport_introspection_c.h
-- Installing: /ws/install/unitree_go/include/unitree_go/unitree_go/msg/detail/go2_front_video_data__rosidl_typesupport_introspection_c.h
-- Installing: /ws/install/unitree_go/include/unitree_go/unitree_go/msg/detail/lidar_state__rosidl_typesupport_introspection_c.h
-- Installing: /ws/install/unitree_go/include/unitree_go/unitree_go/msg/detail/error__rosidl_typesupport_introspection_c.h
-- Installing: /ws/install/unitree_go/include/unitree_go/unitree_go/msg/detail/lidar_state__type_support.c
-- Installing: /ws/install/unitree_go/include/unitree_go/unitree_go/msg/detail/interface_config__rosidl_typesupport_introspection_c.h
-- Installing: /ws/install/unitree_go/include/unitree_go/unitree_go/msg/detail/low_cmd__rosidl_typesupport_introspection_c.h
-- Installing: /ws/install/unitree_go/include/unitree_go/unitree_go/msg/detail/req__rosidl_typesupport_introspection_c.h
-- Installing: /ws/install/unitree_go/include/unitree_go/unitree_go/msg/detail/low_state__type_support.c
-- Installing: /ws/install/unitree_go/include/unitree_go/unitree_go/msg/detail/sport_mode_cmd__type_support.c
-- Installing: /ws/install/unitree_go/include/unitree_go/unitree_go/msg/detail/bms_state__rosidl_typesupport_introspection_c.h
-- Installing: /ws/install/unitree_go/include/unitree_go/unitree_go/msg/detail/motor_cmd__type_support.c
-- Installing: /ws/install/unitree_go/include/unitree_go/unitree_go/msg/detail/sport_mode_state__rosidl_typesupport_introspection_c.h
-- Installing: /ws/install/unitree_go/include/unitree_go/unitree_go/msg/detail/path_point__rosidl_typesupport_introspection_c.h
-- Installing: /ws/install/unitree_go/include/unitree_go/unitree_go/msg/detail/low_cmd__type_support.c
-- Installing: /ws/install/unitree_go/include/unitree_go/unitree_go/msg/detail/res__type_support.c
-- Installing: /ws/install/unitree_go/include/unitree_go/unitree_go/msg/detail/bms_state__type_support.c
-- Installing: /ws/install/unitree_go/include/unitree_go/unitree_go/msg/detail/motor_state__type_support.c
-- Installing: /ws/install/unitree_go/include/unitree_go/unitree_go/msg/detail/audio_data__rosidl_typesupport_introspection_c.h
-- Installing: /ws/install/unitree_go/include/unitree_go/unitree_go/msg/detail/bms_cmd__type_support.c
-- Installing: /ws/install/unitree_go/include/unitree_go/unitree_go/msg/detail/motor_state__rosidl_typesupport_introspection_c.h
-- Installing: /ws/install/unitree_go/include/unitree_go/unitree_go/msg/detail/motor_cmd__rosidl_typesupport_introspection_c.h
-- Installing: /ws/install/unitree_go/include/unitree_go/unitree_go/msg/detail/interface_config__type_support.c
-- Installing: /ws/install/unitree_go/include/unitree_go/unitree_go/msg/detail/uwb_switch__rosidl_typesupport_introspection_c.h
-- Installing: /ws/install/unitree_go/include/unitree_go/unitree_go/msg/detail/low_state__rosidl_typesupport_introspection_c.h
-- Installing: /ws/install/unitree_go/include/unitree_go/unitree_go/msg/detail/uwb_state__type_support.c
-- Installing: /ws/install/unitree_go/include/unitree_go/unitree_go/msg/detail/error__type_support.c
-- Installing: /ws/install/unitree_go/include/unitree_go/unitree_go/msg/detail/sport_mode_cmd__rosidl_typesupport_introspection_c.h
-- Installing: /ws/install/unitree_go/include/unitree_go/unitree_go/msg/detail/go2_front_video_data__type_support.c
-- Installing: /ws/install/unitree_go/include/unitree_go/unitree_go/msg/detail/req__type_support.c
-- Installing: /ws/install/unitree_go/lib/libunitree_go__rosidl_typesupport_introspection_c.so
-- Set runtime path of "/ws/install/unitree_go/lib/libunitree_go__rosidl_typesupport_introspection_c.so" to ""
-- Installing: /ws/install/unitree_go/lib/libunitree_go__rosidl_typesupport_c.so
-- Set runtime path of "/ws/install/unitree_go/lib/libunitree_go__rosidl_typesupport_c.so" to ""
-- Up-to-date: /ws/install/unitree_go/include/unitree_go/unitree_go
-- Up-to-date: /ws/install/unitree_go/include/unitree_go/unitree_go/msg
-- Up-to-date: /ws/install/unitree_go/include/unitree_go/unitree_go/msg/detail
-- Installing: /ws/install/unitree_go/include/unitree_go/unitree_go/msg/detail/low_state__type_support.cpp
-- Installing: /ws/install/unitree_go/include/unitree_go/unitree_go/msg/detail/audio_data__rosidl_typesupport_introspection_cpp.hpp
-- Installing: /ws/install/unitree_go/include/unitree_go/unitree_go/msg/detail/error__type_support.cpp
-- Installing: /ws/install/unitree_go/include/unitree_go/unitree_go/msg/detail/motor_cmds__rosidl_typesupport_introspection_cpp.hpp
-- Installing: /ws/install/unitree_go/include/unitree_go/unitree_go/msg/detail/lidar_state__type_support.cpp
-- Installing: /ws/install/unitree_go/include/unitree_go/unitree_go/msg/detail/interface_config__type_support.cpp
-- Installing: /ws/install/unitree_go/include/unitree_go/unitree_go/msg/detail/uwb_state__type_support.cpp
-- Installing: /ws/install/unitree_go/include/unitree_go/unitree_go/msg/detail/time_spec__type_support.cpp
-- Installing: /ws/install/unitree_go/include/unitree_go/unitree_go/msg/detail/bms_state__rosidl_typesupport_introspection_cpp.hpp
-- Installing: /ws/install/unitree_go/include/unitree_go/unitree_go/msg/detail/wireless_controller__rosidl_typesupport_introspection_cpp.hpp
-- Installing: /ws/install/unitree_go/include/unitree_go/unitree_go/msg/detail/uwb_state__rosidl_typesupport_introspection_cpp.hpp
-- Installing: /ws/install/unitree_go/include/unitree_go/unitree_go/msg/detail/motor_cmd__type_support.cpp
-- Installing: /ws/install/unitree_go/include/unitree_go/unitree_go/msg/detail/bms_state__type_support.cpp
-- Installing: /ws/install/unitree_go/include/unitree_go/unitree_go/msg/detail/height_map__rosidl_typesupport_introspection_cpp.hpp
-- Installing: /ws/install/unitree_go/include/unitree_go/unitree_go/msg/detail/res__type_support.cpp
-- Installing: /ws/install/unitree_go/include/unitree_go/unitree_go/msg/detail/req__type_support.cpp
-- Installing: /ws/install/unitree_go/include/unitree_go/unitree_go/msg/detail/bms_cmd__rosidl_typesupport_introspection_cpp.hpp
-- Installing: /ws/install/unitree_go/include/unitree_go/unitree_go/msg/detail/error__rosidl_typesupport_introspection_cpp.hpp
-- Installing: /ws/install/unitree_go/include/unitree_go/unitree_go/msg/detail/bms_cmd__type_support.cpp
-- Installing: /ws/install/unitree_go/include/unitree_go/unitree_go/msg/detail/time_spec__rosidl_typesupport_introspection_cpp.hpp
-- Installing: /ws/install/unitree_go/include/unitree_go/unitree_go/msg/detail/motor_states__rosidl_typesupport_introspection_cpp.hpp
-- Installing: /ws/install/unitree_go/include/unitree_go/unitree_go/msg/detail/interface_config__rosidl_typesupport_introspection_cpp.hpp
-- Installing: /ws/install/unitree_go/include/unitree_go/unitree_go/msg/detail/motor_states__type_support.cpp
-- Installing: /ws/install/unitree_go/include/unitree_go/unitree_go/msg/detail/uwb_switch__rosidl_typesupport_introspection_cpp.hpp
-- Installing: /ws/install/unitree_go/include/unitree_go/unitree_go/msg/detail/path_point__rosidl_typesupport_introspection_cpp.hpp
-- Installing: /ws/install/unitree_go/include/unitree_go/unitree_go/msg/detail/lidar_state__rosidl_typesupport_introspection_cpp.hpp
-- Installing: /ws/install/unitree_go/include/unitree_go/unitree_go/msg/detail/low_state__rosidl_typesupport_introspection_cpp.hpp
-- Installing: /ws/install/unitree_go/include/unitree_go/unitree_go/msg/detail/uwb_switch__type_support.cpp
-- Installing: /ws/install/unitree_go/include/unitree_go/unitree_go/msg/detail/low_cmd__type_support.cpp
-- Installing: /ws/install/unitree_go/include/unitree_go/unitree_go/msg/detail/height_map__type_support.cpp
-- Installing: /ws/install/unitree_go/include/unitree_go/unitree_go/msg/detail/go2_front_video_data__type_support.cpp
-- Installing: /ws/install/unitree_go/include/unitree_go/unitree_go/msg/detail/sport_mode_state__type_support.cpp
-- Installing: /ws/install/unitree_go/include/unitree_go/unitree_go/msg/detail/audio_data__type_support.cpp
-- Installing: /ws/install/unitree_go/include/unitree_go/unitree_go/msg/detail/motor_cmds__type_support.cpp
-- Installing: /ws/install/unitree_go/include/unitree_go/unitree_go/msg/detail/imu_state__type_support.cpp
-- Installing: /ws/install/unitree_go/include/unitree_go/unitree_go/msg/detail/sport_mode_cmd__rosidl_typesupport_introspection_cpp.hpp
-- Installing: /ws/install/unitree_go/include/unitree_go/unitree_go/msg/detail/req__rosidl_typesupport_introspection_cpp.hpp
-- Installing: /ws/install/unitree_go/include/unitree_go/unitree_go/msg/detail/motor_state__rosidl_typesupport_introspection_cpp.hpp
-- Installing: /ws/install/unitree_go/include/unitree_go/unitree_go/msg/detail/res__rosidl_typesupport_introspection_cpp.hpp
-- Installing: /ws/install/unitree_go/include/unitree_go/unitree_go/msg/detail/sport_mode_cmd__type_support.cpp
-- Installing: /ws/install/unitree_go/include/unitree_go/unitree_go/msg/detail/motor_cmd__rosidl_typesupport_introspection_cpp.hpp
-- Installing: /ws/install/unitree_go/include/unitree_go/unitree_go/msg/detail/motor_state__type_support.cpp
-- Installing: /ws/install/unitree_go/include/unitree_go/unitree_go/msg/detail/low_cmd__rosidl_typesupport_introspection_cpp.hpp
-- Installing: /ws/install/unitree_go/include/unitree_go/unitree_go/msg/detail/sport_mode_state__rosidl_typesupport_introspection_cpp.hpp
-- Installing: /ws/install/unitree_go/include/unitree_go/unitree_go/msg/detail/go2_front_video_data__rosidl_typesupport_introspection_cpp.hpp
-- Installing: /ws/install/unitree_go/include/unitree_go/unitree_go/msg/detail/wireless_controller__type_support.cpp
-- Installing: /ws/install/unitree_go/include/unitree_go/unitree_go/msg/detail/path_point__type_support.cpp
-- Installing: /ws/install/unitree_go/include/unitree_go/unitree_go/msg/detail/imu_state__rosidl_typesupport_introspection_cpp.hpp
-- Installing: /ws/install/unitree_go/lib/libunitree_go__rosidl_typesupport_introspection_cpp.so
-- Set runtime path of "/ws/install/unitree_go/lib/libunitree_go__rosidl_typesupport_introspection_cpp.so" to ""
-- Installing: /ws/install/unitree_go/lib/libunitree_go__rosidl_typesupport_cpp.so
-- Set runtime path of "/ws/install/unitree_go/lib/libunitree_go__rosidl_typesupport_cpp.so" to ""
-- Installing: /ws/install/unitree_go/share/unitree_go/environment/pythonpath.sh
-- Installing: /ws/install/unitree_go/share/unitree_go/environment/pythonpath.dsv
-- Installing: /ws/install/unitree_go/local/lib/python3.10/dist-packages/unitree_go-0.0.0-py3.10.egg-info
-- Installing: /ws/install/unitree_go/local/lib/python3.10/dist-packages/unitree_go-0.0.0-py3.10.egg-info/dependency_links.txt
-- Installing: /ws/install/unitree_go/local/lib/python3.10/dist-packages/unitree_go-0.0.0-py3.10.egg-info/top_level.txt
-- Installing: /ws/install/unitree_go/local/lib/python3.10/dist-packages/unitree_go-0.0.0-py3.10.egg-info/SOURCES.txt
-- Installing: /ws/install/unitree_go/local/lib/python3.10/dist-packages/unitree_go-0.0.0-py3.10.egg-info/PKG-INFO
-- Installing: /ws/install/unitree_go/local/lib/python3.10/dist-packages/unitree_go
-- Installing: /ws/install/unitree_go/local/lib/python3.10/dist-packages/unitree_go/unitree_go_s__rosidl_typesupport_fastrtps_c.cpython-310-aarch64-linux-gnu.so
-- Installing: /ws/install/unitree_go/local/lib/python3.10/dist-packages/unitree_go/unitree_go_s__rosidl_typesupport_introspection_c.cpython-310-aarch64-linux-gnu.so
-- Installing: /ws/install/unitree_go/local/lib/python3.10/dist-packages/unitree_go/_unitree_go_s.ep.rosidl_typesupport_c.c
-- Installing: /ws/install/unitree_go/local/lib/python3.10/dist-packages/unitree_go/msg
-- Installing: /ws/install/unitree_go/local/lib/python3.10/dist-packages/unitree_go/msg/_error_s.c
-- Installing: /ws/install/unitree_go/local/lib/python3.10/dist-packages/unitree_go/msg/_motor_cmds.py
-- Installing: /ws/install/unitree_go/local/lib/python3.10/dist-packages/unitree_go/msg/_go2_front_video_data_s.c
-- Installing: /ws/install/unitree_go/local/lib/python3.10/dist-packages/unitree_go/msg/_motor_cmd_s.c
-- Installing: /ws/install/unitree_go/local/lib/python3.10/dist-packages/unitree_go/msg/_bms_cmd.py
-- Installing: /ws/install/unitree_go/local/lib/python3.10/dist-packages/unitree_go/msg/_path_point.py
-- Installing: /ws/install/unitree_go/local/lib/python3.10/dist-packages/unitree_go/msg/_go2_front_video_data.py
-- Installing: /ws/install/unitree_go/local/lib/python3.10/dist-packages/unitree_go/msg/_low_cmd.py
-- Installing: /ws/install/unitree_go/local/lib/python3.10/dist-packages/unitree_go/msg/_res_s.c
-- Installing: /ws/install/unitree_go/local/lib/python3.10/dist-packages/unitree_go/msg/_interface_config_s.c
-- Installing: /ws/install/unitree_go/local/lib/python3.10/dist-packages/unitree_go/msg/_motor_states_s.c
-- Installing: /ws/install/unitree_go/local/lib/python3.10/dist-packages/unitree_go/msg/_imu_state_s.c
-- Installing: /ws/install/unitree_go/local/lib/python3.10/dist-packages/unitree_go/msg/_error.py
-- Installing: /ws/install/unitree_go/local/lib/python3.10/dist-packages/unitree_go/msg/_height_map.py
-- Installing: /ws/install/unitree_go/local/lib/python3.10/dist-packages/unitree_go/msg/_res.py
-- Installing: /ws/install/unitree_go/local/lib/python3.10/dist-packages/unitree_go/msg/_interface_config.py
-- Installing: /ws/install/unitree_go/local/lib/python3.10/dist-packages/unitree_go/msg/_low_state.py
-- Installing: /ws/install/unitree_go/local/lib/python3.10/dist-packages/unitree_go/msg/_motor_cmds_s.c
-- Installing: /ws/install/unitree_go/local/lib/python3.10/dist-packages/unitree_go/msg/_wireless_controller.py
-- Installing: /ws/install/unitree_go/local/lib/python3.10/dist-packages/unitree_go/msg/_imu_state.py
-- Installing: /ws/install/unitree_go/local/lib/python3.10/dist-packages/unitree_go/msg/_uwb_state.py
-- Installing: /ws/install/unitree_go/local/lib/python3.10/dist-packages/unitree_go/msg/_sport_mode_cmd_s.c
-- Installing: /ws/install/unitree_go/local/lib/python3.10/dist-packages/unitree_go/msg/_uwb_state_s.c
-- Installing: /ws/install/unitree_go/local/lib/python3.10/dist-packages/unitree_go/msg/_sport_mode_state.py
-- Installing: /ws/install/unitree_go/local/lib/python3.10/dist-packages/unitree_go/msg/_path_point_s.c
-- Installing: /ws/install/unitree_go/local/lib/python3.10/dist-packages/unitree_go/msg/_time_spec.py
-- Installing: /ws/install/unitree_go/local/lib/python3.10/dist-packages/unitree_go/msg/_bms_state_s.c
-- Installing: /ws/install/unitree_go/local/lib/python3.10/dist-packages/unitree_go/msg/_bms_cmd_s.c
-- Installing: /ws/install/unitree_go/local/lib/python3.10/dist-packages/unitree_go/msg/_lidar_state.py
-- Installing: /ws/install/unitree_go/local/lib/python3.10/dist-packages/unitree_go/msg/_time_spec_s.c
-- Installing: /ws/install/unitree_go/local/lib/python3.10/dist-packages/unitree_go/msg/_sport_mode_cmd.py
-- Installing: /ws/install/unitree_go/local/lib/python3.10/dist-packages/unitree_go/msg/_motor_state.py
-- Installing: /ws/install/unitree_go/local/lib/python3.10/dist-packages/unitree_go/msg/_motor_state_s.c
-- Installing: /ws/install/unitree_go/local/lib/python3.10/dist-packages/unitree_go/msg/__init__.py
-- Installing: /ws/install/unitree_go/local/lib/python3.10/dist-packages/unitree_go/msg/_uwb_switch_s.c
-- Installing: /ws/install/unitree_go/local/lib/python3.10/dist-packages/unitree_go/msg/_motor_cmd.py
-- Installing: /ws/install/unitree_go/local/lib/python3.10/dist-packages/unitree_go/msg/_audio_data_s.c
-- Installing: /ws/install/unitree_go/local/lib/python3.10/dist-packages/unitree_go/msg/_low_cmd_s.c
-- Installing: /ws/install/unitree_go/local/lib/python3.10/dist-packages/unitree_go/msg/_uwb_switch.py
-- Installing: /ws/install/unitree_go/local/lib/python3.10/dist-packages/unitree_go/msg/_audio_data.py
-- Installing: /ws/install/unitree_go/local/lib/python3.10/dist-packages/unitree_go/msg/_lidar_state_s.c
-- Installing: /ws/install/unitree_go/local/lib/python3.10/dist-packages/unitree_go/msg/_low_state_s.c
-- Installing: /ws/install/unitree_go/local/lib/python3.10/dist-packages/unitree_go/msg/_motor_states.py
-- Installing: /ws/install/unitree_go/local/lib/python3.10/dist-packages/unitree_go/msg/_req_s.c
-- Installing: /ws/install/unitree_go/local/lib/python3.10/dist-packages/unitree_go/msg/_wireless_controller_s.c
-- Installing: /ws/install/unitree_go/local/lib/python3.10/dist-packages/unitree_go/msg/_height_map_s.c
-- Installing: /ws/install/unitree_go/local/lib/python3.10/dist-packages/unitree_go/msg/_sport_mode_state_s.c
-- Installing: /ws/install/unitree_go/local/lib/python3.10/dist-packages/unitree_go/msg/_req.py
-- Installing: /ws/install/unitree_go/local/lib/python3.10/dist-packages/unitree_go/msg/_bms_state.py
-- Installing: /ws/install/unitree_go/local/lib/python3.10/dist-packages/unitree_go/__init__.py
-- Installing: /ws/install/unitree_go/local/lib/python3.10/dist-packages/unitree_go/unitree_go_s__rosidl_typesupport_c.cpython-310-aarch64-linux-gnu.so
-- Installing: /ws/install/unitree_go/local/lib/python3.10/dist-packages/unitree_go/libunitree_go__rosidl_generator_py.so
-- Installing: /ws/install/unitree_go/local/lib/python3.10/dist-packages/unitree_go/_unitree_go_s.ep.rosidl_typesupport_fastrtps_c.c
-- Installing: /ws/install/unitree_go/local/lib/python3.10/dist-packages/unitree_go/_unitree_go_s.ep.rosidl_typesupport_introspection_c.c
Listing '/ws/install/unitree_go/local/lib/python3.10/dist-packages/unitree_go'...
Compiling '/ws/install/unitree_go/local/lib/python3.10/dist-packages/unitree_go/__init__.py'...
Listing '/ws/install/unitree_go/local/lib/python3.10/dist-packages/unitree_go/msg'...
Compiling '/ws/install/unitree_go/local/lib/python3.10/dist-packages/unitree_go/msg/__init__.py'...
Compiling '/ws/install/unitree_go/local/lib/python3.10/dist-packages/unitree_go/msg/_audio_data.py'...
Compiling '/ws/install/unitree_go/local/lib/python3.10/dist-packages/unitree_go/msg/_bms_cmd.py'...
Compiling '/ws/install/unitree_go/local/lib/python3.10/dist-packages/unitree_go/msg/_bms_state.py'...
Compiling '/ws/install/unitree_go/local/lib/python3.10/dist-packages/unitree_go/msg/_error.py'...
Compiling '/ws/install/unitree_go/local/lib/python3.10/dist-packages/unitree_go/msg/_go2_front_video_data.py'...
Compiling '/ws/install/unitree_go/local/lib/python3.10/dist-packages/unitree_go/msg/_height_map.py'...
Compiling '/ws/install/unitree_go/local/lib/python3.10/dist-packages/unitree_go/msg/_imu_state.py'...
Compiling '/ws/install/unitree_go/local/lib/python3.10/dist-packages/unitree_go/msg/_interface_config.py'...
Compiling '/ws/install/unitree_go/local/lib/python3.10/dist-packages/unitree_go/msg/_lidar_state.py'...
Compiling '/ws/install/unitree_go/local/lib/python3.10/dist-packages/unitree_go/msg/_low_cmd.py'...
Compiling '/ws/install/unitree_go/local/lib/python3.10/dist-packages/unitree_go/msg/_low_state.py'...
Compiling '/ws/install/unitree_go/local/lib/python3.10/dist-packages/unitree_go/msg/_motor_cmd.py'...
Compiling '/ws/install/unitree_go/local/lib/python3.10/dist-packages/unitree_go/msg/_motor_cmds.py'...
Compiling '/ws/install/unitree_go/local/lib/python3.10/dist-packages/unitree_go/msg/_motor_state.py'...
Compiling '/ws/install/unitree_go/local/lib/python3.10/dist-packages/unitree_go/msg/_motor_states.py'...
Compiling '/ws/install/unitree_go/local/lib/python3.10/dist-packages/unitree_go/msg/_path_point.py'...
Compiling '/ws/install/unitree_go/local/lib/python3.10/dist-packages/unitree_go/msg/_req.py'...
Compiling '/ws/install/unitree_go/local/lib/python3.10/dist-packages/unitree_go/msg/_res.py'...
Compiling '/ws/install/unitree_go/local/lib/python3.10/dist-packages/unitree_go/msg/_sport_mode_cmd.py'...
Compiling '/ws/install/unitree_go/local/lib/python3.10/dist-packages/unitree_go/msg/_sport_mode_state.py'...
Compiling '/ws/install/unitree_go/local/lib/python3.10/dist-packages/unitree_go/msg/_time_spec.py'...
Compiling '/ws/install/unitree_go/local/lib/python3.10/dist-packages/unitree_go/msg/_uwb_state.py'...
Compiling '/ws/install/unitree_go/local/lib/python3.10/dist-packages/unitree_go/msg/_uwb_switch.py'...
Compiling '/ws/install/unitree_go/local/lib/python3.10/dist-packages/unitree_go/msg/_wireless_controller.py'...
-- Installing: /ws/install/unitree_go/local/lib/python3.10/dist-packages/unitree_go/unitree_go_s__rosidl_typesupport_fastrtps_c.cpython-310-aarch64-linux-gnu.so
-- Set runtime path of "/ws/install/unitree_go/local/lib/python3.10/dist-packages/unitree_go/unitree_go_s__rosidl_typesupport_fastrtps_c.cpython-310-aarch64-linux-gnu.so" to ""
-- Installing: /ws/install/unitree_go/local/lib/python3.10/dist-packages/unitree_go/unitree_go_s__rosidl_typesupport_introspection_c.cpython-310-aarch64-linux-gnu.so
-- Set runtime path of "/ws/install/unitree_go/local/lib/python3.10/dist-packages/unitree_go/unitree_go_s__rosidl_typesupport_introspection_c.cpython-310-aarch64-linux-gnu.so" to ""
-- Installing: /ws/install/unitree_go/local/lib/python3.10/dist-packages/unitree_go/unitree_go_s__rosidl_typesupport_c.cpython-310-aarch64-linux-gnu.so
-- Set runtime path of "/ws/install/unitree_go/local/lib/python3.10/dist-packages/unitree_go/unitree_go_s__rosidl_typesupport_c.cpython-310-aarch64-linux-gnu.so" to ""
-- Installing: /ws/install/unitree_go/lib/libunitree_go__rosidl_generator_py.so
-- Set runtime path of "/ws/install/unitree_go/lib/libunitree_go__rosidl_generator_py.so" to ""
-- Installing: /ws/install/unitree_go/share/unitree_go/msg/AudioData.idl
-- Installing: /ws/install/unitree_go/share/unitree_go/msg/BmsCmd.idl
-- Installing: /ws/install/unitree_go/share/unitree_go/msg/BmsState.idl
-- Installing: /ws/install/unitree_go/share/unitree_go/msg/Error.idl
-- Installing: /ws/install/unitree_go/share/unitree_go/msg/Go2FrontVideoData.idl
-- Installing: /ws/install/unitree_go/share/unitree_go/msg/HeightMap.idl
-- Installing: /ws/install/unitree_go/share/unitree_go/msg/IMUState.idl
-- Installing: /ws/install/unitree_go/share/unitree_go/msg/InterfaceConfig.idl
-- Installing: /ws/install/unitree_go/share/unitree_go/msg/LidarState.idl
-- Installing: /ws/install/unitree_go/share/unitree_go/msg/LowCmd.idl
-- Installing: /ws/install/unitree_go/share/unitree_go/msg/LowState.idl
-- Installing: /ws/install/unitree_go/share/unitree_go/msg/MotorCmd.idl
-- Installing: /ws/install/unitree_go/share/unitree_go/msg/MotorCmds.idl
-- Installing: /ws/install/unitree_go/share/unitree_go/msg/MotorState.idl
-- Installing: /ws/install/unitree_go/share/unitree_go/msg/MotorStates.idl
-- Installing: /ws/install/unitree_go/share/unitree_go/msg/PathPoint.idl
-- Installing: /ws/install/unitree_go/share/unitree_go/msg/Req.idl
-- Installing: /ws/install/unitree_go/share/unitree_go/msg/Res.idl
-- Installing: /ws/install/unitree_go/share/unitree_go/msg/SportModeCmd.idl
-- Installing: /ws/install/unitree_go/share/unitree_go/msg/SportModeState.idl
-- Installing: /ws/install/unitree_go/share/unitree_go/msg/TimeSpec.idl
-- Installing: /ws/install/unitree_go/share/unitree_go/msg/UwbState.idl
-- Installing: /ws/install/unitree_go/share/unitree_go/msg/UwbSwitch.idl
-- Installing: /ws/install/unitree_go/share/unitree_go/msg/WirelessController.idl
-- Installing: /ws/install/unitree_go/share/unitree_go/msg/AudioData.msg
-- Installing: /ws/install/unitree_go/share/unitree_go/msg/BmsCmd.msg
-- Installing: /ws/install/unitree_go/share/unitree_go/msg/BmsState.msg
-- Installing: /ws/install/unitree_go/share/unitree_go/msg/Error.msg
-- Installing: /ws/install/unitree_go/share/unitree_go/msg/Go2FrontVideoData.msg
-- Installing: /ws/install/unitree_go/share/unitree_go/msg/HeightMap.msg
-- Installing: /ws/install/unitree_go/share/unitree_go/msg/IMUState.msg
-- Installing: /ws/install/unitree_go/share/unitree_go/msg/InterfaceConfig.msg
-- Installing: /ws/install/unitree_go/share/unitree_go/msg/LidarState.msg
-- Installing: /ws/install/unitree_go/share/unitree_go/msg/LowCmd.msg
-- Installing: /ws/install/unitree_go/share/unitree_go/msg/LowState.msg
-- Installing: /ws/install/unitree_go/share/unitree_go/msg/MotorCmd.msg
-- Installing: /ws/install/unitree_go/share/unitree_go/msg/MotorCmds.msg
-- Installing: /ws/install/unitree_go/share/unitree_go/msg/MotorState.msg
-- Installing: /ws/install/unitree_go/share/unitree_go/msg/MotorStates.msg
-- Installing: /ws/install/unitree_go/share/unitree_go/msg/PathPoint.msg
-- Installing: /ws/install/unitree_go/share/unitree_go/msg/Req.msg
-- Installing: /ws/install/unitree_go/share/unitree_go/msg/Res.msg
-- Installing: /ws/install/unitree_go/share/unitree_go/msg/SportModeCmd.msg
-- Installing: /ws/install/unitree_go/share/unitree_go/msg/SportModeState.msg
-- Installing: /ws/install/unitree_go/share/unitree_go/msg/TimeSpec.msg
-- Installing: /ws/install/unitree_go/share/unitree_go/msg/UwbState.msg
-- Installing: /ws/install/unitree_go/share/unitree_go/msg/UwbSwitch.msg
-- Installing: /ws/install/unitree_go/share/unitree_go/msg/WirelessController.msg
-- Installing: /ws/install/unitree_go/share/unitree_go/msg/dds_connext
-- Installing: /ws/install/unitree_go/share/unitree_go/msg/dds_connext/MotorState_.idl
-- Installing: /ws/install/unitree_go/share/unitree_go/msg/dds_connext/HeightMap_.idl
-- Installing: /ws/install/unitree_go/share/unitree_go/msg/dds_connext/MotorCmd_.idl
-- Installing: /ws/install/unitree_go/share/unitree_go/msg/dds_connext/Req_.idl
-- Installing: /ws/install/unitree_go/share/unitree_go/msg/dds_connext/LidarState_.idl
-- Installing: /ws/install/unitree_go/share/unitree_go/msg/dds_connext/MotorStates_.idl
-- Installing: /ws/install/unitree_go/share/unitree_go/msg/dds_connext/WirelessController_.idl
-- Installing: /ws/install/unitree_go/share/unitree_go/msg/dds_connext/TimeSpec_.idl
-- Installing: /ws/install/unitree_go/share/unitree_go/msg/dds_connext/BmsCmd_.idl
-- Installing: /ws/install/unitree_go/share/unitree_go/msg/dds_connext/AudioData_.idl
-- Installing: /ws/install/unitree_go/share/unitree_go/msg/dds_connext/SportModeCmd_.idl
-- Installing: /ws/install/unitree_go/share/unitree_go/msg/dds_connext/IMUState_.idl
-- Installing: /ws/install/unitree_go/share/unitree_go/msg/dds_connext/PathPoint_.idl
-- Installing: /ws/install/unitree_go/share/unitree_go/msg/dds_connext/LowState_.idl
-- Installing: /ws/install/unitree_go/share/unitree_go/msg/dds_connext/MotorCmds_.idl
-- Installing: /ws/install/unitree_go/share/unitree_go/msg/dds_connext/Go2FrontVideoData_.idl
-- Installing: /ws/install/unitree_go/share/unitree_go/msg/dds_connext/Res_.idl
-- Installing: /ws/install/unitree_go/share/unitree_go/msg/dds_connext/UwbSwitch_.idl
-- Installing: /ws/install/unitree_go/share/unitree_go/msg/dds_connext/BmsState_.idl
-- Installing: /ws/install/unitree_go/share/unitree_go/msg/dds_connext/UwbState_.idl
-- Installing: /ws/install/unitree_go/share/unitree_go/msg/dds_connext/Error_.idl
-- Installing: /ws/install/unitree_go/share/unitree_go/msg/dds_connext/InterfaceConfig_.idl
-- Installing: /ws/install/unitree_go/share/unitree_go/msg/dds_connext/SportModeState_.idl
-- Installing: /ws/install/unitree_go/share/unitree_go/msg/dds_connext/LowCmd_.idl
-- Installing: /ws/install/unitree_go/share/ament_index/resource_index/package_run_dependencies/unitree_go
-- Installing: /ws/install/unitree_go/share/ament_index/resource_index/parent_prefix_path/unitree_go
-- Installing: /ws/install/unitree_go/share/unitree_go/environment/ament_prefix_path.sh
-- Installing: /ws/install/unitree_go/share/unitree_go/environment/ament_prefix_path.dsv
-- Installing: /ws/install/unitree_go/share/unitree_go/environment/path.sh
-- Installing: /ws/install/unitree_go/share/unitree_go/environment/path.dsv
-- Installing: /ws/install/unitree_go/share/unitree_go/local_setup.bash
-- Installing: /ws/install/unitree_go/share/unitree_go/local_setup.sh
-- Installing: /ws/install/unitree_go/share/unitree_go/local_setup.zsh
-- Installing: /ws/install/unitree_go/share/unitree_go/local_setup.dsv
-- Installing: /ws/install/unitree_go/share/unitree_go/package.dsv
-- Installing: /ws/install/unitree_go/share/ament_index/resource_index/packages/unitree_go
-- Installing: /ws/install/unitree_go/share/unitree_go/cmake/export_unitree_go__rosidl_generator_cExport.cmake
-- Installing: /ws/install/unitree_go/share/unitree_go/cmake/export_unitree_go__rosidl_generator_cExport-noconfig.cmake
-- Installing: /ws/install/unitree_go/share/unitree_go/cmake/export_unitree_go__rosidl_typesupport_fastrtps_cExport.cmake
-- Installing: /ws/install/unitree_go/share/unitree_go/cmake/export_unitree_go__rosidl_typesupport_fastrtps_cExport-noconfig.cmake
-- Installing: /ws/install/unitree_go/share/unitree_go/cmake/export_unitree_go__rosidl_generator_cppExport.cmake
-- Installing: /ws/install/unitree_go/share/unitree_go/cmake/export_unitree_go__rosidl_typesupport_fastrtps_cppExport.cmake
-- Installing: /ws/install/unitree_go/share/unitree_go/cmake/export_unitree_go__rosidl_typesupport_fastrtps_cppExport-noconfig.cmake
-- Installing: /ws/install/unitree_go/share/unitree_go/cmake/unitree_go__rosidl_typesupport_introspection_cExport.cmake
-- Installing: /ws/install/unitree_go/share/unitree_go/cmake/unitree_go__rosidl_typesupport_introspection_cExport-noconfig.cmake
-- Installing: /ws/install/unitree_go/share/unitree_go/cmake/unitree_go__rosidl_typesupport_cExport.cmake
-- Installing: /ws/install/unitree_go/share/unitree_go/cmake/unitree_go__rosidl_typesupport_cExport-noconfig.cmake
-- Installing: /ws/install/unitree_go/share/unitree_go/cmake/unitree_go__rosidl_typesupport_introspection_cppExport.cmake
-- Installing: /ws/install/unitree_go/share/unitree_go/cmake/unitree_go__rosidl_typesupport_introspection_cppExport-noconfig.cmake
-- Installing: /ws/install/unitree_go/share/unitree_go/cmake/unitree_go__rosidl_typesupport_cppExport.cmake
-- Installing: /ws/install/unitree_go/share/unitree_go/cmake/unitree_go__rosidl_typesupport_cppExport-noconfig.cmake
-- Installing: /ws/install/unitree_go/share/unitree_go/cmake/export_unitree_go__rosidl_generator_pyExport.cmake
-- Installing: /ws/install/unitree_go/share/unitree_go/cmake/export_unitree_go__rosidl_generator_pyExport-noconfig.cmake
-- Installing: /ws/install/unitree_go/share/unitree_go/cmake/rosidl_cmake-extras.cmake
-- Installing: /ws/install/unitree_go/share/unitree_go/cmake/ament_cmake_export_dependencies-extras.cmake
-- Installing: /ws/install/unitree_go/share/unitree_go/cmake/ament_cmake_export_include_directories-extras.cmake
-- Installing: /ws/install/unitree_go/share/unitree_go/cmake/ament_cmake_export_libraries-extras.cmake
-- Installing: /ws/install/unitree_go/share/unitree_go/cmake/ament_cmake_export_targets-extras.cmake
-- Installing: /ws/install/unitree_go/share/unitree_go/cmake/rosidl_cmake_export_typesupport_targets-extras.cmake
-- Installing: /ws/install/unitree_go/share/unitree_go/cmake/rosidl_cmake_export_typesupport_libraries-extras.cmake
-- Installing: /ws/install/unitree_go/share/unitree_go/cmake/unitree_goConfig.cmake
-- Installing: /ws/install/unitree_go/share/unitree_go/cmake/unitree_goConfig-version.cmake
-- Installing: /ws/install/unitree_go/share/unitree_go/package.xml
