[0.183s] Invoking command in '/ws/build/stand_go2': AMENT_PREFIX_PATH=/ws/install/unitree_go:/ws/install/unitree_api:${AMENT_PREFIX_PATH} CMAKE_PREFIX_PATH=/ws/install/unitree_go:/ws/install/unitree_api:/ws/libtorch:/opt/ros/humble LD_LIBRARY_PATH=/ws/install/unitree_go/lib:/ws/install/unitree_api/lib:${LD_LIBRARY_PATH} PYTHONPATH=/ws/install/unitree_go/local/lib/python3.10/dist-packages:/ws/install/unitree_api/local/lib/python3.10/dist-packages:${PYTHONPATH} /usr/bin/cmake --build /ws/build/stand_go2 -- -j4 -l4
[0.357s] [35m[1mConsolidate compiler generated dependencies of target stand_go2[0m
[0.411s] [100%] Built target stand_go2
[0.511s] Invoked command in '/ws/build/stand_go2' returned '0': AMENT_PREFIX_PATH=/ws/install/unitree_go:/ws/install/unitree_api:${AMENT_PREFIX_PATH} CMAKE_PREFIX_PATH=/ws/install/unitree_go:/ws/install/unitree_api:/ws/libtorch:/opt/ros/humble LD_LIBRARY_PATH=/ws/install/unitree_go/lib:/ws/install/unitree_api/lib:${LD_LIBRARY_PATH} PYTHONPATH=/ws/install/unitree_go/local/lib/python3.10/dist-packages:/ws/install/unitree_api/local/lib/python3.10/dist-packages:${PYTHONPATH} /usr/bin/cmake --build /ws/build/stand_go2 -- -j4 -l4
[0.521s] Invoking command in '/ws/build/stand_go2': AMENT_PREFIX_PATH=/ws/install/unitree_go:/ws/install/unitree_api:${AMENT_PREFIX_PATH} CMAKE_PREFIX_PATH=/ws/install/unitree_go:/ws/install/unitree_api:/ws/libtorch:/opt/ros/humble LD_LIBRARY_PATH=/ws/install/unitree_go/lib:/ws/install/unitree_api/lib:${LD_LIBRARY_PATH} PYTHONPATH=/ws/install/unitree_go/local/lib/python3.10/dist-packages:/ws/install/unitree_api/local/lib/python3.10/dist-packages:${PYTHONPATH} /usr/bin/cmake --install /ws/build/stand_go2
[0.564s] -- Install configuration: ""
[0.569s] -- Up-to-date: /ws/install/stand_go2/lib/stand_go2/stand_go2
[0.576s] -- Up-to-date: /ws/install/stand_go2/share/ament_index/resource_index/package_run_dependencies/stand_go2
[0.577s] -- Up-to-date: /ws/install/stand_go2/share/ament_index/resource_index/parent_prefix_path/stand_go2
[0.577s] -- Up-to-date: /ws/install/stand_go2/share/stand_go2/environment/ament_prefix_path.sh
[0.577s] -- Up-to-date: /ws/install/stand_go2/share/stand_go2/environment/ament_prefix_path.dsv
[0.577s] -- Up-to-date: /ws/install/stand_go2/share/stand_go2/environment/path.sh
[0.577s] -- Up-to-date: /ws/install/stand_go2/share/stand_go2/environment/path.dsv
[0.578s] -- Up-to-date: /ws/install/stand_go2/share/stand_go2/local_setup.bash
[0.578s] -- Up-to-date: /ws/install/stand_go2/share/stand_go2/local_setup.sh
[0.580s] -- Up-to-date: /ws/install/stand_go2/share/stand_go2/local_setup.zsh
[0.580s] -- Up-to-date: /ws/install/stand_go2/share/stand_go2/local_setup.dsv
[0.580s] -- Installing: /ws/install/stand_go2/share/stand_go2/package.dsv
[0.580s] -- Up-to-date: /ws/install/stand_go2/share/ament_index/resource_index/packages/stand_go2
[0.580s] -- Up-to-date: /ws/install/stand_go2/share/stand_go2/cmake/stand_go2Config.cmake
[0.580s] -- Up-to-date: /ws/install/stand_go2/share/stand_go2/cmake/stand_go2Config-version.cmake
[0.580s] -- Up-to-date: /ws/install/stand_go2/share/stand_go2/package.xml
[0.636s] Invoked command in '/ws/build/stand_go2' returned '0': AMENT_PREFIX_PATH=/ws/install/unitree_go:/ws/install/unitree_api:${AMENT_PREFIX_PATH} CMAKE_PREFIX_PATH=/ws/install/unitree_go:/ws/install/unitree_api:/ws/libtorch:/opt/ros/humble LD_LIBRARY_PATH=/ws/install/unitree_go/lib:/ws/install/unitree_api/lib:${LD_LIBRARY_PATH} PYTHONPATH=/ws/install/unitree_go/local/lib/python3.10/dist-packages:/ws/install/unitree_api/local/lib/python3.10/dist-packages:${PYTHONPATH} /usr/bin/cmake --install /ws/build/stand_go2
