[0.012s] Invoking command in '/home/ruben/go2_deploy/workhop_rl/build/unitree_hg': CMAKE_PREFIX_PATH=/opt/ros/humble /usr/bin/cmake /home/ruben/go2_deploy/workhop_rl/src/unitree_ros2/cyclonedds_ws/src/unitree/unitree_hg -DCMAKE_INSTALL_PREFIX=/home/ruben/go2_deploy/workhop_rl/install/unitree_hg
[0.052s] -- The C compiler identification is GNU 11.4.0
[0.165s] -- The CXX compiler identification is GNU 11.4.0
[0.170s] -- Detecting C compiler ABI info
[0.270s] -- Detecting C compiler ABI info - done
[0.276s] -- Check for working C compiler: /usr/bin/cc - skipped
[0.276s] -- Detecting C compile features
[0.277s] -- Detecting C compile features - done
[0.279s] -- Detecting CXX compiler ABI info
[0.378s] -- Detecting CXX compiler ABI info - done
[0.385s] -- Check for working CXX compiler: /usr/bin/c++ - skipped
[0.385s] -- Detecting CXX compile features
[0.385s] -- Detecting CXX compile features - done
[0.435s] -- Found ament_cmake: 1.3.12 (/opt/ros/humble/share/ament_cmake/cmake)
[0.665s] -- Found Python3: /usr/bin/python3 (found version "3.10.12") found components: Interpreter 
[1.012s] -- Found geometry_msgs: 4.9.0 (/opt/ros/humble/share/geometry_msgs/cmake)
[1.101s] -- Found rosidl_generator_c: 3.1.7 (/opt/ros/humble/share/rosidl_generator_c/cmake)
[1.103s] -- Found rosidl_adapter: 3.1.7 (/opt/ros/humble/share/rosidl_adapter/cmake)
[1.115s] -- Found rosidl_generator_cpp: 3.1.7 (/opt/ros/humble/share/rosidl_generator_cpp/cmake)
[1.137s] -- Using all available rosidl_typesupport_c: rosidl_typesupport_fastrtps_c;rosidl_typesupport_introspection_c
[1.145s] -- Using all available rosidl_typesupport_cpp: rosidl_typesupport_fastrtps_cpp;rosidl_typesupport_introspection_cpp
[1.235s] -- Found rosidl_default_generators: 1.2.0 (/opt/ros/humble/share/rosidl_default_generators/cmake)
[1.241s] -- Found rosidl_generator_dds_idl: 0.8.1 (/opt/ros/humble/share/rosidl_generator_dds_idl/cmake)
[1.659s] -- Found ament_cmake_ros: 0.10.0 (/opt/ros/humble/share/ament_cmake_ros/cmake)
[2.153s] -- Using all available rosidl_typesupport_c: rosidl_typesupport_fastrtps_c;rosidl_typesupport_introspection_c
[2.274s] -- Using all available rosidl_typesupport_cpp: rosidl_typesupport_fastrtps_cpp;rosidl_typesupport_introspection_cpp
[2.288s] -- Found PythonInterp: /usr/bin/python3 (found suitable version "3.10.12", minimum required is "3.6") 
[2.336s] -- Found python_cmake_module: 0.10.0 (/opt/ros/humble/share/python_cmake_module/cmake)
[2.446s] -- Found PythonLibs: /usr/lib/x86_64-linux-gnu/libpython3.10.so (found suitable version "3.10.12", minimum required is "3.5") 
[2.446s] -- Using PYTHON_EXECUTABLE: /usr/bin/python3
[2.446s] -- Using PYTHON_INCLUDE_DIRS: /usr/include/python3.10
[2.446s] -- Using PYTHON_LIBRARIES: /usr/lib/x86_64-linux-gnu/libpython3.10.so
[2.473s] -- Found PythonExtra: .so  
[2.652s] -- Found ament_lint_auto: 0.12.14 (/opt/ros/humble/share/ament_lint_auto/cmake)
[2.739s] -- Added test 'copyright' to check source files copyright and LICENSE
[2.746s] -- Added test 'lint_cmake' to check CMake code style
[2.749s] -- Added test 'xmllint' to check XML markup files
[2.769s] -- Configuring done
[2.890s] -- Generating done
[2.903s] -- Build files have been written to: /home/ruben/go2_deploy/workhop_rl/build/unitree_hg
[2.922s] Invoked command in '/home/ruben/go2_deploy/workhop_rl/build/unitree_hg' returned '0': CMAKE_PREFIX_PATH=/opt/ros/humble /usr/bin/cmake /home/ruben/go2_deploy/workhop_rl/src/unitree_ros2/cyclonedds_ws/src/unitree/unitree_hg -DCMAKE_INSTALL_PREFIX=/home/ruben/go2_deploy/workhop_rl/install/unitree_hg
[2.924s] Invoking command in '/home/ruben/go2_deploy/workhop_rl/build/unitree_hg': CMAKE_PREFIX_PATH=/opt/ros/humble /usr/bin/cmake --build /home/ruben/go2_deploy/workhop_rl/build/unitree_hg -- -j22 -l22
[2.985s] [  1%] [34m[1mGenerating C code for ROS interfaces[0m
[3.066s] [  2%] [34m[1mGenerating DDS interfaces[0m
[3.068s] [  2%] Built target ament_cmake_python_copy_unitree_hg
[3.069s] [  2%] [34m[1mGenerating C++ code for ROS interfaces[0m
[3.468s] running egg_info
[3.468s] creating unitree_hg.egg-info
[3.468s] writing unitree_hg.egg-info/PKG-INFO
[3.468s] writing dependency_links to unitree_hg.egg-info/dependency_links.txt
[3.468s] writing top-level names to unitree_hg.egg-info/top_level.txt
[3.472s] writing manifest file 'unitree_hg.egg-info/SOURCES.txt'
[3.475s] reading manifest file 'unitree_hg.egg-info/SOURCES.txt'
[3.475s] writing manifest file 'unitree_hg.egg-info/SOURCES.txt'
[3.529s] [  2%] Built target ament_cmake_python_build_unitree_hg_egg
[4.072s] [  2%] Built target unitree_hg__dds_connext_idl
[5.079s] [  3%] [32mBuilding C object CMakeFiles/unitree_hg__rosidl_generator_c.dir/rosidl_generator_c/unitree_hg/msg/detail/bms_cmd__functions.c.o[0m
[5.087s] [  4%] [32mBuilding C object CMakeFiles/unitree_hg__rosidl_generator_c.dir/rosidl_generator_c/unitree_hg/msg/detail/bms_state__functions.c.o[0m
[5.092s] [  5%] [32mBuilding C object CMakeFiles/unitree_hg__rosidl_generator_c.dir/rosidl_generator_c/unitree_hg/msg/detail/hand_state__functions.c.o[0m
[5.100s] [  6%] [32mBuilding C object CMakeFiles/unitree_hg__rosidl_generator_c.dir/rosidl_generator_c/unitree_hg/msg/detail/hand_cmd__functions.c.o[0m
[5.105s] [  6%] Built target unitree_hg__cpp
[5.112s] [  7%] [32mBuilding C object CMakeFiles/unitree_hg__rosidl_generator_c.dir/rosidl_generator_c/unitree_hg/msg/detail/imu_state__functions.c.o[0m
[5.114s] [  7%] [32mBuilding C object CMakeFiles/unitree_hg__rosidl_generator_c.dir/rosidl_generator_c/unitree_hg/msg/detail/low_cmd__functions.c.o[0m
[5.116s] [  8%] [32mBuilding C object CMakeFiles/unitree_hg__rosidl_generator_c.dir/rosidl_generator_c/unitree_hg/msg/detail/low_state__functions.c.o[0m
[5.121s] [  9%] [32mBuilding C object CMakeFiles/unitree_hg__rosidl_generator_c.dir/rosidl_generator_c/unitree_hg/msg/detail/main_board_state__functions.c.o[0m
[5.129s] [ 10%] [34m[1mGenerating C++ type support for eProsima Fast-RTPS[0m
[5.135s] [ 11%] [32mBuilding C object CMakeFiles/unitree_hg__rosidl_generator_c.dir/rosidl_generator_c/unitree_hg/msg/detail/motor_cmd__functions.c.o[0m
[5.141s] [ 12%] [34m[1mGenerating C++ introspection for ROS interfaces[0m
[5.143s] [ 13%] [34m[1mGenerating C++ type support dispatch for ROS interfaces[0m
[5.146s] [ 14%] [32mBuilding C object CMakeFiles/unitree_hg__rosidl_generator_c.dir/rosidl_generator_c/unitree_hg/msg/detail/press_sensor_state__functions.c.o[0m
[5.154s] [ 15%] [32mBuilding C object CMakeFiles/unitree_hg__rosidl_generator_c.dir/rosidl_generator_c/unitree_hg/msg/detail/motor_state__functions.c.o[0m
[5.341s] [ 16%] [32m[1mLinking C shared library libunitree_hg__rosidl_generator_c.so[0m
[5.527s] [ 16%] Built target unitree_hg__rosidl_generator_c
[5.556s] [ 16%] [34m[1mGenerating C type support for eProsima Fast-RTPS[0m
[5.558s] [ 16%] [34m[1mGenerating C introspection for ROS interfaces[0m
[5.560s] [ 16%] [34m[1mGenerating C type support dispatch for ROS interfaces[0m
[6.267s] [ 17%] [32mBuilding CXX object CMakeFiles/unitree_hg__rosidl_typesupport_introspection_cpp.dir/rosidl_typesupport_introspection_cpp/unitree_hg/msg/detail/bms_cmd__type_support.cpp.o[0m
[6.274s] [ 18%] [32mBuilding CXX object CMakeFiles/unitree_hg__rosidl_typesupport_introspection_cpp.dir/rosidl_typesupport_introspection_cpp/unitree_hg/msg/detail/bms_state__type_support.cpp.o[0m
[6.291s] [ 18%] [32mBuilding CXX object CMakeFiles/unitree_hg__rosidl_typesupport_introspection_cpp.dir/rosidl_typesupport_introspection_cpp/unitree_hg/msg/detail/hand_cmd__type_support.cpp.o[0m
[6.294s] [ 19%] [32mBuilding CXX object CMakeFiles/unitree_hg__rosidl_typesupport_introspection_cpp.dir/rosidl_typesupport_introspection_cpp/unitree_hg/msg/detail/hand_state__type_support.cpp.o[0m
[6.302s] [ 20%] [32mBuilding CXX object CMakeFiles/unitree_hg__rosidl_typesupport_introspection_cpp.dir/rosidl_typesupport_introspection_cpp/unitree_hg/msg/detail/low_cmd__type_support.cpp.o[0m
[6.313s] [ 21%] [32mBuilding CXX object CMakeFiles/unitree_hg__rosidl_typesupport_introspection_cpp.dir/rosidl_typesupport_introspection_cpp/unitree_hg/msg/detail/low_state__type_support.cpp.o[0m
[6.328s] [ 22%] [32mBuilding CXX object CMakeFiles/unitree_hg__rosidl_typesupport_introspection_cpp.dir/rosidl_typesupport_introspection_cpp/unitree_hg/msg/detail/motor_cmd__type_support.cpp.o[0m
[6.360s] [ 23%] [32mBuilding CXX object CMakeFiles/unitree_hg__rosidl_typesupport_introspection_cpp.dir/rosidl_typesupport_introspection_cpp/unitree_hg/msg/detail/imu_state__type_support.cpp.o[0m
[6.376s] [ 24%] [32mBuilding CXX object CMakeFiles/unitree_hg__rosidl_typesupport_introspection_cpp.dir/rosidl_typesupport_introspection_cpp/unitree_hg/msg/detail/main_board_state__type_support.cpp.o[0m
[6.381s] [ 25%] [32mBuilding CXX object CMakeFiles/unitree_hg__rosidl_typesupport_introspection_cpp.dir/rosidl_typesupport_introspection_cpp/unitree_hg/msg/detail/motor_state__type_support.cpp.o[0m
[6.386s] [ 26%] [32mBuilding CXX object CMakeFiles/unitree_hg__rosidl_typesupport_introspection_cpp.dir/rosidl_typesupport_introspection_cpp/unitree_hg/msg/detail/press_sensor_state__type_support.cpp.o[0m
[6.730s] [ 27%] [32mBuilding CXX object CMakeFiles/unitree_hg__rosidl_typesupport_fastrtps_c.dir/rosidl_typesupport_fastrtps_c/unitree_hg/msg/detail/bms_cmd__type_support_c.cpp.o[0m
[6.740s] [ 28%] [32mBuilding CXX object CMakeFiles/unitree_hg__rosidl_typesupport_fastrtps_c.dir/rosidl_typesupport_fastrtps_c/unitree_hg/msg/detail/hand_state__type_support_c.cpp.o[0m
[6.743s] [ 29%] [32mBuilding CXX object CMakeFiles/unitree_hg__rosidl_typesupport_fastrtps_c.dir/rosidl_typesupport_fastrtps_c/unitree_hg/msg/detail/bms_state__type_support_c.cpp.o[0m
[6.744s] [ 30%] [32mBuilding CXX object CMakeFiles/unitree_hg__rosidl_typesupport_fastrtps_c.dir/rosidl_typesupport_fastrtps_c/unitree_hg/msg/detail/imu_state__type_support_c.cpp.o[0m
[6.755s] [ 31%] [32mBuilding CXX object CMakeFiles/unitree_hg__rosidl_typesupport_fastrtps_c.dir/rosidl_typesupport_fastrtps_c/unitree_hg/msg/detail/low_cmd__type_support_c.cpp.o[0m
[6.773s] [ 32%] [32mBuilding CXX object CMakeFiles/unitree_hg__rosidl_typesupport_fastrtps_c.dir/rosidl_typesupport_fastrtps_c/unitree_hg/msg/detail/low_state__type_support_c.cpp.o[0m
[6.775s] [ 33%] [32mBuilding CXX object CMakeFiles/unitree_hg__rosidl_typesupport_fastrtps_c.dir/rosidl_typesupport_fastrtps_c/unitree_hg/msg/detail/hand_cmd__type_support_c.cpp.o[0m
[7.076s] [ 34%] [32mBuilding CXX object CMakeFiles/unitree_hg__rosidl_typesupport_fastrtps_c.dir/rosidl_typesupport_fastrtps_c/unitree_hg/msg/detail/main_board_state__type_support_c.cpp.o[0m
[7.135s] [ 34%] [32mBuilding CXX object CMakeFiles/unitree_hg__rosidl_typesupport_fastrtps_c.dir/rosidl_typesupport_fastrtps_c/unitree_hg/msg/detail/motor_cmd__type_support_c.cpp.o[0m
[7.453s] [ 35%] [32mBuilding CXX object CMakeFiles/unitree_hg__rosidl_typesupport_c.dir/rosidl_typesupport_c/unitree_hg/msg/bms_cmd__type_support.cpp.o[0m
[7.514s] [ 36%] [32mBuilding CXX object CMakeFiles/unitree_hg__rosidl_typesupport_c.dir/rosidl_typesupport_c/unitree_hg/msg/bms_state__type_support.cpp.o[0m
[7.586s] [ 37%] [32mBuilding CXX object CMakeFiles/unitree_hg__rosidl_typesupport_c.dir/rosidl_typesupport_c/unitree_hg/msg/hand_cmd__type_support.cpp.o[0m
[7.673s] [ 38%] [32mBuilding CXX object CMakeFiles/unitree_hg__rosidl_typesupport_c.dir/rosidl_typesupport_c/unitree_hg/msg/hand_state__type_support.cpp.o[0m
[7.680s] [ 39%] [32mBuilding CXX object CMakeFiles/unitree_hg__rosidl_typesupport_c.dir/rosidl_typesupport_c/unitree_hg/msg/imu_state__type_support.cpp.o[0m
[7.695s] [ 40%] [32mBuilding CXX object CMakeFiles/unitree_hg__rosidl_typesupport_fastrtps_c.dir/rosidl_typesupport_fastrtps_c/unitree_hg/msg/detail/motor_state__type_support_c.cpp.o[0m
[7.713s] [ 41%] [32mBuilding CXX object CMakeFiles/unitree_hg__rosidl_typesupport_fastrtps_c.dir/rosidl_typesupport_fastrtps_c/unitree_hg/msg/detail/press_sensor_state__type_support_c.cpp.o[0m
[7.756s] [ 42%] [32mBuilding CXX object CMakeFiles/unitree_hg__rosidl_typesupport_c.dir/rosidl_typesupport_c/unitree_hg/msg/low_cmd__type_support.cpp.o[0m
[7.783s] [ 43%] [32mBuilding CXX object CMakeFiles/unitree_hg__rosidl_typesupport_c.dir/rosidl_typesupport_c/unitree_hg/msg/low_state__type_support.cpp.o[0m
[7.786s] [ 44%] [32mBuilding CXX object CMakeFiles/unitree_hg__rosidl_typesupport_c.dir/rosidl_typesupport_c/unitree_hg/msg/main_board_state__type_support.cpp.o[0m
[7.806s] [ 44%] [32mBuilding CXX object CMakeFiles/unitree_hg__rosidl_typesupport_c.dir/rosidl_typesupport_c/unitree_hg/msg/motor_cmd__type_support.cpp.o[0m
[7.808s] [ 45%] [32mBuilding CXX object CMakeFiles/unitree_hg__rosidl_typesupport_c.dir/rosidl_typesupport_c/unitree_hg/msg/motor_state__type_support.cpp.o[0m
[7.815s] [ 46%] [32mBuilding CXX object CMakeFiles/unitree_hg__rosidl_typesupport_c.dir/rosidl_typesupport_c/unitree_hg/msg/press_sensor_state__type_support.cpp.o[0m
[7.882s] [ 47%] [32mBuilding CXX object CMakeFiles/unitree_hg__rosidl_typesupport_cpp.dir/rosidl_typesupport_cpp/unitree_hg/msg/bms_state__type_support.cpp.o[0m
[7.885s] [ 47%] [32mBuilding CXX object CMakeFiles/unitree_hg__rosidl_typesupport_cpp.dir/rosidl_typesupport_cpp/unitree_hg/msg/hand_cmd__type_support.cpp.o[0m
[7.913s] [ 48%] [32mBuilding CXX object CMakeFiles/unitree_hg__rosidl_typesupport_cpp.dir/rosidl_typesupport_cpp/unitree_hg/msg/hand_state__type_support.cpp.o[0m
[7.919s] [ 49%] [32mBuilding CXX object CMakeFiles/unitree_hg__rosidl_typesupport_cpp.dir/rosidl_typesupport_cpp/unitree_hg/msg/bms_cmd__type_support.cpp.o[0m
[7.920s] [ 50%] [32mBuilding CXX object CMakeFiles/unitree_hg__rosidl_typesupport_cpp.dir/rosidl_typesupport_cpp/unitree_hg/msg/imu_state__type_support.cpp.o[0m
[7.948s] [ 51%] [32mBuilding CXX object CMakeFiles/unitree_hg__rosidl_typesupport_cpp.dir/rosidl_typesupport_cpp/unitree_hg/msg/low_cmd__type_support.cpp.o[0m
[7.990s] [ 52%] [32mBuilding CXX object CMakeFiles/unitree_hg__rosidl_typesupport_cpp.dir/rosidl_typesupport_cpp/unitree_hg/msg/low_state__type_support.cpp.o[0m
[7.994s] [ 53%] [32mBuilding CXX object CMakeFiles/unitree_hg__rosidl_typesupport_cpp.dir/rosidl_typesupport_cpp/unitree_hg/msg/motor_cmd__type_support.cpp.o[0m
[7.994s] [ 54%] [32mBuilding CXX object CMakeFiles/unitree_hg__rosidl_typesupport_cpp.dir/rosidl_typesupport_cpp/unitree_hg/msg/main_board_state__type_support.cpp.o[0m
[8.001s] [ 55%] [32mBuilding CXX object CMakeFiles/unitree_hg__rosidl_typesupport_cpp.dir/rosidl_typesupport_cpp/unitree_hg/msg/motor_state__type_support.cpp.o[0m
[8.068s] [ 56%] [32m[1mLinking CXX shared library libunitree_hg__rosidl_typesupport_c.so[0m
[8.138s] [ 57%] [32mBuilding CXX object CMakeFiles/unitree_hg__rosidl_typesupport_cpp.dir/rosidl_typesupport_cpp/unitree_hg/msg/press_sensor_state__type_support.cpp.o[0m
[8.251s] [ 57%] Built target unitree_hg__rosidl_typesupport_c
[8.255s] [ 58%] [32mBuilding C object CMakeFiles/unitree_hg__rosidl_typesupport_introspection_c.dir/rosidl_typesupport_introspection_c/unitree_hg/msg/detail/bms_state__type_support.c.o[0m
[8.283s] [ 59%] [32mBuilding C object CMakeFiles/unitree_hg__rosidl_typesupport_introspection_c.dir/rosidl_typesupport_introspection_c/unitree_hg/msg/detail/hand_state__type_support.c.o[0m
[8.283s] [ 61%] [32mBuilding C object CMakeFiles/unitree_hg__rosidl_typesupport_introspection_c.dir/rosidl_typesupport_introspection_c/unitree_hg/msg/detail/hand_cmd__type_support.c.o[0m
[8.284s] [ 61%] [32mBuilding C object CMakeFiles/unitree_hg__rosidl_typesupport_introspection_c.dir/rosidl_typesupport_introspection_c/unitree_hg/msg/detail/bms_cmd__type_support.c.o[0m
[8.287s] [ 62%] [32mBuilding C object CMakeFiles/unitree_hg__rosidl_typesupport_introspection_c.dir/rosidl_typesupport_introspection_c/unitree_hg/msg/detail/low_cmd__type_support.c.o[0m
[8.316s] [ 63%] [32mBuilding C object CMakeFiles/unitree_hg__rosidl_typesupport_introspection_c.dir/rosidl_typesupport_introspection_c/unitree_hg/msg/detail/imu_state__type_support.c.o[0m
[8.361s] [ 64%] [32mBuilding C object CMakeFiles/unitree_hg__rosidl_typesupport_introspection_c.dir/rosidl_typesupport_introspection_c/unitree_hg/msg/detail/low_state__type_support.c.o[0m
[8.368s] [ 65%] [32mBuilding C object CMakeFiles/unitree_hg__rosidl_typesupport_introspection_c.dir/rosidl_typesupport_introspection_c/unitree_hg/msg/detail/main_board_state__type_support.c.o[0m
[8.374s] [ 65%] [32mBuilding C object CMakeFiles/unitree_hg__rosidl_typesupport_introspection_c.dir/rosidl_typesupport_introspection_c/unitree_hg/msg/detail/motor_cmd__type_support.c.o[0m
[8.409s] [ 66%] [32mBuilding C object CMakeFiles/unitree_hg__rosidl_typesupport_introspection_c.dir/rosidl_typesupport_introspection_c/unitree_hg/msg/detail/motor_state__type_support.c.o[0m
[8.466s] [ 67%] [32mBuilding C object CMakeFiles/unitree_hg__rosidl_typesupport_introspection_c.dir/rosidl_typesupport_introspection_c/unitree_hg/msg/detail/press_sensor_state__type_support.c.o[0m
[8.488s] [ 68%] [32m[1mLinking CXX shared library libunitree_hg__rosidl_typesupport_introspection_cpp.so[0m
[8.610s] [ 69%] [32m[1mLinking C shared library libunitree_hg__rosidl_typesupport_introspection_c.so[0m
[8.723s] [ 69%] Built target unitree_hg__rosidl_typesupport_introspection_c
[9.048s] [ 69%] Built target unitree_hg__rosidl_typesupport_introspection_cpp
[9.205s] [ 69%] [32mBuilding CXX object CMakeFiles/unitree_hg__rosidl_typesupport_fastrtps_cpp.dir/rosidl_typesupport_fastrtps_cpp/unitree_hg/msg/detail/dds_fastrtps/hand_cmd__type_support.cpp.o[0m
[9.205s] [ 70%] [32mBuilding CXX object CMakeFiles/unitree_hg__rosidl_typesupport_fastrtps_cpp.dir/rosidl_typesupport_fastrtps_cpp/unitree_hg/msg/detail/dds_fastrtps/bms_cmd__type_support.cpp.o[0m
[9.221s] [ 71%] [32mBuilding CXX object CMakeFiles/unitree_hg__rosidl_typesupport_fastrtps_cpp.dir/rosidl_typesupport_fastrtps_cpp/unitree_hg/msg/detail/dds_fastrtps/bms_state__type_support.cpp.o[0m
[9.228s] [ 72%] [32mBuilding CXX object CMakeFiles/unitree_hg__rosidl_typesupport_fastrtps_cpp.dir/rosidl_typesupport_fastrtps_cpp/unitree_hg/msg/detail/dds_fastrtps/low_state__type_support.cpp.o[0m
[9.228s] [ 73%] [32mBuilding CXX object CMakeFiles/unitree_hg__rosidl_typesupport_fastrtps_cpp.dir/rosidl_typesupport_fastrtps_cpp/unitree_hg/msg/detail/dds_fastrtps/low_cmd__type_support.cpp.o[0m
[9.229s] [ 74%] [32mBuilding CXX object CMakeFiles/unitree_hg__rosidl_typesupport_fastrtps_cpp.dir/rosidl_typesupport_fastrtps_cpp/unitree_hg/msg/detail/dds_fastrtps/motor_cmd__type_support.cpp.o[0m
[9.231s] [ 75%] [32mBuilding CXX object CMakeFiles/unitree_hg__rosidl_typesupport_fastrtps_cpp.dir/rosidl_typesupport_fastrtps_cpp/unitree_hg/msg/detail/dds_fastrtps/motor_state__type_support.cpp.o[0m
[9.231s] [ 76%] [32mBuilding CXX object CMakeFiles/unitree_hg__rosidl_typesupport_fastrtps_cpp.dir/rosidl_typesupport_fastrtps_cpp/unitree_hg/msg/detail/dds_fastrtps/hand_state__type_support.cpp.o[0m
[9.247s] [ 77%] [32mBuilding CXX object CMakeFiles/unitree_hg__rosidl_typesupport_fastrtps_cpp.dir/rosidl_typesupport_fastrtps_cpp/unitree_hg/msg/detail/dds_fastrtps/imu_state__type_support.cpp.o[0m
[9.256s] [ 78%] [32mBuilding CXX object CMakeFiles/unitree_hg__rosidl_typesupport_fastrtps_cpp.dir/rosidl_typesupport_fastrtps_cpp/unitree_hg/msg/detail/dds_fastrtps/press_sensor_state__type_support.cpp.o[0m
[9.277s] [ 79%] [32mBuilding CXX object CMakeFiles/unitree_hg__rosidl_typesupport_fastrtps_cpp.dir/rosidl_typesupport_fastrtps_cpp/unitree_hg/msg/detail/dds_fastrtps/main_board_state__type_support.cpp.o[0m
[9.828s] [ 80%] [32m[1mLinking CXX shared library libunitree_hg__rosidl_typesupport_fastrtps_c.so[0m
[10.354s] [ 80%] Built target unitree_hg__rosidl_typesupport_fastrtps_c
[10.371s] [ 81%] [32m[1mLinking CXX shared library libunitree_hg__rosidl_typesupport_cpp.so[0m
[10.580s] [ 81%] Built target unitree_hg__rosidl_typesupport_cpp
[10.907s] [ 82%] [32m[1mLinking CXX shared library libunitree_hg__rosidl_typesupport_fastrtps_cpp.so[0m
[11.107s] [ 82%] Built target unitree_hg__rosidl_typesupport_fastrtps_cpp
[11.202s] [ 82%] Built target unitree_hg
[11.332s] [ 83%] [34m[1mGenerating Python code for ROS interfaces[0m
[13.889s] [ 83%] Built target unitree_hg__py
[13.923s] [ 84%] [32mBuilding C object CMakeFiles/unitree_hg__rosidl_generator_py.dir/rosidl_generator_py/unitree_hg/msg/_bms_cmd_s.c.o[0m
[13.923s] [ 85%] [32mBuilding C object CMakeFiles/unitree_hg__rosidl_generator_py.dir/rosidl_generator_py/unitree_hg/msg/_bms_state_s.c.o[0m
[13.923s] [ 85%] [32mBuilding C object CMakeFiles/unitree_hg__rosidl_generator_py.dir/rosidl_generator_py/unitree_hg/msg/_hand_cmd_s.c.o[0m
[13.925s] [ 86%] [32mBuilding C object CMakeFiles/unitree_hg__rosidl_generator_py.dir/rosidl_generator_py/unitree_hg/msg/_imu_state_s.c.o[0m
[13.927s] [ 87%] [32mBuilding C object CMakeFiles/unitree_hg__rosidl_generator_py.dir/rosidl_generator_py/unitree_hg/msg/_hand_state_s.c.o[0m
[13.930s] [ 88%] [32mBuilding C object CMakeFiles/unitree_hg__rosidl_generator_py.dir/rosidl_generator_py/unitree_hg/msg/_low_state_s.c.o[0m
[13.930s] [ 89%] [32mBuilding C object CMakeFiles/unitree_hg__rosidl_generator_py.dir/rosidl_generator_py/unitree_hg/msg/_low_cmd_s.c.o[0m
[13.930s] [ 90%] [32mBuilding C object CMakeFiles/unitree_hg__rosidl_generator_py.dir/rosidl_generator_py/unitree_hg/msg/_main_board_state_s.c.o[0m
[13.930s] [ 91%] [32mBuilding C object CMakeFiles/unitree_hg__rosidl_generator_py.dir/rosidl_generator_py/unitree_hg/msg/_press_sensor_state_s.c.o[0m
[13.931s] [ 92%] [32mBuilding C object CMakeFiles/unitree_hg__rosidl_generator_py.dir/rosidl_generator_py/unitree_hg/msg/_motor_cmd_s.c.o[0m
[13.933s] [ 93%] [32mBuilding C object CMakeFiles/unitree_hg__rosidl_generator_py.dir/rosidl_generator_py/unitree_hg/msg/_motor_state_s.c.o[0m
[14.291s] [ 94%] [32m[1mLinking C shared library rosidl_generator_py/unitree_hg/libunitree_hg__rosidl_generator_py.so[0m
[14.371s] [ 94%] Built target unitree_hg__rosidl_generator_py
[14.388s] [ 97%] [32mBuilding C object CMakeFiles/unitree_hg__rosidl_typesupport_c__pyext.dir/rosidl_generator_py/unitree_hg/_unitree_hg_s.ep.rosidl_typesupport_c.c.o[0m
[14.388s] [ 97%] [32mBuilding C object CMakeFiles/unitree_hg__rosidl_typesupport_fastrtps_c__pyext.dir/rosidl_generator_py/unitree_hg/_unitree_hg_s.ep.rosidl_typesupport_fastrtps_c.c.o[0m
[14.388s] [ 97%] [32mBuilding C object CMakeFiles/unitree_hg__rosidl_typesupport_introspection_c__pyext.dir/rosidl_generator_py/unitree_hg/_unitree_hg_s.ep.rosidl_typesupport_introspection_c.c.o[0m
[14.479s] [ 98%] [32m[1mLinking C shared library rosidl_generator_py/unitree_hg/unitree_hg_s__rosidl_typesupport_fastrtps_c.cpython-310-x86_64-linux-gnu.so[0m
[14.512s] [ 98%] Built target unitree_hg__rosidl_typesupport_fastrtps_c__pyext
[14.577s] [100%] [32m[1mLinking C shared library rosidl_generator_py/unitree_hg/unitree_hg_s__rosidl_typesupport_c.cpython-310-x86_64-linux-gnu.so[0m
[14.577s] [100%] [32m[1mLinking C shared library rosidl_generator_py/unitree_hg/unitree_hg_s__rosidl_typesupport_introspection_c.cpython-310-x86_64-linux-gnu.so[0m
[14.610s] [100%] Built target unitree_hg__rosidl_typesupport_c__pyext
[14.613s] [100%] Built target unitree_hg__rosidl_typesupport_introspection_c__pyext
[14.695s] Invoked command in '/home/ruben/go2_deploy/workhop_rl/build/unitree_hg' returned '0': CMAKE_PREFIX_PATH=/opt/ros/humble /usr/bin/cmake --build /home/ruben/go2_deploy/workhop_rl/build/unitree_hg -- -j22 -l22
[14.696s] Invoking command in '/home/ruben/go2_deploy/workhop_rl/build/unitree_hg': CMAKE_PREFIX_PATH=/opt/ros/humble /usr/bin/cmake --install /home/ruben/go2_deploy/workhop_rl/build/unitree_hg
[14.703s] -- Install configuration: ""
[14.703s] -- Installing: /home/ruben/go2_deploy/workhop_rl/install/unitree_hg/share/ament_index/resource_index/rosidl_interfaces/unitree_hg
[14.703s] -- Installing: /home/ruben/go2_deploy/workhop_rl/install/unitree_hg/include/unitree_hg/unitree_hg
[14.703s] -- Installing: /home/ruben/go2_deploy/workhop_rl/install/unitree_hg/include/unitree_hg/unitree_hg/msg
[14.703s] -- Installing: /home/ruben/go2_deploy/workhop_rl/install/unitree_hg/include/unitree_hg/unitree_hg/msg/press_sensor_state.h
[14.703s] -- Installing: /home/ruben/go2_deploy/workhop_rl/install/unitree_hg/include/unitree_hg/unitree_hg/msg/low_cmd.h
[14.703s] -- Installing: /home/ruben/go2_deploy/workhop_rl/install/unitree_hg/include/unitree_hg/unitree_hg/msg/main_board_state.h
[14.703s] -- Installing: /home/ruben/go2_deploy/workhop_rl/install/unitree_hg/include/unitree_hg/unitree_hg/msg/hand_state.h
[14.703s] -- Installing: /home/ruben/go2_deploy/workhop_rl/install/unitree_hg/include/unitree_hg/unitree_hg/msg/low_state.h
[14.704s] -- Installing: /home/ruben/go2_deploy/workhop_rl/install/unitree_hg/include/unitree_hg/unitree_hg/msg/detail
[14.704s] -- Installing: /home/ruben/go2_deploy/workhop_rl/install/unitree_hg/include/unitree_hg/unitree_hg/msg/detail/low_state__struct.h
[14.704s] -- Installing: /home/ruben/go2_deploy/workhop_rl/install/unitree_hg/include/unitree_hg/unitree_hg/msg/detail/motor_cmd__type_support.h
[14.704s] -- Installing: /home/ruben/go2_deploy/workhop_rl/install/unitree_hg/include/unitree_hg/unitree_hg/msg/detail/main_board_state__struct.h
[14.704s] -- Installing: /home/ruben/go2_deploy/workhop_rl/install/unitree_hg/include/unitree_hg/unitree_hg/msg/detail/main_board_state__functions.h
[14.704s] -- Installing: /home/ruben/go2_deploy/workhop_rl/install/unitree_hg/include/unitree_hg/unitree_hg/msg/detail/low_cmd__functions.c
[14.704s] -- Installing: /home/ruben/go2_deploy/workhop_rl/install/unitree_hg/include/unitree_hg/unitree_hg/msg/detail/low_cmd__struct.h
[14.704s] -- Installing: /home/ruben/go2_deploy/workhop_rl/install/unitree_hg/include/unitree_hg/unitree_hg/msg/detail/motor_cmd__struct.h
[14.704s] -- Installing: /home/ruben/go2_deploy/workhop_rl/install/unitree_hg/include/unitree_hg/unitree_hg/msg/detail/hand_cmd__functions.h
[14.704s] -- Installing: /home/ruben/go2_deploy/workhop_rl/install/unitree_hg/include/unitree_hg/unitree_hg/msg/detail/imu_state__struct.h
[14.704s] -- Installing: /home/ruben/go2_deploy/workhop_rl/install/unitree_hg/include/unitree_hg/unitree_hg/msg/detail/bms_cmd__functions.h
[14.704s] -- Installing: /home/ruben/go2_deploy/workhop_rl/install/unitree_hg/include/unitree_hg/unitree_hg/msg/detail/hand_state__functions.c
[14.704s] -- Installing: /home/ruben/go2_deploy/workhop_rl/install/unitree_hg/include/unitree_hg/unitree_hg/msg/detail/motor_state__functions.h
[14.704s] -- Installing: /home/ruben/go2_deploy/workhop_rl/install/unitree_hg/include/unitree_hg/unitree_hg/msg/detail/hand_cmd__struct.h
[14.704s] -- Installing: /home/ruben/go2_deploy/workhop_rl/install/unitree_hg/include/unitree_hg/unitree_hg/msg/detail/hand_state__functions.h
[14.704s] -- Installing: /home/ruben/go2_deploy/workhop_rl/install/unitree_hg/include/unitree_hg/unitree_hg/msg/detail/main_board_state__type_support.h
[14.704s] -- Installing: /home/ruben/go2_deploy/workhop_rl/install/unitree_hg/include/unitree_hg/unitree_hg/msg/detail/low_state__functions.h
[14.704s] -- Installing: /home/ruben/go2_deploy/workhop_rl/install/unitree_hg/include/unitree_hg/unitree_hg/msg/detail/hand_state__struct.h
[14.704s] -- Installing: /home/ruben/go2_deploy/workhop_rl/install/unitree_hg/include/unitree_hg/unitree_hg/msg/detail/press_sensor_state__struct.h
[14.704s] -- Installing: /home/ruben/go2_deploy/workhop_rl/install/unitree_hg/include/unitree_hg/unitree_hg/msg/detail/low_state__functions.c
[14.705s] -- Installing: /home/ruben/go2_deploy/workhop_rl/install/unitree_hg/include/unitree_hg/unitree_hg/msg/detail/bms_cmd__functions.c
[14.705s] -- Installing: /home/ruben/go2_deploy/workhop_rl/install/unitree_hg/include/unitree_hg/unitree_hg/msg/detail/low_cmd__functions.h
[14.705s] -- Installing: /home/ruben/go2_deploy/workhop_rl/install/unitree_hg/include/unitree_hg/unitree_hg/msg/detail/imu_state__functions.h
[14.705s] -- Installing: /home/ruben/go2_deploy/workhop_rl/install/unitree_hg/include/unitree_hg/unitree_hg/msg/detail/bms_state__type_support.h
[14.705s] -- Installing: /home/ruben/go2_deploy/workhop_rl/install/unitree_hg/include/unitree_hg/unitree_hg/msg/detail/imu_state__type_support.h
[14.705s] -- Installing: /home/ruben/go2_deploy/workhop_rl/install/unitree_hg/include/unitree_hg/unitree_hg/msg/detail/motor_cmd__functions.c
[14.705s] -- Installing: /home/ruben/go2_deploy/workhop_rl/install/unitree_hg/include/unitree_hg/unitree_hg/msg/detail/low_cmd__type_support.h
[14.705s] -- Installing: /home/ruben/go2_deploy/workhop_rl/install/unitree_hg/include/unitree_hg/unitree_hg/msg/detail/bms_cmd__struct.h
[14.705s] -- Installing: /home/ruben/go2_deploy/workhop_rl/install/unitree_hg/include/unitree_hg/unitree_hg/msg/detail/motor_cmd__functions.h
[14.705s] -- Installing: /home/ruben/go2_deploy/workhop_rl/install/unitree_hg/include/unitree_hg/unitree_hg/msg/detail/imu_state__functions.c
[14.705s] -- Installing: /home/ruben/go2_deploy/workhop_rl/install/unitree_hg/include/unitree_hg/unitree_hg/msg/detail/motor_state__functions.c
[14.705s] -- Installing: /home/ruben/go2_deploy/workhop_rl/install/unitree_hg/include/unitree_hg/unitree_hg/msg/detail/bms_state__functions.h
[14.705s] -- Installing: /home/ruben/go2_deploy/workhop_rl/install/unitree_hg/include/unitree_hg/unitree_hg/msg/detail/motor_state__struct.h
[14.705s] -- Installing: /home/ruben/go2_deploy/workhop_rl/install/unitree_hg/include/unitree_hg/unitree_hg/msg/detail/main_board_state__functions.c
[14.705s] -- Installing: /home/ruben/go2_deploy/workhop_rl/install/unitree_hg/include/unitree_hg/unitree_hg/msg/detail/press_sensor_state__type_support.h
[14.705s] -- Installing: /home/ruben/go2_deploy/workhop_rl/install/unitree_hg/include/unitree_hg/unitree_hg/msg/detail/bms_state__struct.h
[14.705s] -- Installing: /home/ruben/go2_deploy/workhop_rl/install/unitree_hg/include/unitree_hg/unitree_hg/msg/detail/press_sensor_state__functions.c
[14.706s] -- Installing: /home/ruben/go2_deploy/workhop_rl/install/unitree_hg/include/unitree_hg/unitree_hg/msg/detail/hand_state__type_support.h
[14.706s] -- Installing: /home/ruben/go2_deploy/workhop_rl/install/unitree_hg/include/unitree_hg/unitree_hg/msg/detail/bms_cmd__type_support.h
[14.706s] -- Installing: /home/ruben/go2_deploy/workhop_rl/install/unitree_hg/include/unitree_hg/unitree_hg/msg/detail/bms_state__functions.c
[14.706s] -- Installing: /home/ruben/go2_deploy/workhop_rl/install/unitree_hg/include/unitree_hg/unitree_hg/msg/detail/motor_state__type_support.h
[14.706s] -- Installing: /home/ruben/go2_deploy/workhop_rl/install/unitree_hg/include/unitree_hg/unitree_hg/msg/detail/hand_cmd__type_support.h
[14.706s] -- Installing: /home/ruben/go2_deploy/workhop_rl/install/unitree_hg/include/unitree_hg/unitree_hg/msg/detail/hand_cmd__functions.c
[14.706s] -- Installing: /home/ruben/go2_deploy/workhop_rl/install/unitree_hg/include/unitree_hg/unitree_hg/msg/detail/press_sensor_state__functions.h
[14.706s] -- Installing: /home/ruben/go2_deploy/workhop_rl/install/unitree_hg/include/unitree_hg/unitree_hg/msg/detail/low_state__type_support.h
[14.706s] -- Installing: /home/ruben/go2_deploy/workhop_rl/install/unitree_hg/include/unitree_hg/unitree_hg/msg/hand_cmd.h
[14.706s] -- Installing: /home/ruben/go2_deploy/workhop_rl/install/unitree_hg/include/unitree_hg/unitree_hg/msg/imu_state.h
[14.706s] -- Installing: /home/ruben/go2_deploy/workhop_rl/install/unitree_hg/include/unitree_hg/unitree_hg/msg/bms_state.h
[14.706s] -- Installing: /home/ruben/go2_deploy/workhop_rl/install/unitree_hg/include/unitree_hg/unitree_hg/msg/rosidl_generator_c__visibility_control.h
[14.706s] -- Installing: /home/ruben/go2_deploy/workhop_rl/install/unitree_hg/include/unitree_hg/unitree_hg/msg/motor_state.h
[14.706s] -- Installing: /home/ruben/go2_deploy/workhop_rl/install/unitree_hg/include/unitree_hg/unitree_hg/msg/bms_cmd.h
[14.706s] -- Installing: /home/ruben/go2_deploy/workhop_rl/install/unitree_hg/include/unitree_hg/unitree_hg/msg/motor_cmd.h
[14.706s] -- Installing: /home/ruben/go2_deploy/workhop_rl/install/unitree_hg/share/unitree_hg/environment/library_path.sh
[14.706s] -- Installing: /home/ruben/go2_deploy/workhop_rl/install/unitree_hg/share/unitree_hg/environment/library_path.dsv
[14.706s] -- Installing: /home/ruben/go2_deploy/workhop_rl/install/unitree_hg/lib/libunitree_hg__rosidl_generator_c.so
[14.706s] -- Set runtime path of "/home/ruben/go2_deploy/workhop_rl/install/unitree_hg/lib/libunitree_hg__rosidl_generator_c.so" to ""
[14.706s] -- Up-to-date: /home/ruben/go2_deploy/workhop_rl/install/unitree_hg/include/unitree_hg/unitree_hg
[14.707s] -- Up-to-date: /home/ruben/go2_deploy/workhop_rl/install/unitree_hg/include/unitree_hg/unitree_hg/msg
[14.707s] -- Up-to-date: /home/ruben/go2_deploy/workhop_rl/install/unitree_hg/include/unitree_hg/unitree_hg/msg/detail
[14.707s] -- Installing: /home/ruben/go2_deploy/workhop_rl/install/unitree_hg/include/unitree_hg/unitree_hg/msg/detail/main_board_state__rosidl_typesupport_fastrtps_c.h
[14.707s] -- Installing: /home/ruben/go2_deploy/workhop_rl/install/unitree_hg/include/unitree_hg/unitree_hg/msg/detail/imu_state__rosidl_typesupport_fastrtps_c.h
[14.707s] -- Installing: /home/ruben/go2_deploy/workhop_rl/install/unitree_hg/include/unitree_hg/unitree_hg/msg/detail/hand_cmd__rosidl_typesupport_fastrtps_c.h
[14.707s] -- Installing: /home/ruben/go2_deploy/workhop_rl/install/unitree_hg/include/unitree_hg/unitree_hg/msg/detail/hand_state__rosidl_typesupport_fastrtps_c.h
[14.707s] -- Installing: /home/ruben/go2_deploy/workhop_rl/install/unitree_hg/include/unitree_hg/unitree_hg/msg/detail/low_cmd__rosidl_typesupport_fastrtps_c.h
[14.707s] -- Installing: /home/ruben/go2_deploy/workhop_rl/install/unitree_hg/include/unitree_hg/unitree_hg/msg/detail/motor_cmd__rosidl_typesupport_fastrtps_c.h
[14.707s] -- Installing: /home/ruben/go2_deploy/workhop_rl/install/unitree_hg/include/unitree_hg/unitree_hg/msg/detail/bms_cmd__rosidl_typesupport_fastrtps_c.h
[14.707s] -- Installing: /home/ruben/go2_deploy/workhop_rl/install/unitree_hg/include/unitree_hg/unitree_hg/msg/detail/motor_state__rosidl_typesupport_fastrtps_c.h
[14.707s] -- Installing: /home/ruben/go2_deploy/workhop_rl/install/unitree_hg/include/unitree_hg/unitree_hg/msg/detail/low_state__rosidl_typesupport_fastrtps_c.h
[14.707s] -- Installing: /home/ruben/go2_deploy/workhop_rl/install/unitree_hg/include/unitree_hg/unitree_hg/msg/detail/bms_state__rosidl_typesupport_fastrtps_c.h
[14.707s] -- Installing: /home/ruben/go2_deploy/workhop_rl/install/unitree_hg/include/unitree_hg/unitree_hg/msg/detail/press_sensor_state__rosidl_typesupport_fastrtps_c.h
[14.707s] -- Installing: /home/ruben/go2_deploy/workhop_rl/install/unitree_hg/include/unitree_hg/unitree_hg/msg/rosidl_typesupport_fastrtps_c__visibility_control.h
[14.707s] -- Installing: /home/ruben/go2_deploy/workhop_rl/install/unitree_hg/lib/libunitree_hg__rosidl_typesupport_fastrtps_c.so
[14.708s] -- Set runtime path of "/home/ruben/go2_deploy/workhop_rl/install/unitree_hg/lib/libunitree_hg__rosidl_typesupport_fastrtps_c.so" to ""
[14.708s] -- Up-to-date: /home/ruben/go2_deploy/workhop_rl/install/unitree_hg/include/unitree_hg/unitree_hg
[14.708s] -- Up-to-date: /home/ruben/go2_deploy/workhop_rl/install/unitree_hg/include/unitree_hg/unitree_hg/msg
[14.708s] -- Installing: /home/ruben/go2_deploy/workhop_rl/install/unitree_hg/include/unitree_hg/unitree_hg/msg/imu_state.hpp
[14.708s] -- Installing: /home/ruben/go2_deploy/workhop_rl/install/unitree_hg/include/unitree_hg/unitree_hg/msg/main_board_state.hpp
[14.708s] -- Installing: /home/ruben/go2_deploy/workhop_rl/install/unitree_hg/include/unitree_hg/unitree_hg/msg/bms_state.hpp
[14.708s] -- Installing: /home/ruben/go2_deploy/workhop_rl/install/unitree_hg/include/unitree_hg/unitree_hg/msg/hand_cmd.hpp
[14.708s] -- Installing: /home/ruben/go2_deploy/workhop_rl/install/unitree_hg/include/unitree_hg/unitree_hg/msg/press_sensor_state.hpp
[14.708s] -- Installing: /home/ruben/go2_deploy/workhop_rl/install/unitree_hg/include/unitree_hg/unitree_hg/msg/motor_cmd.hpp
[14.708s] -- Up-to-date: /home/ruben/go2_deploy/workhop_rl/install/unitree_hg/include/unitree_hg/unitree_hg/msg/detail
[14.708s] -- Installing: /home/ruben/go2_deploy/workhop_rl/install/unitree_hg/include/unitree_hg/unitree_hg/msg/detail/bms_state__builder.hpp
[14.708s] -- Installing: /home/ruben/go2_deploy/workhop_rl/install/unitree_hg/include/unitree_hg/unitree_hg/msg/detail/bms_cmd__traits.hpp
[14.708s] -- Installing: /home/ruben/go2_deploy/workhop_rl/install/unitree_hg/include/unitree_hg/unitree_hg/msg/detail/bms_cmd__builder.hpp
[14.708s] -- Installing: /home/ruben/go2_deploy/workhop_rl/install/unitree_hg/include/unitree_hg/unitree_hg/msg/detail/press_sensor_state__struct.hpp
[14.708s] -- Installing: /home/ruben/go2_deploy/workhop_rl/install/unitree_hg/include/unitree_hg/unitree_hg/msg/detail/main_board_state__struct.hpp
[14.709s] -- Installing: /home/ruben/go2_deploy/workhop_rl/install/unitree_hg/include/unitree_hg/unitree_hg/msg/detail/motor_cmd__type_support.hpp
[14.709s] -- Installing: /home/ruben/go2_deploy/workhop_rl/install/unitree_hg/include/unitree_hg/unitree_hg/msg/detail/low_state__type_support.hpp
[14.709s] -- Installing: /home/ruben/go2_deploy/workhop_rl/install/unitree_hg/include/unitree_hg/unitree_hg/msg/detail/imu_state__traits.hpp
[14.709s] -- Installing: /home/ruben/go2_deploy/workhop_rl/install/unitree_hg/include/unitree_hg/unitree_hg/msg/detail/hand_state__struct.hpp
[14.709s] -- Installing: /home/ruben/go2_deploy/workhop_rl/install/unitree_hg/include/unitree_hg/unitree_hg/msg/detail/low_state__traits.hpp
[14.709s] -- Installing: /home/ruben/go2_deploy/workhop_rl/install/unitree_hg/include/unitree_hg/unitree_hg/msg/detail/motor_cmd__traits.hpp
[14.709s] -- Installing: /home/ruben/go2_deploy/workhop_rl/install/unitree_hg/include/unitree_hg/unitree_hg/msg/detail/imu_state__struct.hpp
[14.709s] -- Installing: /home/ruben/go2_deploy/workhop_rl/install/unitree_hg/include/unitree_hg/unitree_hg/msg/detail/motor_state__struct.hpp
[14.709s] -- Installing: /home/ruben/go2_deploy/workhop_rl/install/unitree_hg/include/unitree_hg/unitree_hg/msg/detail/main_board_state__type_support.hpp
[14.709s] -- Installing: /home/ruben/go2_deploy/workhop_rl/install/unitree_hg/include/unitree_hg/unitree_hg/msg/detail/bms_cmd__type_support.hpp
[14.709s] -- Installing: /home/ruben/go2_deploy/workhop_rl/install/unitree_hg/include/unitree_hg/unitree_hg/msg/detail/hand_cmd__builder.hpp
[14.709s] -- Installing: /home/ruben/go2_deploy/workhop_rl/install/unitree_hg/include/unitree_hg/unitree_hg/msg/detail/bms_state__type_support.hpp
[14.709s] -- Installing: /home/ruben/go2_deploy/workhop_rl/install/unitree_hg/include/unitree_hg/unitree_hg/msg/detail/motor_cmd__struct.hpp
[14.709s] -- Installing: /home/ruben/go2_deploy/workhop_rl/install/unitree_hg/include/unitree_hg/unitree_hg/msg/detail/motor_state__type_support.hpp
[14.710s] -- Installing: /home/ruben/go2_deploy/workhop_rl/install/unitree_hg/include/unitree_hg/unitree_hg/msg/detail/press_sensor_state__type_support.hpp
[14.710s] -- Installing: /home/ruben/go2_deploy/workhop_rl/install/unitree_hg/include/unitree_hg/unitree_hg/msg/detail/hand_cmd__traits.hpp
[14.710s] -- Installing: /home/ruben/go2_deploy/workhop_rl/install/unitree_hg/include/unitree_hg/unitree_hg/msg/detail/hand_cmd__struct.hpp
[14.710s] -- Installing: /home/ruben/go2_deploy/workhop_rl/install/unitree_hg/include/unitree_hg/unitree_hg/msg/detail/low_cmd__builder.hpp
[14.710s] -- Installing: /home/ruben/go2_deploy/workhop_rl/install/unitree_hg/include/unitree_hg/unitree_hg/msg/detail/low_cmd__type_support.hpp
[14.710s] -- Installing: /home/ruben/go2_deploy/workhop_rl/install/unitree_hg/include/unitree_hg/unitree_hg/msg/detail/press_sensor_state__traits.hpp
[14.710s] -- Installing: /home/ruben/go2_deploy/workhop_rl/install/unitree_hg/include/unitree_hg/unitree_hg/msg/detail/hand_state__builder.hpp
[14.710s] -- Installing: /home/ruben/go2_deploy/workhop_rl/install/unitree_hg/include/unitree_hg/unitree_hg/msg/detail/imu_state__builder.hpp
[14.710s] -- Installing: /home/ruben/go2_deploy/workhop_rl/install/unitree_hg/include/unitree_hg/unitree_hg/msg/detail/hand_state__type_support.hpp
[14.710s] -- Installing: /home/ruben/go2_deploy/workhop_rl/install/unitree_hg/include/unitree_hg/unitree_hg/msg/detail/main_board_state__traits.hpp
[14.710s] -- Installing: /home/ruben/go2_deploy/workhop_rl/install/unitree_hg/include/unitree_hg/unitree_hg/msg/detail/imu_state__type_support.hpp
[14.710s] -- Installing: /home/ruben/go2_deploy/workhop_rl/install/unitree_hg/include/unitree_hg/unitree_hg/msg/detail/hand_cmd__type_support.hpp
[14.710s] -- Installing: /home/ruben/go2_deploy/workhop_rl/install/unitree_hg/include/unitree_hg/unitree_hg/msg/detail/main_board_state__builder.hpp
[14.710s] -- Installing: /home/ruben/go2_deploy/workhop_rl/install/unitree_hg/include/unitree_hg/unitree_hg/msg/detail/bms_state__traits.hpp
[14.711s] -- Installing: /home/ruben/go2_deploy/workhop_rl/install/unitree_hg/include/unitree_hg/unitree_hg/msg/detail/bms_state__struct.hpp
[14.711s] -- Installing: /home/ruben/go2_deploy/workhop_rl/install/unitree_hg/include/unitree_hg/unitree_hg/msg/detail/hand_state__traits.hpp
[14.711s] -- Installing: /home/ruben/go2_deploy/workhop_rl/install/unitree_hg/include/unitree_hg/unitree_hg/msg/detail/bms_cmd__struct.hpp
[14.711s] -- Installing: /home/ruben/go2_deploy/workhop_rl/install/unitree_hg/include/unitree_hg/unitree_hg/msg/detail/motor_cmd__builder.hpp
[14.711s] -- Installing: /home/ruben/go2_deploy/workhop_rl/install/unitree_hg/include/unitree_hg/unitree_hg/msg/detail/low_state__struct.hpp
[14.711s] -- Installing: /home/ruben/go2_deploy/workhop_rl/install/unitree_hg/include/unitree_hg/unitree_hg/msg/detail/low_cmd__struct.hpp
[14.711s] -- Installing: /home/ruben/go2_deploy/workhop_rl/install/unitree_hg/include/unitree_hg/unitree_hg/msg/detail/press_sensor_state__builder.hpp
[14.711s] -- Installing: /home/ruben/go2_deploy/workhop_rl/install/unitree_hg/include/unitree_hg/unitree_hg/msg/detail/low_cmd__traits.hpp
[14.711s] -- Installing: /home/ruben/go2_deploy/workhop_rl/install/unitree_hg/include/unitree_hg/unitree_hg/msg/detail/motor_state__builder.hpp
[14.711s] -- Installing: /home/ruben/go2_deploy/workhop_rl/install/unitree_hg/include/unitree_hg/unitree_hg/msg/detail/low_state__builder.hpp
[14.711s] -- Installing: /home/ruben/go2_deploy/workhop_rl/install/unitree_hg/include/unitree_hg/unitree_hg/msg/detail/motor_state__traits.hpp
[14.711s] -- Installing: /home/ruben/go2_deploy/workhop_rl/install/unitree_hg/include/unitree_hg/unitree_hg/msg/hand_state.hpp
[14.711s] -- Installing: /home/ruben/go2_deploy/workhop_rl/install/unitree_hg/include/unitree_hg/unitree_hg/msg/motor_state.hpp
[14.712s] -- Installing: /home/ruben/go2_deploy/workhop_rl/install/unitree_hg/include/unitree_hg/unitree_hg/msg/bms_cmd.hpp
[14.712s] -- Installing: /home/ruben/go2_deploy/workhop_rl/install/unitree_hg/include/unitree_hg/unitree_hg/msg/rosidl_generator_cpp__visibility_control.hpp
[14.712s] -- Installing: /home/ruben/go2_deploy/workhop_rl/install/unitree_hg/include/unitree_hg/unitree_hg/msg/low_state.hpp
[14.712s] -- Installing: /home/ruben/go2_deploy/workhop_rl/install/unitree_hg/include/unitree_hg/unitree_hg/msg/low_cmd.hpp
[14.712s] -- Up-to-date: /home/ruben/go2_deploy/workhop_rl/install/unitree_hg/include/unitree_hg/unitree_hg
[14.712s] -- Up-to-date: /home/ruben/go2_deploy/workhop_rl/install/unitree_hg/include/unitree_hg/unitree_hg/msg
[14.712s] -- Up-to-date: /home/ruben/go2_deploy/workhop_rl/install/unitree_hg/include/unitree_hg/unitree_hg/msg/detail
[14.712s] -- Installing: /home/ruben/go2_deploy/workhop_rl/install/unitree_hg/include/unitree_hg/unitree_hg/msg/detail/motor_state__rosidl_typesupport_fastrtps_cpp.hpp
[14.712s] -- Installing: /home/ruben/go2_deploy/workhop_rl/install/unitree_hg/include/unitree_hg/unitree_hg/msg/detail/motor_cmd__rosidl_typesupport_fastrtps_cpp.hpp
[14.712s] -- Installing: /home/ruben/go2_deploy/workhop_rl/install/unitree_hg/include/unitree_hg/unitree_hg/msg/detail/hand_cmd__rosidl_typesupport_fastrtps_cpp.hpp
[14.712s] -- Installing: /home/ruben/go2_deploy/workhop_rl/install/unitree_hg/include/unitree_hg/unitree_hg/msg/detail/bms_cmd__rosidl_typesupport_fastrtps_cpp.hpp
[14.712s] -- Installing: /home/ruben/go2_deploy/workhop_rl/install/unitree_hg/include/unitree_hg/unitree_hg/msg/detail/low_cmd__rosidl_typesupport_fastrtps_cpp.hpp
[14.712s] -- Installing: /home/ruben/go2_deploy/workhop_rl/install/unitree_hg/include/unitree_hg/unitree_hg/msg/detail/press_sensor_state__rosidl_typesupport_fastrtps_cpp.hpp
[14.712s] -- Installing: /home/ruben/go2_deploy/workhop_rl/install/unitree_hg/include/unitree_hg/unitree_hg/msg/detail/low_state__rosidl_typesupport_fastrtps_cpp.hpp
[14.713s] -- Installing: /home/ruben/go2_deploy/workhop_rl/install/unitree_hg/include/unitree_hg/unitree_hg/msg/detail/hand_state__rosidl_typesupport_fastrtps_cpp.hpp
[14.713s] -- Installing: /home/ruben/go2_deploy/workhop_rl/install/unitree_hg/include/unitree_hg/unitree_hg/msg/detail/main_board_state__rosidl_typesupport_fastrtps_cpp.hpp
[14.713s] -- Installing: /home/ruben/go2_deploy/workhop_rl/install/unitree_hg/include/unitree_hg/unitree_hg/msg/detail/dds_fastrtps
[14.713s] -- Installing: /home/ruben/go2_deploy/workhop_rl/install/unitree_hg/include/unitree_hg/unitree_hg/msg/detail/bms_state__rosidl_typesupport_fastrtps_cpp.hpp
[14.713s] -- Installing: /home/ruben/go2_deploy/workhop_rl/install/unitree_hg/include/unitree_hg/unitree_hg/msg/detail/imu_state__rosidl_typesupport_fastrtps_cpp.hpp
[14.713s] -- Installing: /home/ruben/go2_deploy/workhop_rl/install/unitree_hg/include/unitree_hg/unitree_hg/msg/rosidl_typesupport_fastrtps_cpp__visibility_control.h
[14.713s] -- Installing: /home/ruben/go2_deploy/workhop_rl/install/unitree_hg/lib/libunitree_hg__rosidl_typesupport_fastrtps_cpp.so
[14.714s] -- Set runtime path of "/home/ruben/go2_deploy/workhop_rl/install/unitree_hg/lib/libunitree_hg__rosidl_typesupport_fastrtps_cpp.so" to ""
[14.714s] -- Up-to-date: /home/ruben/go2_deploy/workhop_rl/install/unitree_hg/include/unitree_hg/unitree_hg
[14.714s] -- Up-to-date: /home/ruben/go2_deploy/workhop_rl/install/unitree_hg/include/unitree_hg/unitree_hg/msg
[14.714s] -- Up-to-date: /home/ruben/go2_deploy/workhop_rl/install/unitree_hg/include/unitree_hg/unitree_hg/msg/detail
[14.714s] -- Installing: /home/ruben/go2_deploy/workhop_rl/install/unitree_hg/include/unitree_hg/unitree_hg/msg/detail/motor_state__type_support.c
[14.714s] -- Installing: /home/ruben/go2_deploy/workhop_rl/install/unitree_hg/include/unitree_hg/unitree_hg/msg/detail/low_state__type_support.c
[14.714s] -- Installing: /home/ruben/go2_deploy/workhop_rl/install/unitree_hg/include/unitree_hg/unitree_hg/msg/detail/motor_cmd__rosidl_typesupport_introspection_c.h
[14.714s] -- Installing: /home/ruben/go2_deploy/workhop_rl/install/unitree_hg/include/unitree_hg/unitree_hg/msg/detail/low_state__rosidl_typesupport_introspection_c.h
[14.714s] -- Installing: /home/ruben/go2_deploy/workhop_rl/install/unitree_hg/include/unitree_hg/unitree_hg/msg/detail/bms_state__rosidl_typesupport_introspection_c.h
[14.714s] -- Installing: /home/ruben/go2_deploy/workhop_rl/install/unitree_hg/include/unitree_hg/unitree_hg/msg/detail/bms_cmd__rosidl_typesupport_introspection_c.h
[14.714s] -- Installing: /home/ruben/go2_deploy/workhop_rl/install/unitree_hg/include/unitree_hg/unitree_hg/msg/detail/low_cmd__type_support.c
[14.714s] -- Installing: /home/ruben/go2_deploy/workhop_rl/install/unitree_hg/include/unitree_hg/unitree_hg/msg/detail/imu_state__type_support.c
[14.714s] -- Installing: /home/ruben/go2_deploy/workhop_rl/install/unitree_hg/include/unitree_hg/unitree_hg/msg/detail/bms_cmd__type_support.c
[14.714s] -- Installing: /home/ruben/go2_deploy/workhop_rl/install/unitree_hg/include/unitree_hg/unitree_hg/msg/detail/motor_state__rosidl_typesupport_introspection_c.h
[14.715s] -- Installing: /home/ruben/go2_deploy/workhop_rl/install/unitree_hg/include/unitree_hg/unitree_hg/msg/detail/hand_cmd__type_support.c
[14.715s] -- Installing: /home/ruben/go2_deploy/workhop_rl/install/unitree_hg/include/unitree_hg/unitree_hg/msg/detail/bms_state__type_support.c
[14.715s] -- Installing: /home/ruben/go2_deploy/workhop_rl/install/unitree_hg/include/unitree_hg/unitree_hg/msg/detail/imu_state__rosidl_typesupport_introspection_c.h
[14.715s] -- Installing: /home/ruben/go2_deploy/workhop_rl/install/unitree_hg/include/unitree_hg/unitree_hg/msg/detail/press_sensor_state__type_support.c
[14.715s] -- Installing: /home/ruben/go2_deploy/workhop_rl/install/unitree_hg/include/unitree_hg/unitree_hg/msg/detail/motor_cmd__type_support.c
[14.715s] -- Installing: /home/ruben/go2_deploy/workhop_rl/install/unitree_hg/include/unitree_hg/unitree_hg/msg/detail/hand_state__rosidl_typesupport_introspection_c.h
[14.715s] -- Installing: /home/ruben/go2_deploy/workhop_rl/install/unitree_hg/include/unitree_hg/unitree_hg/msg/detail/main_board_state__rosidl_typesupport_introspection_c.h
[14.715s] -- Installing: /home/ruben/go2_deploy/workhop_rl/install/unitree_hg/include/unitree_hg/unitree_hg/msg/detail/low_cmd__rosidl_typesupport_introspection_c.h
[14.715s] -- Installing: /home/ruben/go2_deploy/workhop_rl/install/unitree_hg/include/unitree_hg/unitree_hg/msg/detail/hand_cmd__rosidl_typesupport_introspection_c.h
[14.715s] -- Installing: /home/ruben/go2_deploy/workhop_rl/install/unitree_hg/include/unitree_hg/unitree_hg/msg/detail/hand_state__type_support.c
[14.715s] -- Installing: /home/ruben/go2_deploy/workhop_rl/install/unitree_hg/include/unitree_hg/unitree_hg/msg/detail/press_sensor_state__rosidl_typesupport_introspection_c.h
[14.715s] -- Installing: /home/ruben/go2_deploy/workhop_rl/install/unitree_hg/include/unitree_hg/unitree_hg/msg/detail/main_board_state__type_support.c
[14.715s] -- Installing: /home/ruben/go2_deploy/workhop_rl/install/unitree_hg/include/unitree_hg/unitree_hg/msg/rosidl_typesupport_introspection_c__visibility_control.h
[14.716s] -- Installing: /home/ruben/go2_deploy/workhop_rl/install/unitree_hg/lib/libunitree_hg__rosidl_typesupport_introspection_c.so
[14.716s] -- Set runtime path of "/home/ruben/go2_deploy/workhop_rl/install/unitree_hg/lib/libunitree_hg__rosidl_typesupport_introspection_c.so" to ""
[14.716s] -- Installing: /home/ruben/go2_deploy/workhop_rl/install/unitree_hg/lib/libunitree_hg__rosidl_typesupport_c.so
[14.716s] -- Set runtime path of "/home/ruben/go2_deploy/workhop_rl/install/unitree_hg/lib/libunitree_hg__rosidl_typesupport_c.so" to ""
[14.716s] -- Up-to-date: /home/ruben/go2_deploy/workhop_rl/install/unitree_hg/include/unitree_hg/unitree_hg
[14.716s] -- Up-to-date: /home/ruben/go2_deploy/workhop_rl/install/unitree_hg/include/unitree_hg/unitree_hg/msg
[14.716s] -- Up-to-date: /home/ruben/go2_deploy/workhop_rl/install/unitree_hg/include/unitree_hg/unitree_hg/msg/detail
[14.716s] -- Installing: /home/ruben/go2_deploy/workhop_rl/install/unitree_hg/include/unitree_hg/unitree_hg/msg/detail/main_board_state__type_support.cpp
[14.717s] -- Installing: /home/ruben/go2_deploy/workhop_rl/install/unitree_hg/include/unitree_hg/unitree_hg/msg/detail/hand_cmd__rosidl_typesupport_introspection_cpp.hpp
[14.717s] -- Installing: /home/ruben/go2_deploy/workhop_rl/install/unitree_hg/include/unitree_hg/unitree_hg/msg/detail/hand_state__rosidl_typesupport_introspection_cpp.hpp
[14.717s] -- Installing: /home/ruben/go2_deploy/workhop_rl/install/unitree_hg/include/unitree_hg/unitree_hg/msg/detail/bms_cmd__rosidl_typesupport_introspection_cpp.hpp
[14.717s] -- Installing: /home/ruben/go2_deploy/workhop_rl/install/unitree_hg/include/unitree_hg/unitree_hg/msg/detail/low_cmd__type_support.cpp
[14.717s] -- Installing: /home/ruben/go2_deploy/workhop_rl/install/unitree_hg/include/unitree_hg/unitree_hg/msg/detail/hand_cmd__type_support.cpp
[14.717s] -- Installing: /home/ruben/go2_deploy/workhop_rl/install/unitree_hg/include/unitree_hg/unitree_hg/msg/detail/bms_state__rosidl_typesupport_introspection_cpp.hpp
[14.717s] -- Installing: /home/ruben/go2_deploy/workhop_rl/install/unitree_hg/include/unitree_hg/unitree_hg/msg/detail/motor_cmd__type_support.cpp
[14.717s] -- Installing: /home/ruben/go2_deploy/workhop_rl/install/unitree_hg/include/unitree_hg/unitree_hg/msg/detail/bms_state__type_support.cpp
[14.717s] -- Installing: /home/ruben/go2_deploy/workhop_rl/install/unitree_hg/include/unitree_hg/unitree_hg/msg/detail/motor_cmd__rosidl_typesupport_introspection_cpp.hpp
[14.717s] -- Installing: /home/ruben/go2_deploy/workhop_rl/install/unitree_hg/include/unitree_hg/unitree_hg/msg/detail/main_board_state__rosidl_typesupport_introspection_cpp.hpp
[14.717s] -- Installing: /home/ruben/go2_deploy/workhop_rl/install/unitree_hg/include/unitree_hg/unitree_hg/msg/detail/motor_state__rosidl_typesupport_introspection_cpp.hpp
[14.717s] -- Installing: /home/ruben/go2_deploy/workhop_rl/install/unitree_hg/include/unitree_hg/unitree_hg/msg/detail/imu_state__rosidl_typesupport_introspection_cpp.hpp
[14.717s] -- Installing: /home/ruben/go2_deploy/workhop_rl/install/unitree_hg/include/unitree_hg/unitree_hg/msg/detail/bms_cmd__type_support.cpp
[14.718s] -- Installing: /home/ruben/go2_deploy/workhop_rl/install/unitree_hg/include/unitree_hg/unitree_hg/msg/detail/press_sensor_state__rosidl_typesupport_introspection_cpp.hpp
[14.718s] -- Installing: /home/ruben/go2_deploy/workhop_rl/install/unitree_hg/include/unitree_hg/unitree_hg/msg/detail/low_state__type_support.cpp
[14.718s] -- Installing: /home/ruben/go2_deploy/workhop_rl/install/unitree_hg/include/unitree_hg/unitree_hg/msg/detail/press_sensor_state__type_support.cpp
[14.718s] -- Installing: /home/ruben/go2_deploy/workhop_rl/install/unitree_hg/include/unitree_hg/unitree_hg/msg/detail/hand_state__type_support.cpp
[14.718s] -- Installing: /home/ruben/go2_deploy/workhop_rl/install/unitree_hg/include/unitree_hg/unitree_hg/msg/detail/motor_state__type_support.cpp
[14.718s] -- Installing: /home/ruben/go2_deploy/workhop_rl/install/unitree_hg/include/unitree_hg/unitree_hg/msg/detail/imu_state__type_support.cpp
[14.718s] -- Installing: /home/ruben/go2_deploy/workhop_rl/install/unitree_hg/include/unitree_hg/unitree_hg/msg/detail/low_cmd__rosidl_typesupport_introspection_cpp.hpp
[14.718s] -- Installing: /home/ruben/go2_deploy/workhop_rl/install/unitree_hg/include/unitree_hg/unitree_hg/msg/detail/low_state__rosidl_typesupport_introspection_cpp.hpp
[14.718s] -- Installing: /home/ruben/go2_deploy/workhop_rl/install/unitree_hg/lib/libunitree_hg__rosidl_typesupport_introspection_cpp.so
[14.719s] -- Set runtime path of "/home/ruben/go2_deploy/workhop_rl/install/unitree_hg/lib/libunitree_hg__rosidl_typesupport_introspection_cpp.so" to ""
[14.719s] -- Installing: /home/ruben/go2_deploy/workhop_rl/install/unitree_hg/lib/libunitree_hg__rosidl_typesupport_cpp.so
[14.719s] -- Set runtime path of "/home/ruben/go2_deploy/workhop_rl/install/unitree_hg/lib/libunitree_hg__rosidl_typesupport_cpp.so" to ""
[14.719s] -- Installing: /home/ruben/go2_deploy/workhop_rl/install/unitree_hg/share/unitree_hg/environment/pythonpath.sh
[14.719s] -- Installing: /home/ruben/go2_deploy/workhop_rl/install/unitree_hg/share/unitree_hg/environment/pythonpath.dsv
[14.719s] -- Installing: /home/ruben/go2_deploy/workhop_rl/install/unitree_hg/local/lib/python3.10/dist-packages/unitree_hg-0.0.0-py3.10.egg-info
[14.719s] -- Installing: /home/ruben/go2_deploy/workhop_rl/install/unitree_hg/local/lib/python3.10/dist-packages/unitree_hg-0.0.0-py3.10.egg-info/SOURCES.txt
[14.720s] -- Installing: /home/ruben/go2_deploy/workhop_rl/install/unitree_hg/local/lib/python3.10/dist-packages/unitree_hg-0.0.0-py3.10.egg-info/PKG-INFO
[14.720s] -- Installing: /home/ruben/go2_deploy/workhop_rl/install/unitree_hg/local/lib/python3.10/dist-packages/unitree_hg-0.0.0-py3.10.egg-info/top_level.txt
[14.720s] -- Installing: /home/ruben/go2_deploy/workhop_rl/install/unitree_hg/local/lib/python3.10/dist-packages/unitree_hg-0.0.0-py3.10.egg-info/dependency_links.txt
[14.720s] -- Installing: /home/ruben/go2_deploy/workhop_rl/install/unitree_hg/local/lib/python3.10/dist-packages/unitree_hg
[14.720s] -- Installing: /home/ruben/go2_deploy/workhop_rl/install/unitree_hg/local/lib/python3.10/dist-packages/unitree_hg/unitree_hg_s__rosidl_typesupport_c.cpython-310-x86_64-linux-gnu.so
[14.720s] -- Installing: /home/ruben/go2_deploy/workhop_rl/install/unitree_hg/local/lib/python3.10/dist-packages/unitree_hg/__init__.py
[14.720s] -- Installing: /home/ruben/go2_deploy/workhop_rl/install/unitree_hg/local/lib/python3.10/dist-packages/unitree_hg/_unitree_hg_s.ep.rosidl_typesupport_fastrtps_c.c
[14.720s] -- Installing: /home/ruben/go2_deploy/workhop_rl/install/unitree_hg/local/lib/python3.10/dist-packages/unitree_hg/libunitree_hg__rosidl_generator_py.so
[14.720s] -- Installing: /home/ruben/go2_deploy/workhop_rl/install/unitree_hg/local/lib/python3.10/dist-packages/unitree_hg/_unitree_hg_s.ep.rosidl_typesupport_introspection_c.c
[14.721s] -- Installing: /home/ruben/go2_deploy/workhop_rl/install/unitree_hg/local/lib/python3.10/dist-packages/unitree_hg/unitree_hg_s__rosidl_typesupport_introspection_c.cpython-310-x86_64-linux-gnu.so
[14.721s] -- Installing: /home/ruben/go2_deploy/workhop_rl/install/unitree_hg/local/lib/python3.10/dist-packages/unitree_hg/msg
[14.721s] -- Installing: /home/ruben/go2_deploy/workhop_rl/install/unitree_hg/local/lib/python3.10/dist-packages/unitree_hg/msg/_low_cmd.py
[14.721s] -- Installing: /home/ruben/go2_deploy/workhop_rl/install/unitree_hg/local/lib/python3.10/dist-packages/unitree_hg/msg/_low_state.py
[14.721s] -- Installing: /home/ruben/go2_deploy/workhop_rl/install/unitree_hg/local/lib/python3.10/dist-packages/unitree_hg/msg/_motor_state_s.c
[14.721s] -- Installing: /home/ruben/go2_deploy/workhop_rl/install/unitree_hg/local/lib/python3.10/dist-packages/unitree_hg/msg/_press_sensor_state.py
[14.721s] -- Installing: /home/ruben/go2_deploy/workhop_rl/install/unitree_hg/local/lib/python3.10/dist-packages/unitree_hg/msg/_motor_state.py
[14.721s] -- Installing: /home/ruben/go2_deploy/workhop_rl/install/unitree_hg/local/lib/python3.10/dist-packages/unitree_hg/msg/_press_sensor_state_s.c
[14.721s] -- Installing: /home/ruben/go2_deploy/workhop_rl/install/unitree_hg/local/lib/python3.10/dist-packages/unitree_hg/msg/_main_board_state.py
[14.721s] -- Installing: /home/ruben/go2_deploy/workhop_rl/install/unitree_hg/local/lib/python3.10/dist-packages/unitree_hg/msg/__init__.py
[14.721s] -- Installing: /home/ruben/go2_deploy/workhop_rl/install/unitree_hg/local/lib/python3.10/dist-packages/unitree_hg/msg/_motor_cmd_s.c
[14.721s] -- Installing: /home/ruben/go2_deploy/workhop_rl/install/unitree_hg/local/lib/python3.10/dist-packages/unitree_hg/msg/_low_state_s.c
[14.721s] -- Installing: /home/ruben/go2_deploy/workhop_rl/install/unitree_hg/local/lib/python3.10/dist-packages/unitree_hg/msg/_imu_state.py
[14.721s] -- Installing: /home/ruben/go2_deploy/workhop_rl/install/unitree_hg/local/lib/python3.10/dist-packages/unitree_hg/msg/_imu_state_s.c
[14.722s] -- Installing: /home/ruben/go2_deploy/workhop_rl/install/unitree_hg/local/lib/python3.10/dist-packages/unitree_hg/msg/_motor_cmd.py
[14.722s] -- Installing: /home/ruben/go2_deploy/workhop_rl/install/unitree_hg/local/lib/python3.10/dist-packages/unitree_hg/msg/_main_board_state_s.c
[14.722s] -- Installing: /home/ruben/go2_deploy/workhop_rl/install/unitree_hg/local/lib/python3.10/dist-packages/unitree_hg/msg/_hand_state.py
[14.722s] -- Installing: /home/ruben/go2_deploy/workhop_rl/install/unitree_hg/local/lib/python3.10/dist-packages/unitree_hg/msg/_hand_state_s.c
[14.722s] -- Installing: /home/ruben/go2_deploy/workhop_rl/install/unitree_hg/local/lib/python3.10/dist-packages/unitree_hg/msg/_bms_cmd_s.c
[14.722s] -- Installing: /home/ruben/go2_deploy/workhop_rl/install/unitree_hg/local/lib/python3.10/dist-packages/unitree_hg/msg/_low_cmd_s.c
[14.722s] -- Installing: /home/ruben/go2_deploy/workhop_rl/install/unitree_hg/local/lib/python3.10/dist-packages/unitree_hg/msg/_hand_cmd.py
[14.722s] -- Installing: /home/ruben/go2_deploy/workhop_rl/install/unitree_hg/local/lib/python3.10/dist-packages/unitree_hg/msg/_bms_cmd.py
[14.722s] -- Installing: /home/ruben/go2_deploy/workhop_rl/install/unitree_hg/local/lib/python3.10/dist-packages/unitree_hg/msg/_hand_cmd_s.c
[14.722s] -- Installing: /home/ruben/go2_deploy/workhop_rl/install/unitree_hg/local/lib/python3.10/dist-packages/unitree_hg/msg/_bms_state.py
[14.722s] -- Installing: /home/ruben/go2_deploy/workhop_rl/install/unitree_hg/local/lib/python3.10/dist-packages/unitree_hg/msg/_bms_state_s.c
[14.722s] -- Installing: /home/ruben/go2_deploy/workhop_rl/install/unitree_hg/local/lib/python3.10/dist-packages/unitree_hg/_unitree_hg_s.ep.rosidl_typesupport_c.c
[14.723s] -- Installing: /home/ruben/go2_deploy/workhop_rl/install/unitree_hg/local/lib/python3.10/dist-packages/unitree_hg/unitree_hg_s__rosidl_typesupport_fastrtps_c.cpython-310-x86_64-linux-gnu.so
[14.783s] Listing '/home/ruben/go2_deploy/workhop_rl/install/unitree_hg/local/lib/python3.10/dist-packages/unitree_hg'...
[14.783s] Compiling '/home/ruben/go2_deploy/workhop_rl/install/unitree_hg/local/lib/python3.10/dist-packages/unitree_hg/__init__.py'...
[14.783s] Listing '/home/ruben/go2_deploy/workhop_rl/install/unitree_hg/local/lib/python3.10/dist-packages/unitree_hg/msg'...
[14.783s] Compiling '/home/ruben/go2_deploy/workhop_rl/install/unitree_hg/local/lib/python3.10/dist-packages/unitree_hg/msg/__init__.py'...
[14.783s] Compiling '/home/ruben/go2_deploy/workhop_rl/install/unitree_hg/local/lib/python3.10/dist-packages/unitree_hg/msg/_bms_cmd.py'...
[14.783s] Compiling '/home/ruben/go2_deploy/workhop_rl/install/unitree_hg/local/lib/python3.10/dist-packages/unitree_hg/msg/_bms_state.py'...
[14.783s] Compiling '/home/ruben/go2_deploy/workhop_rl/install/unitree_hg/local/lib/python3.10/dist-packages/unitree_hg/msg/_hand_cmd.py'...
[14.783s] Compiling '/home/ruben/go2_deploy/workhop_rl/install/unitree_hg/local/lib/python3.10/dist-packages/unitree_hg/msg/_hand_state.py'...
[14.783s] Compiling '/home/ruben/go2_deploy/workhop_rl/install/unitree_hg/local/lib/python3.10/dist-packages/unitree_hg/msg/_imu_state.py'...
[14.783s] Compiling '/home/ruben/go2_deploy/workhop_rl/install/unitree_hg/local/lib/python3.10/dist-packages/unitree_hg/msg/_low_cmd.py'...
[14.783s] Compiling '/home/ruben/go2_deploy/workhop_rl/install/unitree_hg/local/lib/python3.10/dist-packages/unitree_hg/msg/_low_state.py'...
[14.783s] Compiling '/home/ruben/go2_deploy/workhop_rl/install/unitree_hg/local/lib/python3.10/dist-packages/unitree_hg/msg/_main_board_state.py'...
[14.783s] Compiling '/home/ruben/go2_deploy/workhop_rl/install/unitree_hg/local/lib/python3.10/dist-packages/unitree_hg/msg/_motor_cmd.py'...
[14.783s] Compiling '/home/ruben/go2_deploy/workhop_rl/install/unitree_hg/local/lib/python3.10/dist-packages/unitree_hg/msg/_motor_state.py'...
[14.783s] Compiling '/home/ruben/go2_deploy/workhop_rl/install/unitree_hg/local/lib/python3.10/dist-packages/unitree_hg/msg/_press_sensor_state.py'...
[14.789s] -- Installing: /home/ruben/go2_deploy/workhop_rl/install/unitree_hg/local/lib/python3.10/dist-packages/unitree_hg/unitree_hg_s__rosidl_typesupport_fastrtps_c.cpython-310-x86_64-linux-gnu.so
[14.789s] -- Set runtime path of "/home/ruben/go2_deploy/workhop_rl/install/unitree_hg/local/lib/python3.10/dist-packages/unitree_hg/unitree_hg_s__rosidl_typesupport_fastrtps_c.cpython-310-x86_64-linux-gnu.so" to ""
[14.789s] -- Installing: /home/ruben/go2_deploy/workhop_rl/install/unitree_hg/local/lib/python3.10/dist-packages/unitree_hg/unitree_hg_s__rosidl_typesupport_introspection_c.cpython-310-x86_64-linux-gnu.so
[14.790s] -- Set runtime path of "/home/ruben/go2_deploy/workhop_rl/install/unitree_hg/local/lib/python3.10/dist-packages/unitree_hg/unitree_hg_s__rosidl_typesupport_introspection_c.cpython-310-x86_64-linux-gnu.so" to ""
[14.790s] -- Installing: /home/ruben/go2_deploy/workhop_rl/install/unitree_hg/local/lib/python3.10/dist-packages/unitree_hg/unitree_hg_s__rosidl_typesupport_c.cpython-310-x86_64-linux-gnu.so
[14.790s] -- Set runtime path of "/home/ruben/go2_deploy/workhop_rl/install/unitree_hg/local/lib/python3.10/dist-packages/unitree_hg/unitree_hg_s__rosidl_typesupport_c.cpython-310-x86_64-linux-gnu.so" to ""
[14.791s] -- Installing: /home/ruben/go2_deploy/workhop_rl/install/unitree_hg/lib/libunitree_hg__rosidl_generator_py.so
[14.791s] -- Set runtime path of "/home/ruben/go2_deploy/workhop_rl/install/unitree_hg/lib/libunitree_hg__rosidl_generator_py.so" to ""
[14.791s] -- Installing: /home/ruben/go2_deploy/workhop_rl/install/unitree_hg/share/unitree_hg/msg/BmsCmd.idl
[14.791s] -- Installing: /home/ruben/go2_deploy/workhop_rl/install/unitree_hg/share/unitree_hg/msg/BmsState.idl
[14.791s] -- Installing: /home/ruben/go2_deploy/workhop_rl/install/unitree_hg/share/unitree_hg/msg/HandCmd.idl
[14.792s] -- Installing: /home/ruben/go2_deploy/workhop_rl/install/unitree_hg/share/unitree_hg/msg/HandState.idl
[14.792s] -- Installing: /home/ruben/go2_deploy/workhop_rl/install/unitree_hg/share/unitree_hg/msg/IMUState.idl
[14.792s] -- Installing: /home/ruben/go2_deploy/workhop_rl/install/unitree_hg/share/unitree_hg/msg/LowCmd.idl
[14.792s] -- Installing: /home/ruben/go2_deploy/workhop_rl/install/unitree_hg/share/unitree_hg/msg/LowState.idl
[14.792s] -- Installing: /home/ruben/go2_deploy/workhop_rl/install/unitree_hg/share/unitree_hg/msg/MainBoardState.idl
[14.792s] -- Installing: /home/ruben/go2_deploy/workhop_rl/install/unitree_hg/share/unitree_hg/msg/MotorCmd.idl
[14.792s] -- Installing: /home/ruben/go2_deploy/workhop_rl/install/unitree_hg/share/unitree_hg/msg/MotorState.idl
[14.792s] -- Installing: /home/ruben/go2_deploy/workhop_rl/install/unitree_hg/share/unitree_hg/msg/PressSensorState.idl
[14.793s] -- Installing: /home/ruben/go2_deploy/workhop_rl/install/unitree_hg/share/unitree_hg/msg/BmsCmd.msg
[14.793s] -- Installing: /home/ruben/go2_deploy/workhop_rl/install/unitree_hg/share/unitree_hg/msg/BmsState.msg
[14.793s] -- Installing: /home/ruben/go2_deploy/workhop_rl/install/unitree_hg/share/unitree_hg/msg/HandCmd.msg
[14.793s] -- Installing: /home/ruben/go2_deploy/workhop_rl/install/unitree_hg/share/unitree_hg/msg/HandState.msg
[14.793s] -- Installing: /home/ruben/go2_deploy/workhop_rl/install/unitree_hg/share/unitree_hg/msg/IMUState.msg
[14.793s] -- Installing: /home/ruben/go2_deploy/workhop_rl/install/unitree_hg/share/unitree_hg/msg/LowCmd.msg
[14.793s] -- Installing: /home/ruben/go2_deploy/workhop_rl/install/unitree_hg/share/unitree_hg/msg/LowState.msg
[14.794s] -- Installing: /home/ruben/go2_deploy/workhop_rl/install/unitree_hg/share/unitree_hg/msg/MainBoardState.msg
[14.794s] -- Installing: /home/ruben/go2_deploy/workhop_rl/install/unitree_hg/share/unitree_hg/msg/MotorCmd.msg
[14.794s] -- Installing: /home/ruben/go2_deploy/workhop_rl/install/unitree_hg/share/unitree_hg/msg/MotorState.msg
[14.794s] -- Installing: /home/ruben/go2_deploy/workhop_rl/install/unitree_hg/share/unitree_hg/msg/PressSensorState.msg
[14.794s] -- Installing: /home/ruben/go2_deploy/workhop_rl/install/unitree_hg/share/unitree_hg/msg/dds_connext
[14.794s] -- Installing: /home/ruben/go2_deploy/workhop_rl/install/unitree_hg/share/unitree_hg/msg/dds_connext/HandCmd_.idl
[14.794s] -- Installing: /home/ruben/go2_deploy/workhop_rl/install/unitree_hg/share/unitree_hg/msg/dds_connext/HandState_.idl
[14.794s] -- Installing: /home/ruben/go2_deploy/workhop_rl/install/unitree_hg/share/unitree_hg/msg/dds_connext/LowCmd_.idl
[14.794s] -- Installing: /home/ruben/go2_deploy/workhop_rl/install/unitree_hg/share/unitree_hg/msg/dds_connext/BmsState_.idl
[14.794s] -- Installing: /home/ruben/go2_deploy/workhop_rl/install/unitree_hg/share/unitree_hg/msg/dds_connext/MotorCmd_.idl
[14.795s] -- Installing: /home/ruben/go2_deploy/workhop_rl/install/unitree_hg/share/unitree_hg/msg/dds_connext/LowState_.idl
[14.795s] -- Installing: /home/ruben/go2_deploy/workhop_rl/install/unitree_hg/share/unitree_hg/msg/dds_connext/MotorState_.idl
[14.795s] -- Installing: /home/ruben/go2_deploy/workhop_rl/install/unitree_hg/share/unitree_hg/msg/dds_connext/MainBoardState_.idl
[14.795s] -- Installing: /home/ruben/go2_deploy/workhop_rl/install/unitree_hg/share/unitree_hg/msg/dds_connext/PressSensorState_.idl
[14.795s] -- Installing: /home/ruben/go2_deploy/workhop_rl/install/unitree_hg/share/unitree_hg/msg/dds_connext/IMUState_.idl
[14.795s] -- Installing: /home/ruben/go2_deploy/workhop_rl/install/unitree_hg/share/unitree_hg/msg/dds_connext/BmsCmd_.idl
[14.795s] -- Installing: /home/ruben/go2_deploy/workhop_rl/install/unitree_hg/share/ament_index/resource_index/package_run_dependencies/unitree_hg
[14.795s] -- Installing: /home/ruben/go2_deploy/workhop_rl/install/unitree_hg/share/ament_index/resource_index/parent_prefix_path/unitree_hg
[14.795s] -- Installing: /home/ruben/go2_deploy/workhop_rl/install/unitree_hg/share/unitree_hg/environment/ament_prefix_path.sh
[14.795s] -- Installing: /home/ruben/go2_deploy/workhop_rl/install/unitree_hg/share/unitree_hg/environment/ament_prefix_path.dsv
[14.796s] -- Installing: /home/ruben/go2_deploy/workhop_rl/install/unitree_hg/share/unitree_hg/environment/path.sh
[14.796s] -- Installing: /home/ruben/go2_deploy/workhop_rl/install/unitree_hg/share/unitree_hg/environment/path.dsv
[14.796s] -- Installing: /home/ruben/go2_deploy/workhop_rl/install/unitree_hg/share/unitree_hg/local_setup.bash
[14.796s] -- Installing: /home/ruben/go2_deploy/workhop_rl/install/unitree_hg/share/unitree_hg/local_setup.sh
[14.796s] -- Installing: /home/ruben/go2_deploy/workhop_rl/install/unitree_hg/share/unitree_hg/local_setup.zsh
[14.796s] -- Installing: /home/ruben/go2_deploy/workhop_rl/install/unitree_hg/share/unitree_hg/local_setup.dsv
[14.796s] -- Installing: /home/ruben/go2_deploy/workhop_rl/install/unitree_hg/share/unitree_hg/package.dsv
[14.796s] -- Installing: /home/ruben/go2_deploy/workhop_rl/install/unitree_hg/share/ament_index/resource_index/packages/unitree_hg
[14.797s] -- Installing: /home/ruben/go2_deploy/workhop_rl/install/unitree_hg/share/unitree_hg/cmake/export_unitree_hg__rosidl_generator_cExport.cmake
[14.797s] -- Installing: /home/ruben/go2_deploy/workhop_rl/install/unitree_hg/share/unitree_hg/cmake/export_unitree_hg__rosidl_generator_cExport-noconfig.cmake
[14.797s] -- Installing: /home/ruben/go2_deploy/workhop_rl/install/unitree_hg/share/unitree_hg/cmake/export_unitree_hg__rosidl_typesupport_fastrtps_cExport.cmake
[14.797s] -- Installing: /home/ruben/go2_deploy/workhop_rl/install/unitree_hg/share/unitree_hg/cmake/export_unitree_hg__rosidl_typesupport_fastrtps_cExport-noconfig.cmake
[14.797s] -- Installing: /home/ruben/go2_deploy/workhop_rl/install/unitree_hg/share/unitree_hg/cmake/export_unitree_hg__rosidl_generator_cppExport.cmake
[14.797s] -- Installing: /home/ruben/go2_deploy/workhop_rl/install/unitree_hg/share/unitree_hg/cmake/export_unitree_hg__rosidl_typesupport_fastrtps_cppExport.cmake
[14.797s] -- Installing: /home/ruben/go2_deploy/workhop_rl/install/unitree_hg/share/unitree_hg/cmake/export_unitree_hg__rosidl_typesupport_fastrtps_cppExport-noconfig.cmake
[14.798s] -- Installing: /home/ruben/go2_deploy/workhop_rl/install/unitree_hg/share/unitree_hg/cmake/unitree_hg__rosidl_typesupport_introspection_cExport.cmake
[14.798s] -- Installing: /home/ruben/go2_deploy/workhop_rl/install/unitree_hg/share/unitree_hg/cmake/unitree_hg__rosidl_typesupport_introspection_cExport-noconfig.cmake
[14.798s] -- Installing: /home/ruben/go2_deploy/workhop_rl/install/unitree_hg/share/unitree_hg/cmake/unitree_hg__rosidl_typesupport_cExport.cmake
[14.798s] -- Installing: /home/ruben/go2_deploy/workhop_rl/install/unitree_hg/share/unitree_hg/cmake/unitree_hg__rosidl_typesupport_cExport-noconfig.cmake
[14.798s] -- Installing: /home/ruben/go2_deploy/workhop_rl/install/unitree_hg/share/unitree_hg/cmake/unitree_hg__rosidl_typesupport_introspection_cppExport.cmake
[14.798s] -- Installing: /home/ruben/go2_deploy/workhop_rl/install/unitree_hg/share/unitree_hg/cmake/unitree_hg__rosidl_typesupport_introspection_cppExport-noconfig.cmake
[14.798s] -- Installing: /home/ruben/go2_deploy/workhop_rl/install/unitree_hg/share/unitree_hg/cmake/unitree_hg__rosidl_typesupport_cppExport.cmake
[14.798s] -- Installing: /home/ruben/go2_deploy/workhop_rl/install/unitree_hg/share/unitree_hg/cmake/unitree_hg__rosidl_typesupport_cppExport-noconfig.cmake
[14.799s] -- Installing: /home/ruben/go2_deploy/workhop_rl/install/unitree_hg/share/unitree_hg/cmake/export_unitree_hg__rosidl_generator_pyExport.cmake
[14.799s] -- Installing: /home/ruben/go2_deploy/workhop_rl/install/unitree_hg/share/unitree_hg/cmake/export_unitree_hg__rosidl_generator_pyExport-noconfig.cmake
[14.799s] -- Installing: /home/ruben/go2_deploy/workhop_rl/install/unitree_hg/share/unitree_hg/cmake/rosidl_cmake-extras.cmake
[14.799s] -- Installing: /home/ruben/go2_deploy/workhop_rl/install/unitree_hg/share/unitree_hg/cmake/ament_cmake_export_dependencies-extras.cmake
[14.799s] -- Installing: /home/ruben/go2_deploy/workhop_rl/install/unitree_hg/share/unitree_hg/cmake/ament_cmake_export_include_directories-extras.cmake
[14.799s] -- Installing: /home/ruben/go2_deploy/workhop_rl/install/unitree_hg/share/unitree_hg/cmake/ament_cmake_export_libraries-extras.cmake
[14.799s] -- Installing: /home/ruben/go2_deploy/workhop_rl/install/unitree_hg/share/unitree_hg/cmake/ament_cmake_export_targets-extras.cmake
[14.799s] -- Installing: /home/ruben/go2_deploy/workhop_rl/install/unitree_hg/share/unitree_hg/cmake/rosidl_cmake_export_typesupport_targets-extras.cmake
[14.799s] -- Installing: /home/ruben/go2_deploy/workhop_rl/install/unitree_hg/share/unitree_hg/cmake/rosidl_cmake_export_typesupport_libraries-extras.cmake
[14.800s] -- Installing: /home/ruben/go2_deploy/workhop_rl/install/unitree_hg/share/unitree_hg/cmake/unitree_hgConfig.cmake
[14.800s] -- Installing: /home/ruben/go2_deploy/workhop_rl/install/unitree_hg/share/unitree_hg/cmake/unitree_hgConfig-version.cmake
[14.800s] -- Installing: /home/ruben/go2_deploy/workhop_rl/install/unitree_hg/share/unitree_hg/package.xml
[14.803s] Invoked command in '/home/ruben/go2_deploy/workhop_rl/build/unitree_hg' returned '0': CMAKE_PREFIX_PATH=/opt/ros/humble /usr/bin/cmake --install /home/ruben/go2_deploy/workhop_rl/build/unitree_hg
