-- Found ament_cmake: 1.3.12 (/opt/ros/humble/share/ament_cmake/cmake)
-- Found rclcpp: 16.0.17 (/opt/ros/humble/share/rclcpp/cmake)
-- Found rosidl_generator_c: 3.1.8 (/opt/ros/humble/share/rosidl_generator_c/cmake)
-- Found rosidl_adapter: 3.1.8 (/opt/ros/humble/share/rosidl_adapter/cmake)
-- Found rosidl_generator_cpp: 3.1.8 (/opt/ros/humble/share/rosidl_generator_cpp/cmake)
-- Using all available rosidl_typesupport_c: rosidl_typesupport_fastrtps_c;rosidl_typesupport_introspection_c
-- Using all available rosidl_typesupport_cpp: rosidl_typesupport_fastrtps_cpp;rosidl_typesupport_introspection_cpp
-- Found rmw_implementation_cmake: 6.1.2 (/opt/ros/humble/share/rmw_implementation_cmake/cmake)
-- Found rmw_fastrtps_cpp: 6.2.9 (/opt/ros/humble/share/rmw_fastrtps_cpp/cmake)
-- Using RMW implementation 'rmw_fastrtps_cpp' as default
-- Found ros2_unitree_legged_msgs: 0.4.0 (/ws/install/ros2_unitree_legged_msgs/share/ros2_unitree_legged_msgs/cmake)
-- Found geometry_msgs: 4.9.0 (/opt/ros/humble/share/geometry_msgs/cmake)
-- Found nav_msgs: 4.9.0 (/opt/ros/humble/share/nav_msgs/cmake)
-- Found Torch: /ws/libtorch/lib/libtorch.so  
-- Configuring done
-- Generating done
-- Build files have been written to: /ws/build/unitree_rl_controller
[ 33%] [32mBuilding CXX object CMakeFiles/unitree_rl_controller.dir/src/observation_buffer.cpp.o[0m
[ 66%] [32mBuilding CXX object CMakeFiles/unitree_rl_controller.dir/src/rl_agent.cpp.o[0m
[100%] [32m[1mLinking CXX shared library libunitree_rl_controller.so[0m
[100%] Built target unitree_rl_controller
-- Install configuration: ""
-- Installing: /ws/install/unitree_rl_controller/share/unitree_rl_controller/environment/library_path.sh
-- Installing: /ws/install/unitree_rl_controller/share/unitree_rl_controller/environment/library_path.dsv
-- Installing: /ws/install/unitree_rl_controller/lib/libunitree_rl_controller.so
-- Set runtime path of "/ws/install/unitree_rl_controller/lib/libunitree_rl_controller.so" to ""
-- Installing: /ws/install/unitree_rl_controller/include
-- Installing: /ws/install/unitree_rl_controller/include/observation_buffer.hpp
-- Installing: /ws/install/unitree_rl_controller/include/rl_agent.h
-- Installing: /ws/install/unitree_rl_controller/share/ament_index/resource_index/package_run_dependencies/unitree_rl_controller
-- Installing: /ws/install/unitree_rl_controller/share/ament_index/resource_index/parent_prefix_path/unitree_rl_controller
-- Installing: /ws/install/unitree_rl_controller/share/unitree_rl_controller/environment/ament_prefix_path.sh
-- Installing: /ws/install/unitree_rl_controller/share/unitree_rl_controller/environment/ament_prefix_path.dsv
-- Installing: /ws/install/unitree_rl_controller/share/unitree_rl_controller/environment/path.sh
-- Installing: /ws/install/unitree_rl_controller/share/unitree_rl_controller/environment/path.dsv
-- Installing: /ws/install/unitree_rl_controller/share/unitree_rl_controller/local_setup.bash
-- Installing: /ws/install/unitree_rl_controller/share/unitree_rl_controller/local_setup.sh
-- Installing: /ws/install/unitree_rl_controller/share/unitree_rl_controller/local_setup.zsh
-- Installing: /ws/install/unitree_rl_controller/share/unitree_rl_controller/local_setup.dsv
-- Installing: /ws/install/unitree_rl_controller/share/unitree_rl_controller/package.dsv
-- Installing: /ws/install/unitree_rl_controller/share/ament_index/resource_index/packages/unitree_rl_controller
-- Installing: /ws/install/unitree_rl_controller/share/unitree_rl_controller/cmake/ament_cmake_export_dependencies-extras.cmake
-- Installing: /ws/install/unitree_rl_controller/share/unitree_rl_controller/cmake/ament_cmake_export_include_directories-extras.cmake
-- Installing: /ws/install/unitree_rl_controller/share/unitree_rl_controller/cmake/ament_cmake_export_libraries-extras.cmake
-- Installing: /ws/install/unitree_rl_controller/share/unitree_rl_controller/cmake/unitree_rl_controllerConfig.cmake
-- Installing: /ws/install/unitree_rl_controller/share/unitree_rl_controller/cmake/unitree_rl_controllerConfig-version.cmake
-- Installing: /ws/install/unitree_rl_controller/share/unitree_rl_controller/package.xml
