[0.053s] Invoking command in '/ws/build/unitree_api': CMAKE_PREFIX_PATH=/opt/ros/humble /usr/bin/cmake /ws/src/unitree_ros2/cyclonedds_ws/src/unitree/unitree_api -DCMAKE_INSTALL_PREFIX=/ws/install/unitree_api
[0.275s] -- The C compiler identification is GNU 11.4.0
[0.484s] -- The CXX compiler identification is GNU 11.4.0
[0.505s] -- Detecting C compiler ABI info
[0.764s] -- Detecting C compiler ABI info - done
[0.782s] -- Check for working C compiler: /usr/bin/cc - skipped
[0.785s] -- Detecting C compile features
[0.786s] -- Detecting C compile features - done
[0.801s] -- Detecting CXX compiler ABI info
[1.034s] -- Detecting CXX compiler ABI info - done
[1.047s] -- Check for working CXX compiler: /usr/bin/c++ - skipped
[1.048s] -- Detecting CXX compile features
[1.049s] -- Detecting CXX compile features - done
[1.055s] -- Found ament_cmake: 1.3.12 (/opt/ros/humble/share/ament_cmake/cmake)
[1.561s] -- Found Python3: /usr/bin/python3 (found version "3.10.12") found components: Interpreter 
[2.006s] -- Found geometry_msgs: 4.9.0 (/opt/ros/humble/share/geometry_msgs/cmake)
[2.108s] -- Found rosidl_generator_c: 3.1.8 (/opt/ros/humble/share/rosidl_generator_c/cmake)
[2.115s] -- Found rosidl_adapter: 3.1.8 (/opt/ros/humble/share/rosidl_adapter/cmake)
[2.135s] -- Found rosidl_generator_cpp: 3.1.8 (/opt/ros/humble/share/rosidl_generator_cpp/cmake)
[2.173s] -- Using all available rosidl_typesupport_c: rosidl_typesupport_fastrtps_c;rosidl_typesupport_introspection_c
[2.213s] -- Using all available rosidl_typesupport_cpp: rosidl_typesupport_fastrtps_cpp;rosidl_typesupport_introspection_cpp
[2.325s] -- Found rosidl_default_generators: 1.2.0 (/opt/ros/humble/share/rosidl_default_generators/cmake)
[2.359s] -- Found rosidl_generator_dds_idl: 0.8.1 (/opt/ros/humble/share/rosidl_generator_dds_idl/cmake)
[4.289s] -- Found ament_cmake_ros: 0.10.0 (/opt/ros/humble/share/ament_cmake_ros/cmake)
[5.347s] -- Using all available rosidl_typesupport_c: rosidl_typesupport_fastrtps_c;rosidl_typesupport_introspection_c
[5.750s] -- Using all available rosidl_typesupport_cpp: rosidl_typesupport_fastrtps_cpp;rosidl_typesupport_introspection_cpp
[5.874s] -- Found PythonInterp: /usr/bin/python3 (found suitable version "3.10.12", minimum required is "3.6") 
[5.877s] -- Found python_cmake_module: 0.10.0 (/opt/ros/humble/share/python_cmake_module/cmake)
[5.934s] -- Found PythonLibs: /usr/lib/aarch64-linux-gnu/libpython3.10.so (found suitable version "3.10.12", minimum required is "3.5") 
[5.934s] -- Using PYTHON_EXECUTABLE: /usr/bin/python3
[5.934s] -- Using PYTHON_INCLUDE_DIRS: /usr/include/python3.10
[5.934s] -- Using PYTHON_LIBRARIES: /usr/lib/aarch64-linux-gnu/libpython3.10.so
[5.973s] -- Found PythonExtra: .so  
[6.723s] -- Found ament_lint_auto: 0.12.14 (/opt/ros/humble/share/ament_lint_auto/cmake)
[7.136s] -- Added test 'copyright' to check source files copyright and LICENSE
[7.157s] -- Added test 'lint_cmake' to check CMake code style
[7.174s] -- Added test 'xmllint' to check XML markup files
[7.217s] -- Configuring done
[7.581s] -- Generating done
[7.703s] -- Build files have been written to: /ws/build/unitree_api
[7.807s] Invoked command in '/ws/build/unitree_api' returned '0': CMAKE_PREFIX_PATH=/opt/ros/humble /usr/bin/cmake /ws/src/unitree_ros2/cyclonedds_ws/src/unitree/unitree_api -DCMAKE_INSTALL_PREFIX=/ws/install/unitree_api
[7.808s] Invoking command in '/ws/build/unitree_api': CMAKE_PREFIX_PATH=/opt/ros/humble /usr/bin/cmake --build /ws/build/unitree_api -- -j4 -l4
[8.059s] [  1%] [34m[1mGenerating C code for ROS interfaces[0m
[8.136s] [  2%] [34m[1mGenerating C++ code for ROS interfaces[0m
[8.188s] [  3%] [34m[1mGenerating DDS interfaces[0m
[8.208s] [  3%] Built target ament_cmake_python_copy_unitree_api
[10.299s] running egg_info
[10.310s] creating unitree_api.egg-info
[10.314s] writing unitree_api.egg-info/PKG-INFO
[10.326s] writing dependency_links to unitree_api.egg-info/dependency_links.txt
[10.327s] writing top-level names to unitree_api.egg-info/top_level.txt
[10.327s] writing manifest file 'unitree_api.egg-info/SOURCES.txt'
[10.341s] reading manifest file 'unitree_api.egg-info/SOURCES.txt'
[10.354s] writing manifest file 'unitree_api.egg-info/SOURCES.txt'
[10.827s] [  3%] Built target ament_cmake_python_build_unitree_api_egg
[11.758s] [  3%] Built target unitree_api__dds_connext_idl
[12.214s] [  4%] [32mBuilding C object CMakeFiles/unitree_api__rosidl_generator_c.dir/rosidl_generator_c/unitree_api/msg/detail/request__functions.c.o[0m
[12.226s] [  5%] [32mBuilding C object CMakeFiles/unitree_api__rosidl_generator_c.dir/rosidl_generator_c/unitree_api/msg/detail/request_header__functions.c.o[0m
[12.280s] [  6%] [32mBuilding C object CMakeFiles/unitree_api__rosidl_generator_c.dir/rosidl_generator_c/unitree_api/msg/detail/request_identity__functions.c.o[0m
[12.542s] [  7%] [32mBuilding C object CMakeFiles/unitree_api__rosidl_generator_c.dir/rosidl_generator_c/unitree_api/msg/detail/request_lease__functions.c.o[0m
[12.670s] [  9%] [32mBuilding C object CMakeFiles/unitree_api__rosidl_generator_c.dir/rosidl_generator_c/unitree_api/msg/detail/request_policy__functions.c.o[0m
[12.734s] [ 10%] [32mBuilding C object CMakeFiles/unitree_api__rosidl_generator_c.dir/rosidl_generator_c/unitree_api/msg/detail/response__functions.c.o[0m
[12.931s] [ 11%] [32mBuilding C object CMakeFiles/unitree_api__rosidl_generator_c.dir/rosidl_generator_c/unitree_api/msg/detail/response_header__functions.c.o[0m
[13.039s] [ 12%] [32mBuilding C object CMakeFiles/unitree_api__rosidl_generator_c.dir/rosidl_generator_c/unitree_api/msg/detail/response_status__functions.c.o[0m
[13.573s] [ 13%] [32m[1mLinking C shared library libunitree_api__rosidl_generator_c.so[0m
[13.578s] [ 13%] Built target unitree_api__cpp
[13.668s] [ 14%] [34m[1mGenerating C++ type support for eProsima Fast-RTPS[0m
[13.671s] [ 15%] [34m[1mGenerating C++ introspection for ROS interfaces[0m
[13.680s] [ 17%] [34m[1mGenerating C++ type support dispatch for ROS interfaces[0m
[16.259s] [ 17%] Built target unitree_api__rosidl_generator_c
[16.348s] [ 18%] [34m[1mGenerating C type support for eProsima Fast-RTPS[0m
[18.775s] [ 19%] [32mBuilding CXX object CMakeFiles/unitree_api__rosidl_typesupport_introspection_cpp.dir/rosidl_typesupport_introspection_cpp/unitree_api/msg/detail/request__type_support.cpp.o[0m
[19.028s] [ 20%] [32mBuilding CXX object CMakeFiles/unitree_api__rosidl_typesupport_cpp.dir/rosidl_typesupport_cpp/unitree_api/msg/request__type_support.cpp.o[0m
[20.930s] [ 21%] [32mBuilding CXX object CMakeFiles/unitree_api__rosidl_typesupport_fastrtps_cpp.dir/rosidl_typesupport_fastrtps_cpp/unitree_api/msg/detail/dds_fastrtps/request__type_support.cpp.o[0m
[21.598s] [ 22%] [32mBuilding CXX object CMakeFiles/unitree_api__rosidl_typesupport_fastrtps_c.dir/rosidl_typesupport_fastrtps_c/unitree_api/msg/detail/request__type_support_c.cpp.o[0m
[22.322s] [ 23%] [32mBuilding CXX object CMakeFiles/unitree_api__rosidl_typesupport_cpp.dir/rosidl_typesupport_cpp/unitree_api/msg/request_header__type_support.cpp.o[0m
[22.948s] [ 25%] [32mBuilding CXX object CMakeFiles/unitree_api__rosidl_typesupport_introspection_cpp.dir/rosidl_typesupport_introspection_cpp/unitree_api/msg/detail/request_header__type_support.cpp.o[0m
[25.385s] [ 26%] [32mBuilding CXX object CMakeFiles/unitree_api__rosidl_typesupport_fastrtps_cpp.dir/rosidl_typesupport_fastrtps_cpp/unitree_api/msg/detail/dds_fastrtps/request_header__type_support.cpp.o[0m
[25.543s] [ 27%] [32mBuilding CXX object CMakeFiles/unitree_api__rosidl_typesupport_cpp.dir/rosidl_typesupport_cpp/unitree_api/msg/request_identity__type_support.cpp.o[0m
[25.765s] [ 28%] [32mBuilding CXX object CMakeFiles/unitree_api__rosidl_typesupport_fastrtps_c.dir/rosidl_typesupport_fastrtps_c/unitree_api/msg/detail/request_header__type_support_c.cpp.o[0m
[27.516s] [ 29%] [32mBuilding CXX object CMakeFiles/unitree_api__rosidl_typesupport_introspection_cpp.dir/rosidl_typesupport_introspection_cpp/unitree_api/msg/detail/request_identity__type_support.cpp.o[0m
[27.962s] [ 30%] [32mBuilding CXX object CMakeFiles/unitree_api__rosidl_typesupport_cpp.dir/rosidl_typesupport_cpp/unitree_api/msg/request_lease__type_support.cpp.o[0m
[28.399s] [ 31%] [32mBuilding CXX object CMakeFiles/unitree_api__rosidl_typesupport_fastrtps_c.dir/rosidl_typesupport_fastrtps_c/unitree_api/msg/detail/request_identity__type_support_c.cpp.o[0m
[30.098s] [ 32%] [32mBuilding CXX object CMakeFiles/unitree_api__rosidl_typesupport_fastrtps_cpp.dir/rosidl_typesupport_fastrtps_cpp/unitree_api/msg/detail/dds_fastrtps/request_identity__type_support.cpp.o[0m
[30.752s] [ 34%] [32mBuilding CXX object CMakeFiles/unitree_api__rosidl_typesupport_cpp.dir/rosidl_typesupport_cpp/unitree_api/msg/request_policy__type_support.cpp.o[0m
[31.250s] [ 35%] [32mBuilding CXX object CMakeFiles/unitree_api__rosidl_typesupport_introspection_cpp.dir/rosidl_typesupport_introspection_cpp/unitree_api/msg/detail/request_lease__type_support.cpp.o[0m
[32.114s] [ 36%] [32mBuilding CXX object CMakeFiles/unitree_api__rosidl_typesupport_fastrtps_c.dir/rosidl_typesupport_fastrtps_c/unitree_api/msg/detail/request_lease__type_support_c.cpp.o[0m
[33.137s] [ 37%] [32mBuilding CXX object CMakeFiles/unitree_api__rosidl_typesupport_cpp.dir/rosidl_typesupport_cpp/unitree_api/msg/response__type_support.cpp.o[0m
[33.727s] [ 38%] [32mBuilding CXX object CMakeFiles/unitree_api__rosidl_typesupport_fastrtps_cpp.dir/rosidl_typesupport_fastrtps_cpp/unitree_api/msg/detail/dds_fastrtps/request_lease__type_support.cpp.o[0m
[34.880s] [ 39%] [32mBuilding CXX object CMakeFiles/unitree_api__rosidl_typesupport_fastrtps_c.dir/rosidl_typesupport_fastrtps_c/unitree_api/msg/detail/request_policy__type_support_c.cpp.o[0m
[35.193s] [ 40%] [32mBuilding CXX object CMakeFiles/unitree_api__rosidl_typesupport_introspection_cpp.dir/rosidl_typesupport_introspection_cpp/unitree_api/msg/detail/request_policy__type_support.cpp.o[0m
[35.683s] [ 42%] [32mBuilding CXX object CMakeFiles/unitree_api__rosidl_typesupport_cpp.dir/rosidl_typesupport_cpp/unitree_api/msg/response_header__type_support.cpp.o[0m
[37.528s] [ 43%] [32mBuilding CXX object CMakeFiles/unitree_api__rosidl_typesupport_fastrtps_cpp.dir/rosidl_typesupport_fastrtps_cpp/unitree_api/msg/detail/dds_fastrtps/request_policy__type_support.cpp.o[0m
[37.690s] [ 44%] [32mBuilding CXX object CMakeFiles/unitree_api__rosidl_typesupport_fastrtps_c.dir/rosidl_typesupport_fastrtps_c/unitree_api/msg/detail/response__type_support_c.cpp.o[0m
[38.029s] [ 45%] [32mBuilding CXX object CMakeFiles/unitree_api__rosidl_typesupport_cpp.dir/rosidl_typesupport_cpp/unitree_api/msg/response_status__type_support.cpp.o[0m
[39.344s] [ 46%] [32mBuilding CXX object CMakeFiles/unitree_api__rosidl_typesupport_introspection_cpp.dir/rosidl_typesupport_introspection_cpp/unitree_api/msg/detail/response__type_support.cpp.o[0m
[39.750s] [ 47%] [32m[1mLinking CXX shared library libunitree_api__rosidl_typesupport_cpp.so[0m
[40.186s] [ 47%] Built target unitree_api__rosidl_typesupport_cpp
[40.783s] [ 48%] [32mBuilding CXX object CMakeFiles/unitree_api__rosidl_typesupport_fastrtps_cpp.dir/rosidl_typesupport_fastrtps_cpp/unitree_api/msg/detail/dds_fastrtps/response__type_support.cpp.o[0m
[40.793s] [ 50%] [32mBuilding CXX object CMakeFiles/unitree_api__rosidl_typesupport_fastrtps_c.dir/rosidl_typesupport_fastrtps_c/unitree_api/msg/detail/response_header__type_support_c.cpp.o[0m
[42.296s] [ 51%] [32mBuilding CXX object CMakeFiles/unitree_api__rosidl_typesupport_introspection_cpp.dir/rosidl_typesupport_introspection_cpp/unitree_api/msg/detail/response_header__type_support.cpp.o[0m
[43.078s] [ 52%] [32mBuilding CXX object CMakeFiles/unitree_api__rosidl_typesupport_fastrtps_c.dir/rosidl_typesupport_fastrtps_c/unitree_api/msg/detail/response_status__type_support_c.cpp.o[0m
[43.665s] [ 53%] [32mBuilding CXX object CMakeFiles/unitree_api__rosidl_typesupport_fastrtps_cpp.dir/rosidl_typesupport_fastrtps_cpp/unitree_api/msg/detail/dds_fastrtps/response_header__type_support.cpp.o[0m
[44.564s] [ 54%] [32mBuilding CXX object CMakeFiles/unitree_api__rosidl_typesupport_introspection_cpp.dir/rosidl_typesupport_introspection_cpp/unitree_api/msg/detail/response_status__type_support.cpp.o[0m
[44.752s] [ 55%] [32m[1mLinking CXX shared library libunitree_api__rosidl_typesupport_fastrtps_c.so[0m
[45.392s] [ 55%] Built target unitree_api__rosidl_typesupport_fastrtps_c
[45.994s] [ 56%] [32mBuilding CXX object CMakeFiles/unitree_api__rosidl_typesupport_fastrtps_cpp.dir/rosidl_typesupport_fastrtps_cpp/unitree_api/msg/detail/dds_fastrtps/response_status__type_support.cpp.o[0m
[46.180s] [ 57%] [32m[1mLinking CXX shared library libunitree_api__rosidl_typesupport_introspection_cpp.so[0m
[46.807s] [ 57%] Built target unitree_api__rosidl_typesupport_introspection_cpp
[47.427s] [ 59%] [32m[1mLinking CXX shared library libunitree_api__rosidl_typesupport_fastrtps_cpp.so[0m
[48.179s] [ 59%] Built target unitree_api__rosidl_typesupport_fastrtps_cpp
[48.279s] [ 60%] [34m[1mGenerating C type support dispatch for ROS interfaces[0m
[50.170s] [ 61%] [32mBuilding CXX object CMakeFiles/unitree_api__rosidl_typesupport_c.dir/rosidl_typesupport_c/unitree_api/msg/request__type_support.cpp.o[0m
[50.334s] [ 62%] [32mBuilding CXX object CMakeFiles/unitree_api__rosidl_typesupport_c.dir/rosidl_typesupport_c/unitree_api/msg/request_identity__type_support.cpp.o[0m
[50.450s] [ 63%] [32mBuilding CXX object CMakeFiles/unitree_api__rosidl_typesupport_c.dir/rosidl_typesupport_c/unitree_api/msg/request_lease__type_support.cpp.o[0m
[50.586s] [ 64%] [32mBuilding CXX object CMakeFiles/unitree_api__rosidl_typesupport_c.dir/rosidl_typesupport_c/unitree_api/msg/request_policy__type_support.cpp.o[0m
[50.731s] [ 65%] [32mBuilding CXX object CMakeFiles/unitree_api__rosidl_typesupport_c.dir/rosidl_typesupport_c/unitree_api/msg/response__type_support.cpp.o[0m
[50.810s] [ 67%] [32mBuilding CXX object CMakeFiles/unitree_api__rosidl_typesupport_c.dir/rosidl_typesupport_c/unitree_api/msg/response_header__type_support.cpp.o[0m
[50.900s] [ 68%] [32mBuilding CXX object CMakeFiles/unitree_api__rosidl_typesupport_c.dir/rosidl_typesupport_c/unitree_api/msg/response_status__type_support.cpp.o[0m
[50.987s] [ 69%] [32mBuilding CXX object CMakeFiles/unitree_api__rosidl_typesupport_c.dir/rosidl_typesupport_c/unitree_api/msg/request_header__type_support.cpp.o[0m
[51.079s] [ 70%] [32m[1mLinking CXX shared library libunitree_api__rosidl_typesupport_c.so[0m
[51.293s] [ 70%] Built target unitree_api__rosidl_typesupport_c
[51.351s] [ 71%] [34m[1mGenerating C introspection for ROS interfaces[0m
[53.475s] [ 72%] [32mBuilding C object CMakeFiles/unitree_api__rosidl_typesupport_introspection_c.dir/rosidl_typesupport_introspection_c/unitree_api/msg/detail/request__type_support.c.o[0m
[53.703s] [ 73%] [32mBuilding C object CMakeFiles/unitree_api__rosidl_typesupport_introspection_c.dir/rosidl_typesupport_introspection_c/unitree_api/msg/detail/request_lease__type_support.c.o[0m
[53.884s] [ 75%] [32mBuilding C object CMakeFiles/unitree_api__rosidl_typesupport_introspection_c.dir/rosidl_typesupport_introspection_c/unitree_api/msg/detail/request_policy__type_support.c.o[0m
[54.059s] [ 76%] [32mBuilding C object CMakeFiles/unitree_api__rosidl_typesupport_introspection_c.dir/rosidl_typesupport_introspection_c/unitree_api/msg/detail/response__type_support.c.o[0m
[54.287s] [ 77%] [32mBuilding C object CMakeFiles/unitree_api__rosidl_typesupport_introspection_c.dir/rosidl_typesupport_introspection_c/unitree_api/msg/detail/response_header__type_support.c.o[0m
[54.483s] [ 78%] [32mBuilding C object CMakeFiles/unitree_api__rosidl_typesupport_introspection_c.dir/rosidl_typesupport_introspection_c/unitree_api/msg/detail/response_status__type_support.c.o[0m
[54.671s] [ 79%] [32mBuilding C object CMakeFiles/unitree_api__rosidl_typesupport_introspection_c.dir/rosidl_typesupport_introspection_c/unitree_api/msg/detail/request_identity__type_support.c.o[0m
[54.779s] [ 80%] [32mBuilding C object CMakeFiles/unitree_api__rosidl_typesupport_introspection_c.dir/rosidl_typesupport_introspection_c/unitree_api/msg/detail/request_header__type_support.c.o[0m
[54.871s] [ 81%] [32m[1mLinking C shared library libunitree_api__rosidl_typesupport_introspection_c.so[0m
[55.051s] [ 81%] Built target unitree_api__rosidl_typesupport_introspection_c
[55.166s] [ 81%] Built target unitree_api
[55.293s] [ 82%] [34m[1mGenerating Python code for ROS interfaces[0m
[57.798s] [ 82%] Built target unitree_api__py
[57.857s] [ 84%] [32mBuilding C object CMakeFiles/unitree_api__rosidl_generator_py.dir/rosidl_generator_py/unitree_api/msg/_request_s.c.o[0m
[58.164s] [ 85%] [32mBuilding C object CMakeFiles/unitree_api__rosidl_generator_py.dir/rosidl_generator_py/unitree_api/msg/_request_lease_s.c.o[0m
[58.420s] [ 86%] [32mBuilding C object CMakeFiles/unitree_api__rosidl_generator_py.dir/rosidl_generator_py/unitree_api/msg/_request_policy_s.c.o[0m
[58.650s] [ 87%] [32mBuilding C object CMakeFiles/unitree_api__rosidl_generator_py.dir/rosidl_generator_py/unitree_api/msg/_response_s.c.o[0m
[58.929s] [ 88%] [32mBuilding C object CMakeFiles/unitree_api__rosidl_generator_py.dir/rosidl_generator_py/unitree_api/msg/_response_header_s.c.o[0m
[59.201s] [ 89%] [32mBuilding C object CMakeFiles/unitree_api__rosidl_generator_py.dir/rosidl_generator_py/unitree_api/msg/_response_status_s.c.o[0m
[59.464s] [ 90%] [32mBuilding C object CMakeFiles/unitree_api__rosidl_generator_py.dir/rosidl_generator_py/unitree_api/msg/_request_identity_s.c.o[0m
[59.723s] [ 92%] [32mBuilding C object CMakeFiles/unitree_api__rosidl_generator_py.dir/rosidl_generator_py/unitree_api/msg/_request_header_s.c.o[0m
[59.998s] [ 93%] [32m[1mLinking C shared library rosidl_generator_py/unitree_api/libunitree_api__rosidl_generator_py.so[0m
[60.144s] [ 93%] Built target unitree_api__rosidl_generator_py
[60.199s] [ 94%] [32mBuilding C object CMakeFiles/unitree_api__rosidl_typesupport_fastrtps_c__pyext.dir/rosidl_generator_py/unitree_api/_unitree_api_s.ep.rosidl_typesupport_fastrtps_c.c.o[0m
[60.511s] [ 95%] [32m[1mLinking C shared library rosidl_generator_py/unitree_api/unitree_api_s__rosidl_typesupport_fastrtps_c.cpython-310-aarch64-linux-gnu.so[0m
[60.627s] [ 95%] Built target unitree_api__rosidl_typesupport_fastrtps_c__pyext
[60.676s] [ 96%] [32mBuilding C object CMakeFiles/unitree_api__rosidl_typesupport_c__pyext.dir/rosidl_generator_py/unitree_api/_unitree_api_s.ep.rosidl_typesupport_c.c.o[0m
[60.974s] [ 97%] [32m[1mLinking C shared library rosidl_generator_py/unitree_api/unitree_api_s__rosidl_typesupport_c.cpython-310-aarch64-linux-gnu.so[0m
[61.089s] [ 97%] Built target unitree_api__rosidl_typesupport_c__pyext
[61.150s] [ 98%] [32mBuilding C object CMakeFiles/unitree_api__rosidl_typesupport_introspection_c__pyext.dir/rosidl_generator_py/unitree_api/_unitree_api_s.ep.rosidl_typesupport_introspection_c.c.o[0m
[61.447s] [100%] [32m[1mLinking C shared library rosidl_generator_py/unitree_api/unitree_api_s__rosidl_typesupport_introspection_c.cpython-310-aarch64-linux-gnu.so[0m
[61.560s] [100%] Built target unitree_api__rosidl_typesupport_introspection_c__pyext
[61.611s] Invoked command in '/ws/build/unitree_api' returned '0': CMAKE_PREFIX_PATH=/opt/ros/humble /usr/bin/cmake --build /ws/build/unitree_api -- -j4 -l4
[61.637s] Invoking command in '/ws/build/unitree_api': CMAKE_PREFIX_PATH=/opt/ros/humble /usr/bin/cmake --install /ws/build/unitree_api
[61.653s] -- Install configuration: ""
[61.654s] -- Installing: /ws/install/unitree_api/share/ament_index/resource_index/rosidl_interfaces/unitree_api
[61.655s] -- Installing: /ws/install/unitree_api/include/unitree_api/unitree_api
[61.656s] -- Installing: /ws/install/unitree_api/include/unitree_api/unitree_api/msg
[61.656s] -- Installing: /ws/install/unitree_api/include/unitree_api/unitree_api/msg/request_lease.h
[61.659s] -- Installing: /ws/install/unitree_api/include/unitree_api/unitree_api/msg/request_policy.h
[61.660s] -- Installing: /ws/install/unitree_api/include/unitree_api/unitree_api/msg/response.h
[61.660s] -- Installing: /ws/install/unitree_api/include/unitree_api/unitree_api/msg/response_header.h
[61.661s] -- Installing: /ws/install/unitree_api/include/unitree_api/unitree_api/msg/request_header.h
[61.665s] -- Installing: /ws/install/unitree_api/include/unitree_api/unitree_api/msg/rosidl_generator_c__visibility_control.h
[61.665s] -- Installing: /ws/install/unitree_api/include/unitree_api/unitree_api/msg/response_status.h
[61.666s] -- Installing: /ws/install/unitree_api/include/unitree_api/unitree_api/msg/request.h
[61.668s] -- Installing: /ws/install/unitree_api/include/unitree_api/unitree_api/msg/detail
[61.669s] -- Installing: /ws/install/unitree_api/include/unitree_api/unitree_api/msg/detail/request_header__functions.h
[61.671s] -- Installing: /ws/install/unitree_api/include/unitree_api/unitree_api/msg/detail/response_status__struct.h
[61.672s] -- Installing: /ws/install/unitree_api/include/unitree_api/unitree_api/msg/detail/request_policy__type_support.h
[61.672s] -- Installing: /ws/install/unitree_api/include/unitree_api/unitree_api/msg/detail/request__functions.h
[61.676s] -- Installing: /ws/install/unitree_api/include/unitree_api/unitree_api/msg/detail/request_lease__functions.c
[61.677s] -- Installing: /ws/install/unitree_api/include/unitree_api/unitree_api/msg/detail/request_identity__functions.h
[61.677s] -- Installing: /ws/install/unitree_api/include/unitree_api/unitree_api/msg/detail/request_identity__functions.c
[61.678s] -- Installing: /ws/install/unitree_api/include/unitree_api/unitree_api/msg/detail/request_policy__functions.c
[61.678s] -- Installing: /ws/install/unitree_api/include/unitree_api/unitree_api/msg/detail/response_header__functions.h
[61.678s] -- Installing: /ws/install/unitree_api/include/unitree_api/unitree_api/msg/detail/request_header__struct.h
[61.678s] -- Installing: /ws/install/unitree_api/include/unitree_api/unitree_api/msg/detail/request_lease__struct.h
[61.678s] -- Installing: /ws/install/unitree_api/include/unitree_api/unitree_api/msg/detail/response__type_support.h
[61.679s] -- Installing: /ws/install/unitree_api/include/unitree_api/unitree_api/msg/detail/request_policy__functions.h
[61.679s] -- Installing: /ws/install/unitree_api/include/unitree_api/unitree_api/msg/detail/response_status__type_support.h
[61.679s] -- Installing: /ws/install/unitree_api/include/unitree_api/unitree_api/msg/detail/response__functions.h
[61.679s] -- Installing: /ws/install/unitree_api/include/unitree_api/unitree_api/msg/detail/response_status__functions.c
[61.679s] -- Installing: /ws/install/unitree_api/include/unitree_api/unitree_api/msg/detail/request__functions.c
[61.679s] -- Installing: /ws/install/unitree_api/include/unitree_api/unitree_api/msg/detail/request__type_support.h
[61.680s] -- Installing: /ws/install/unitree_api/include/unitree_api/unitree_api/msg/detail/request_identity__struct.h
[61.680s] -- Installing: /ws/install/unitree_api/include/unitree_api/unitree_api/msg/detail/response__struct.h
[61.680s] -- Installing: /ws/install/unitree_api/include/unitree_api/unitree_api/msg/detail/response_status__functions.h
[61.680s] -- Installing: /ws/install/unitree_api/include/unitree_api/unitree_api/msg/detail/request_header__functions.c
[61.681s] -- Installing: /ws/install/unitree_api/include/unitree_api/unitree_api/msg/detail/request__struct.h
[61.681s] -- Installing: /ws/install/unitree_api/include/unitree_api/unitree_api/msg/detail/response_header__functions.c
[61.681s] -- Installing: /ws/install/unitree_api/include/unitree_api/unitree_api/msg/detail/request_header__type_support.h
[61.681s] -- Installing: /ws/install/unitree_api/include/unitree_api/unitree_api/msg/detail/request_lease__functions.h
[61.681s] -- Installing: /ws/install/unitree_api/include/unitree_api/unitree_api/msg/detail/response__functions.c
[61.681s] -- Installing: /ws/install/unitree_api/include/unitree_api/unitree_api/msg/detail/request_policy__struct.h
[61.681s] -- Installing: /ws/install/unitree_api/include/unitree_api/unitree_api/msg/detail/request_identity__type_support.h
[61.684s] -- Installing: /ws/install/unitree_api/include/unitree_api/unitree_api/msg/detail/response_header__type_support.h
[61.685s] -- Installing: /ws/install/unitree_api/include/unitree_api/unitree_api/msg/detail/request_lease__type_support.h
[61.685s] -- Installing: /ws/install/unitree_api/include/unitree_api/unitree_api/msg/detail/response_header__struct.h
[61.685s] -- Installing: /ws/install/unitree_api/include/unitree_api/unitree_api/msg/request_identity.h
[61.685s] -- Installing: /ws/install/unitree_api/share/unitree_api/environment/library_path.sh
[61.685s] -- Installing: /ws/install/unitree_api/share/unitree_api/environment/library_path.dsv
[61.685s] -- Installing: /ws/install/unitree_api/lib/libunitree_api__rosidl_generator_c.so
[61.685s] -- Set runtime path of "/ws/install/unitree_api/lib/libunitree_api__rosidl_generator_c.so" to ""
[61.685s] -- Up-to-date: /ws/install/unitree_api/include/unitree_api/unitree_api
[61.686s] -- Up-to-date: /ws/install/unitree_api/include/unitree_api/unitree_api/msg
[61.686s] -- Installing: /ws/install/unitree_api/include/unitree_api/unitree_api/msg/rosidl_typesupport_fastrtps_c__visibility_control.h
[61.686s] -- Up-to-date: /ws/install/unitree_api/include/unitree_api/unitree_api/msg/detail
[61.686s] -- Installing: /ws/install/unitree_api/include/unitree_api/unitree_api/msg/detail/request_policy__rosidl_typesupport_fastrtps_c.h
[61.686s] -- Installing: /ws/install/unitree_api/include/unitree_api/unitree_api/msg/detail/request_identity__rosidl_typesupport_fastrtps_c.h
[61.686s] -- Installing: /ws/install/unitree_api/include/unitree_api/unitree_api/msg/detail/response_status__rosidl_typesupport_fastrtps_c.h
[61.687s] -- Installing: /ws/install/unitree_api/include/unitree_api/unitree_api/msg/detail/request_lease__rosidl_typesupport_fastrtps_c.h
[61.687s] -- Installing: /ws/install/unitree_api/include/unitree_api/unitree_api/msg/detail/request_header__rosidl_typesupport_fastrtps_c.h
[61.687s] -- Installing: /ws/install/unitree_api/include/unitree_api/unitree_api/msg/detail/response__rosidl_typesupport_fastrtps_c.h
[61.690s] -- Installing: /ws/install/unitree_api/include/unitree_api/unitree_api/msg/detail/response_header__rosidl_typesupport_fastrtps_c.h
[61.690s] -- Installing: /ws/install/unitree_api/include/unitree_api/unitree_api/msg/detail/request__rosidl_typesupport_fastrtps_c.h
[61.691s] -- Installing: /ws/install/unitree_api/lib/libunitree_api__rosidl_typesupport_fastrtps_c.so
[61.691s] -- Set runtime path of "/ws/install/unitree_api/lib/libunitree_api__rosidl_typesupport_fastrtps_c.so" to ""
[61.691s] -- Up-to-date: /ws/install/unitree_api/include/unitree_api/unitree_api
[61.691s] -- Up-to-date: /ws/install/unitree_api/include/unitree_api/unitree_api/msg
[61.691s] -- Installing: /ws/install/unitree_api/include/unitree_api/unitree_api/msg/request_lease.hpp
[61.691s] -- Installing: /ws/install/unitree_api/include/unitree_api/unitree_api/msg/rosidl_generator_cpp__visibility_control.hpp
[61.691s] -- Installing: /ws/install/unitree_api/include/unitree_api/unitree_api/msg/request_header.hpp
[61.691s] -- Installing: /ws/install/unitree_api/include/unitree_api/unitree_api/msg/response.hpp
[61.691s] -- Installing: /ws/install/unitree_api/include/unitree_api/unitree_api/msg/request_identity.hpp
[61.692s] -- Installing: /ws/install/unitree_api/include/unitree_api/unitree_api/msg/response_header.hpp
[61.692s] -- Installing: /ws/install/unitree_api/include/unitree_api/unitree_api/msg/request.hpp
[61.692s] -- Installing: /ws/install/unitree_api/include/unitree_api/unitree_api/msg/request_policy.hpp
[61.692s] -- Up-to-date: /ws/install/unitree_api/include/unitree_api/unitree_api/msg/detail
[61.692s] -- Installing: /ws/install/unitree_api/include/unitree_api/unitree_api/msg/detail/response_status__type_support.hpp
[61.692s] -- Installing: /ws/install/unitree_api/include/unitree_api/unitree_api/msg/detail/request_policy__traits.hpp
[61.692s] -- Installing: /ws/install/unitree_api/include/unitree_api/unitree_api/msg/detail/request_lease__traits.hpp
[61.692s] -- Installing: /ws/install/unitree_api/include/unitree_api/unitree_api/msg/detail/request_lease__type_support.hpp
[61.692s] -- Installing: /ws/install/unitree_api/include/unitree_api/unitree_api/msg/detail/request_identity__type_support.hpp
[61.692s] -- Installing: /ws/install/unitree_api/include/unitree_api/unitree_api/msg/detail/request_header__type_support.hpp
[61.693s] -- Installing: /ws/install/unitree_api/include/unitree_api/unitree_api/msg/detail/response_status__struct.hpp
[61.693s] -- Installing: /ws/install/unitree_api/include/unitree_api/unitree_api/msg/detail/response_status__builder.hpp
[61.693s] -- Installing: /ws/install/unitree_api/include/unitree_api/unitree_api/msg/detail/request_header__builder.hpp
[61.693s] -- Installing: /ws/install/unitree_api/include/unitree_api/unitree_api/msg/detail/request_policy__struct.hpp
[61.696s] -- Installing: /ws/install/unitree_api/include/unitree_api/unitree_api/msg/detail/response__traits.hpp
[61.700s] -- Installing: /ws/install/unitree_api/include/unitree_api/unitree_api/msg/detail/request_header__traits.hpp
[61.700s] -- Installing: /ws/install/unitree_api/include/unitree_api/unitree_api/msg/detail/response_header__struct.hpp
[61.700s] -- Installing: /ws/install/unitree_api/include/unitree_api/unitree_api/msg/detail/request_lease__builder.hpp
[61.700s] -- Installing: /ws/install/unitree_api/include/unitree_api/unitree_api/msg/detail/request_header__struct.hpp
[61.700s] -- Installing: /ws/install/unitree_api/include/unitree_api/unitree_api/msg/detail/response_header__traits.hpp
[61.701s] -- Installing: /ws/install/unitree_api/include/unitree_api/unitree_api/msg/detail/request__struct.hpp
[61.702s] -- Installing: /ws/install/unitree_api/include/unitree_api/unitree_api/msg/detail/response_header__builder.hpp
[61.702s] -- Installing: /ws/install/unitree_api/include/unitree_api/unitree_api/msg/detail/request__type_support.hpp
[61.702s] -- Installing: /ws/install/unitree_api/include/unitree_api/unitree_api/msg/detail/response__struct.hpp
[61.703s] -- Installing: /ws/install/unitree_api/include/unitree_api/unitree_api/msg/detail/response_status__traits.hpp
[61.703s] -- Installing: /ws/install/unitree_api/include/unitree_api/unitree_api/msg/detail/response__type_support.hpp
[61.703s] -- Installing: /ws/install/unitree_api/include/unitree_api/unitree_api/msg/detail/request_policy__type_support.hpp
[61.703s] -- Installing: /ws/install/unitree_api/include/unitree_api/unitree_api/msg/detail/response_header__type_support.hpp
[61.703s] -- Installing: /ws/install/unitree_api/include/unitree_api/unitree_api/msg/detail/request_identity__traits.hpp
[61.711s] -- Installing: /ws/install/unitree_api/include/unitree_api/unitree_api/msg/detail/request_policy__builder.hpp
[61.712s] -- Installing: /ws/install/unitree_api/include/unitree_api/unitree_api/msg/detail/request__builder.hpp
[61.712s] -- Installing: /ws/install/unitree_api/include/unitree_api/unitree_api/msg/detail/request_identity__struct.hpp
[61.714s] -- Installing: /ws/install/unitree_api/include/unitree_api/unitree_api/msg/detail/request_identity__builder.hpp
[61.714s] -- Installing: /ws/install/unitree_api/include/unitree_api/unitree_api/msg/detail/request_lease__struct.hpp
[61.715s] -- Installing: /ws/install/unitree_api/include/unitree_api/unitree_api/msg/detail/request__traits.hpp
[61.715s] -- Installing: /ws/install/unitree_api/include/unitree_api/unitree_api/msg/detail/response__builder.hpp
[61.716s] -- Installing: /ws/install/unitree_api/include/unitree_api/unitree_api/msg/response_status.hpp
[61.716s] -- Up-to-date: /ws/install/unitree_api/include/unitree_api/unitree_api
[61.717s] -- Up-to-date: /ws/install/unitree_api/include/unitree_api/unitree_api/msg
[61.717s] -- Installing: /ws/install/unitree_api/include/unitree_api/unitree_api/msg/rosidl_typesupport_fastrtps_cpp__visibility_control.h
[61.718s] -- Up-to-date: /ws/install/unitree_api/include/unitree_api/unitree_api/msg/detail
[61.718s] -- Installing: /ws/install/unitree_api/include/unitree_api/unitree_api/msg/detail/response__rosidl_typesupport_fastrtps_cpp.hpp
[61.718s] -- Installing: /ws/install/unitree_api/include/unitree_api/unitree_api/msg/detail/request_identity__rosidl_typesupport_fastrtps_cpp.hpp
[61.718s] -- Installing: /ws/install/unitree_api/include/unitree_api/unitree_api/msg/detail/response_header__rosidl_typesupport_fastrtps_cpp.hpp
[61.718s] -- Installing: /ws/install/unitree_api/include/unitree_api/unitree_api/msg/detail/dds_fastrtps
[61.718s] -- Installing: /ws/install/unitree_api/include/unitree_api/unitree_api/msg/detail/request_policy__rosidl_typesupport_fastrtps_cpp.hpp
[61.718s] -- Installing: /ws/install/unitree_api/include/unitree_api/unitree_api/msg/detail/request_header__rosidl_typesupport_fastrtps_cpp.hpp
[61.718s] -- Installing: /ws/install/unitree_api/include/unitree_api/unitree_api/msg/detail/request__rosidl_typesupport_fastrtps_cpp.hpp
[61.718s] -- Installing: /ws/install/unitree_api/include/unitree_api/unitree_api/msg/detail/response_status__rosidl_typesupport_fastrtps_cpp.hpp
[61.718s] -- Installing: /ws/install/unitree_api/include/unitree_api/unitree_api/msg/detail/request_lease__rosidl_typesupport_fastrtps_cpp.hpp
[61.718s] -- Installing: /ws/install/unitree_api/lib/libunitree_api__rosidl_typesupport_fastrtps_cpp.so
[61.718s] -- Set runtime path of "/ws/install/unitree_api/lib/libunitree_api__rosidl_typesupport_fastrtps_cpp.so" to ""
[61.719s] -- Up-to-date: /ws/install/unitree_api/include/unitree_api/unitree_api
[61.719s] -- Up-to-date: /ws/install/unitree_api/include/unitree_api/unitree_api/msg
[61.719s] -- Installing: /ws/install/unitree_api/include/unitree_api/unitree_api/msg/rosidl_typesupport_introspection_c__visibility_control.h
[61.722s] -- Up-to-date: /ws/install/unitree_api/include/unitree_api/unitree_api/msg/detail
[61.723s] -- Installing: /ws/install/unitree_api/include/unitree_api/unitree_api/msg/detail/request__rosidl_typesupport_introspection_c.h
[61.723s] -- Installing: /ws/install/unitree_api/include/unitree_api/unitree_api/msg/detail/response_status__type_support.c
[61.723s] -- Installing: /ws/install/unitree_api/include/unitree_api/unitree_api/msg/detail/request_lease__type_support.c
[61.723s] -- Installing: /ws/install/unitree_api/include/unitree_api/unitree_api/msg/detail/request_identity__type_support.c
[61.723s] -- Installing: /ws/install/unitree_api/include/unitree_api/unitree_api/msg/detail/response_header__type_support.c
[61.723s] -- Installing: /ws/install/unitree_api/include/unitree_api/unitree_api/msg/detail/request_policy__rosidl_typesupport_introspection_c.h
[61.724s] -- Installing: /ws/install/unitree_api/include/unitree_api/unitree_api/msg/detail/request_header__rosidl_typesupport_introspection_c.h
[61.725s] -- Installing: /ws/install/unitree_api/include/unitree_api/unitree_api/msg/detail/response__rosidl_typesupport_introspection_c.h
[61.726s] -- Installing: /ws/install/unitree_api/include/unitree_api/unitree_api/msg/detail/request__type_support.c
[61.726s] -- Installing: /ws/install/unitree_api/include/unitree_api/unitree_api/msg/detail/request_lease__rosidl_typesupport_introspection_c.h
[61.726s] -- Installing: /ws/install/unitree_api/include/unitree_api/unitree_api/msg/detail/response__type_support.c
[61.726s] -- Installing: /ws/install/unitree_api/include/unitree_api/unitree_api/msg/detail/request_policy__type_support.c
[61.726s] -- Installing: /ws/install/unitree_api/include/unitree_api/unitree_api/msg/detail/response_header__rosidl_typesupport_introspection_c.h
[61.726s] -- Installing: /ws/install/unitree_api/include/unitree_api/unitree_api/msg/detail/request_header__type_support.c
[61.726s] -- Installing: /ws/install/unitree_api/include/unitree_api/unitree_api/msg/detail/request_identity__rosidl_typesupport_introspection_c.h
[61.726s] -- Installing: /ws/install/unitree_api/include/unitree_api/unitree_api/msg/detail/response_status__rosidl_typesupport_introspection_c.h
[61.726s] -- Installing: /ws/install/unitree_api/lib/libunitree_api__rosidl_typesupport_introspection_c.so
[61.727s] -- Set runtime path of "/ws/install/unitree_api/lib/libunitree_api__rosidl_typesupport_introspection_c.so" to ""
[61.727s] -- Installing: /ws/install/unitree_api/lib/libunitree_api__rosidl_typesupport_c.so
[61.727s] -- Set runtime path of "/ws/install/unitree_api/lib/libunitree_api__rosidl_typesupport_c.so" to ""
[61.727s] -- Up-to-date: /ws/install/unitree_api/include/unitree_api/unitree_api
[61.727s] -- Up-to-date: /ws/install/unitree_api/include/unitree_api/unitree_api/msg
[61.727s] -- Up-to-date: /ws/install/unitree_api/include/unitree_api/unitree_api/msg/detail
[61.727s] -- Installing: /ws/install/unitree_api/include/unitree_api/unitree_api/msg/detail/request_lease__rosidl_typesupport_introspection_cpp.hpp
[61.727s] -- Installing: /ws/install/unitree_api/include/unitree_api/unitree_api/msg/detail/request_lease__type_support.cpp
[61.727s] -- Installing: /ws/install/unitree_api/include/unitree_api/unitree_api/msg/detail/request_header__rosidl_typesupport_introspection_cpp.hpp
[61.727s] -- Installing: /ws/install/unitree_api/include/unitree_api/unitree_api/msg/detail/request__type_support.cpp
[61.728s] -- Installing: /ws/install/unitree_api/include/unitree_api/unitree_api/msg/detail/response__type_support.cpp
[61.728s] -- Installing: /ws/install/unitree_api/include/unitree_api/unitree_api/msg/detail/request_identity__type_support.cpp
[61.728s] -- Installing: /ws/install/unitree_api/include/unitree_api/unitree_api/msg/detail/request__rosidl_typesupport_introspection_cpp.hpp
[61.728s] -- Installing: /ws/install/unitree_api/include/unitree_api/unitree_api/msg/detail/response_header__type_support.cpp
[61.728s] -- Installing: /ws/install/unitree_api/include/unitree_api/unitree_api/msg/detail/request_identity__rosidl_typesupport_introspection_cpp.hpp
[61.728s] -- Installing: /ws/install/unitree_api/include/unitree_api/unitree_api/msg/detail/request_policy__type_support.cpp
[61.728s] -- Installing: /ws/install/unitree_api/include/unitree_api/unitree_api/msg/detail/response_status__type_support.cpp
[61.729s] -- Installing: /ws/install/unitree_api/include/unitree_api/unitree_api/msg/detail/response_status__rosidl_typesupport_introspection_cpp.hpp
[61.729s] -- Installing: /ws/install/unitree_api/include/unitree_api/unitree_api/msg/detail/request_policy__rosidl_typesupport_introspection_cpp.hpp
[61.729s] -- Installing: /ws/install/unitree_api/include/unitree_api/unitree_api/msg/detail/response_header__rosidl_typesupport_introspection_cpp.hpp
[61.729s] -- Installing: /ws/install/unitree_api/include/unitree_api/unitree_api/msg/detail/response__rosidl_typesupport_introspection_cpp.hpp
[61.729s] -- Installing: /ws/install/unitree_api/include/unitree_api/unitree_api/msg/detail/request_header__type_support.cpp
[61.730s] -- Installing: /ws/install/unitree_api/lib/libunitree_api__rosidl_typesupport_introspection_cpp.so
[61.730s] -- Set runtime path of "/ws/install/unitree_api/lib/libunitree_api__rosidl_typesupport_introspection_cpp.so" to ""
[61.730s] -- Installing: /ws/install/unitree_api/lib/libunitree_api__rosidl_typesupport_cpp.so
[61.730s] -- Set runtime path of "/ws/install/unitree_api/lib/libunitree_api__rosidl_typesupport_cpp.so" to ""
[61.730s] -- Installing: /ws/install/unitree_api/share/unitree_api/environment/pythonpath.sh
[61.730s] -- Installing: /ws/install/unitree_api/share/unitree_api/environment/pythonpath.dsv
[61.730s] -- Installing: /ws/install/unitree_api/local/lib/python3.10/dist-packages/unitree_api-0.0.0-py3.10.egg-info
[61.730s] -- Installing: /ws/install/unitree_api/local/lib/python3.10/dist-packages/unitree_api-0.0.0-py3.10.egg-info/dependency_links.txt
[61.730s] -- Installing: /ws/install/unitree_api/local/lib/python3.10/dist-packages/unitree_api-0.0.0-py3.10.egg-info/top_level.txt
[61.730s] -- Installing: /ws/install/unitree_api/local/lib/python3.10/dist-packages/unitree_api-0.0.0-py3.10.egg-info/SOURCES.txt
[61.731s] -- Installing: /ws/install/unitree_api/local/lib/python3.10/dist-packages/unitree_api-0.0.0-py3.10.egg-info/PKG-INFO
[61.731s] -- Installing: /ws/install/unitree_api/local/lib/python3.10/dist-packages/unitree_api
[61.731s] -- Installing: /ws/install/unitree_api/local/lib/python3.10/dist-packages/unitree_api/_unitree_api_s.ep.rosidl_typesupport_introspection_c.c
[61.731s] -- Installing: /ws/install/unitree_api/local/lib/python3.10/dist-packages/unitree_api/unitree_api_s__rosidl_typesupport_fastrtps_c.cpython-310-aarch64-linux-gnu.so
[61.731s] -- Installing: /ws/install/unitree_api/local/lib/python3.10/dist-packages/unitree_api/unitree_api_s__rosidl_typesupport_c.cpython-310-aarch64-linux-gnu.so
[61.731s] -- Installing: /ws/install/unitree_api/local/lib/python3.10/dist-packages/unitree_api/unitree_api_s__rosidl_typesupport_introspection_c.cpython-310-aarch64-linux-gnu.so
[61.731s] -- Installing: /ws/install/unitree_api/local/lib/python3.10/dist-packages/unitree_api/libunitree_api__rosidl_generator_py.so
[61.731s] -- Installing: /ws/install/unitree_api/local/lib/python3.10/dist-packages/unitree_api/msg
[61.732s] -- Installing: /ws/install/unitree_api/local/lib/python3.10/dist-packages/unitree_api/msg/_request_policy_s.c
[61.732s] -- Installing: /ws/install/unitree_api/local/lib/python3.10/dist-packages/unitree_api/msg/_request_policy.py
[61.732s] -- Installing: /ws/install/unitree_api/local/lib/python3.10/dist-packages/unitree_api/msg/_request_identity.py
[61.732s] -- Installing: /ws/install/unitree_api/local/lib/python3.10/dist-packages/unitree_api/msg/_response_status.py
[61.732s] -- Installing: /ws/install/unitree_api/local/lib/python3.10/dist-packages/unitree_api/msg/_response.py
[61.732s] -- Installing: /ws/install/unitree_api/local/lib/python3.10/dist-packages/unitree_api/msg/_response_header_s.c
[61.732s] -- Installing: /ws/install/unitree_api/local/lib/python3.10/dist-packages/unitree_api/msg/_request_header_s.c
[61.732s] -- Installing: /ws/install/unitree_api/local/lib/python3.10/dist-packages/unitree_api/msg/_response_s.c
[61.732s] -- Installing: /ws/install/unitree_api/local/lib/python3.10/dist-packages/unitree_api/msg/_request_lease.py
[61.732s] -- Installing: /ws/install/unitree_api/local/lib/python3.10/dist-packages/unitree_api/msg/__init__.py
[61.732s] -- Installing: /ws/install/unitree_api/local/lib/python3.10/dist-packages/unitree_api/msg/_request_s.c
[61.733s] -- Installing: /ws/install/unitree_api/local/lib/python3.10/dist-packages/unitree_api/msg/_response_header.py
[61.733s] -- Installing: /ws/install/unitree_api/local/lib/python3.10/dist-packages/unitree_api/msg/_response_status_s.c
[61.733s] -- Installing: /ws/install/unitree_api/local/lib/python3.10/dist-packages/unitree_api/msg/_request.py
[61.733s] -- Installing: /ws/install/unitree_api/local/lib/python3.10/dist-packages/unitree_api/msg/_request_header.py
[61.733s] -- Installing: /ws/install/unitree_api/local/lib/python3.10/dist-packages/unitree_api/msg/_request_identity_s.c
[61.733s] -- Installing: /ws/install/unitree_api/local/lib/python3.10/dist-packages/unitree_api/msg/_request_lease_s.c
[61.733s] -- Installing: /ws/install/unitree_api/local/lib/python3.10/dist-packages/unitree_api/_unitree_api_s.ep.rosidl_typesupport_c.c
[61.733s] -- Installing: /ws/install/unitree_api/local/lib/python3.10/dist-packages/unitree_api/__init__.py
[61.733s] -- Installing: /ws/install/unitree_api/local/lib/python3.10/dist-packages/unitree_api/_unitree_api_s.ep.rosidl_typesupport_fastrtps_c.c
[61.836s] Listing '/ws/install/unitree_api/local/lib/python3.10/dist-packages/unitree_api'...
[61.836s] Compiling '/ws/install/unitree_api/local/lib/python3.10/dist-packages/unitree_api/__init__.py'...
[61.837s] Listing '/ws/install/unitree_api/local/lib/python3.10/dist-packages/unitree_api/msg'...
[61.837s] Compiling '/ws/install/unitree_api/local/lib/python3.10/dist-packages/unitree_api/msg/__init__.py'...
[61.837s] Compiling '/ws/install/unitree_api/local/lib/python3.10/dist-packages/unitree_api/msg/_request.py'...
[61.837s] Compiling '/ws/install/unitree_api/local/lib/python3.10/dist-packages/unitree_api/msg/_request_header.py'...
[61.837s] Compiling '/ws/install/unitree_api/local/lib/python3.10/dist-packages/unitree_api/msg/_request_identity.py'...
[61.837s] Compiling '/ws/install/unitree_api/local/lib/python3.10/dist-packages/unitree_api/msg/_request_lease.py'...
[61.837s] Compiling '/ws/install/unitree_api/local/lib/python3.10/dist-packages/unitree_api/msg/_request_policy.py'...
[61.837s] Compiling '/ws/install/unitree_api/local/lib/python3.10/dist-packages/unitree_api/msg/_response.py'...
[61.837s] Compiling '/ws/install/unitree_api/local/lib/python3.10/dist-packages/unitree_api/msg/_response_header.py'...
[61.837s] Compiling '/ws/install/unitree_api/local/lib/python3.10/dist-packages/unitree_api/msg/_response_status.py'...
[61.863s] -- Installing: /ws/install/unitree_api/local/lib/python3.10/dist-packages/unitree_api/unitree_api_s__rosidl_typesupport_fastrtps_c.cpython-310-aarch64-linux-gnu.so
[61.864s] -- Set runtime path of "/ws/install/unitree_api/local/lib/python3.10/dist-packages/unitree_api/unitree_api_s__rosidl_typesupport_fastrtps_c.cpython-310-aarch64-linux-gnu.so" to ""
[61.864s] -- Installing: /ws/install/unitree_api/local/lib/python3.10/dist-packages/unitree_api/unitree_api_s__rosidl_typesupport_introspection_c.cpython-310-aarch64-linux-gnu.so
[61.867s] -- Set runtime path of "/ws/install/unitree_api/local/lib/python3.10/dist-packages/unitree_api/unitree_api_s__rosidl_typesupport_introspection_c.cpython-310-aarch64-linux-gnu.so" to ""
[61.867s] -- Installing: /ws/install/unitree_api/local/lib/python3.10/dist-packages/unitree_api/unitree_api_s__rosidl_typesupport_c.cpython-310-aarch64-linux-gnu.so
[61.868s] -- Set runtime path of "/ws/install/unitree_api/local/lib/python3.10/dist-packages/unitree_api/unitree_api_s__rosidl_typesupport_c.cpython-310-aarch64-linux-gnu.so" to ""
[61.870s] -- Installing: /ws/install/unitree_api/lib/libunitree_api__rosidl_generator_py.so
[61.870s] -- Set runtime path of "/ws/install/unitree_api/lib/libunitree_api__rosidl_generator_py.so" to ""
[61.871s] -- Installing: /ws/install/unitree_api/share/unitree_api/msg/Request.idl
[61.871s] -- Installing: /ws/install/unitree_api/share/unitree_api/msg/RequestHeader.idl
[61.872s] -- Installing: /ws/install/unitree_api/share/unitree_api/msg/RequestIdentity.idl
[61.873s] -- Installing: /ws/install/unitree_api/share/unitree_api/msg/RequestLease.idl
[61.874s] -- Installing: /ws/install/unitree_api/share/unitree_api/msg/RequestPolicy.idl
[61.875s] -- Installing: /ws/install/unitree_api/share/unitree_api/msg/Response.idl
[61.876s] -- Installing: /ws/install/unitree_api/share/unitree_api/msg/ResponseHeader.idl
[61.877s] -- Installing: /ws/install/unitree_api/share/unitree_api/msg/ResponseStatus.idl
[61.878s] -- Installing: /ws/install/unitree_api/share/unitree_api/msg/Request.msg
[61.880s] -- Installing: /ws/install/unitree_api/share/unitree_api/msg/RequestHeader.msg
[61.880s] -- Installing: /ws/install/unitree_api/share/unitree_api/msg/RequestIdentity.msg
[61.880s] -- Installing: /ws/install/unitree_api/share/unitree_api/msg/RequestLease.msg
[61.880s] -- Installing: /ws/install/unitree_api/share/unitree_api/msg/RequestPolicy.msg
[61.881s] -- Installing: /ws/install/unitree_api/share/unitree_api/msg/Response.msg
[61.881s] -- Installing: /ws/install/unitree_api/share/unitree_api/msg/ResponseHeader.msg
[61.881s] -- Installing: /ws/install/unitree_api/share/unitree_api/msg/ResponseStatus.msg
[61.881s] -- Installing: /ws/install/unitree_api/share/unitree_api/msg/dds_connext
[61.881s] -- Installing: /ws/install/unitree_api/share/unitree_api/msg/dds_connext/Request_.idl
[61.882s] -- Installing: /ws/install/unitree_api/share/unitree_api/msg/dds_connext/RequestPolicy_.idl
[61.882s] -- Installing: /ws/install/unitree_api/share/unitree_api/msg/dds_connext/RequestLease_.idl
[61.883s] -- Installing: /ws/install/unitree_api/share/unitree_api/msg/dds_connext/RequestHeader_.idl
[61.883s] -- Installing: /ws/install/unitree_api/share/unitree_api/msg/dds_connext/RequestIdentity_.idl
[61.883s] -- Installing: /ws/install/unitree_api/share/unitree_api/msg/dds_connext/ResponseStatus_.idl
[61.884s] -- Installing: /ws/install/unitree_api/share/unitree_api/msg/dds_connext/Response_.idl
[61.885s] -- Installing: /ws/install/unitree_api/share/unitree_api/msg/dds_connext/ResponseHeader_.idl
[61.885s] -- Installing: /ws/install/unitree_api/share/ament_index/resource_index/package_run_dependencies/unitree_api
[61.887s] -- Installing: /ws/install/unitree_api/share/ament_index/resource_index/parent_prefix_path/unitree_api
[61.888s] -- Installing: /ws/install/unitree_api/share/unitree_api/environment/ament_prefix_path.sh
[61.888s] -- Installing: /ws/install/unitree_api/share/unitree_api/environment/ament_prefix_path.dsv
[61.890s] -- Installing: /ws/install/unitree_api/share/unitree_api/environment/path.sh
[61.891s] -- Installing: /ws/install/unitree_api/share/unitree_api/environment/path.dsv
[61.892s] -- Installing: /ws/install/unitree_api/share/unitree_api/local_setup.bash
[61.894s] -- Installing: /ws/install/unitree_api/share/unitree_api/local_setup.sh
[61.894s] -- Installing: /ws/install/unitree_api/share/unitree_api/local_setup.zsh
[61.896s] -- Installing: /ws/install/unitree_api/share/unitree_api/local_setup.dsv
[61.897s] -- Installing: /ws/install/unitree_api/share/unitree_api/package.dsv
[61.899s] -- Installing: /ws/install/unitree_api/share/ament_index/resource_index/packages/unitree_api
[61.900s] -- Installing: /ws/install/unitree_api/share/unitree_api/cmake/export_unitree_api__rosidl_generator_cExport.cmake
[61.910s] -- Installing: /ws/install/unitree_api/share/unitree_api/cmake/export_unitree_api__rosidl_generator_cExport-noconfig.cmake
[61.911s] -- Installing: /ws/install/unitree_api/share/unitree_api/cmake/export_unitree_api__rosidl_typesupport_fastrtps_cExport.cmake
[61.911s] -- Installing: /ws/install/unitree_api/share/unitree_api/cmake/export_unitree_api__rosidl_typesupport_fastrtps_cExport-noconfig.cmake
[61.911s] -- Installing: /ws/install/unitree_api/share/unitree_api/cmake/export_unitree_api__rosidl_generator_cppExport.cmake
[61.912s] -- Installing: /ws/install/unitree_api/share/unitree_api/cmake/export_unitree_api__rosidl_typesupport_fastrtps_cppExport.cmake
[61.912s] -- Installing: /ws/install/unitree_api/share/unitree_api/cmake/export_unitree_api__rosidl_typesupport_fastrtps_cppExport-noconfig.cmake
[61.912s] -- Installing: /ws/install/unitree_api/share/unitree_api/cmake/unitree_api__rosidl_typesupport_introspection_cExport.cmake
[61.912s] -- Installing: /ws/install/unitree_api/share/unitree_api/cmake/unitree_api__rosidl_typesupport_introspection_cExport-noconfig.cmake
[61.912s] -- Installing: /ws/install/unitree_api/share/unitree_api/cmake/unitree_api__rosidl_typesupport_cExport.cmake
[61.914s] -- Installing: /ws/install/unitree_api/share/unitree_api/cmake/unitree_api__rosidl_typesupport_cExport-noconfig.cmake
[61.916s] -- Installing: /ws/install/unitree_api/share/unitree_api/cmake/unitree_api__rosidl_typesupport_introspection_cppExport.cmake
[61.917s] -- Installing: /ws/install/unitree_api/share/unitree_api/cmake/unitree_api__rosidl_typesupport_introspection_cppExport-noconfig.cmake
[61.918s] -- Installing: /ws/install/unitree_api/share/unitree_api/cmake/unitree_api__rosidl_typesupport_cppExport.cmake
[61.919s] -- Installing: /ws/install/unitree_api/share/unitree_api/cmake/unitree_api__rosidl_typesupport_cppExport-noconfig.cmake
[61.921s] -- Installing: /ws/install/unitree_api/share/unitree_api/cmake/export_unitree_api__rosidl_generator_pyExport.cmake
[61.921s] -- Installing: /ws/install/unitree_api/share/unitree_api/cmake/export_unitree_api__rosidl_generator_pyExport-noconfig.cmake
[61.922s] -- Installing: /ws/install/unitree_api/share/unitree_api/cmake/rosidl_cmake-extras.cmake
[61.922s] -- Installing: /ws/install/unitree_api/share/unitree_api/cmake/ament_cmake_export_dependencies-extras.cmake
[61.923s] -- Installing: /ws/install/unitree_api/share/unitree_api/cmake/ament_cmake_export_include_directories-extras.cmake
[61.924s] -- Installing: /ws/install/unitree_api/share/unitree_api/cmake/ament_cmake_export_libraries-extras.cmake
[61.925s] -- Installing: /ws/install/unitree_api/share/unitree_api/cmake/ament_cmake_export_targets-extras.cmake
[61.929s] -- Installing: /ws/install/unitree_api/share/unitree_api/cmake/rosidl_cmake_export_typesupport_targets-extras.cmake
[61.929s] -- Installing: /ws/install/unitree_api/share/unitree_api/cmake/rosidl_cmake_export_typesupport_libraries-extras.cmake
[61.929s] -- Installing: /ws/install/unitree_api/share/unitree_api/cmake/unitree_apiConfig.cmake
[61.929s] -- Installing: /ws/install/unitree_api/share/unitree_api/cmake/unitree_apiConfig-version.cmake
[61.929s] -- Installing: /ws/install/unitree_api/share/unitree_api/package.xml
[61.938s] Invoked command in '/ws/build/unitree_api' returned '0': CMAKE_PREFIX_PATH=/opt/ros/humble /usr/bin/cmake --install /ws/build/unitree_api
