[35m[1mConsolidate compiler generated dependencies of target g1_low_level_example[0m
[35m[1mConsolidate compiler generated dependencies of target low_level_ctrl[0m
[35m[1mConsolidate compiler generated dependencies of target low_level_ctrl_hg[0m
[35m[1mConsolidate compiler generated dependencies of target read_low_state[0m
[ 15%] Built target low_level_ctrl_hg
[ 30%] Built target low_level_ctrl
[ 45%] Built target g1_low_level_example
[ 55%] Built target read_low_state
[35m[1mConsolidate compiler generated dependencies of target read_low_state_hg[0m
[35m[1mConsolidate compiler generated dependencies of target read_wireless_controller[0m
[35m[1mConsolidate compiler generated dependencies of target read_motion_state[0m
[35m[1mConsolidate compiler generated dependencies of target sport_mode_ctrl[0m
[ 65%] Built target read_wireless_controller
[ 75%] Built target read_low_state_hg
[ 85%] Built target read_motion_state
[100%] Built target sport_mode_ctrl
-- Install configuration: ""
-- Up-to-date: /ws/install/unitree_ros2_example/bin/low_level_ctrl
-- Up-to-date: /ws/install/unitree_ros2_example/bin/low_level_ctrl_hg
-- Up-to-date: /ws/install/unitree_ros2_example/bin/g1_low_level_example
-- Up-to-date: /ws/install/unitree_ros2_example/bin/read_low_state
-- Up-to-date: /ws/install/unitree_ros2_example/bin/read_low_state_hg
-- Up-to-date: /ws/install/unitree_ros2_example/bin/read_motion_state
-- Up-to-date: /ws/install/unitree_ros2_example/bin/read_wireless_controller
-- Up-to-date: /ws/install/unitree_ros2_example/bin/sport_mode_ctrl
-- Up-to-date: /ws/install/unitree_ros2_example/share/ament_index/resource_index/package_run_dependencies/unitree_ros2_example
-- Up-to-date: /ws/install/unitree_ros2_example/share/ament_index/resource_index/parent_prefix_path/unitree_ros2_example
-- Up-to-date: /ws/install/unitree_ros2_example/share/unitree_ros2_example/environment/ament_prefix_path.sh
-- Up-to-date: /ws/install/unitree_ros2_example/share/unitree_ros2_example/environment/ament_prefix_path.dsv
-- Up-to-date: /ws/install/unitree_ros2_example/share/unitree_ros2_example/environment/path.sh
-- Up-to-date: /ws/install/unitree_ros2_example/share/unitree_ros2_example/environment/path.dsv
-- Up-to-date: /ws/install/unitree_ros2_example/share/unitree_ros2_example/local_setup.bash
-- Up-to-date: /ws/install/unitree_ros2_example/share/unitree_ros2_example/local_setup.sh
-- Up-to-date: /ws/install/unitree_ros2_example/share/unitree_ros2_example/local_setup.zsh
-- Up-to-date: /ws/install/unitree_ros2_example/share/unitree_ros2_example/local_setup.dsv
-- Installing: /ws/install/unitree_ros2_example/share/unitree_ros2_example/package.dsv
-- Up-to-date: /ws/install/unitree_ros2_example/share/ament_index/resource_index/packages/unitree_ros2_example
-- Up-to-date: /ws/install/unitree_ros2_example/share/unitree_ros2_example/cmake/unitree_ros2_exampleConfig.cmake
-- Up-to-date: /ws/install/unitree_ros2_example/share/unitree_ros2_example/cmake/unitree_ros2_exampleConfig-version.cmake
-- Up-to-date: /ws/install/unitree_ros2_example/share/unitree_ros2_example/package.xml
