[0.068s] Invoking command in '/ws/build/unitree_rl_controller': AMENT_PREFIX_PATH=/ws/install/ros2_unitree_legged_msgs:${AMENT_PREFIX_PATH} CMAKE_PREFIX_PATH=/ws/install/ros2_unitree_legged_msgs:/ws/libtorch:/opt/ros/humble LD_LIBRARY_PATH=/ws/install/ros2_unitree_legged_msgs/lib:${LD_LIBRARY_PATH} PYTHONPATH=/ws/install/ros2_unitree_legged_msgs/local/lib/python3.10/dist-packages:${PYTHONPATH} /usr/bin/cmake --build /ws/build/unitree_rl_controller -- -j4 -l4
[0.231s] [35m[1mConsolidate compiler generated dependencies of target unitree_rl_controller[0m
[0.283s] [100%] Built target unitree_rl_controller
[0.380s] Invoked command in '/ws/build/unitree_rl_controller' returned '0': AMENT_PREFIX_PATH=/ws/install/ros2_unitree_legged_msgs:${AMENT_PREFIX_PATH} CMAKE_PREFIX_PATH=/ws/install/ros2_unitree_legged_msgs:/ws/libtorch:/opt/ros/humble LD_LIBRARY_PATH=/ws/install/ros2_unitree_legged_msgs/lib:${LD_LIBRARY_PATH} PYTHONPATH=/ws/install/ros2_unitree_legged_msgs/local/lib/python3.10/dist-packages:${PYTHONPATH} /usr/bin/cmake --build /ws/build/unitree_rl_controller -- -j4 -l4
[0.395s] Invoking command in '/ws/build/unitree_rl_controller': AMENT_PREFIX_PATH=/ws/install/ros2_unitree_legged_msgs:${AMENT_PREFIX_PATH} CMAKE_PREFIX_PATH=/ws/install/ros2_unitree_legged_msgs:/ws/libtorch:/opt/ros/humble LD_LIBRARY_PATH=/ws/install/ros2_unitree_legged_msgs/lib:${LD_LIBRARY_PATH} PYTHONPATH=/ws/install/ros2_unitree_legged_msgs/local/lib/python3.10/dist-packages:${PYTHONPATH} /usr/bin/cmake --install /ws/build/unitree_rl_controller
[0.434s] -- Install configuration: ""
[0.434s] -- Up-to-date: /ws/install/unitree_rl_controller/share/unitree_rl_controller/environment/library_path.sh
[0.434s] -- Up-to-date: /ws/install/unitree_rl_controller/share/unitree_rl_controller/environment/library_path.dsv
[0.434s] -- Up-to-date: /ws/install/unitree_rl_controller/lib/libunitree_rl_controller.so
[0.434s] -- Up-to-date: /ws/install/unitree_rl_controller/include
[0.434s] -- Up-to-date: /ws/install/unitree_rl_controller/include/observation_buffer.hpp
[0.434s] -- Up-to-date: /ws/install/unitree_rl_controller/include/rl_agent.h
[0.435s] -- Up-to-date: /ws/install/unitree_rl_controller/share/ament_index/resource_index/package_run_dependencies/unitree_rl_controller
[0.435s] -- Up-to-date: /ws/install/unitree_rl_controller/share/ament_index/resource_index/parent_prefix_path/unitree_rl_controller
[0.435s] -- Up-to-date: /ws/install/unitree_rl_controller/share/unitree_rl_controller/environment/ament_prefix_path.sh
[0.435s] -- Up-to-date: /ws/install/unitree_rl_controller/share/unitree_rl_controller/environment/ament_prefix_path.dsv
[0.435s] -- Up-to-date: /ws/install/unitree_rl_controller/share/unitree_rl_controller/environment/path.sh
[0.435s] -- Up-to-date: /ws/install/unitree_rl_controller/share/unitree_rl_controller/environment/path.dsv
[0.435s] -- Up-to-date: /ws/install/unitree_rl_controller/share/unitree_rl_controller/local_setup.bash
[0.435s] -- Up-to-date: /ws/install/unitree_rl_controller/share/unitree_rl_controller/local_setup.sh
[0.438s] -- Up-to-date: /ws/install/unitree_rl_controller/share/unitree_rl_controller/local_setup.zsh
[0.438s] -- Up-to-date: /ws/install/unitree_rl_controller/share/unitree_rl_controller/local_setup.dsv
[0.439s] -- Installing: /ws/install/unitree_rl_controller/share/unitree_rl_controller/package.dsv
[0.439s] -- Up-to-date: /ws/install/unitree_rl_controller/share/ament_index/resource_index/packages/unitree_rl_controller
[0.439s] -- Up-to-date: /ws/install/unitree_rl_controller/share/unitree_rl_controller/cmake/ament_cmake_export_dependencies-extras.cmake
[0.439s] -- Up-to-date: /ws/install/unitree_rl_controller/share/unitree_rl_controller/cmake/ament_cmake_export_include_directories-extras.cmake
[0.439s] -- Up-to-date: /ws/install/unitree_rl_controller/share/unitree_rl_controller/cmake/ament_cmake_export_libraries-extras.cmake
[0.439s] -- Up-to-date: /ws/install/unitree_rl_controller/share/unitree_rl_controller/cmake/unitree_rl_controllerConfig.cmake
[0.439s] -- Up-to-date: /ws/install/unitree_rl_controller/share/unitree_rl_controller/cmake/unitree_rl_controllerConfig-version.cmake
[0.439s] -- Up-to-date: /ws/install/unitree_rl_controller/share/unitree_rl_controller/package.xml
[0.442s] Invoked command in '/ws/build/unitree_rl_controller' returned '0': AMENT_PREFIX_PATH=/ws/install/ros2_unitree_legged_msgs:${AMENT_PREFIX_PATH} CMAKE_PREFIX_PATH=/ws/install/ros2_unitree_legged_msgs:/ws/libtorch:/opt/ros/humble LD_LIBRARY_PATH=/ws/install/ros2_unitree_legged_msgs/lib:${LD_LIBRARY_PATH} PYTHONPATH=/ws/install/ros2_unitree_legged_msgs/local/lib/python3.10/dist-packages:${PYTHONPATH} /usr/bin/cmake --install /ws/build/unitree_rl_controller
