[0.010s] Invoking command in '/home/ruben/go2_deploy/workhop_rl/build/unitree_ros2_example': AMENT_PREFIX_PATH=/home/ruben/go2_deploy/workhop_rl/install/unitree_hg:/home/ruben/go2_deploy/workhop_rl/install/unitree_go:/home/ruben/go2_deploy/workhop_rl/install/unitree_api:${AMENT_PREFIX_PATH} CMAKE_PREFIX_PATH=/home/ruben/go2_deploy/workhop_rl/install/unitree_hg:/home/ruben/go2_deploy/workhop_rl/install/unitree_go:/home/ruben/go2_deploy/workhop_rl/install/unitree_api:/opt/ros/humble LD_LIBRARY_PATH=/home/ruben/go2_deploy/workhop_rl/install/unitree_hg/lib:/home/ruben/go2_deploy/workhop_rl/install/unitree_go/lib:/home/ruben/go2_deploy/workhop_rl/install/unitree_api/lib:${LD_LIBRARY_PATH} PYTHONPATH=/home/ruben/go2_deploy/workhop_rl/install/unitree_hg/local/lib/python3.10/dist-packages:/home/ruben/go2_deploy/workhop_rl/install/unitree_go/local/lib/python3.10/dist-packages:/home/ruben/go2_deploy/workhop_rl/install/unitree_api/local/lib/python3.10/dist-packages:${PYTHONPATH} /usr/bin/cmake /home/ruben/go2_deploy/workhop_rl/src/unitree_ros2/example/src -DCMAKE_INSTALL_PREFIX=/home/ruben/go2_deploy/workhop_rl/install/unitree_ros2_example
[0.062s] -- The C compiler identification is GNU 11.4.0
[0.140s] -- The CXX compiler identification is GNU 11.4.0
[0.147s] -- Detecting C compiler ABI info
[0.276s] -- Detecting C compiler ABI info - done
[0.282s] -- Check for working C compiler: /usr/bin/cc - skipped
[0.282s] -- Detecting C compile features
[0.283s] -- Detecting C compile features - done
[0.285s] -- Detecting CXX compiler ABI info
[0.429s] -- Detecting CXX compiler ABI info - done
[0.436s] -- Check for working CXX compiler: /usr/bin/c++ - skipped
[0.436s] -- Detecting CXX compile features
[0.437s] -- Detecting CXX compile features - done
[0.439s] -- Found ament_cmake: 1.3.12 (/opt/ros/humble/share/ament_cmake/cmake)
[0.624s] -- Found Python3: /usr/bin/python3 (found version "3.10.12") found components: Interpreter 
[0.704s] -- Found unitree_go: 0.0.0 (/home/ruben/go2_deploy/workhop_rl/install/unitree_go/share/unitree_go/cmake)
[0.737s] -- Found rosidl_generator_c: 3.1.7 (/opt/ros/humble/share/rosidl_generator_c/cmake)
[0.741s] -- Found rosidl_adapter: 3.1.7 (/opt/ros/humble/share/rosidl_adapter/cmake)
[0.749s] -- Found rosidl_generator_cpp: 3.1.7 (/opt/ros/humble/share/rosidl_generator_cpp/cmake)
[0.760s] -- Using all available rosidl_typesupport_c: rosidl_typesupport_fastrtps_c;rosidl_typesupport_introspection_c
[0.776s] -- Using all available rosidl_typesupport_cpp: rosidl_typesupport_fastrtps_cpp;rosidl_typesupport_introspection_cpp
[0.823s] -- Found unitree_hg: 0.0.0 (/home/ruben/go2_deploy/workhop_rl/install/unitree_hg/share/unitree_hg/cmake)
[0.834s] -- Found unitree_api: 0.0.0 (/home/ruben/go2_deploy/workhop_rl/install/unitree_api/share/unitree_api/cmake)
[0.845s] -- Found rclcpp: 16.0.16 (/opt/ros/humble/share/rclcpp/cmake)
[0.873s] -- Found rmw_implementation_cmake: 6.1.2 (/opt/ros/humble/share/rmw_implementation_cmake/cmake)
[0.875s] -- Found rmw_cyclonedds_cpp: 1.3.4 (/opt/ros/humble/share/rmw_cyclonedds_cpp/cmake)
[0.891s] -- Using RMW implementation 'rmw_cyclonedds_cpp' as default
[0.897s] -- Looking for pthread.h
[1.025s] -- Looking for pthread.h - found
[1.025s] -- Performing Test CMAKE_HAVE_LIBC_PTHREAD
[1.101s] -- Performing Test CMAKE_HAVE_LIBC_PTHREAD - Success
[1.103s] -- Found Threads: TRUE  
[1.185s] -- Found rosbag2_cpp: 0.15.15 (/opt/ros/humble/share/rosbag2_cpp/cmake)
[1.228s] -- Found ament_lint_auto: 0.12.14 (/opt/ros/humble/share/ament_lint_auto/cmake)
[1.303s] -- Added test 'copyright' to check source files copyright and LICENSE
[1.307s] -- Added test 'cppcheck' to perform static code analysis on C / C++ code
[1.308s] -- Configured cppcheck include dirs: /home/ruben/go2_deploy/workhop_rl/src/unitree_ros2/example/src/include;/home/ruben/go2_deploy/workhop_rl/src/unitree_ros2/example/src/include/common;/home/ruben/go2_deploy/workhop_rl/src/unitree_ros2/example/src/include/nlohmann
[1.308s] -- Configured cppcheck exclude dirs and/or files: 
[1.311s] -- Added test 'cpplint' to check C / C++ code against the Google style
[1.311s] -- Configured cpplint exclude dirs and/or files: 
[1.312s] -- Added test 'lint_cmake' to check CMake code style
[1.315s] -- Added test 'uncrustify' to check C / C++ code style
[1.315s] -- Configured uncrustify additional arguments: 
[1.315s] -- Added test 'xmllint' to check XML markup files
[1.316s] -- Configuring done
[1.363s] -- Generating done
[1.382s] -- Build files have been written to: /home/ruben/go2_deploy/workhop_rl/build/unitree_ros2_example
[1.391s] Invoked command in '/home/ruben/go2_deploy/workhop_rl/build/unitree_ros2_example' returned '0': AMENT_PREFIX_PATH=/home/ruben/go2_deploy/workhop_rl/install/unitree_hg:/home/ruben/go2_deploy/workhop_rl/install/unitree_go:/home/ruben/go2_deploy/workhop_rl/install/unitree_api:${AMENT_PREFIX_PATH} CMAKE_PREFIX_PATH=/home/ruben/go2_deploy/workhop_rl/install/unitree_hg:/home/ruben/go2_deploy/workhop_rl/install/unitree_go:/home/ruben/go2_deploy/workhop_rl/install/unitree_api:/opt/ros/humble LD_LIBRARY_PATH=/home/ruben/go2_deploy/workhop_rl/install/unitree_hg/lib:/home/ruben/go2_deploy/workhop_rl/install/unitree_go/lib:/home/ruben/go2_deploy/workhop_rl/install/unitree_api/lib:${LD_LIBRARY_PATH} PYTHONPATH=/home/ruben/go2_deploy/workhop_rl/install/unitree_hg/local/lib/python3.10/dist-packages:/home/ruben/go2_deploy/workhop_rl/install/unitree_go/local/lib/python3.10/dist-packages:/home/ruben/go2_deploy/workhop_rl/install/unitree_api/local/lib/python3.10/dist-packages:${PYTHONPATH} /usr/bin/cmake /home/ruben/go2_deploy/workhop_rl/src/unitree_ros2/example/src -DCMAKE_INSTALL_PREFIX=/home/ruben/go2_deploy/workhop_rl/install/unitree_ros2_example
[1.392s] Invoking command in '/home/ruben/go2_deploy/workhop_rl/build/unitree_ros2_example': AMENT_PREFIX_PATH=/home/ruben/go2_deploy/workhop_rl/install/unitree_hg:/home/ruben/go2_deploy/workhop_rl/install/unitree_go:/home/ruben/go2_deploy/workhop_rl/install/unitree_api:${AMENT_PREFIX_PATH} CMAKE_PREFIX_PATH=/home/ruben/go2_deploy/workhop_rl/install/unitree_hg:/home/ruben/go2_deploy/workhop_rl/install/unitree_go:/home/ruben/go2_deploy/workhop_rl/install/unitree_api:/opt/ros/humble LD_LIBRARY_PATH=/home/ruben/go2_deploy/workhop_rl/install/unitree_hg/lib:/home/ruben/go2_deploy/workhop_rl/install/unitree_go/lib:/home/ruben/go2_deploy/workhop_rl/install/unitree_api/lib:${LD_LIBRARY_PATH} PYTHONPATH=/home/ruben/go2_deploy/workhop_rl/install/unitree_hg/local/lib/python3.10/dist-packages:/home/ruben/go2_deploy/workhop_rl/install/unitree_go/local/lib/python3.10/dist-packages:/home/ruben/go2_deploy/workhop_rl/install/unitree_api/local/lib/python3.10/dist-packages:${PYTHONPATH} /usr/bin/cmake --build /home/ruben/go2_deploy/workhop_rl/build/unitree_ros2_example -- -j22 -l22
[1.442s] [  5%] [32mBuilding CXX object CMakeFiles/read_low_state.dir/src/read_low_state.cpp.o[0m
[1.443s] [ 10%] [32mBuilding CXX object CMakeFiles/g1_low_level_example.dir/src/common/motor_crc_hg.cpp.o[0m
[1.444s] [ 15%] [32mBuilding CXX object CMakeFiles/g1_low_level_example.dir/src/g1/lowlevel/g1_low_level_example.cpp.o[0m
[1.446s] [ 20%] [32mBuilding CXX object CMakeFiles/read_low_state_hg.dir/src/read_low_state_hg.cpp.o[0m
[1.450s] [ 25%] [32mBuilding CXX object CMakeFiles/low_level_ctrl.dir/src/low_level_ctrl.cpp.o[0m
[1.450s] [ 30%] [32mBuilding CXX object CMakeFiles/low_level_ctrl.dir/src/common/motor_crc.cpp.o[0m
[1.453s] [ 35%] [32mBuilding CXX object CMakeFiles/read_wireless_controller.dir/src/read_wireless_controller.cpp.o[0m
[1.465s] [ 45%] [32mBuilding CXX object CMakeFiles/sport_mode_ctrl.dir/src/sport_mode_ctrl.cpp.o[0m
[1.465s] [ 45%] [32mBuilding CXX object CMakeFiles/sport_mode_ctrl.dir/src/common/ros2_sport_client.cpp.o[0m
[1.465s] [ 50%] [32mBuilding CXX object CMakeFiles/read_motion_state.dir/src/read_motion_state.cpp.o[0m
[1.471s] [ 55%] [32mBuilding CXX object CMakeFiles/low_level_ctrl_hg.dir/src/common/motor_crc_hg.cpp.o[0m
[1.477s] [ 60%] [32mBuilding CXX object CMakeFiles/low_level_ctrl_hg.dir/src/h1-2/lowlevel/low_level_ctrl_hg.cpp.o[0m
[7.806s] [ 65%] [32m[1mLinking CXX executable low_level_ctrl[0m
[8.490s] [ 65%] Built target low_level_ctrl
[9.156s] [ 70%] [32m[1mLinking CXX executable read_wireless_controller[0m
[9.436s] [ 70%] Built target read_wireless_controller
[10.807s] [ 75%] [32m[1mLinking CXX executable read_low_state[0m
[11.221s] [ 75%] Built target read_low_state
[11.557s] [ 80%] [32m[1mLinking CXX executable read_low_state_hg[0m
[11.908s] [ 80%] Built target read_low_state_hg
[11.972s] [ 85%] [32m[1mLinking CXX executable g1_low_level_example[0m
[11.982s] [ 90%] [32m[1mLinking CXX executable sport_mode_ctrl[0m
[12.326s] [ 90%] Built target sport_mode_ctrl
[12.391s] [ 90%] Built target g1_low_level_example
[12.757s] [ 95%] [32m[1mLinking CXX executable low_level_ctrl_hg[0m
[13.031s] [ 95%] Built target low_level_ctrl_hg
[13.299s] [100%] [32m[1mLinking CXX executable read_motion_state[0m
[13.565s] [100%] Built target read_motion_state
[13.672s] Invoked command in '/home/ruben/go2_deploy/workhop_rl/build/unitree_ros2_example' returned '0': AMENT_PREFIX_PATH=/home/ruben/go2_deploy/workhop_rl/install/unitree_hg:/home/ruben/go2_deploy/workhop_rl/install/unitree_go:/home/ruben/go2_deploy/workhop_rl/install/unitree_api:${AMENT_PREFIX_PATH} CMAKE_PREFIX_PATH=/home/ruben/go2_deploy/workhop_rl/install/unitree_hg:/home/ruben/go2_deploy/workhop_rl/install/unitree_go:/home/ruben/go2_deploy/workhop_rl/install/unitree_api:/opt/ros/humble LD_LIBRARY_PATH=/home/ruben/go2_deploy/workhop_rl/install/unitree_hg/lib:/home/ruben/go2_deploy/workhop_rl/install/unitree_go/lib:/home/ruben/go2_deploy/workhop_rl/install/unitree_api/lib:${LD_LIBRARY_PATH} PYTHONPATH=/home/ruben/go2_deploy/workhop_rl/install/unitree_hg/local/lib/python3.10/dist-packages:/home/ruben/go2_deploy/workhop_rl/install/unitree_go/local/lib/python3.10/dist-packages:/home/ruben/go2_deploy/workhop_rl/install/unitree_api/local/lib/python3.10/dist-packages:${PYTHONPATH} /usr/bin/cmake --build /home/ruben/go2_deploy/workhop_rl/build/unitree_ros2_example -- -j22 -l22
[13.673s] Invoking command in '/home/ruben/go2_deploy/workhop_rl/build/unitree_ros2_example': AMENT_PREFIX_PATH=/home/ruben/go2_deploy/workhop_rl/install/unitree_hg:/home/ruben/go2_deploy/workhop_rl/install/unitree_go:/home/ruben/go2_deploy/workhop_rl/install/unitree_api:${AMENT_PREFIX_PATH} CMAKE_PREFIX_PATH=/home/ruben/go2_deploy/workhop_rl/install/unitree_hg:/home/ruben/go2_deploy/workhop_rl/install/unitree_go:/home/ruben/go2_deploy/workhop_rl/install/unitree_api:/opt/ros/humble LD_LIBRARY_PATH=/home/ruben/go2_deploy/workhop_rl/install/unitree_hg/lib:/home/ruben/go2_deploy/workhop_rl/install/unitree_go/lib:/home/ruben/go2_deploy/workhop_rl/install/unitree_api/lib:${LD_LIBRARY_PATH} PYTHONPATH=/home/ruben/go2_deploy/workhop_rl/install/unitree_hg/local/lib/python3.10/dist-packages:/home/ruben/go2_deploy/workhop_rl/install/unitree_go/local/lib/python3.10/dist-packages:/home/ruben/go2_deploy/workhop_rl/install/unitree_api/local/lib/python3.10/dist-packages:${PYTHONPATH} /usr/bin/cmake --install /home/ruben/go2_deploy/workhop_rl/build/unitree_ros2_example
[13.682s] -- Install configuration: ""
[13.682s] -- Installing: /home/ruben/go2_deploy/workhop_rl/install/unitree_ros2_example/bin/low_level_ctrl
[13.683s] -- Set runtime path of "/home/ruben/go2_deploy/workhop_rl/install/unitree_ros2_example/bin/low_level_ctrl" to ""
[13.683s] -- Installing: /home/ruben/go2_deploy/workhop_rl/install/unitree_ros2_example/bin/low_level_ctrl_hg
[13.685s] -- Set runtime path of "/home/ruben/go2_deploy/workhop_rl/install/unitree_ros2_example/bin/low_level_ctrl_hg" to ""
[13.685s] -- Installing: /home/ruben/go2_deploy/workhop_rl/install/unitree_ros2_example/bin/g1_low_level_example
[13.688s] -- Set runtime path of "/home/ruben/go2_deploy/workhop_rl/install/unitree_ros2_example/bin/g1_low_level_example" to ""
[13.688s] -- Installing: /home/ruben/go2_deploy/workhop_rl/install/unitree_ros2_example/bin/read_low_state
[13.691s] -- Set runtime path of "/home/ruben/go2_deploy/workhop_rl/install/unitree_ros2_example/bin/read_low_state" to ""
[13.691s] -- Installing: /home/ruben/go2_deploy/workhop_rl/install/unitree_ros2_example/bin/read_low_state_hg
[13.693s] -- Set runtime path of "/home/ruben/go2_deploy/workhop_rl/install/unitree_ros2_example/bin/read_low_state_hg" to ""
[13.694s] -- Installing: /home/ruben/go2_deploy/workhop_rl/install/unitree_ros2_example/bin/read_motion_state
[13.696s] -- Set runtime path of "/home/ruben/go2_deploy/workhop_rl/install/unitree_ros2_example/bin/read_motion_state" to ""
[13.696s] -- Installing: /home/ruben/go2_deploy/workhop_rl/install/unitree_ros2_example/bin/read_wireless_controller
[13.698s] -- Set runtime path of "/home/ruben/go2_deploy/workhop_rl/install/unitree_ros2_example/bin/read_wireless_controller" to ""
[13.698s] -- Installing: /home/ruben/go2_deploy/workhop_rl/install/unitree_ros2_example/bin/sport_mode_ctrl
[13.701s] -- Set runtime path of "/home/ruben/go2_deploy/workhop_rl/install/unitree_ros2_example/bin/sport_mode_ctrl" to ""
[13.701s] -- Installing: /home/ruben/go2_deploy/workhop_rl/install/unitree_ros2_example/share/ament_index/resource_index/package_run_dependencies/unitree_ros2_example
[13.701s] -- Installing: /home/ruben/go2_deploy/workhop_rl/install/unitree_ros2_example/share/ament_index/resource_index/parent_prefix_path/unitree_ros2_example
[13.701s] -- Installing: /home/ruben/go2_deploy/workhop_rl/install/unitree_ros2_example/share/unitree_ros2_example/environment/ament_prefix_path.sh
[13.701s] -- Installing: /home/ruben/go2_deploy/workhop_rl/install/unitree_ros2_example/share/unitree_ros2_example/environment/ament_prefix_path.dsv
[13.701s] -- Installing: /home/ruben/go2_deploy/workhop_rl/install/unitree_ros2_example/share/unitree_ros2_example/environment/path.sh
[13.701s] -- Installing: /home/ruben/go2_deploy/workhop_rl/install/unitree_ros2_example/share/unitree_ros2_example/environment/path.dsv
[13.701s] -- Installing: /home/ruben/go2_deploy/workhop_rl/install/unitree_ros2_example/share/unitree_ros2_example/local_setup.bash
[13.702s] -- Installing: /home/ruben/go2_deploy/workhop_rl/install/unitree_ros2_example/share/unitree_ros2_example/local_setup.sh
[13.702s] -- Installing: /home/ruben/go2_deploy/workhop_rl/install/unitree_ros2_example/share/unitree_ros2_example/local_setup.zsh
[13.702s] -- Installing: /home/ruben/go2_deploy/workhop_rl/install/unitree_ros2_example/share/unitree_ros2_example/local_setup.dsv
[13.702s] -- Installing: /home/ruben/go2_deploy/workhop_rl/install/unitree_ros2_example/share/unitree_ros2_example/package.dsv
[13.702s] -- Installing: /home/ruben/go2_deploy/workhop_rl/install/unitree_ros2_example/share/ament_index/resource_index/packages/unitree_ros2_example
[13.702s] -- Installing: /home/ruben/go2_deploy/workhop_rl/install/unitree_ros2_example/share/unitree_ros2_example/cmake/unitree_ros2_exampleConfig.cmake
[13.702s] -- Installing: /home/ruben/go2_deploy/workhop_rl/install/unitree_ros2_example/share/unitree_ros2_example/cmake/unitree_ros2_exampleConfig-version.cmake
[13.702s] -- Installing: /home/ruben/go2_deploy/workhop_rl/install/unitree_ros2_example/share/unitree_ros2_example/package.xml
[13.704s] Invoked command in '/home/ruben/go2_deploy/workhop_rl/build/unitree_ros2_example' returned '0': AMENT_PREFIX_PATH=/home/ruben/go2_deploy/workhop_rl/install/unitree_hg:/home/ruben/go2_deploy/workhop_rl/install/unitree_go:/home/ruben/go2_deploy/workhop_rl/install/unitree_api:${AMENT_PREFIX_PATH} CMAKE_PREFIX_PATH=/home/ruben/go2_deploy/workhop_rl/install/unitree_hg:/home/ruben/go2_deploy/workhop_rl/install/unitree_go:/home/ruben/go2_deploy/workhop_rl/install/unitree_api:/opt/ros/humble LD_LIBRARY_PATH=/home/ruben/go2_deploy/workhop_rl/install/unitree_hg/lib:/home/ruben/go2_deploy/workhop_rl/install/unitree_go/lib:/home/ruben/go2_deploy/workhop_rl/install/unitree_api/lib:${LD_LIBRARY_PATH} PYTHONPATH=/home/ruben/go2_deploy/workhop_rl/install/unitree_hg/local/lib/python3.10/dist-packages:/home/ruben/go2_deploy/workhop_rl/install/unitree_go/local/lib/python3.10/dist-packages:/home/ruben/go2_deploy/workhop_rl/install/unitree_api/local/lib/python3.10/dist-packages:${PYTHONPATH} /usr/bin/cmake --install /home/ruben/go2_deploy/workhop_rl/build/unitree_ros2_example
