-- The C compiler identification is GNU 11.4.0
-- The CXX compiler identification is GNU 11.4.0
-- Detecting C compiler ABI info
-- Detecting C compiler ABI info - done
-- Check for working C compiler: /usr/bin/cc - skipped
-- Detecting C compile features
-- Detecting C compile features - done
-- Detecting CXX compiler ABI info
-- Detecting CXX compiler ABI info - done
-- Check for working CXX compiler: /usr/bin/c++ - skipped
-- Detecting CXX compile features
-- Detecting CXX compile features - done
-- Found OpenGL: /usr/lib/x86_64-linux-gnu/libOpenGL.so   
-- Looking for pthread.h
-- Looking for pthread.h - found
-- Performing Test CMAKE_HAVE_LIBC_PTHREAD
-- Performing Test CMAKE_HAVE_LIBC_PTHREAD - Success
-- Found Threads: TRUE  
-- Found ament_cmake: 1.3.12 (/opt/ros/humble/share/ament_cmake/cmake)
-- Found Python3: /usr/bin/python3 (found version "3.10.12") found components: Interpreter 
-- Configuring done
-- Generating done
-- Build files have been written to: /home/ruben/go2_deploy/workhop_rl/build/unitree_mujoco
[  7%] [32mBuilding CXX object CMakeFiles/unitree_mujoco.dir/src/joystick/joystick.cc.o[0m
[ 15%] [32mBuilding CXX object CMakeFiles/unitree_mujoco.dir/src/mujoco/simulate.cc.o[0m
[ 23%] [32mBuilding CXX object CMakeFiles/test_unitree_sdk2.dir/test/test_unitree_sdk2.cpp.o[0m
[ 38%] [32mBuilding CXX object CMakeFiles/jstest.dir/src/joystick/joystick.cc.o[0m
[ 38%] [32mBuilding CXX object CMakeFiles/unitree_mujoco.dir/src/mujoco/glfw_dispatch.cc.o[0m
[ 46%] [32mBuilding CXX object CMakeFiles/unitree_mujoco.dir/src/mujoco/glfw_adapter.cc.o[0m
[ 61%] [32mBuilding CXX object CMakeFiles/jstest.dir/src/joystick/jstest.cc.o[0m
[ 61%] [32mBuilding CXX object CMakeFiles/unitree_mujoco.dir/src/mujoco/platform_ui_adapter.cc.o[0m
[ 69%] [32mBuilding CXX object CMakeFiles/unitree_mujoco.dir/src/unitree_sdk2_bridge/unitree_sdk2_bridge.cc.o[0m
[ 76%] [32mBuilding CXX object CMakeFiles/unitree_mujoco.dir/src/main.cc.o[0m
[ 84%] [32m[1mLinking CXX executable jstest[0m
[ 84%] Built target jstest
[ 92%] [32m[1mLinking CXX executable test_unitree_sdk2[0m
[ 92%] Built target test_unitree_sdk2
[100%] [32m[1mLinking CXX executable unitree_mujoco[0m
[100%] Built target unitree_mujoco
-- Install configuration: "Release"
-- Installing: /home/ruben/go2_deploy/workhop_rl/install/unitree_mujoco/lib/unitree_mujoco/unitree_mujoco
-- Set runtime path of "/home/ruben/go2_deploy/workhop_rl/install/unitree_mujoco/lib/unitree_mujoco/unitree_mujoco" to ""
-- Installing: /home/ruben/go2_deploy/workhop_rl/install/unitree_mujoco/share/ament_index/resource_index/package_run_dependencies/unitree_mujoco
-- Installing: /home/ruben/go2_deploy/workhop_rl/install/unitree_mujoco/share/ament_index/resource_index/parent_prefix_path/unitree_mujoco
-- Installing: /home/ruben/go2_deploy/workhop_rl/install/unitree_mujoco/share/unitree_mujoco/environment/ament_prefix_path.sh
-- Installing: /home/ruben/go2_deploy/workhop_rl/install/unitree_mujoco/share/unitree_mujoco/environment/ament_prefix_path.dsv
-- Installing: /home/ruben/go2_deploy/workhop_rl/install/unitree_mujoco/share/unitree_mujoco/environment/path.sh
-- Installing: /home/ruben/go2_deploy/workhop_rl/install/unitree_mujoco/share/unitree_mujoco/environment/path.dsv
-- Installing: /home/ruben/go2_deploy/workhop_rl/install/unitree_mujoco/share/unitree_mujoco/local_setup.bash
-- Installing: /home/ruben/go2_deploy/workhop_rl/install/unitree_mujoco/share/unitree_mujoco/local_setup.sh
-- Installing: /home/ruben/go2_deploy/workhop_rl/install/unitree_mujoco/share/unitree_mujoco/local_setup.zsh
-- Installing: /home/ruben/go2_deploy/workhop_rl/install/unitree_mujoco/share/unitree_mujoco/local_setup.dsv
-- Installing: /home/ruben/go2_deploy/workhop_rl/install/unitree_mujoco/share/unitree_mujoco/package.dsv
-- Installing: /home/ruben/go2_deploy/workhop_rl/install/unitree_mujoco/share/ament_index/resource_index/packages/unitree_mujoco
-- Installing: /home/ruben/go2_deploy/workhop_rl/install/unitree_mujoco/share/unitree_mujoco/cmake/unitree_mujocoConfig.cmake
-- Installing: /home/ruben/go2_deploy/workhop_rl/install/unitree_mujoco/share/unitree_mujoco/cmake/unitree_mujocoConfig-version.cmake
-- Installing: /home/ruben/go2_deploy/workhop_rl/install/unitree_mujoco/share/unitree_mujoco/package.xml
