[0.011s] Invoking command in '/home/ruben/go2_deploy/workhop_rl/build/unitree_mujoco': AMENT_PREFIX_PATH=/home/ruben/go2_deploy/workhop_rl/install/unitree_go:/home/ruben/go2_deploy/workhop_rl/install/unitree_api:${AMENT_PREFIX_PATH} CMAKE_PREFIX_PATH=/home/ruben/go2_deploy/workhop_rl/install/unitree_go:/home/ruben/go2_deploy/workhop_rl/install/unitree_api:/opt/ros/humble LD_LIBRARY_PATH=/home/ruben/go2_deploy/workhop_rl/install/unitree_go/lib:/home/ruben/go2_deploy/workhop_rl/install/unitree_api/lib:${LD_LIBRARY_PATH} PYTHONPATH=/home/ruben/go2_deploy/workhop_rl/install/unitree_go/local/lib/python3.10/dist-packages:/home/ruben/go2_deploy/workhop_rl/install/unitree_api/local/lib/python3.10/dist-packages:${PYTHONPATH} /usr/bin/cmake /home/ruben/go2_deploy/workhop_rl/src/unitree_mujoco/simulate -DCMAKE_INSTALL_PREFIX=/home/ruben/go2_deploy/workhop_rl/install/unitree_mujoco
[0.141s] -- The C compiler identification is GNU 11.4.0
[0.248s] -- The CXX compiler identification is GNU 11.4.0
[0.255s] -- Detecting C compiler ABI info
[0.312s] -- Detecting C compiler ABI info - done
[0.316s] -- Check for working C compiler: /usr/bin/cc - skipped
[0.316s] -- Detecting C compile features
[0.316s] -- Detecting C compile features - done
[0.318s] -- Detecting CXX compiler ABI info
[0.428s] -- Detecting CXX compiler ABI info - done
[0.438s] -- Check for working CXX compiler: /usr/bin/c++ - skipped
[0.438s] -- Detecting CXX compile features
[0.439s] -- Detecting CXX compile features - done
[0.536s] -- Found OpenGL: /usr/lib/x86_64-linux-gnu/libOpenGL.so   
[0.627s] -- Looking for pthread.h
[0.691s] -- Looking for pthread.h - found
[0.691s] -- Performing Test CMAKE_HAVE_LIBC_PTHREAD
[0.791s] -- Performing Test CMAKE_HAVE_LIBC_PTHREAD - Success
[0.792s] -- Found Threads: TRUE  
[0.864s] -- Found ament_cmake: 1.3.12 (/opt/ros/humble/share/ament_cmake/cmake)
[1.000s] -- Found Python3: /usr/bin/python3 (found version "3.10.12") found components: Interpreter 
[1.118s] -- Configuring done
[1.122s] -- Generating done
[1.123s] -- Build files have been written to: /home/ruben/go2_deploy/workhop_rl/build/unitree_mujoco
[1.128s] Invoked command in '/home/ruben/go2_deploy/workhop_rl/build/unitree_mujoco' returned '0': AMENT_PREFIX_PATH=/home/ruben/go2_deploy/workhop_rl/install/unitree_go:/home/ruben/go2_deploy/workhop_rl/install/unitree_api:${AMENT_PREFIX_PATH} CMAKE_PREFIX_PATH=/home/ruben/go2_deploy/workhop_rl/install/unitree_go:/home/ruben/go2_deploy/workhop_rl/install/unitree_api:/opt/ros/humble LD_LIBRARY_PATH=/home/ruben/go2_deploy/workhop_rl/install/unitree_go/lib:/home/ruben/go2_deploy/workhop_rl/install/unitree_api/lib:${LD_LIBRARY_PATH} PYTHONPATH=/home/ruben/go2_deploy/workhop_rl/install/unitree_go/local/lib/python3.10/dist-packages:/home/ruben/go2_deploy/workhop_rl/install/unitree_api/local/lib/python3.10/dist-packages:${PYTHONPATH} /usr/bin/cmake /home/ruben/go2_deploy/workhop_rl/src/unitree_mujoco/simulate -DCMAKE_INSTALL_PREFIX=/home/ruben/go2_deploy/workhop_rl/install/unitree_mujoco
[1.129s] Invoking command in '/home/ruben/go2_deploy/workhop_rl/build/unitree_mujoco': AMENT_PREFIX_PATH=/home/ruben/go2_deploy/workhop_rl/install/unitree_go:/home/ruben/go2_deploy/workhop_rl/install/unitree_api:${AMENT_PREFIX_PATH} CMAKE_PREFIX_PATH=/home/ruben/go2_deploy/workhop_rl/install/unitree_go:/home/ruben/go2_deploy/workhop_rl/install/unitree_api:/opt/ros/humble LD_LIBRARY_PATH=/home/ruben/go2_deploy/workhop_rl/install/unitree_go/lib:/home/ruben/go2_deploy/workhop_rl/install/unitree_api/lib:${LD_LIBRARY_PATH} PYTHONPATH=/home/ruben/go2_deploy/workhop_rl/install/unitree_go/local/lib/python3.10/dist-packages:/home/ruben/go2_deploy/workhop_rl/install/unitree_api/local/lib/python3.10/dist-packages:${PYTHONPATH} /usr/bin/cmake --build /home/ruben/go2_deploy/workhop_rl/build/unitree_mujoco -- -j22 -l22
[1.165s] [  7%] [32mBuilding CXX object CMakeFiles/unitree_mujoco.dir/src/joystick/joystick.cc.o[0m
[1.165s] [ 15%] [32mBuilding CXX object CMakeFiles/unitree_mujoco.dir/src/mujoco/simulate.cc.o[0m
[1.166s] [ 23%] [32mBuilding CXX object CMakeFiles/test_unitree_sdk2.dir/test/test_unitree_sdk2.cpp.o[0m
[1.167s] [ 38%] [32mBuilding CXX object CMakeFiles/jstest.dir/src/joystick/joystick.cc.o[0m
[1.167s] [ 38%] [32mBuilding CXX object CMakeFiles/unitree_mujoco.dir/src/mujoco/glfw_dispatch.cc.o[0m
[1.167s] [ 46%] [32mBuilding CXX object CMakeFiles/unitree_mujoco.dir/src/mujoco/glfw_adapter.cc.o[0m
[1.167s] [ 61%] [32mBuilding CXX object CMakeFiles/jstest.dir/src/joystick/jstest.cc.o[0m
[1.168s] [ 61%] [32mBuilding CXX object CMakeFiles/unitree_mujoco.dir/src/mujoco/platform_ui_adapter.cc.o[0m
[1.168s] [ 69%] [32mBuilding CXX object CMakeFiles/unitree_mujoco.dir/src/unitree_sdk2_bridge/unitree_sdk2_bridge.cc.o[0m
[1.168s] [ 76%] [32mBuilding CXX object CMakeFiles/unitree_mujoco.dir/src/main.cc.o[0m
[1.956s] [ 84%] [32m[1mLinking CXX executable jstest[0m
[2.107s] [ 84%] Built target jstest
[12.033s] [ 92%] [32m[1mLinking CXX executable test_unitree_sdk2[0m
[12.445s] [ 92%] Built target test_unitree_sdk2
[20.177s] [100%] [32m[1mLinking CXX executable unitree_mujoco[0m
[20.510s] [100%] Built target unitree_mujoco
[20.566s] Invoked command in '/home/ruben/go2_deploy/workhop_rl/build/unitree_mujoco' returned '0': AMENT_PREFIX_PATH=/home/ruben/go2_deploy/workhop_rl/install/unitree_go:/home/ruben/go2_deploy/workhop_rl/install/unitree_api:${AMENT_PREFIX_PATH} CMAKE_PREFIX_PATH=/home/ruben/go2_deploy/workhop_rl/install/unitree_go:/home/ruben/go2_deploy/workhop_rl/install/unitree_api:/opt/ros/humble LD_LIBRARY_PATH=/home/ruben/go2_deploy/workhop_rl/install/unitree_go/lib:/home/ruben/go2_deploy/workhop_rl/install/unitree_api/lib:${LD_LIBRARY_PATH} PYTHONPATH=/home/ruben/go2_deploy/workhop_rl/install/unitree_go/local/lib/python3.10/dist-packages:/home/ruben/go2_deploy/workhop_rl/install/unitree_api/local/lib/python3.10/dist-packages:${PYTHONPATH} /usr/bin/cmake --build /home/ruben/go2_deploy/workhop_rl/build/unitree_mujoco -- -j22 -l22
[20.567s] Invoking command in '/home/ruben/go2_deploy/workhop_rl/build/unitree_mujoco': AMENT_PREFIX_PATH=/home/ruben/go2_deploy/workhop_rl/install/unitree_go:/home/ruben/go2_deploy/workhop_rl/install/unitree_api:${AMENT_PREFIX_PATH} CMAKE_PREFIX_PATH=/home/ruben/go2_deploy/workhop_rl/install/unitree_go:/home/ruben/go2_deploy/workhop_rl/install/unitree_api:/opt/ros/humble LD_LIBRARY_PATH=/home/ruben/go2_deploy/workhop_rl/install/unitree_go/lib:/home/ruben/go2_deploy/workhop_rl/install/unitree_api/lib:${LD_LIBRARY_PATH} PYTHONPATH=/home/ruben/go2_deploy/workhop_rl/install/unitree_go/local/lib/python3.10/dist-packages:/home/ruben/go2_deploy/workhop_rl/install/unitree_api/local/lib/python3.10/dist-packages:${PYTHONPATH} /usr/bin/cmake --install /home/ruben/go2_deploy/workhop_rl/build/unitree_mujoco
[20.573s] -- Install configuration: "Release"
[20.573s] -- Installing: /home/ruben/go2_deploy/workhop_rl/install/unitree_mujoco/lib/unitree_mujoco/unitree_mujoco
[20.575s] -- Set runtime path of "/home/ruben/go2_deploy/workhop_rl/install/unitree_mujoco/lib/unitree_mujoco/unitree_mujoco" to ""
[20.575s] -- Installing: /home/ruben/go2_deploy/workhop_rl/install/unitree_mujoco/share/ament_index/resource_index/package_run_dependencies/unitree_mujoco
[20.575s] -- Installing: /home/ruben/go2_deploy/workhop_rl/install/unitree_mujoco/share/ament_index/resource_index/parent_prefix_path/unitree_mujoco
[20.575s] -- Installing: /home/ruben/go2_deploy/workhop_rl/install/unitree_mujoco/share/unitree_mujoco/environment/ament_prefix_path.sh
[20.575s] -- Installing: /home/ruben/go2_deploy/workhop_rl/install/unitree_mujoco/share/unitree_mujoco/environment/ament_prefix_path.dsv
[20.575s] -- Installing: /home/ruben/go2_deploy/workhop_rl/install/unitree_mujoco/share/unitree_mujoco/environment/path.sh
[20.575s] -- Installing: /home/ruben/go2_deploy/workhop_rl/install/unitree_mujoco/share/unitree_mujoco/environment/path.dsv
[20.575s] -- Installing: /home/ruben/go2_deploy/workhop_rl/install/unitree_mujoco/share/unitree_mujoco/local_setup.bash
[20.575s] -- Installing: /home/ruben/go2_deploy/workhop_rl/install/unitree_mujoco/share/unitree_mujoco/local_setup.sh
[20.575s] -- Installing: /home/ruben/go2_deploy/workhop_rl/install/unitree_mujoco/share/unitree_mujoco/local_setup.zsh
[20.575s] -- Installing: /home/ruben/go2_deploy/workhop_rl/install/unitree_mujoco/share/unitree_mujoco/local_setup.dsv
[20.576s] -- Installing: /home/ruben/go2_deploy/workhop_rl/install/unitree_mujoco/share/unitree_mujoco/package.dsv
[20.576s] -- Installing: /home/ruben/go2_deploy/workhop_rl/install/unitree_mujoco/share/ament_index/resource_index/packages/unitree_mujoco
[20.576s] -- Installing: /home/ruben/go2_deploy/workhop_rl/install/unitree_mujoco/share/unitree_mujoco/cmake/unitree_mujocoConfig.cmake
[20.576s] -- Installing: /home/ruben/go2_deploy/workhop_rl/install/unitree_mujoco/share/unitree_mujoco/cmake/unitree_mujocoConfig-version.cmake
[20.576s] -- Installing: /home/ruben/go2_deploy/workhop_rl/install/unitree_mujoco/share/unitree_mujoco/package.xml
[20.577s] Invoked command in '/home/ruben/go2_deploy/workhop_rl/build/unitree_mujoco' returned '0': AMENT_PREFIX_PATH=/home/ruben/go2_deploy/workhop_rl/install/unitree_go:/home/ruben/go2_deploy/workhop_rl/install/unitree_api:${AMENT_PREFIX_PATH} CMAKE_PREFIX_PATH=/home/ruben/go2_deploy/workhop_rl/install/unitree_go:/home/ruben/go2_deploy/workhop_rl/install/unitree_api:/opt/ros/humble LD_LIBRARY_PATH=/home/ruben/go2_deploy/workhop_rl/install/unitree_go/lib:/home/ruben/go2_deploy/workhop_rl/install/unitree_api/lib:${LD_LIBRARY_PATH} PYTHONPATH=/home/ruben/go2_deploy/workhop_rl/install/unitree_go/local/lib/python3.10/dist-packages:/home/ruben/go2_deploy/workhop_rl/install/unitree_api/local/lib/python3.10/dist-packages:${PYTHONPATH} /usr/bin/cmake --install /home/ruben/go2_deploy/workhop_rl/build/unitree_mujoco
