[0.039s] Invoking command in '/ws/build/unitree_hg': CMAKE_PREFIX_PATH=/opt/ros/humble /usr/bin/cmake /ws/src/unitree_ros2/cyclonedds_ws/src/unitree/unitree_hg -DCMAKE_INSTALL_PREFIX=/ws/install/unitree_hg
[0.237s] -- The C compiler identification is GNU 11.4.0
[0.459s] -- The CXX compiler identification is GNU 11.4.0
[0.476s] -- Detecting C compiler ABI info
[0.701s] -- Detecting C compiler ABI info - done
[0.715s] -- Check for working C compiler: /usr/bin/cc - skipped
[0.718s] -- Detecting C compile features
[0.718s] -- Detecting C compile features - done
[0.725s] -- Detecting CXX compiler ABI info
[0.964s] -- Detecting CXX compiler ABI info - done
[0.982s] -- Check for working CXX compiler: /usr/bin/c++ - skipped
[0.984s] -- Detecting CXX compile features
[0.984s] -- Detecting CXX compile features - done
[0.992s] -- Found ament_cmake: 1.3.12 (/opt/ros/humble/share/ament_cmake/cmake)
[1.384s] -- Found Python3: /usr/bin/python3 (found version "3.10.12") found components: Interpreter 
[1.643s] -- Found geometry_msgs: 4.9.0 (/opt/ros/humble/share/geometry_msgs/cmake)
[1.733s] -- Found rosidl_generator_c: 3.1.8 (/opt/ros/humble/share/rosidl_generator_c/cmake)
[1.741s] -- Found rosidl_adapter: 3.1.8 (/opt/ros/humble/share/rosidl_adapter/cmake)
[1.768s] -- Found rosidl_generator_cpp: 3.1.8 (/opt/ros/humble/share/rosidl_generator_cpp/cmake)
[1.792s] -- Using all available rosidl_typesupport_c: rosidl_typesupport_fastrtps_c;rosidl_typesupport_introspection_c
[1.828s] -- Using all available rosidl_typesupport_cpp: rosidl_typesupport_fastrtps_cpp;rosidl_typesupport_introspection_cpp
[1.916s] -- Found rosidl_default_generators: 1.2.0 (/opt/ros/humble/share/rosidl_default_generators/cmake)
[1.958s] -- Found rosidl_generator_dds_idl: 0.8.1 (/opt/ros/humble/share/rosidl_generator_dds_idl/cmake)
[2.805s] -- Found ament_cmake_ros: 0.10.0 (/opt/ros/humble/share/ament_cmake_ros/cmake)
[3.810s] -- Using all available rosidl_typesupport_c: rosidl_typesupport_fastrtps_c;rosidl_typesupport_introspection_c
[4.240s] -- Using all available rosidl_typesupport_cpp: rosidl_typesupport_fastrtps_cpp;rosidl_typesupport_introspection_cpp
[4.281s] -- Found PythonInterp: /usr/bin/python3 (found suitable version "3.10.12", minimum required is "3.6") 
[4.288s] -- Found python_cmake_module: 0.10.0 (/opt/ros/humble/share/python_cmake_module/cmake)
[4.331s] -- Found PythonLibs: /usr/lib/aarch64-linux-gnu/libpython3.10.so (found suitable version "3.10.12", minimum required is "3.5") 
[4.334s] -- Using PYTHON_EXECUTABLE: /usr/bin/python3
[4.338s] -- Using PYTHON_INCLUDE_DIRS: /usr/include/python3.10
[4.339s] -- Using PYTHON_LIBRARIES: /usr/lib/aarch64-linux-gnu/libpython3.10.so
[4.373s] -- Found PythonExtra: .so  
[4.582s] -- Found ament_lint_auto: 0.12.14 (/opt/ros/humble/share/ament_lint_auto/cmake)
[4.645s] -- Added test 'copyright' to check source files copyright and LICENSE
[4.649s] -- Added test 'lint_cmake' to check CMake code style
[4.655s] -- Added test 'xmllint' to check XML markup files
[4.657s] -- Configuring done
[4.825s] -- Generating done
[4.862s] -- Build files have been written to: /ws/build/unitree_hg
[4.910s] Invoked command in '/ws/build/unitree_hg' returned '0': CMAKE_PREFIX_PATH=/opt/ros/humble /usr/bin/cmake /ws/src/unitree_ros2/cyclonedds_ws/src/unitree/unitree_hg -DCMAKE_INSTALL_PREFIX=/ws/install/unitree_hg
[4.912s] Invoking command in '/ws/build/unitree_hg': CMAKE_PREFIX_PATH=/opt/ros/humble /usr/bin/cmake --build /ws/build/unitree_hg -- -j4 -l4
[5.056s] [  1%] [34m[1mGenerating DDS interfaces[0m
[6.481s] [  1%] Built target unitree_hg__dds_connext_idl
[6.550s] [  1%] Built target ament_cmake_python_copy_unitree_hg
[6.593s] [  1%] [34m[1mGenerating C++ code for ROS interfaces[0m
[9.524s] [  1%] Built target unitree_hg__cpp
[10.038s] running egg_info
[10.040s] creating unitree_hg.egg-info
[10.042s] writing unitree_hg.egg-info/PKG-INFO
[10.043s] writing dependency_links to unitree_hg.egg-info/dependency_links.txt
[10.043s] writing top-level names to unitree_hg.egg-info/top_level.txt
[10.044s] writing manifest file 'unitree_hg.egg-info/SOURCES.txt'
[10.051s] reading manifest file 'unitree_hg.egg-info/SOURCES.txt'
[10.056s] writing manifest file 'unitree_hg.egg-info/SOURCES.txt'
[10.181s] [  1%] Built target ament_cmake_python_build_unitree_hg_egg
[10.205s] [  2%] [34m[1mGenerating C++ introspection for ROS interfaces[0m
[12.329s] [  3%] [32mBuilding CXX object CMakeFiles/unitree_hg__rosidl_typesupport_introspection_cpp.dir/rosidl_typesupport_introspection_cpp/unitree_hg/msg/detail/bms_cmd__type_support.cpp.o[0m
[13.424s] [  4%] [32mBuilding CXX object CMakeFiles/unitree_hg__rosidl_typesupport_introspection_cpp.dir/rosidl_typesupport_introspection_cpp/unitree_hg/msg/detail/bms_state__type_support.cpp.o[0m
[14.429s] [  4%] [32mBuilding CXX object CMakeFiles/unitree_hg__rosidl_typesupport_introspection_cpp.dir/rosidl_typesupport_introspection_cpp/unitree_hg/msg/detail/hand_cmd__type_support.cpp.o[0m
[15.498s] [  5%] [32mBuilding CXX object CMakeFiles/unitree_hg__rosidl_typesupport_introspection_cpp.dir/rosidl_typesupport_introspection_cpp/unitree_hg/msg/detail/hand_state__type_support.cpp.o[0m
[16.443s] [  6%] [32mBuilding CXX object CMakeFiles/unitree_hg__rosidl_typesupport_introspection_cpp.dir/rosidl_typesupport_introspection_cpp/unitree_hg/msg/detail/imu_state__type_support.cpp.o[0m
[17.262s] [  7%] [32mBuilding CXX object CMakeFiles/unitree_hg__rosidl_typesupport_introspection_cpp.dir/rosidl_typesupport_introspection_cpp/unitree_hg/msg/detail/low_cmd__type_support.cpp.o[0m
[18.036s] [  8%] [32mBuilding CXX object CMakeFiles/unitree_hg__rosidl_typesupport_introspection_cpp.dir/rosidl_typesupport_introspection_cpp/unitree_hg/msg/detail/low_state__type_support.cpp.o[0m
[18.841s] [  9%] [32mBuilding CXX object CMakeFiles/unitree_hg__rosidl_typesupport_introspection_cpp.dir/rosidl_typesupport_introspection_cpp/unitree_hg/msg/detail/main_board_state__type_support.cpp.o[0m
[19.597s] [ 10%] [32mBuilding CXX object CMakeFiles/unitree_hg__rosidl_typesupport_introspection_cpp.dir/rosidl_typesupport_introspection_cpp/unitree_hg/msg/detail/motor_cmd__type_support.cpp.o[0m
[20.307s] [ 11%] [32mBuilding CXX object CMakeFiles/unitree_hg__rosidl_typesupport_introspection_cpp.dir/rosidl_typesupport_introspection_cpp/unitree_hg/msg/detail/motor_state__type_support.cpp.o[0m
[21.059s] [ 12%] [32mBuilding CXX object CMakeFiles/unitree_hg__rosidl_typesupport_introspection_cpp.dir/rosidl_typesupport_introspection_cpp/unitree_hg/msg/detail/press_sensor_state__type_support.cpp.o[0m
[21.840s] [ 13%] [32m[1mLinking CXX shared library libunitree_hg__rosidl_typesupport_introspection_cpp.so[0m
[22.074s] [ 13%] Built target unitree_hg__rosidl_typesupport_introspection_cpp
[22.102s] [ 14%] [34m[1mGenerating C++ type support dispatch for ROS interfaces[0m
[23.310s] [ 15%] [32mBuilding CXX object CMakeFiles/unitree_hg__rosidl_typesupport_cpp.dir/rosidl_typesupport_cpp/unitree_hg/msg/bms_cmd__type_support.cpp.o[0m
[23.333s] gmake[2]: *** [CMakeFiles/unitree_hg__rosidl_typesupport_cpp.dir/build.make:188: CMakeFiles/unitree_hg__rosidl_typesupport_cpp.dir/rosidl_typesupport_cpp/unitree_hg/msg/bms_cmd__type_support.cpp.o] Interrupt
[23.334s] gmake[1]: *** [CMakeFiles/Makefile2:397: CMakeFiles/unitree_hg__rosidl_typesupport_cpp.dir/all] Interrupt
[23.341s] gmake: *** [Makefile:146: all] Interrupt
