[0.218s] Invoking command in '/ws/build/unitree_hg': CMAKE_PREFIX_PATH=${CMAKE_PREFIX_PATH}:/opt/ros/humble /usr/bin/cmake --build /ws/build/unitree_hg -- -j4 -l4
[0.472s] [  1%] [34m[1mGenerating C code for ROS interfaces[0m
[0.556s] [  1%] Built target unitree_hg__cpp
[0.569s] [  2%] Built target unitree_hg__dds_connext_idl
[0.676s] [  2%] Built target ament_cmake_python_copy_unitree_hg
[0.686s] [  3%] [34m[1mGenerating C++ type support for eProsima Fast-RTPS[0m
[0.694s] [35m[1mConsolidate compiler generated dependencies of target unitree_hg__rosidl_typesupport_introspection_cpp[0m
[0.937s] [  4%] [32mBuilding CXX object CMakeFiles/unitree_hg__rosidl_typesupport_cpp.dir/rosidl_typesupport_cpp/unitree_hg/msg/bms_cmd__type_support.cpp.o[0m
[0.954s] [ 16%] Built target unitree_hg__rosidl_typesupport_introspection_cpp
[1.030s] [ 17%] [32mBuilding CXX object CMakeFiles/unitree_hg__rosidl_typesupport_cpp.dir/rosidl_typesupport_cpp/unitree_hg/msg/bms_state__type_support.cpp.o[0m
[3.000s] [ 17%] [32mBuilding CXX object CMakeFiles/unitree_hg__rosidl_typesupport_cpp.dir/rosidl_typesupport_cpp/unitree_hg/msg/hand_cmd__type_support.cpp.o[0m
[4.171s] [ 18%] [32mBuilding CXX object CMakeFiles/unitree_hg__rosidl_typesupport_cpp.dir/rosidl_typesupport_cpp/unitree_hg/msg/hand_state__type_support.cpp.o[0m
[5.709s] [ 19%] [32mBuilding CXX object CMakeFiles/unitree_hg__rosidl_typesupport_cpp.dir/rosidl_typesupport_cpp/unitree_hg/msg/imu_state__type_support.cpp.o[0m
[6.236s] [ 20%] [32mBuilding CXX object CMakeFiles/unitree_hg__rosidl_typesupport_cpp.dir/rosidl_typesupport_cpp/unitree_hg/msg/low_cmd__type_support.cpp.o[0m
[8.483s] [ 21%] [32mBuilding CXX object CMakeFiles/unitree_hg__rosidl_typesupport_fastrtps_cpp.dir/rosidl_typesupport_fastrtps_cpp/unitree_hg/msg/detail/dds_fastrtps/bms_cmd__type_support.cpp.o[0m
[8.776s] [ 22%] [32mBuilding CXX object CMakeFiles/unitree_hg__rosidl_typesupport_cpp.dir/rosidl_typesupport_cpp/unitree_hg/msg/low_state__type_support.cpp.o[0m
[9.324s] [ 23%] [32mBuilding CXX object CMakeFiles/unitree_hg__rosidl_typesupport_cpp.dir/rosidl_typesupport_cpp/unitree_hg/msg/main_board_state__type_support.cpp.o[0m
[11.754s] [ 24%] [32mBuilding CXX object CMakeFiles/unitree_hg__rosidl_typesupport_cpp.dir/rosidl_typesupport_cpp/unitree_hg/msg/motor_cmd__type_support.cpp.o[0m
[12.930s] [ 25%] [32mBuilding C object CMakeFiles/unitree_hg__rosidl_generator_c.dir/rosidl_generator_c/unitree_hg/msg/detail/bms_cmd__functions.c.o[0m
[13.269s] [ 26%] [32mBuilding CXX object CMakeFiles/unitree_hg__rosidl_typesupport_fastrtps_cpp.dir/rosidl_typesupport_fastrtps_cpp/unitree_hg/msg/detail/dds_fastrtps/bms_state__type_support.cpp.o[0m
[13.278s] [ 27%] [32mBuilding C object CMakeFiles/unitree_hg__rosidl_generator_c.dir/rosidl_generator_c/unitree_hg/msg/detail/bms_state__functions.c.o[0m
[13.629s] [ 28%] [32mBuilding C object CMakeFiles/unitree_hg__rosidl_generator_c.dir/rosidl_generator_c/unitree_hg/msg/detail/hand_cmd__functions.c.o[0m
[13.955s] [ 29%] [32mBuilding C object CMakeFiles/unitree_hg__rosidl_generator_c.dir/rosidl_generator_c/unitree_hg/msg/detail/hand_state__functions.c.o[0m
[14.228s] running egg_info
[14.254s] writing unitree_hg.egg-info/PKG-INFO
[14.259s] writing dependency_links to unitree_hg.egg-info/dependency_links.txt
[14.262s] writing top-level names to unitree_hg.egg-info/top_level.txt
[14.307s] [ 30%] [32mBuilding C object CMakeFiles/unitree_hg__rosidl_generator_c.dir/rosidl_generator_c/unitree_hg/msg/detail/imu_state__functions.c.o[0m
[14.308s] reading manifest file 'unitree_hg.egg-info/SOURCES.txt'
[14.309s] writing manifest file 'unitree_hg.egg-info/SOURCES.txt'
[14.595s] [ 30%] [32mBuilding C object CMakeFiles/unitree_hg__rosidl_generator_c.dir/rosidl_generator_c/unitree_hg/msg/detail/low_cmd__functions.c.o[0m
[14.601s] [ 31%] [32mBuilding CXX object CMakeFiles/unitree_hg__rosidl_typesupport_cpp.dir/rosidl_typesupport_cpp/unitree_hg/msg/motor_state__type_support.cpp.o[0m
[14.809s] [ 31%] Built target ament_cmake_python_build_unitree_hg_egg
[14.945s] [ 32%] [32mBuilding C object CMakeFiles/unitree_hg__rosidl_generator_c.dir/rosidl_generator_c/unitree_hg/msg/detail/low_state__functions.c.o[0m
[15.495s] [ 33%] [32mBuilding C object CMakeFiles/unitree_hg__rosidl_generator_c.dir/rosidl_generator_c/unitree_hg/msg/detail/main_board_state__functions.c.o[0m
[15.918s] [ 34%] [32mBuilding C object CMakeFiles/unitree_hg__rosidl_generator_c.dir/rosidl_generator_c/unitree_hg/msg/detail/motor_cmd__functions.c.o[0m
[16.112s] [ 35%] [32mBuilding C object CMakeFiles/unitree_hg__rosidl_generator_c.dir/rosidl_generator_c/unitree_hg/msg/detail/motor_state__functions.c.o[0m
[16.354s] [ 36%] [32mBuilding C object CMakeFiles/unitree_hg__rosidl_generator_c.dir/rosidl_generator_c/unitree_hg/msg/detail/press_sensor_state__functions.c.o[0m
[16.421s] [ 37%] [32mBuilding CXX object CMakeFiles/unitree_hg__rosidl_typesupport_cpp.dir/rosidl_typesupport_cpp/unitree_hg/msg/press_sensor_state__type_support.cpp.o[0m
[16.639s] [ 38%] [32m[1mLinking C shared library libunitree_hg__rosidl_generator_c.so[0m
[16.822s] [ 38%] [32mBuilding CXX object CMakeFiles/unitree_hg__rosidl_typesupport_fastrtps_cpp.dir/rosidl_typesupport_fastrtps_cpp/unitree_hg/msg/detail/dds_fastrtps/hand_cmd__type_support.cpp.o[0m
[16.862s] [ 38%] Built target unitree_hg__rosidl_generator_c
[18.507s] [ 39%] [32m[1mLinking CXX shared library libunitree_hg__rosidl_typesupport_cpp.so[0m
[18.734s] [ 40%] Built target unitree_hg__rosidl_typesupport_cpp
[19.399s] [ 41%] [32mBuilding CXX object CMakeFiles/unitree_hg__rosidl_typesupport_fastrtps_cpp.dir/rosidl_typesupport_fastrtps_cpp/unitree_hg/msg/detail/dds_fastrtps/low_cmd__type_support.cpp.o[0m
[21.418s] [ 42%] [32mBuilding CXX object CMakeFiles/unitree_hg__rosidl_typesupport_fastrtps_cpp.dir/rosidl_typesupport_fastrtps_cpp/unitree_hg/msg/detail/dds_fastrtps/imu_state__type_support.cpp.o[0m
[22.536s] [ 43%] [32mBuilding CXX object CMakeFiles/unitree_hg__rosidl_typesupport_fastrtps_cpp.dir/rosidl_typesupport_fastrtps_cpp/unitree_hg/msg/detail/dds_fastrtps/hand_state__type_support.cpp.o[0m
[24.635s] [ 44%] [32mBuilding CXX object CMakeFiles/unitree_hg__rosidl_typesupport_fastrtps_cpp.dir/rosidl_typesupport_fastrtps_cpp/unitree_hg/msg/detail/dds_fastrtps/low_state__type_support.cpp.o[0m
[26.408s] [ 45%] [32mBuilding CXX object CMakeFiles/unitree_hg__rosidl_typesupport_fastrtps_cpp.dir/rosidl_typesupport_fastrtps_cpp/unitree_hg/msg/detail/dds_fastrtps/main_board_state__type_support.cpp.o[0m
[27.758s] [ 46%] [32mBuilding CXX object CMakeFiles/unitree_hg__rosidl_typesupport_fastrtps_cpp.dir/rosidl_typesupport_fastrtps_cpp/unitree_hg/msg/detail/dds_fastrtps/motor_cmd__type_support.cpp.o[0m
[28.931s] [ 47%] [32mBuilding CXX object CMakeFiles/unitree_hg__rosidl_typesupport_fastrtps_cpp.dir/rosidl_typesupport_fastrtps_cpp/unitree_hg/msg/detail/dds_fastrtps/motor_state__type_support.cpp.o[0m
[30.552s] [ 48%] [32mBuilding CXX object CMakeFiles/unitree_hg__rosidl_typesupport_fastrtps_cpp.dir/rosidl_typesupport_fastrtps_cpp/unitree_hg/msg/detail/dds_fastrtps/press_sensor_state__type_support.cpp.o[0m
[32.290s] [ 49%] [32m[1mLinking CXX shared library libunitree_hg__rosidl_typesupport_fastrtps_cpp.so[0m
[32.813s] [ 49%] Built target unitree_hg__rosidl_typesupport_fastrtps_cpp
[32.875s] [ 49%] [34m[1mGenerating C type support dispatch for ROS interfaces[0m
[35.303s] [ 50%] [32mBuilding CXX object CMakeFiles/unitree_hg__rosidl_typesupport_c.dir/rosidl_typesupport_c/unitree_hg/msg/bms_cmd__type_support.cpp.o[0m
[35.463s] [ 51%] [32mBuilding CXX object CMakeFiles/unitree_hg__rosidl_typesupport_c.dir/rosidl_typesupport_c/unitree_hg/msg/bms_state__type_support.cpp.o[0m
[35.632s] [ 52%] [32mBuilding CXX object CMakeFiles/unitree_hg__rosidl_typesupport_c.dir/rosidl_typesupport_c/unitree_hg/msg/hand_cmd__type_support.cpp.o[0m
[35.757s] [ 53%] [32mBuilding CXX object CMakeFiles/unitree_hg__rosidl_typesupport_c.dir/rosidl_typesupport_c/unitree_hg/msg/hand_state__type_support.cpp.o[0m
[35.919s] [ 54%] [32mBuilding CXX object CMakeFiles/unitree_hg__rosidl_typesupport_c.dir/rosidl_typesupport_c/unitree_hg/msg/imu_state__type_support.cpp.o[0m
[36.071s] [ 55%] [32mBuilding CXX object CMakeFiles/unitree_hg__rosidl_typesupport_c.dir/rosidl_typesupport_c/unitree_hg/msg/low_cmd__type_support.cpp.o[0m
[36.232s] [ 56%] [32mBuilding CXX object CMakeFiles/unitree_hg__rosidl_typesupport_c.dir/rosidl_typesupport_c/unitree_hg/msg/low_state__type_support.cpp.o[0m
[36.373s] [ 57%] [32mBuilding CXX object CMakeFiles/unitree_hg__rosidl_typesupport_c.dir/rosidl_typesupport_c/unitree_hg/msg/main_board_state__type_support.cpp.o[0m
[36.537s] [ 57%] [32mBuilding CXX object CMakeFiles/unitree_hg__rosidl_typesupport_c.dir/rosidl_typesupport_c/unitree_hg/msg/motor_cmd__type_support.cpp.o[0m
[36.713s] [ 58%] [32mBuilding CXX object CMakeFiles/unitree_hg__rosidl_typesupport_c.dir/rosidl_typesupport_c/unitree_hg/msg/motor_state__type_support.cpp.o[0m
[36.819s] [ 59%] [32mBuilding CXX object CMakeFiles/unitree_hg__rosidl_typesupport_c.dir/rosidl_typesupport_c/unitree_hg/msg/press_sensor_state__type_support.cpp.o[0m
[36.968s] [ 60%] [32m[1mLinking CXX shared library libunitree_hg__rosidl_typesupport_c.so[0m
[37.210s] [ 60%] Built target unitree_hg__rosidl_typesupport_c
[37.279s] [ 60%] [34m[1mGenerating C introspection for ROS interfaces[0m
[40.255s] [ 61%] [32mBuilding C object CMakeFiles/unitree_hg__rosidl_typesupport_introspection_c.dir/rosidl_typesupport_introspection_c/unitree_hg/msg/detail/bms_cmd__type_support.c.o[0m
[40.376s] [ 62%] [32mBuilding C object CMakeFiles/unitree_hg__rosidl_typesupport_introspection_c.dir/rosidl_typesupport_introspection_c/unitree_hg/msg/detail/hand_cmd__type_support.c.o[0m
[40.600s] [ 63%] [32mBuilding C object CMakeFiles/unitree_hg__rosidl_typesupport_introspection_c.dir/rosidl_typesupport_introspection_c/unitree_hg/msg/detail/hand_state__type_support.c.o[0m
[40.804s] [ 64%] [32mBuilding C object CMakeFiles/unitree_hg__rosidl_typesupport_introspection_c.dir/rosidl_typesupport_introspection_c/unitree_hg/msg/detail/imu_state__type_support.c.o[0m
[41.003s] [ 65%] [32mBuilding C object CMakeFiles/unitree_hg__rosidl_typesupport_introspection_c.dir/rosidl_typesupport_introspection_c/unitree_hg/msg/detail/low_cmd__type_support.c.o[0m
[41.116s] [ 66%] [32mBuilding C object CMakeFiles/unitree_hg__rosidl_typesupport_introspection_c.dir/rosidl_typesupport_introspection_c/unitree_hg/msg/detail/low_state__type_support.c.o[0m
[41.344s] [ 67%] [32mBuilding C object CMakeFiles/unitree_hg__rosidl_typesupport_introspection_c.dir/rosidl_typesupport_introspection_c/unitree_hg/msg/detail/main_board_state__type_support.c.o[0m
[41.563s] [ 67%] [32mBuilding C object CMakeFiles/unitree_hg__rosidl_typesupport_introspection_c.dir/rosidl_typesupport_introspection_c/unitree_hg/msg/detail/motor_cmd__type_support.c.o[0m
[41.742s] [ 68%] [32mBuilding C object CMakeFiles/unitree_hg__rosidl_typesupport_introspection_c.dir/rosidl_typesupport_introspection_c/unitree_hg/msg/detail/motor_state__type_support.c.o[0m
[41.963s] [ 69%] [32mBuilding C object CMakeFiles/unitree_hg__rosidl_typesupport_introspection_c.dir/rosidl_typesupport_introspection_c/unitree_hg/msg/detail/press_sensor_state__type_support.c.o[0m
[42.178s] [ 70%] [32mBuilding C object CMakeFiles/unitree_hg__rosidl_typesupport_introspection_c.dir/rosidl_typesupport_introspection_c/unitree_hg/msg/detail/bms_state__type_support.c.o[0m
[42.424s] [ 71%] [32m[1mLinking C shared library libunitree_hg__rosidl_typesupport_introspection_c.so[0m
[42.626s] [ 71%] Built target unitree_hg__rosidl_typesupport_introspection_c
[42.692s] [ 71%] [34m[1mGenerating C type support for eProsima Fast-RTPS[0m
[45.821s] [ 72%] [32mBuilding CXX object CMakeFiles/unitree_hg__rosidl_typesupport_fastrtps_c.dir/rosidl_typesupport_fastrtps_c/unitree_hg/msg/detail/bms_cmd__type_support_c.cpp.o[0m
[47.619s] [ 73%] [32mBuilding CXX object CMakeFiles/unitree_hg__rosidl_typesupport_fastrtps_c.dir/rosidl_typesupport_fastrtps_c/unitree_hg/msg/detail/hand_state__type_support_c.cpp.o[0m
[49.047s] [ 74%] [32mBuilding CXX object CMakeFiles/unitree_hg__rosidl_typesupport_fastrtps_c.dir/rosidl_typesupport_fastrtps_c/unitree_hg/msg/detail/imu_state__type_support_c.cpp.o[0m
[50.217s] [ 75%] [32mBuilding CXX object CMakeFiles/unitree_hg__rosidl_typesupport_fastrtps_c.dir/rosidl_typesupport_fastrtps_c/unitree_hg/msg/detail/low_cmd__type_support_c.cpp.o[0m
[51.675s] [ 76%] [32mBuilding CXX object CMakeFiles/unitree_hg__rosidl_typesupport_fastrtps_c.dir/rosidl_typesupport_fastrtps_c/unitree_hg/msg/detail/low_state__type_support_c.cpp.o[0m
[52.813s] [ 77%] [32mBuilding CXX object CMakeFiles/unitree_hg__rosidl_typesupport_fastrtps_c.dir/rosidl_typesupport_fastrtps_c/unitree_hg/msg/detail/main_board_state__type_support_c.cpp.o[0m
[53.793s] [ 77%] [32mBuilding CXX object CMakeFiles/unitree_hg__rosidl_typesupport_fastrtps_c.dir/rosidl_typesupport_fastrtps_c/unitree_hg/msg/detail/motor_cmd__type_support_c.cpp.o[0m
[54.662s] [ 78%] [32mBuilding CXX object CMakeFiles/unitree_hg__rosidl_typesupport_fastrtps_c.dir/rosidl_typesupport_fastrtps_c/unitree_hg/msg/detail/motor_state__type_support_c.cpp.o[0m
[55.447s] [ 79%] [32mBuilding CXX object CMakeFiles/unitree_hg__rosidl_typesupport_fastrtps_c.dir/rosidl_typesupport_fastrtps_c/unitree_hg/msg/detail/press_sensor_state__type_support_c.cpp.o[0m
[56.238s] [ 80%] [32mBuilding CXX object CMakeFiles/unitree_hg__rosidl_typesupport_fastrtps_c.dir/rosidl_typesupport_fastrtps_c/unitree_hg/msg/detail/hand_cmd__type_support_c.cpp.o[0m
[57.049s] [ 81%] [32mBuilding CXX object CMakeFiles/unitree_hg__rosidl_typesupport_fastrtps_c.dir/rosidl_typesupport_fastrtps_c/unitree_hg/msg/detail/bms_state__type_support_c.cpp.o[0m
[57.954s] [ 82%] [32m[1mLinking CXX shared library libunitree_hg__rosidl_typesupport_fastrtps_c.so[0m
[58.207s] [ 82%] Built target unitree_hg__rosidl_typesupport_fastrtps_c
[58.257s] [ 82%] Built target unitree_hg
[58.332s] [ 83%] [34m[1mGenerating Python code for ROS interfaces[0m
[61.890s] [ 83%] Built target unitree_hg__py
[61.950s] [ 84%] [32mBuilding C object CMakeFiles/unitree_hg__rosidl_generator_py.dir/rosidl_generator_py/unitree_hg/msg/_bms_cmd_s.c.o[0m
[62.180s] [ 85%] [32mBuilding C object CMakeFiles/unitree_hg__rosidl_generator_py.dir/rosidl_generator_py/unitree_hg/msg/_hand_state_s.c.o[0m
[62.425s] [ 86%] [32mBuilding C object CMakeFiles/unitree_hg__rosidl_generator_py.dir/rosidl_generator_py/unitree_hg/msg/_imu_state_s.c.o[0m
[62.827s] [ 87%] [32mBuilding C object CMakeFiles/unitree_hg__rosidl_generator_py.dir/rosidl_generator_py/unitree_hg/msg/_low_cmd_s.c.o[0m
[63.212s] [ 88%] [32mBuilding C object CMakeFiles/unitree_hg__rosidl_generator_py.dir/rosidl_generator_py/unitree_hg/msg/_low_state_s.c.o[0m
[63.578s] [ 89%] [32mBuilding C object CMakeFiles/unitree_hg__rosidl_generator_py.dir/rosidl_generator_py/unitree_hg/msg/_main_board_state_s.c.o[0m
[63.855s] [ 90%] [32mBuilding C object CMakeFiles/unitree_hg__rosidl_generator_py.dir/rosidl_generator_py/unitree_hg/msg/_motor_cmd_s.c.o[0m
[64.066s] [ 91%] [32mBuilding C object CMakeFiles/unitree_hg__rosidl_generator_py.dir/rosidl_generator_py/unitree_hg/msg/_motor_state_s.c.o[0m
[64.277s] [ 92%] [32mBuilding C object CMakeFiles/unitree_hg__rosidl_generator_py.dir/rosidl_generator_py/unitree_hg/msg/_press_sensor_state_s.c.o[0m
[64.476s] [ 92%] [32mBuilding C object CMakeFiles/unitree_hg__rosidl_generator_py.dir/rosidl_generator_py/unitree_hg/msg/_hand_cmd_s.c.o[0m
[64.680s] [ 93%] [32mBuilding C object CMakeFiles/unitree_hg__rosidl_generator_py.dir/rosidl_generator_py/unitree_hg/msg/_bms_state_s.c.o[0m
[64.929s] [ 94%] [32m[1mLinking C shared library rosidl_generator_py/unitree_hg/libunitree_hg__rosidl_generator_py.so[0m
[65.033s] [ 94%] Built target unitree_hg__rosidl_generator_py
[65.072s] [ 95%] [32mBuilding C object CMakeFiles/unitree_hg__rosidl_typesupport_fastrtps_c__pyext.dir/rosidl_generator_py/unitree_hg/_unitree_hg_s.ep.rosidl_typesupport_fastrtps_c.c.o[0m
[65.312s] [ 96%] [32m[1mLinking C shared library rosidl_generator_py/unitree_hg/unitree_hg_s__rosidl_typesupport_fastrtps_c.cpython-310-aarch64-linux-gnu.so[0m
[65.392s] [ 96%] Built target unitree_hg__rosidl_typesupport_fastrtps_c__pyext
[65.437s] [ 97%] [32mBuilding C object CMakeFiles/unitree_hg__rosidl_typesupport_c__pyext.dir/rosidl_generator_py/unitree_hg/_unitree_hg_s.ep.rosidl_typesupport_c.c.o[0m
[65.685s] [ 98%] [32m[1mLinking C shared library rosidl_generator_py/unitree_hg/unitree_hg_s__rosidl_typesupport_c.cpython-310-aarch64-linux-gnu.so[0m
[65.767s] [ 98%] Built target unitree_hg__rosidl_typesupport_c__pyext
[65.813s] [ 99%] [32mBuilding C object CMakeFiles/unitree_hg__rosidl_typesupport_introspection_c__pyext.dir/rosidl_generator_py/unitree_hg/_unitree_hg_s.ep.rosidl_typesupport_introspection_c.c.o[0m
[66.068s] [100%] [32m[1mLinking C shared library rosidl_generator_py/unitree_hg/unitree_hg_s__rosidl_typesupport_introspection_c.cpython-310-aarch64-linux-gnu.so[0m
[66.158s] [100%] Built target unitree_hg__rosidl_typesupport_introspection_c__pyext
[66.188s] Invoked command in '/ws/build/unitree_hg' returned '0': CMAKE_PREFIX_PATH=${CMAKE_PREFIX_PATH}:/opt/ros/humble /usr/bin/cmake --build /ws/build/unitree_hg -- -j4 -l4
[66.198s] Invoking command in '/ws/build/unitree_hg': CMAKE_PREFIX_PATH=${CMAKE_PREFIX_PATH}:/opt/ros/humble /usr/bin/cmake --install /ws/build/unitree_hg
[66.213s] -- Install configuration: ""
[66.214s] -- Installing: /ws/install/unitree_hg/share/ament_index/resource_index/rosidl_interfaces/unitree_hg
[66.216s] -- Installing: /ws/install/unitree_hg/include/unitree_hg/unitree_hg
[66.217s] -- Installing: /ws/install/unitree_hg/include/unitree_hg/unitree_hg/msg
[66.218s] -- Installing: /ws/install/unitree_hg/include/unitree_hg/unitree_hg/msg/low_cmd.h
[66.218s] -- Installing: /ws/install/unitree_hg/include/unitree_hg/unitree_hg/msg/motor_cmd.h
[66.219s] -- Installing: /ws/install/unitree_hg/include/unitree_hg/unitree_hg/msg/low_state.h
[66.220s] -- Installing: /ws/install/unitree_hg/include/unitree_hg/unitree_hg/msg/bms_cmd.h
[66.221s] -- Installing: /ws/install/unitree_hg/include/unitree_hg/unitree_hg/msg/hand_state.h
[66.221s] -- Installing: /ws/install/unitree_hg/include/unitree_hg/unitree_hg/msg/main_board_state.h
[66.222s] -- Installing: /ws/install/unitree_hg/include/unitree_hg/unitree_hg/msg/motor_state.h
[66.222s] -- Installing: /ws/install/unitree_hg/include/unitree_hg/unitree_hg/msg/bms_state.h
[66.223s] -- Installing: /ws/install/unitree_hg/include/unitree_hg/unitree_hg/msg/rosidl_generator_c__visibility_control.h
[66.224s] -- Installing: /ws/install/unitree_hg/include/unitree_hg/unitree_hg/msg/imu_state.h
[66.224s] -- Installing: /ws/install/unitree_hg/include/unitree_hg/unitree_hg/msg/hand_cmd.h
[66.225s] -- Installing: /ws/install/unitree_hg/include/unitree_hg/unitree_hg/msg/detail
[66.225s] -- Installing: /ws/install/unitree_hg/include/unitree_hg/unitree_hg/msg/detail/motor_state__struct.h
[66.226s] -- Installing: /ws/install/unitree_hg/include/unitree_hg/unitree_hg/msg/detail/main_board_state__type_support.h
[66.227s] -- Installing: /ws/install/unitree_hg/include/unitree_hg/unitree_hg/msg/detail/press_sensor_state__type_support.h
[66.228s] -- Installing: /ws/install/unitree_hg/include/unitree_hg/unitree_hg/msg/detail/press_sensor_state__functions.h
[66.228s] -- Installing: /ws/install/unitree_hg/include/unitree_hg/unitree_hg/msg/detail/press_sensor_state__struct.h
[66.230s] -- Installing: /ws/install/unitree_hg/include/unitree_hg/unitree_hg/msg/detail/hand_cmd__functions.c
[66.231s] -- Installing: /ws/install/unitree_hg/include/unitree_hg/unitree_hg/msg/detail/main_board_state__struct.h
[66.234s] -- Installing: /ws/install/unitree_hg/include/unitree_hg/unitree_hg/msg/detail/low_state__type_support.h
[66.235s] -- Installing: /ws/install/unitree_hg/include/unitree_hg/unitree_hg/msg/detail/low_cmd__struct.h
[66.235s] -- Installing: /ws/install/unitree_hg/include/unitree_hg/unitree_hg/msg/detail/bms_state__struct.h
[66.235s] -- Installing: /ws/install/unitree_hg/include/unitree_hg/unitree_hg/msg/detail/motor_state__functions.h
[66.235s] -- Installing: /ws/install/unitree_hg/include/unitree_hg/unitree_hg/msg/detail/hand_state__functions.h
[66.235s] -- Installing: /ws/install/unitree_hg/include/unitree_hg/unitree_hg/msg/detail/low_state__functions.h
[66.235s] -- Installing: /ws/install/unitree_hg/include/unitree_hg/unitree_hg/msg/detail/hand_cmd__functions.h
[66.235s] -- Installing: /ws/install/unitree_hg/include/unitree_hg/unitree_hg/msg/detail/hand_state__struct.h
[66.235s] -- Installing: /ws/install/unitree_hg/include/unitree_hg/unitree_hg/msg/detail/bms_state__functions.h
[66.236s] -- Installing: /ws/install/unitree_hg/include/unitree_hg/unitree_hg/msg/detail/motor_cmd__functions.c
[66.236s] -- Installing: /ws/install/unitree_hg/include/unitree_hg/unitree_hg/msg/detail/low_state__struct.h
[66.236s] -- Installing: /ws/install/unitree_hg/include/unitree_hg/unitree_hg/msg/detail/low_cmd__functions.h
[66.236s] -- Installing: /ws/install/unitree_hg/include/unitree_hg/unitree_hg/msg/detail/main_board_state__functions.h
[66.237s] -- Installing: /ws/install/unitree_hg/include/unitree_hg/unitree_hg/msg/detail/imu_state__type_support.h
[66.237s] -- Installing: /ws/install/unitree_hg/include/unitree_hg/unitree_hg/msg/detail/bms_cmd__type_support.h
[66.237s] -- Installing: /ws/install/unitree_hg/include/unitree_hg/unitree_hg/msg/detail/low_cmd__type_support.h
[66.238s] -- Installing: /ws/install/unitree_hg/include/unitree_hg/unitree_hg/msg/detail/bms_cmd__functions.c
[66.238s] -- Installing: /ws/install/unitree_hg/include/unitree_hg/unitree_hg/msg/detail/bms_cmd__functions.h
[66.238s] -- Installing: /ws/install/unitree_hg/include/unitree_hg/unitree_hg/msg/detail/low_state__functions.c
[66.239s] -- Installing: /ws/install/unitree_hg/include/unitree_hg/unitree_hg/msg/detail/hand_cmd__struct.h
[66.239s] -- Installing: /ws/install/unitree_hg/include/unitree_hg/unitree_hg/msg/detail/hand_cmd__type_support.h
[66.240s] -- Installing: /ws/install/unitree_hg/include/unitree_hg/unitree_hg/msg/detail/motor_cmd__struct.h
[66.240s] -- Installing: /ws/install/unitree_hg/include/unitree_hg/unitree_hg/msg/detail/imu_state__functions.h
[66.240s] -- Installing: /ws/install/unitree_hg/include/unitree_hg/unitree_hg/msg/detail/bms_cmd__struct.h
[66.241s] -- Installing: /ws/install/unitree_hg/include/unitree_hg/unitree_hg/msg/detail/press_sensor_state__functions.c
[66.241s] -- Installing: /ws/install/unitree_hg/include/unitree_hg/unitree_hg/msg/detail/imu_state__functions.c
[66.242s] -- Installing: /ws/install/unitree_hg/include/unitree_hg/unitree_hg/msg/detail/bms_state__functions.c
[66.242s] -- Installing: /ws/install/unitree_hg/include/unitree_hg/unitree_hg/msg/detail/hand_state__type_support.h
[66.242s] -- Installing: /ws/install/unitree_hg/include/unitree_hg/unitree_hg/msg/detail/motor_state__functions.c
[66.244s] -- Installing: /ws/install/unitree_hg/include/unitree_hg/unitree_hg/msg/detail/low_cmd__functions.c
[66.244s] -- Installing: /ws/install/unitree_hg/include/unitree_hg/unitree_hg/msg/detail/hand_state__functions.c
[66.244s] -- Installing: /ws/install/unitree_hg/include/unitree_hg/unitree_hg/msg/detail/main_board_state__functions.c
[66.244s] -- Installing: /ws/install/unitree_hg/include/unitree_hg/unitree_hg/msg/detail/motor_cmd__type_support.h
[66.245s] -- Installing: /ws/install/unitree_hg/include/unitree_hg/unitree_hg/msg/detail/imu_state__struct.h
[66.246s] -- Installing: /ws/install/unitree_hg/include/unitree_hg/unitree_hg/msg/detail/motor_cmd__functions.h
[66.246s] -- Installing: /ws/install/unitree_hg/include/unitree_hg/unitree_hg/msg/detail/motor_state__type_support.h
[66.248s] -- Installing: /ws/install/unitree_hg/include/unitree_hg/unitree_hg/msg/detail/bms_state__type_support.h
[66.249s] -- Installing: /ws/install/unitree_hg/include/unitree_hg/unitree_hg/msg/press_sensor_state.h
[66.250s] -- Installing: /ws/install/unitree_hg/share/unitree_hg/environment/library_path.sh
[66.251s] -- Installing: /ws/install/unitree_hg/share/unitree_hg/environment/library_path.dsv
[66.252s] -- Installing: /ws/install/unitree_hg/lib/libunitree_hg__rosidl_generator_c.so
[66.252s] -- Set runtime path of "/ws/install/unitree_hg/lib/libunitree_hg__rosidl_generator_c.so" to ""
[66.252s] -- Up-to-date: /ws/install/unitree_hg/include/unitree_hg/unitree_hg
[66.252s] -- Up-to-date: /ws/install/unitree_hg/include/unitree_hg/unitree_hg/msg
[66.252s] -- Installing: /ws/install/unitree_hg/include/unitree_hg/unitree_hg/msg/rosidl_typesupport_fastrtps_c__visibility_control.h
[66.252s] -- Up-to-date: /ws/install/unitree_hg/include/unitree_hg/unitree_hg/msg/detail
[66.252s] -- Installing: /ws/install/unitree_hg/include/unitree_hg/unitree_hg/msg/detail/motor_state__rosidl_typesupport_fastrtps_c.h
[66.252s] -- Installing: /ws/install/unitree_hg/include/unitree_hg/unitree_hg/msg/detail/hand_state__rosidl_typesupport_fastrtps_c.h
[66.253s] -- Installing: /ws/install/unitree_hg/include/unitree_hg/unitree_hg/msg/detail/main_board_state__rosidl_typesupport_fastrtps_c.h
[66.253s] -- Installing: /ws/install/unitree_hg/include/unitree_hg/unitree_hg/msg/detail/low_state__rosidl_typesupport_fastrtps_c.h
[66.253s] -- Installing: /ws/install/unitree_hg/include/unitree_hg/unitree_hg/msg/detail/bms_cmd__rosidl_typesupport_fastrtps_c.h
[66.253s] -- Installing: /ws/install/unitree_hg/include/unitree_hg/unitree_hg/msg/detail/hand_cmd__rosidl_typesupport_fastrtps_c.h
[66.253s] -- Installing: /ws/install/unitree_hg/include/unitree_hg/unitree_hg/msg/detail/press_sensor_state__rosidl_typesupport_fastrtps_c.h
[66.253s] -- Installing: /ws/install/unitree_hg/include/unitree_hg/unitree_hg/msg/detail/motor_cmd__rosidl_typesupport_fastrtps_c.h
[66.253s] -- Installing: /ws/install/unitree_hg/include/unitree_hg/unitree_hg/msg/detail/low_cmd__rosidl_typesupport_fastrtps_c.h
[66.254s] -- Installing: /ws/install/unitree_hg/include/unitree_hg/unitree_hg/msg/detail/bms_state__rosidl_typesupport_fastrtps_c.h
[66.254s] -- Installing: /ws/install/unitree_hg/include/unitree_hg/unitree_hg/msg/detail/imu_state__rosidl_typesupport_fastrtps_c.h
[66.254s] -- Installing: /ws/install/unitree_hg/lib/libunitree_hg__rosidl_typesupport_fastrtps_c.so
[66.254s] -- Set runtime path of "/ws/install/unitree_hg/lib/libunitree_hg__rosidl_typesupport_fastrtps_c.so" to ""
[66.255s] -- Up-to-date: /ws/install/unitree_hg/include/unitree_hg/unitree_hg
[66.255s] -- Up-to-date: /ws/install/unitree_hg/include/unitree_hg/unitree_hg/msg
[66.255s] -- Installing: /ws/install/unitree_hg/include/unitree_hg/unitree_hg/msg/rosidl_generator_cpp__visibility_control.hpp
[66.255s] -- Installing: /ws/install/unitree_hg/include/unitree_hg/unitree_hg/msg/imu_state.hpp
[66.255s] -- Installing: /ws/install/unitree_hg/include/unitree_hg/unitree_hg/msg/motor_cmd.hpp
[66.255s] -- Installing: /ws/install/unitree_hg/include/unitree_hg/unitree_hg/msg/main_board_state.hpp
[66.255s] -- Installing: /ws/install/unitree_hg/include/unitree_hg/unitree_hg/msg/motor_state.hpp
[66.257s] -- Installing: /ws/install/unitree_hg/include/unitree_hg/unitree_hg/msg/bms_cmd.hpp
[66.257s] -- Installing: /ws/install/unitree_hg/include/unitree_hg/unitree_hg/msg/low_cmd.hpp
[66.257s] -- Installing: /ws/install/unitree_hg/include/unitree_hg/unitree_hg/msg/low_state.hpp
[66.257s] -- Installing: /ws/install/unitree_hg/include/unitree_hg/unitree_hg/msg/press_sensor_state.hpp
[66.258s] -- Installing: /ws/install/unitree_hg/include/unitree_hg/unitree_hg/msg/hand_state.hpp
[66.258s] -- Installing: /ws/install/unitree_hg/include/unitree_hg/unitree_hg/msg/bms_state.hpp
[66.258s] -- Up-to-date: /ws/install/unitree_hg/include/unitree_hg/unitree_hg/msg/detail
[66.260s] -- Installing: /ws/install/unitree_hg/include/unitree_hg/unitree_hg/msg/detail/imu_state__type_support.hpp
[66.260s] -- Installing: /ws/install/unitree_hg/include/unitree_hg/unitree_hg/msg/detail/bms_state__traits.hpp
[66.260s] -- Installing: /ws/install/unitree_hg/include/unitree_hg/unitree_hg/msg/detail/bms_cmd__struct.hpp
[66.260s] -- Installing: /ws/install/unitree_hg/include/unitree_hg/unitree_hg/msg/detail/hand_cmd__struct.hpp
[66.260s] -- Installing: /ws/install/unitree_hg/include/unitree_hg/unitree_hg/msg/detail/hand_state__type_support.hpp
[66.260s] -- Installing: /ws/install/unitree_hg/include/unitree_hg/unitree_hg/msg/detail/motor_state__traits.hpp
[66.262s] -- Installing: /ws/install/unitree_hg/include/unitree_hg/unitree_hg/msg/detail/main_board_state__type_support.hpp
[66.262s] -- Installing: /ws/install/unitree_hg/include/unitree_hg/unitree_hg/msg/detail/bms_cmd__traits.hpp
[66.262s] -- Installing: /ws/install/unitree_hg/include/unitree_hg/unitree_hg/msg/detail/imu_state__builder.hpp
[66.262s] -- Installing: /ws/install/unitree_hg/include/unitree_hg/unitree_hg/msg/detail/bms_state__type_support.hpp
[66.262s] -- Installing: /ws/install/unitree_hg/include/unitree_hg/unitree_hg/msg/detail/bms_state__builder.hpp
[66.262s] -- Installing: /ws/install/unitree_hg/include/unitree_hg/unitree_hg/msg/detail/imu_state__traits.hpp
[66.264s] -- Installing: /ws/install/unitree_hg/include/unitree_hg/unitree_hg/msg/detail/bms_cmd__type_support.hpp
[66.264s] -- Installing: /ws/install/unitree_hg/include/unitree_hg/unitree_hg/msg/detail/hand_cmd__traits.hpp
[66.264s] -- Installing: /ws/install/unitree_hg/include/unitree_hg/unitree_hg/msg/detail/bms_cmd__builder.hpp
[66.264s] -- Installing: /ws/install/unitree_hg/include/unitree_hg/unitree_hg/msg/detail/low_cmd__builder.hpp
[66.264s] -- Installing: /ws/install/unitree_hg/include/unitree_hg/unitree_hg/msg/detail/bms_state__struct.hpp
[66.266s] -- Installing: /ws/install/unitree_hg/include/unitree_hg/unitree_hg/msg/detail/press_sensor_state__builder.hpp
[66.266s] -- Installing: /ws/install/unitree_hg/include/unitree_hg/unitree_hg/msg/detail/press_sensor_state__type_support.hpp
[66.266s] -- Installing: /ws/install/unitree_hg/include/unitree_hg/unitree_hg/msg/detail/low_state__builder.hpp
[66.266s] -- Installing: /ws/install/unitree_hg/include/unitree_hg/unitree_hg/msg/detail/motor_cmd__traits.hpp
[66.266s] -- Installing: /ws/install/unitree_hg/include/unitree_hg/unitree_hg/msg/detail/imu_state__struct.hpp
[66.268s] -- Installing: /ws/install/unitree_hg/include/unitree_hg/unitree_hg/msg/detail/hand_state__traits.hpp
[66.268s] -- Installing: /ws/install/unitree_hg/include/unitree_hg/unitree_hg/msg/detail/hand_cmd__type_support.hpp
[66.268s] -- Installing: /ws/install/unitree_hg/include/unitree_hg/unitree_hg/msg/detail/motor_state__struct.hpp
[66.268s] -- Installing: /ws/install/unitree_hg/include/unitree_hg/unitree_hg/msg/detail/motor_state__builder.hpp
[66.268s] -- Installing: /ws/install/unitree_hg/include/unitree_hg/unitree_hg/msg/detail/low_cmd__type_support.hpp
[66.270s] -- Installing: /ws/install/unitree_hg/include/unitree_hg/unitree_hg/msg/detail/low_cmd__struct.hpp
[66.270s] -- Installing: /ws/install/unitree_hg/include/unitree_hg/unitree_hg/msg/detail/main_board_state__struct.hpp
[66.270s] -- Installing: /ws/install/unitree_hg/include/unitree_hg/unitree_hg/msg/detail/hand_cmd__builder.hpp
[66.270s] -- Installing: /ws/install/unitree_hg/include/unitree_hg/unitree_hg/msg/detail/low_cmd__traits.hpp
[66.271s] -- Installing: /ws/install/unitree_hg/include/unitree_hg/unitree_hg/msg/detail/press_sensor_state__traits.hpp
[66.272s] -- Installing: /ws/install/unitree_hg/include/unitree_hg/unitree_hg/msg/detail/press_sensor_state__struct.hpp
[66.272s] -- Installing: /ws/install/unitree_hg/include/unitree_hg/unitree_hg/msg/detail/low_state__struct.hpp
[66.272s] -- Installing: /ws/install/unitree_hg/include/unitree_hg/unitree_hg/msg/detail/motor_cmd__builder.hpp
[66.272s] -- Installing: /ws/install/unitree_hg/include/unitree_hg/unitree_hg/msg/detail/main_board_state__builder.hpp
[66.273s] -- Installing: /ws/install/unitree_hg/include/unitree_hg/unitree_hg/msg/detail/hand_state__struct.hpp
[66.274s] -- Installing: /ws/install/unitree_hg/include/unitree_hg/unitree_hg/msg/detail/motor_cmd__struct.hpp
[66.274s] -- Installing: /ws/install/unitree_hg/include/unitree_hg/unitree_hg/msg/detail/low_state__type_support.hpp
[66.274s] -- Installing: /ws/install/unitree_hg/include/unitree_hg/unitree_hg/msg/detail/main_board_state__traits.hpp
[66.274s] -- Installing: /ws/install/unitree_hg/include/unitree_hg/unitree_hg/msg/detail/motor_state__type_support.hpp
[66.275s] -- Installing: /ws/install/unitree_hg/include/unitree_hg/unitree_hg/msg/detail/low_state__traits.hpp
[66.275s] -- Installing: /ws/install/unitree_hg/include/unitree_hg/unitree_hg/msg/detail/motor_cmd__type_support.hpp
[66.275s] -- Installing: /ws/install/unitree_hg/include/unitree_hg/unitree_hg/msg/detail/hand_state__builder.hpp
[66.276s] -- Installing: /ws/install/unitree_hg/include/unitree_hg/unitree_hg/msg/hand_cmd.hpp
[66.277s] -- Up-to-date: /ws/install/unitree_hg/include/unitree_hg/unitree_hg
[66.277s] -- Up-to-date: /ws/install/unitree_hg/include/unitree_hg/unitree_hg/msg
[66.277s] -- Installing: /ws/install/unitree_hg/include/unitree_hg/unitree_hg/msg/rosidl_typesupport_fastrtps_cpp__visibility_control.h
[66.277s] -- Up-to-date: /ws/install/unitree_hg/include/unitree_hg/unitree_hg/msg/detail
[66.278s] -- Installing: /ws/install/unitree_hg/include/unitree_hg/unitree_hg/msg/detail/bms_state__rosidl_typesupport_fastrtps_cpp.hpp
[66.278s] -- Installing: /ws/install/unitree_hg/include/unitree_hg/unitree_hg/msg/detail/low_state__rosidl_typesupport_fastrtps_cpp.hpp
[66.279s] -- Installing: /ws/install/unitree_hg/include/unitree_hg/unitree_hg/msg/detail/motor_cmd__rosidl_typesupport_fastrtps_cpp.hpp
[66.280s] -- Installing: /ws/install/unitree_hg/include/unitree_hg/unitree_hg/msg/detail/hand_state__rosidl_typesupport_fastrtps_cpp.hpp
[66.280s] -- Installing: /ws/install/unitree_hg/include/unitree_hg/unitree_hg/msg/detail/motor_state__rosidl_typesupport_fastrtps_cpp.hpp
[66.280s] -- Installing: /ws/install/unitree_hg/include/unitree_hg/unitree_hg/msg/detail/main_board_state__rosidl_typesupport_fastrtps_cpp.hpp
[66.280s] -- Installing: /ws/install/unitree_hg/include/unitree_hg/unitree_hg/msg/detail/dds_fastrtps
[66.280s] -- Installing: /ws/install/unitree_hg/include/unitree_hg/unitree_hg/msg/detail/imu_state__rosidl_typesupport_fastrtps_cpp.hpp
[66.282s] -- Installing: /ws/install/unitree_hg/include/unitree_hg/unitree_hg/msg/detail/bms_cmd__rosidl_typesupport_fastrtps_cpp.hpp
[66.282s] -- Installing: /ws/install/unitree_hg/include/unitree_hg/unitree_hg/msg/detail/press_sensor_state__rosidl_typesupport_fastrtps_cpp.hpp
[66.282s] -- Installing: /ws/install/unitree_hg/include/unitree_hg/unitree_hg/msg/detail/low_cmd__rosidl_typesupport_fastrtps_cpp.hpp
[66.282s] -- Installing: /ws/install/unitree_hg/include/unitree_hg/unitree_hg/msg/detail/hand_cmd__rosidl_typesupport_fastrtps_cpp.hpp
[66.284s] -- Installing: /ws/install/unitree_hg/lib/libunitree_hg__rosidl_typesupport_fastrtps_cpp.so
[66.285s] -- Set runtime path of "/ws/install/unitree_hg/lib/libunitree_hg__rosidl_typesupport_fastrtps_cpp.so" to ""
[66.285s] -- Up-to-date: /ws/install/unitree_hg/include/unitree_hg/unitree_hg
[66.285s] -- Up-to-date: /ws/install/unitree_hg/include/unitree_hg/unitree_hg/msg
[66.286s] -- Installing: /ws/install/unitree_hg/include/unitree_hg/unitree_hg/msg/rosidl_typesupport_introspection_c__visibility_control.h
[66.286s] -- Up-to-date: /ws/install/unitree_hg/include/unitree_hg/unitree_hg/msg/detail
[66.287s] -- Installing: /ws/install/unitree_hg/include/unitree_hg/unitree_hg/msg/detail/press_sensor_state__type_support.c
[66.287s] -- Installing: /ws/install/unitree_hg/include/unitree_hg/unitree_hg/msg/detail/press_sensor_state__rosidl_typesupport_introspection_c.h
[66.288s] -- Installing: /ws/install/unitree_hg/include/unitree_hg/unitree_hg/msg/detail/main_board_state__rosidl_typesupport_introspection_c.h
[66.289s] -- Installing: /ws/install/unitree_hg/include/unitree_hg/unitree_hg/msg/detail/main_board_state__type_support.c
[66.290s] -- Installing: /ws/install/unitree_hg/include/unitree_hg/unitree_hg/msg/detail/hand_state__type_support.c
[66.291s] -- Installing: /ws/install/unitree_hg/include/unitree_hg/unitree_hg/msg/detail/bms_cmd__rosidl_typesupport_introspection_c.h
[66.292s] -- Installing: /ws/install/unitree_hg/include/unitree_hg/unitree_hg/msg/detail/imu_state__type_support.c
[66.293s] -- Installing: /ws/install/unitree_hg/include/unitree_hg/unitree_hg/msg/detail/imu_state__rosidl_typesupport_introspection_c.h
[66.296s] -- Installing: /ws/install/unitree_hg/include/unitree_hg/unitree_hg/msg/detail/hand_state__rosidl_typesupport_introspection_c.h
[66.298s] -- Installing: /ws/install/unitree_hg/include/unitree_hg/unitree_hg/msg/detail/hand_cmd__rosidl_typesupport_introspection_c.h
[66.298s] -- Installing: /ws/install/unitree_hg/include/unitree_hg/unitree_hg/msg/detail/low_cmd__rosidl_typesupport_introspection_c.h
[66.299s] -- Installing: /ws/install/unitree_hg/include/unitree_hg/unitree_hg/msg/detail/low_state__type_support.c
[66.299s] -- Installing: /ws/install/unitree_hg/include/unitree_hg/unitree_hg/msg/detail/bms_state__rosidl_typesupport_introspection_c.h
[66.299s] -- Installing: /ws/install/unitree_hg/include/unitree_hg/unitree_hg/msg/detail/motor_cmd__type_support.c
[66.299s] -- Installing: /ws/install/unitree_hg/include/unitree_hg/unitree_hg/msg/detail/low_cmd__type_support.c
[66.299s] -- Installing: /ws/install/unitree_hg/include/unitree_hg/unitree_hg/msg/detail/bms_state__type_support.c
[66.299s] -- Installing: /ws/install/unitree_hg/include/unitree_hg/unitree_hg/msg/detail/motor_state__type_support.c
[66.302s] -- Installing: /ws/install/unitree_hg/include/unitree_hg/unitree_hg/msg/detail/bms_cmd__type_support.c
[66.303s] -- Installing: /ws/install/unitree_hg/include/unitree_hg/unitree_hg/msg/detail/motor_state__rosidl_typesupport_introspection_c.h
[66.304s] -- Installing: /ws/install/unitree_hg/include/unitree_hg/unitree_hg/msg/detail/motor_cmd__rosidl_typesupport_introspection_c.h
[66.304s] -- Installing: /ws/install/unitree_hg/include/unitree_hg/unitree_hg/msg/detail/low_state__rosidl_typesupport_introspection_c.h
[66.305s] -- Installing: /ws/install/unitree_hg/include/unitree_hg/unitree_hg/msg/detail/hand_cmd__type_support.c
[66.306s] -- Installing: /ws/install/unitree_hg/lib/libunitree_hg__rosidl_typesupport_introspection_c.so
[66.307s] -- Set runtime path of "/ws/install/unitree_hg/lib/libunitree_hg__rosidl_typesupport_introspection_c.so" to ""
[66.307s] -- Installing: /ws/install/unitree_hg/lib/libunitree_hg__rosidl_typesupport_c.so
[66.307s] -- Set runtime path of "/ws/install/unitree_hg/lib/libunitree_hg__rosidl_typesupport_c.so" to ""
[66.307s] -- Up-to-date: /ws/install/unitree_hg/include/unitree_hg/unitree_hg
[66.307s] -- Up-to-date: /ws/install/unitree_hg/include/unitree_hg/unitree_hg/msg
[66.307s] -- Up-to-date: /ws/install/unitree_hg/include/unitree_hg/unitree_hg/msg/detail
[66.307s] -- Installing: /ws/install/unitree_hg/include/unitree_hg/unitree_hg/msg/detail/low_state__type_support.cpp
[66.307s] -- Installing: /ws/install/unitree_hg/include/unitree_hg/unitree_hg/msg/detail/hand_state__type_support.cpp
[66.308s] -- Installing: /ws/install/unitree_hg/include/unitree_hg/unitree_hg/msg/detail/bms_state__rosidl_typesupport_introspection_cpp.hpp
[66.308s] -- Installing: /ws/install/unitree_hg/include/unitree_hg/unitree_hg/msg/detail/press_sensor_state__rosidl_typesupport_introspection_cpp.hpp
[66.308s] -- Installing: /ws/install/unitree_hg/include/unitree_hg/unitree_hg/msg/detail/motor_cmd__type_support.cpp
[66.314s] -- Installing: /ws/install/unitree_hg/include/unitree_hg/unitree_hg/msg/detail/hand_cmd__type_support.cpp
[66.314s] -- Installing: /ws/install/unitree_hg/include/unitree_hg/unitree_hg/msg/detail/bms_state__type_support.cpp
[66.314s] -- Installing: /ws/install/unitree_hg/include/unitree_hg/unitree_hg/msg/detail/bms_cmd__rosidl_typesupport_introspection_cpp.hpp
[66.315s] -- Installing: /ws/install/unitree_hg/include/unitree_hg/unitree_hg/msg/detail/hand_cmd__rosidl_typesupport_introspection_cpp.hpp
[66.315s] -- Installing: /ws/install/unitree_hg/include/unitree_hg/unitree_hg/msg/detail/press_sensor_state__type_support.cpp
[66.317s] -- Installing: /ws/install/unitree_hg/include/unitree_hg/unitree_hg/msg/detail/bms_cmd__type_support.cpp
[66.317s] -- Installing: /ws/install/unitree_hg/include/unitree_hg/unitree_hg/msg/detail/low_state__rosidl_typesupport_introspection_cpp.hpp
[66.318s] -- Installing: /ws/install/unitree_hg/include/unitree_hg/unitree_hg/msg/detail/hand_state__rosidl_typesupport_introspection_cpp.hpp
[66.319s] -- Installing: /ws/install/unitree_hg/include/unitree_hg/unitree_hg/msg/detail/main_board_state__type_support.cpp
[66.320s] -- Installing: /ws/install/unitree_hg/include/unitree_hg/unitree_hg/msg/detail/low_cmd__type_support.cpp
[66.320s] -- Installing: /ws/install/unitree_hg/include/unitree_hg/unitree_hg/msg/detail/imu_state__type_support.cpp
[66.320s] -- Installing: /ws/install/unitree_hg/include/unitree_hg/unitree_hg/msg/detail/motor_state__rosidl_typesupport_introspection_cpp.hpp
[66.320s] -- Installing: /ws/install/unitree_hg/include/unitree_hg/unitree_hg/msg/detail/main_board_state__rosidl_typesupport_introspection_cpp.hpp
[66.321s] -- Installing: /ws/install/unitree_hg/include/unitree_hg/unitree_hg/msg/detail/motor_cmd__rosidl_typesupport_introspection_cpp.hpp
[66.321s] -- Installing: /ws/install/unitree_hg/include/unitree_hg/unitree_hg/msg/detail/motor_state__type_support.cpp
[66.321s] -- Installing: /ws/install/unitree_hg/include/unitree_hg/unitree_hg/msg/detail/low_cmd__rosidl_typesupport_introspection_cpp.hpp
[66.321s] -- Installing: /ws/install/unitree_hg/include/unitree_hg/unitree_hg/msg/detail/imu_state__rosidl_typesupport_introspection_cpp.hpp
[66.321s] -- Installing: /ws/install/unitree_hg/lib/libunitree_hg__rosidl_typesupport_introspection_cpp.so
[66.321s] -- Set runtime path of "/ws/install/unitree_hg/lib/libunitree_hg__rosidl_typesupport_introspection_cpp.so" to ""
[66.321s] -- Installing: /ws/install/unitree_hg/lib/libunitree_hg__rosidl_typesupport_cpp.so
[66.321s] -- Set runtime path of "/ws/install/unitree_hg/lib/libunitree_hg__rosidl_typesupport_cpp.so" to ""
[66.321s] -- Installing: /ws/install/unitree_hg/share/unitree_hg/environment/pythonpath.sh
[66.321s] -- Installing: /ws/install/unitree_hg/share/unitree_hg/environment/pythonpath.dsv
[66.322s] -- Installing: /ws/install/unitree_hg/local/lib/python3.10/dist-packages/unitree_hg-0.0.0-py3.10.egg-info
[66.322s] -- Installing: /ws/install/unitree_hg/local/lib/python3.10/dist-packages/unitree_hg-0.0.0-py3.10.egg-info/dependency_links.txt
[66.322s] -- Installing: /ws/install/unitree_hg/local/lib/python3.10/dist-packages/unitree_hg-0.0.0-py3.10.egg-info/top_level.txt
[66.322s] -- Installing: /ws/install/unitree_hg/local/lib/python3.10/dist-packages/unitree_hg-0.0.0-py3.10.egg-info/SOURCES.txt
[66.322s] -- Installing: /ws/install/unitree_hg/local/lib/python3.10/dist-packages/unitree_hg-0.0.0-py3.10.egg-info/PKG-INFO
[66.322s] -- Installing: /ws/install/unitree_hg/local/lib/python3.10/dist-packages/unitree_hg
[66.322s] -- Installing: /ws/install/unitree_hg/local/lib/python3.10/dist-packages/unitree_hg/unitree_hg_s__rosidl_typesupport_introspection_c.cpython-310-aarch64-linux-gnu.so
[66.322s] -- Installing: /ws/install/unitree_hg/local/lib/python3.10/dist-packages/unitree_hg/_unitree_hg_s.ep.rosidl_typesupport_c.c
[66.322s] -- Installing: /ws/install/unitree_hg/local/lib/python3.10/dist-packages/unitree_hg/msg
[66.322s] -- Installing: /ws/install/unitree_hg/local/lib/python3.10/dist-packages/unitree_hg/msg/_motor_cmd_s.c
[66.322s] -- Installing: /ws/install/unitree_hg/local/lib/python3.10/dist-packages/unitree_hg/msg/_main_board_state_s.c
[66.322s] -- Installing: /ws/install/unitree_hg/local/lib/python3.10/dist-packages/unitree_hg/msg/_bms_cmd.py
[66.325s] -- Installing: /ws/install/unitree_hg/local/lib/python3.10/dist-packages/unitree_hg/msg/_hand_state.py
[66.326s] -- Installing: /ws/install/unitree_hg/local/lib/python3.10/dist-packages/unitree_hg/msg/_hand_cmd_s.c
[66.326s] -- Installing: /ws/install/unitree_hg/local/lib/python3.10/dist-packages/unitree_hg/msg/_low_cmd.py
[66.326s] -- Installing: /ws/install/unitree_hg/local/lib/python3.10/dist-packages/unitree_hg/msg/_press_sensor_state_s.c
[66.326s] -- Installing: /ws/install/unitree_hg/local/lib/python3.10/dist-packages/unitree_hg/msg/_imu_state_s.c
[66.326s] -- Installing: /ws/install/unitree_hg/local/lib/python3.10/dist-packages/unitree_hg/msg/_hand_state_s.c
[66.326s] -- Installing: /ws/install/unitree_hg/local/lib/python3.10/dist-packages/unitree_hg/msg/_low_state.py
[66.326s] -- Installing: /ws/install/unitree_hg/local/lib/python3.10/dist-packages/unitree_hg/msg/_imu_state.py
[66.326s] -- Installing: /ws/install/unitree_hg/local/lib/python3.10/dist-packages/unitree_hg/msg/_bms_state_s.c
[66.326s] -- Installing: /ws/install/unitree_hg/local/lib/python3.10/dist-packages/unitree_hg/msg/_bms_cmd_s.c
[66.326s] -- Installing: /ws/install/unitree_hg/local/lib/python3.10/dist-packages/unitree_hg/msg/_motor_state.py
[66.327s] -- Installing: /ws/install/unitree_hg/local/lib/python3.10/dist-packages/unitree_hg/msg/_motor_state_s.c
[66.327s] -- Installing: /ws/install/unitree_hg/local/lib/python3.10/dist-packages/unitree_hg/msg/__init__.py
[66.327s] -- Installing: /ws/install/unitree_hg/local/lib/python3.10/dist-packages/unitree_hg/msg/_press_sensor_state.py
[66.327s] -- Installing: /ws/install/unitree_hg/local/lib/python3.10/dist-packages/unitree_hg/msg/_motor_cmd.py
[66.327s] -- Installing: /ws/install/unitree_hg/local/lib/python3.10/dist-packages/unitree_hg/msg/_low_cmd_s.c
[66.327s] -- Installing: /ws/install/unitree_hg/local/lib/python3.10/dist-packages/unitree_hg/msg/_main_board_state.py
[66.327s] -- Installing: /ws/install/unitree_hg/local/lib/python3.10/dist-packages/unitree_hg/msg/_hand_cmd.py
[66.327s] -- Installing: /ws/install/unitree_hg/local/lib/python3.10/dist-packages/unitree_hg/msg/_low_state_s.c
[66.330s] -- Installing: /ws/install/unitree_hg/local/lib/python3.10/dist-packages/unitree_hg/msg/_bms_state.py
[66.331s] -- Installing: /ws/install/unitree_hg/local/lib/python3.10/dist-packages/unitree_hg/__init__.py
[66.331s] -- Installing: /ws/install/unitree_hg/local/lib/python3.10/dist-packages/unitree_hg/libunitree_hg__rosidl_generator_py.so
[66.331s] -- Installing: /ws/install/unitree_hg/local/lib/python3.10/dist-packages/unitree_hg/_unitree_hg_s.ep.rosidl_typesupport_introspection_c.c
[66.331s] -- Installing: /ws/install/unitree_hg/local/lib/python3.10/dist-packages/unitree_hg/_unitree_hg_s.ep.rosidl_typesupport_fastrtps_c.c
[66.331s] -- Installing: /ws/install/unitree_hg/local/lib/python3.10/dist-packages/unitree_hg/unitree_hg_s__rosidl_typesupport_fastrtps_c.cpython-310-aarch64-linux-gnu.so
[66.331s] -- Installing: /ws/install/unitree_hg/local/lib/python3.10/dist-packages/unitree_hg/unitree_hg_s__rosidl_typesupport_c.cpython-310-aarch64-linux-gnu.so
[66.422s] Listing '/ws/install/unitree_hg/local/lib/python3.10/dist-packages/unitree_hg'...
[66.422s] Compiling '/ws/install/unitree_hg/local/lib/python3.10/dist-packages/unitree_hg/__init__.py'...
[66.423s] Listing '/ws/install/unitree_hg/local/lib/python3.10/dist-packages/unitree_hg/msg'...
[66.423s] Compiling '/ws/install/unitree_hg/local/lib/python3.10/dist-packages/unitree_hg/msg/__init__.py'...
[66.423s] Compiling '/ws/install/unitree_hg/local/lib/python3.10/dist-packages/unitree_hg/msg/_bms_cmd.py'...
[66.423s] Compiling '/ws/install/unitree_hg/local/lib/python3.10/dist-packages/unitree_hg/msg/_bms_state.py'...
[66.423s] Compiling '/ws/install/unitree_hg/local/lib/python3.10/dist-packages/unitree_hg/msg/_hand_cmd.py'...
[66.424s] Compiling '/ws/install/unitree_hg/local/lib/python3.10/dist-packages/unitree_hg/msg/_hand_state.py'...
[66.424s] Compiling '/ws/install/unitree_hg/local/lib/python3.10/dist-packages/unitree_hg/msg/_imu_state.py'...
[66.424s] Compiling '/ws/install/unitree_hg/local/lib/python3.10/dist-packages/unitree_hg/msg/_low_cmd.py'...
[66.424s] Compiling '/ws/install/unitree_hg/local/lib/python3.10/dist-packages/unitree_hg/msg/_low_state.py'...
[66.429s] Compiling '/ws/install/unitree_hg/local/lib/python3.10/dist-packages/unitree_hg/msg/_main_board_state.py'...
[66.430s] Compiling '/ws/install/unitree_hg/local/lib/python3.10/dist-packages/unitree_hg/msg/_motor_cmd.py'...
[66.431s] Compiling '/ws/install/unitree_hg/local/lib/python3.10/dist-packages/unitree_hg/msg/_motor_state.py'...
[66.432s] Compiling '/ws/install/unitree_hg/local/lib/python3.10/dist-packages/unitree_hg/msg/_press_sensor_state.py'...
[66.440s] -- Installing: /ws/install/unitree_hg/local/lib/python3.10/dist-packages/unitree_hg/unitree_hg_s__rosidl_typesupport_fastrtps_c.cpython-310-aarch64-linux-gnu.so
[66.441s] -- Set runtime path of "/ws/install/unitree_hg/local/lib/python3.10/dist-packages/unitree_hg/unitree_hg_s__rosidl_typesupport_fastrtps_c.cpython-310-aarch64-linux-gnu.so" to ""
[66.442s] -- Installing: /ws/install/unitree_hg/local/lib/python3.10/dist-packages/unitree_hg/unitree_hg_s__rosidl_typesupport_introspection_c.cpython-310-aarch64-linux-gnu.so
[66.444s] -- Set runtime path of "/ws/install/unitree_hg/local/lib/python3.10/dist-packages/unitree_hg/unitree_hg_s__rosidl_typesupport_introspection_c.cpython-310-aarch64-linux-gnu.so" to ""
[66.446s] -- Installing: /ws/install/unitree_hg/local/lib/python3.10/dist-packages/unitree_hg/unitree_hg_s__rosidl_typesupport_c.cpython-310-aarch64-linux-gnu.so
[66.447s] -- Set runtime path of "/ws/install/unitree_hg/local/lib/python3.10/dist-packages/unitree_hg/unitree_hg_s__rosidl_typesupport_c.cpython-310-aarch64-linux-gnu.so" to ""
[66.448s] -- Installing: /ws/install/unitree_hg/lib/libunitree_hg__rosidl_generator_py.so
[66.449s] -- Set runtime path of "/ws/install/unitree_hg/lib/libunitree_hg__rosidl_generator_py.so" to ""
[66.450s] -- Installing: /ws/install/unitree_hg/share/unitree_hg/msg/BmsCmd.idl
[66.451s] -- Installing: /ws/install/unitree_hg/share/unitree_hg/msg/BmsState.idl
[66.452s] -- Installing: /ws/install/unitree_hg/share/unitree_hg/msg/HandCmd.idl
[66.452s] -- Installing: /ws/install/unitree_hg/share/unitree_hg/msg/HandState.idl
[66.453s] -- Installing: /ws/install/unitree_hg/share/unitree_hg/msg/IMUState.idl
[66.454s] -- Installing: /ws/install/unitree_hg/share/unitree_hg/msg/LowCmd.idl
[66.455s] -- Installing: /ws/install/unitree_hg/share/unitree_hg/msg/LowState.idl
[66.456s] -- Installing: /ws/install/unitree_hg/share/unitree_hg/msg/MainBoardState.idl
[66.456s] -- Installing: /ws/install/unitree_hg/share/unitree_hg/msg/MotorCmd.idl
[66.457s] -- Installing: /ws/install/unitree_hg/share/unitree_hg/msg/MotorState.idl
[66.458s] -- Installing: /ws/install/unitree_hg/share/unitree_hg/msg/PressSensorState.idl
[66.459s] -- Installing: /ws/install/unitree_hg/share/unitree_hg/msg/BmsCmd.msg
[66.460s] -- Installing: /ws/install/unitree_hg/share/unitree_hg/msg/BmsState.msg
[66.461s] -- Installing: /ws/install/unitree_hg/share/unitree_hg/msg/HandCmd.msg
[66.462s] -- Installing: /ws/install/unitree_hg/share/unitree_hg/msg/HandState.msg
[66.463s] -- Installing: /ws/install/unitree_hg/share/unitree_hg/msg/IMUState.msg
[66.463s] -- Installing: /ws/install/unitree_hg/share/unitree_hg/msg/LowCmd.msg
[66.465s] -- Installing: /ws/install/unitree_hg/share/unitree_hg/msg/LowState.msg
[66.465s] -- Installing: /ws/install/unitree_hg/share/unitree_hg/msg/MainBoardState.msg
[66.466s] -- Installing: /ws/install/unitree_hg/share/unitree_hg/msg/MotorCmd.msg
[66.466s] -- Installing: /ws/install/unitree_hg/share/unitree_hg/msg/MotorState.msg
[66.466s] -- Installing: /ws/install/unitree_hg/share/unitree_hg/msg/PressSensorState.msg
[66.466s] -- Installing: /ws/install/unitree_hg/share/unitree_hg/msg/dds_connext
[66.466s] -- Installing: /ws/install/unitree_hg/share/unitree_hg/msg/dds_connext/MotorState_.idl
[66.466s] -- Installing: /ws/install/unitree_hg/share/unitree_hg/msg/dds_connext/MotorCmd_.idl
[66.466s] -- Installing: /ws/install/unitree_hg/share/unitree_hg/msg/dds_connext/HandCmd_.idl
[66.466s] -- Installing: /ws/install/unitree_hg/share/unitree_hg/msg/dds_connext/HandState_.idl
[66.467s] -- Installing: /ws/install/unitree_hg/share/unitree_hg/msg/dds_connext/MainBoardState_.idl
[66.467s] -- Installing: /ws/install/unitree_hg/share/unitree_hg/msg/dds_connext/BmsCmd_.idl
[66.467s] -- Installing: /ws/install/unitree_hg/share/unitree_hg/msg/dds_connext/IMUState_.idl
[66.467s] -- Installing: /ws/install/unitree_hg/share/unitree_hg/msg/dds_connext/LowState_.idl
[66.467s] -- Installing: /ws/install/unitree_hg/share/unitree_hg/msg/dds_connext/PressSensorState_.idl
[66.467s] -- Installing: /ws/install/unitree_hg/share/unitree_hg/msg/dds_connext/BmsState_.idl
[66.473s] -- Installing: /ws/install/unitree_hg/share/unitree_hg/msg/dds_connext/LowCmd_.idl
[66.474s] -- Installing: /ws/install/unitree_hg/share/ament_index/resource_index/package_run_dependencies/unitree_hg
[66.475s] -- Installing: /ws/install/unitree_hg/share/ament_index/resource_index/parent_prefix_path/unitree_hg
[66.476s] -- Installing: /ws/install/unitree_hg/share/unitree_hg/environment/ament_prefix_path.sh
[66.477s] -- Installing: /ws/install/unitree_hg/share/unitree_hg/environment/ament_prefix_path.dsv
[66.478s] -- Installing: /ws/install/unitree_hg/share/unitree_hg/environment/path.sh
[66.479s] -- Installing: /ws/install/unitree_hg/share/unitree_hg/environment/path.dsv
[66.480s] -- Installing: /ws/install/unitree_hg/share/unitree_hg/local_setup.bash
[66.481s] -- Installing: /ws/install/unitree_hg/share/unitree_hg/local_setup.sh
[66.481s] -- Installing: /ws/install/unitree_hg/share/unitree_hg/local_setup.zsh
[66.481s] -- Installing: /ws/install/unitree_hg/share/unitree_hg/local_setup.dsv
[66.483s] -- Installing: /ws/install/unitree_hg/share/unitree_hg/package.dsv
[66.484s] -- Installing: /ws/install/unitree_hg/share/ament_index/resource_index/packages/unitree_hg
[66.485s] -- Installing: /ws/install/unitree_hg/share/unitree_hg/cmake/export_unitree_hg__rosidl_generator_cExport.cmake
[66.486s] -- Installing: /ws/install/unitree_hg/share/unitree_hg/cmake/export_unitree_hg__rosidl_generator_cExport-noconfig.cmake
[66.486s] -- Installing: /ws/install/unitree_hg/share/unitree_hg/cmake/export_unitree_hg__rosidl_typesupport_fastrtps_cExport.cmake
[66.486s] -- Installing: /ws/install/unitree_hg/share/unitree_hg/cmake/export_unitree_hg__rosidl_typesupport_fastrtps_cExport-noconfig.cmake
[66.486s] -- Installing: /ws/install/unitree_hg/share/unitree_hg/cmake/export_unitree_hg__rosidl_generator_cppExport.cmake
[66.486s] -- Installing: /ws/install/unitree_hg/share/unitree_hg/cmake/export_unitree_hg__rosidl_typesupport_fastrtps_cppExport.cmake
[66.486s] -- Installing: /ws/install/unitree_hg/share/unitree_hg/cmake/export_unitree_hg__rosidl_typesupport_fastrtps_cppExport-noconfig.cmake
[66.487s] -- Installing: /ws/install/unitree_hg/share/unitree_hg/cmake/unitree_hg__rosidl_typesupport_introspection_cExport.cmake
[66.487s] -- Installing: /ws/install/unitree_hg/share/unitree_hg/cmake/unitree_hg__rosidl_typesupport_introspection_cExport-noconfig.cmake
[66.487s] -- Installing: /ws/install/unitree_hg/share/unitree_hg/cmake/unitree_hg__rosidl_typesupport_cExport.cmake
[66.487s] -- Installing: /ws/install/unitree_hg/share/unitree_hg/cmake/unitree_hg__rosidl_typesupport_cExport-noconfig.cmake
[66.487s] -- Installing: /ws/install/unitree_hg/share/unitree_hg/cmake/unitree_hg__rosidl_typesupport_introspection_cppExport.cmake
[66.487s] -- Installing: /ws/install/unitree_hg/share/unitree_hg/cmake/unitree_hg__rosidl_typesupport_introspection_cppExport-noconfig.cmake
[66.487s] -- Installing: /ws/install/unitree_hg/share/unitree_hg/cmake/unitree_hg__rosidl_typesupport_cppExport.cmake
[66.487s] -- Installing: /ws/install/unitree_hg/share/unitree_hg/cmake/unitree_hg__rosidl_typesupport_cppExport-noconfig.cmake
[66.487s] -- Installing: /ws/install/unitree_hg/share/unitree_hg/cmake/export_unitree_hg__rosidl_generator_pyExport.cmake
[66.487s] -- Installing: /ws/install/unitree_hg/share/unitree_hg/cmake/export_unitree_hg__rosidl_generator_pyExport-noconfig.cmake
[66.487s] -- Installing: /ws/install/unitree_hg/share/unitree_hg/cmake/rosidl_cmake-extras.cmake
[66.488s] -- Installing: /ws/install/unitree_hg/share/unitree_hg/cmake/ament_cmake_export_dependencies-extras.cmake
[66.488s] -- Installing: /ws/install/unitree_hg/share/unitree_hg/cmake/ament_cmake_export_include_directories-extras.cmake
[66.488s] -- Installing: /ws/install/unitree_hg/share/unitree_hg/cmake/ament_cmake_export_libraries-extras.cmake
[66.488s] -- Installing: /ws/install/unitree_hg/share/unitree_hg/cmake/ament_cmake_export_targets-extras.cmake
[66.488s] -- Installing: /ws/install/unitree_hg/share/unitree_hg/cmake/rosidl_cmake_export_typesupport_targets-extras.cmake
[66.488s] -- Installing: /ws/install/unitree_hg/share/unitree_hg/cmake/rosidl_cmake_export_typesupport_libraries-extras.cmake
[66.488s] -- Installing: /ws/install/unitree_hg/share/unitree_hg/cmake/unitree_hgConfig.cmake
[66.488s] -- Installing: /ws/install/unitree_hg/share/unitree_hg/cmake/unitree_hgConfig-version.cmake
[66.488s] -- Installing: /ws/install/unitree_hg/share/unitree_hg/package.xml
[66.492s] Invoked command in '/ws/build/unitree_hg' returned '0': CMAKE_PREFIX_PATH=${CMAKE_PREFIX_PATH}:/opt/ros/humble /usr/bin/cmake --install /ws/build/unitree_hg
