[0.055s] Invoking command in '/ws/build/cyclonedds': CMAKE_PREFIX_PATH=${CMAKE_PREFIX_PATH}:/opt/ros/humble /usr/bin/cmake --build /ws/build/cyclonedds -- -j4 -l4
[0.355s] [ 15%] Built target ddsrt-internal
[0.383s] [ 15%] Built target _confgen
[0.440s] [ 19%] Built target idlpp
[0.440s] [ 27%] Built target idl
[0.790s] [35m[1mConsolidate compiler generated dependencies of target ddsc[0m
[1.419s] [ 87%] Built target ddsc
[1.536s] [35m[1mConsolidate compiler generated dependencies of target dds_security_crypto[0m
[1.597s] [35m[1mConsolidate compiler generated dependencies of target idlc[0m
[1.613s] [35m[1mConsolidate compiler generated dependencies of target dds_security_ac[0m
[1.628s] [35m[1mConsolidate compiler generated dependencies of target dds_security_auth[0m
[1.647s] [ 91%] Built target dds_security_crypto
[1.749s] [ 94%] Built target idlc
[1.821s] [ 96%] Built target dds_security_ac
[1.831s] [ 97%] Built target dds_security_auth
[1.893s] [ 97%] Built target ddsperf_types_generate
[1.946s] [35m[1mConsolidate compiler generated dependencies of target ddsperf[0m
[1.980s] [100%] Built target ddsperf
[2.152s] Invoked command in '/ws/build/cyclonedds' returned '0': CMAKE_PREFIX_PATH=${CMAKE_PREFIX_PATH}:/opt/ros/humble /usr/bin/cmake --build /ws/build/cyclonedds -- -j4 -l4
[2.162s] Invoking command in '/ws/build/cyclonedds': CMAKE_PREFIX_PATH=${CMAKE_PREFIX_PATH}:/opt/ros/humble /usr/bin/cmake --install /ws/build/cyclonedds
[2.167s] -- Install configuration: "RelWithDebInfo"
[2.167s] -- Up-to-date: /ws/install/cyclonedds/lib/cmake/CycloneDDS/CycloneDDSConfig.cmake
[2.167s] -- Up-to-date: /ws/install/cyclonedds/lib/cmake/CycloneDDS/CycloneDDSConfigVersion.cmake
[2.167s] -- Up-to-date: /ws/install/cyclonedds/lib/cmake/CycloneDDS/CycloneDDSTargets.cmake
[2.168s] -- Up-to-date: /ws/install/cyclonedds/lib/cmake/CycloneDDS/CycloneDDSTargets-relwithdebinfo.cmake
[2.168s] -- Up-to-date: /ws/install/cyclonedds/lib/pkgconfig/CycloneDDS.pc
[2.168s] -- Up-to-date: /ws/install/cyclonedds/include/idlc
[2.168s] -- Up-to-date: /ws/install/cyclonedds/include/idlc/generator.h
[2.168s] -- Up-to-date: /ws/install/cyclonedds/include/idlc/options.h
[2.168s] -- Up-to-date: /ws/install/cyclonedds/bin/idlc
[2.168s] -- Up-to-date: /ws/install/cyclonedds/lib/cmake/CycloneDDS/idlc/Generate.cmake
[2.168s] -- Up-to-date: /ws/install/cyclonedds/bin/ddsperf
[2.168s] -- Up-to-date: /ws/install/cyclonedds/include
[2.170s] -- Up-to-date: /ws/install/cyclonedds/include/dds
[2.171s] -- Up-to-date: /ws/install/cyclonedds/include/dds/ddsrt
[2.171s] -- Up-to-date: /ws/install/cyclonedds/include/dds/ddsrt/static_assert.h
[2.171s] -- Up-to-date: /ws/install/cyclonedds/include/dds/ddsrt/atomics.h
[2.171s] -- Up-to-date: /ws/install/cyclonedds/include/dds/ddsrt/dynlib.h
[2.171s] -- Up-to-date: /ws/install/cyclonedds/include/dds/ddsrt/bswap.h
[2.171s] -- Up-to-date: /ws/install/cyclonedds/include/dds/ddsrt/mh3.h
[2.171s] -- Up-to-date: /ws/install/cyclonedds/include/dds/ddsrt/expand_vars.h
[2.171s] -- Up-to-date: /ws/install/cyclonedds/include/dds/ddsrt/types
[2.171s] -- Up-to-date: /ws/install/cyclonedds/include/dds/ddsrt/types/posix.h
[2.172s] -- Up-to-date: /ws/install/cyclonedds/include/dds/ddsrt/types/windows.h
[2.172s] -- Up-to-date: /ws/install/cyclonedds/include/dds/ddsrt/types/vxworks.h
[2.173s] -- Up-to-date: /ws/install/cyclonedds/include/dds/ddsrt/align.h
[2.173s] -- Up-to-date: /ws/install/cyclonedds/include/dds/ddsrt/md5.h
[2.173s] -- Up-to-date: /ws/install/cyclonedds/include/dds/ddsrt/sockets.h
[2.173s] -- Up-to-date: /ws/install/cyclonedds/include/dds/ddsrt/atomics
[2.173s] -- Up-to-date: /ws/install/cyclonedds/include/dds/ddsrt/atomics/gcc.h
[2.173s] -- Up-to-date: /ws/install/cyclonedds/include/dds/ddsrt/atomics/arm.h
[2.173s] -- Up-to-date: /ws/install/cyclonedds/include/dds/ddsrt/atomics/msvc.h
[2.173s] -- Up-to-date: /ws/install/cyclonedds/include/dds/ddsrt/atomics/sun.h
[2.173s] -- Up-to-date: /ws/install/cyclonedds/include/dds/ddsrt/sched.h
[2.174s] -- Up-to-date: /ws/install/cyclonedds/include/dds/ddsrt/iovec.h
[2.174s] -- Up-to-date: /ws/install/cyclonedds/include/dds/ddsrt/strtod.h
[2.174s] -- Up-to-date: /ws/install/cyclonedds/include/dds/ddsrt/arch.h
[2.175s] -- Up-to-date: /ws/install/cyclonedds/include/dds/ddsrt/retcode.h
[2.177s] -- Up-to-date: /ws/install/cyclonedds/include/dds/ddsrt/string.h
[2.177s] -- Up-to-date: /ws/install/cyclonedds/include/dds/ddsrt/ifaddrs.h
[2.177s] -- Up-to-date: /ws/install/cyclonedds/include/dds/ddsrt/log.h
[2.177s] -- Up-to-date: /ws/install/cyclonedds/include/dds/ddsrt/threads.h
[2.178s] -- Up-to-date: /ws/install/cyclonedds/include/dds/ddsrt/hopscotch.h
[2.178s] -- Up-to-date: /ws/install/cyclonedds/include/dds/ddsrt/xmlparser.h
[2.178s] -- Up-to-date: /ws/install/cyclonedds/include/dds/ddsrt/attributes.h
[2.178s] -- Up-to-date: /ws/install/cyclonedds/include/dds/ddsrt/circlist.h
[2.178s] -- Up-to-date: /ws/install/cyclonedds/include/dds/ddsrt/misc.h
[2.178s] -- Up-to-date: /ws/install/cyclonedds/include/dds/ddsrt/sync.h
[2.178s] -- Up-to-date: /ws/install/cyclonedds/include/dds/ddsrt/types.h
[2.179s] -- Up-to-date: /ws/install/cyclonedds/include/dds/ddsrt/time
[2.180s] -- Up-to-date: /ws/install/cyclonedds/include/dds/ddsrt/time/freertos.h
[2.180s] -- Up-to-date: /ws/install/cyclonedds/include/dds/ddsrt/random.h
[2.180s] -- Up-to-date: /ws/install/cyclonedds/include/dds/ddsrt/filesystem.h
[2.180s] -- Up-to-date: /ws/install/cyclonedds/include/dds/ddsrt/time.h
[2.181s] -- Up-to-date: /ws/install/cyclonedds/include/dds/ddsrt/threads
[2.181s] -- Up-to-date: /ws/install/cyclonedds/include/dds/ddsrt/threads/posix.h
[2.181s] -- Up-to-date: /ws/install/cyclonedds/include/dds/ddsrt/threads/windows.h
[2.181s] -- Up-to-date: /ws/install/cyclonedds/include/dds/ddsrt/threads/freertos.h
[2.181s] -- Up-to-date: /ws/install/cyclonedds/include/dds/ddsrt/cdtors.h
[2.181s] -- Up-to-date: /ws/install/cyclonedds/include/dds/ddsrt/process.h
[2.181s] -- Up-to-date: /ws/install/cyclonedds/include/dds/ddsrt/fibheap.h
[2.181s] -- Up-to-date: /ws/install/cyclonedds/include/dds/ddsrt/netstat.h
[2.181s] -- Up-to-date: /ws/install/cyclonedds/include/dds/ddsrt/sockets
[2.181s] -- Up-to-date: /ws/install/cyclonedds/include/dds/ddsrt/sockets/posix.h
[2.182s] -- Up-to-date: /ws/install/cyclonedds/include/dds/ddsrt/sockets/windows.h
[2.182s] -- Up-to-date: /ws/install/cyclonedds/include/dds/ddsrt/sync
[2.182s] -- Up-to-date: /ws/install/cyclonedds/include/dds/ddsrt/sync/posix.h
[2.182s] -- Up-to-date: /ws/install/cyclonedds/include/dds/ddsrt/sync/windows.h
[2.182s] -- Up-to-date: /ws/install/cyclonedds/include/dds/ddsrt/sync/freertos.h
[2.182s] -- Up-to-date: /ws/install/cyclonedds/include/dds/ddsrt/filesystem
[2.182s] -- Up-to-date: /ws/install/cyclonedds/include/dds/ddsrt/filesystem/posix.h
[2.182s] -- Up-to-date: /ws/install/cyclonedds/include/dds/ddsrt/filesystem/windows.h
[2.182s] -- Up-to-date: /ws/install/cyclonedds/include/dds/ddsrt/heap.h
[2.182s] -- Up-to-date: /ws/install/cyclonedds/include/dds/ddsrt/endian.h
[2.182s] -- Up-to-date: /ws/install/cyclonedds/include/dds/ddsrt/environ.h
[2.182s] -- Up-to-date: /ws/install/cyclonedds/include/dds/ddsrt/countargs.h
[2.182s] -- Up-to-date: /ws/install/cyclonedds/include/dds/ddsrt/avl.h
[2.183s] -- Up-to-date: /ws/install/cyclonedds/include/dds/ddsrt/rusage.h
[2.183s] -- Up-to-date: /ws/install/cyclonedds/include/dds/ddsrt/strtol.h
[2.183s] -- Up-to-date: /ws/install/cyclonedds/include/dds/ddsrt/io.h
[2.183s] -- Up-to-date: /ws/install/cyclonedds/include
[2.183s] -- Up-to-date: /ws/install/cyclonedds/include/dds
[2.183s] -- Up-to-date: /ws/install/cyclonedds/include/dds/version.h
[2.183s] -- Up-to-date: /ws/install/cyclonedds/include/dds/features.h
[2.183s] -- Up-to-date: /ws/install/cyclonedds/include/dds/config.h
[2.187s] -- Up-to-date: /ws/install/cyclonedds/include/idl
[2.201s] -- Up-to-date: /ws/install/cyclonedds/include/idl/stream.h
[2.201s] -- Up-to-date: /ws/install/cyclonedds/include/idl/symbol.h
[2.203s] -- Up-to-date: /ws/install/cyclonedds/include/idl/visit.h
[2.203s] -- Up-to-date: /ws/install/cyclonedds/include/idl/scope.h
[2.203s] -- Up-to-date: /ws/install/cyclonedds/include/idl/retcode.h
[2.203s] -- Up-to-date: /ws/install/cyclonedds/include/idl/string.h
[2.203s] -- Up-to-date: /ws/install/cyclonedds/include/idl/print.h
[2.203s] -- Up-to-date: /ws/install/cyclonedds/include/idl/tree.h
[2.203s] -- Up-to-date: /ws/install/cyclonedds/include/idl/expression.h
[2.203s] -- Up-to-date: /ws/install/cyclonedds/include/idl/file.h
[2.203s] -- Up-to-date: /ws/install/cyclonedds/include/idl/processor.h
[2.203s] -- Up-to-date: /ws/install/cyclonedds/include/idl
[2.204s] -- Up-to-date: /ws/install/cyclonedds/include/idl/version.h
[2.204s] -- Up-to-date: /ws/install/cyclonedds/include/idl/export.h
[2.204s] -- Up-to-date: /ws/install/cyclonedds/include/idl/md5.h
[2.204s] -- Up-to-date: /ws/install/cyclonedds/include/idl/attributes.h
[2.204s] -- Up-to-date: /ws/install/cyclonedds/include/idl/misc.h
[2.204s] -- Up-to-date: /ws/install/cyclonedds/include/idl/endian.h
[2.204s] -- Up-to-date: /ws/install/cyclonedds/lib/libcycloneddsidl.so.0.10.5
[2.204s] -- Up-to-date: /ws/install/cyclonedds/lib/libcycloneddsidl.so.0
[2.206s] -- Up-to-date: /ws/install/cyclonedds/lib/libcycloneddsidl.so
[2.206s] -- Up-to-date: /ws/install/cyclonedds/include
[2.206s] -- Up-to-date: /ws/install/cyclonedds/include/dds
[2.206s] -- Up-to-date: /ws/install/cyclonedds/include/dds/security
[2.206s] -- Up-to-date: /ws/install/cyclonedds/include/dds/security/dds_security_api_defs.h
[2.206s] -- Up-to-date: /ws/install/cyclonedds/include/dds/security/dds_security_api_access_control.h
[2.206s] -- Up-to-date: /ws/install/cyclonedds/include/dds/security/dds_security_api_err.h
[2.206s] -- Up-to-date: /ws/install/cyclonedds/include/dds/security/dds_security_api_types.h
[2.207s] -- Up-to-date: /ws/install/cyclonedds/include/dds/security/dds_security_api_authentication.h
[2.262s] -- Up-to-date: /ws/install/cyclonedds/include/dds/security/dds_security_api_cryptography.h
[2.262s] -- Up-to-date: /ws/install/cyclonedds/include/dds/security/dds_security_api.h
[2.275s] -- Up-to-date: /ws/install/cyclonedds/include/dds/security/core/
[2.276s] -- Up-to-date: /ws/install/cyclonedds/include/dds/security/core//dds_security_utils.h
[2.276s] -- Up-to-date: /ws/install/cyclonedds/include/dds/security/core//dds_security_fsm.h
[2.276s] -- Up-to-date: /ws/install/cyclonedds/include/dds/security/core//dds_security_plugins.h
[2.276s] -- Up-to-date: /ws/install/cyclonedds/include/dds/security/core//dds_security_types.h
[2.276s] -- Up-to-date: /ws/install/cyclonedds/include/dds/security/core//dds_security_serialize.h
[2.276s] -- Up-to-date: /ws/install/cyclonedds/include/dds/security/core//shared_secret.h
[2.276s] -- Up-to-date: /ws/install/cyclonedds/include/dds/security/core//dds_security_timed_cb.h
[2.276s] -- Up-to-date: /ws/install/cyclonedds/lib/libdds_security_ac.so
[2.293s] -- Up-to-date: /ws/install/cyclonedds/lib/libdds_security_auth.so
[2.316s] -- Up-to-date: /ws/install/cyclonedds/lib/libdds_security_crypto.so
[2.325s] -- Up-to-date: /ws/install/cyclonedds/include
[2.325s] -- Up-to-date: /ws/install/cyclonedds/include/dds
[2.325s] -- Up-to-date: /ws/install/cyclonedds/include/dds/ddsi
[2.334s] -- Up-to-date: /ws/install/cyclonedds/include/dds/ddsi/ddsi_cfgunits.h
[2.335s] -- Up-to-date: /ws/install/cyclonedds/include/dds/ddsi/ddsi_serdata_default.h
[2.336s] -- Up-to-date: /ws/install/cyclonedds/include/dds/ddsi/ddsi_typelib.h
[2.336s] -- Up-to-date: /ws/install/cyclonedds/include/dds/ddsi/ddsi_security_omg.h
[2.336s] -- Up-to-date: /ws/install/cyclonedds/include/dds/ddsi/q_sockwaitset.h
[2.337s] -- Up-to-date: /ws/install/cyclonedds/include/dds/ddsi/ddsi_time.h
[2.338s] -- Up-to-date: /ws/install/cyclonedds/include/dds/ddsi/ddsi_handshake.h
[2.338s] -- Up-to-date: /ws/install/cyclonedds/include/dds/ddsi/q_bswap.h
[2.339s] -- Up-to-date: /ws/install/cyclonedds/include/dds/ddsi/ddsi_endpoint.h
[2.339s] -- Up-to-date: /ws/install/cyclonedds/include/dds/ddsi/q_lease.h
[2.339s] -- Up-to-date: /ws/install/cyclonedds/include/dds/ddsi/ddsi_config_impl.h
[2.339s] -- Up-to-date: /ws/install/cyclonedds/include/dds/ddsi/ddsi_xt_typelookup.idl
[2.339s] -- Up-to-date: /ws/install/cyclonedds/include/dds/ddsi/q_pcap.h
[2.339s] -- Up-to-date: /ws/install/cyclonedds/include/dds/ddsi/q_hbcontrol.h
[2.340s] -- Up-to-date: /ws/install/cyclonedds/include/dds/ddsi/ddsi_entity_match.h
[2.340s] -- Up-to-date: /ws/install/cyclonedds/include/dds/ddsi/ddsi_security_msg.h
[2.340s] -- Up-to-date: /ws/install/cyclonedds/include/dds/ddsi/ddsi_proxy_participant.h
[2.341s] -- Up-to-date: /ws/install/cyclonedds/include/dds/ddsi/ddsi_xt_typelookup.h
[2.341s] -- Up-to-date: /ws/install/cyclonedds/include/dds/ddsi/ddsi_serdata_plist.h
[2.341s] -- Up-to-date: /ws/install/cyclonedds/include/dds/ddsi/ddsi_serdata.h
[2.341s] -- Up-to-date: /ws/install/cyclonedds/include/dds/ddsi/ddsi_xt_typeinfo.h
[2.342s] -- Up-to-date: /ws/install/cyclonedds/include/dds/ddsi/ddsi_ipaddr.h
[2.342s] -- Up-to-date: /ws/install/cyclonedds/include/dds/ddsi/sysdeps.h
[2.342s] -- Up-to-date: /ws/install/cyclonedds/include/dds/ddsi/q_thread.h
[2.342s] -- Up-to-date: /ws/install/cyclonedds/include/dds/ddsi/ddsi_tran.h
[2.342s] -- Up-to-date: /ws/install/cyclonedds/include/dds/ddsi/q_radmin.h
[2.342s] -- Up-to-date: /ws/install/cyclonedds/include/dds/ddsi/q_xmsg.h
[2.342s] -- Up-to-date: /ws/install/cyclonedds/include/dds/ddsi/q_receive.h
[2.343s] -- Up-to-date: /ws/install/cyclonedds/include/dds/ddsi/q_addrset.h
[2.343s] -- Up-to-date: /ws/install/cyclonedds/include/dds/ddsi/ddsi_xt_typemap.idl
[2.343s] -- Up-to-date: /ws/install/cyclonedds/include/dds/ddsi/ddsi_xt_typemap.h
[2.347s] -- Up-to-date: /ws/install/cyclonedds/include/dds/ddsi/q_transmit.h
[2.347s] -- Up-to-date: /ws/install/cyclonedds/include/dds/ddsi/ddsi_xt_impl.h
[2.347s] -- Up-to-date: /ws/install/cyclonedds/include/dds/ddsi/ddsi_vnet.h
[2.347s] -- Up-to-date: /ws/install/cyclonedds/include/dds/ddsi/ddsi_cdrstream.h
[2.347s] -- Up-to-date: /ws/install/cyclonedds/include/dds/ddsi/ddsi_portmapping.h
[2.348s] -- Up-to-date: /ws/install/cyclonedds/include/dds/ddsi/ddsi_raweth.h
[2.349s] -- Up-to-date: /ws/install/cyclonedds/include/dds/ddsi/ddsi_guid.h
[2.349s] -- Up-to-date: /ws/install/cyclonedds/include/dds/ddsi/ddsi_tcp.h
[2.350s] -- Up-to-date: /ws/install/cyclonedds/include/dds/ddsi/ddsi_iid.h
[2.350s] -- Up-to-date: /ws/install/cyclonedds/include/dds/ddsi/ddsi_mcgroup.h
[2.350s] -- Up-to-date: /ws/install/cyclonedds/include/dds/ddsi/q_debmon.h
[2.350s] -- Up-to-date: /ws/install/cyclonedds/include/dds/ddsi/ddsi_lifespan.h
[2.350s] -- Up-to-date: /ws/install/cyclonedds/include/dds/ddsi/ddsi_sertype.h
[2.350s] -- Up-to-date: /ws/install/cyclonedds/include/dds/ddsi/ddsi_rhc.h
[2.351s] -- Up-to-date: /ws/install/cyclonedds/include/dds/ddsi/q_bitset.h
[2.351s] -- Up-to-date: /ws/install/cyclonedds/include/dds/ddsi/ddsi_cfgelems.h
[2.351s] -- Up-to-date: /ws/install/cyclonedds/include/dds/ddsi/ddsi_domaingv.h
[2.351s] -- Up-to-date: /ws/install/cyclonedds/include/dds/ddsi/ddsi_list_tmpl.h
[2.351s] -- Up-to-date: /ws/install/cyclonedds/include/dds/ddsi/ddsi_typelookup.h
[2.352s] -- Up-to-date: /ws/install/cyclonedds/include/dds/ddsi/q_inverse_uint32_set.h
[2.352s] -- Up-to-date: /ws/install/cyclonedds/include/dds/ddsi/ddsi_deadline.h
[2.352s] -- Up-to-date: /ws/install/cyclonedds/include/dds/ddsi/ddsi_acknack.h
[2.352s] -- Up-to-date: /ws/install/cyclonedds/include/dds/ddsi/q_ddsi_discovery.h
[2.352s] -- Up-to-date: /ws/install/cyclonedds/include/dds/ddsi/ddsi_config.h
[2.352s] -- Up-to-date: /ws/install/cyclonedds/include/dds/ddsi/ddsi_tkmap.h
[2.352s] -- Up-to-date: /ws/install/cyclonedds/include/dds/ddsi/ddsi_security_util.h
[2.353s] -- Up-to-date: /ws/install/cyclonedds/include/dds/ddsi/q_freelist.h
[2.353s] -- Up-to-date: /ws/install/cyclonedds/include/dds/ddsi/ddsi_pmd.h
[2.353s] -- Up-to-date: /ws/install/cyclonedds/include/dds/ddsi/q_gc.h
[2.353s] -- Up-to-date: /ws/install/cyclonedds/include/dds/ddsi/ddsi_xt_typeinfo.idl
[2.353s] -- Up-to-date: /ws/install/cyclonedds/include/dds/ddsi/q_lat_estim.h
[2.353s] -- Up-to-date: /ws/install/cyclonedds/include/dds/ddsi/ddsi_typebuilder.h
[2.353s] -- Up-to-date: /ws/install/cyclonedds/include/dds/ddsi/ddsi_participant.h
[2.353s] -- Up-to-date: /ws/install/cyclonedds/include/dds/ddsi/q_xevent.h
[2.353s] -- Up-to-date: /ws/install/cyclonedds/include/dds/ddsi/ddsi_plist.h
[2.353s] -- Up-to-date: /ws/install/cyclonedds/include/dds/ddsi/ddsi_deliver_locally.h
[2.353s] -- Up-to-date: /ws/install/cyclonedds/include/dds/ddsi/ddsi_serdata_pserop.h
[2.353s] -- Up-to-date: /ws/install/cyclonedds/include/dds/ddsi/q_misc.h
[2.353s] -- Up-to-date: /ws/install/cyclonedds/include/dds/ddsi/ddsi_list_genptr.h
[2.353s] -- Up-to-date: /ws/install/cyclonedds/include/dds/ddsi/ddsi_xqos.h
[2.354s] -- Up-to-date: /ws/install/cyclonedds/include/dds/ddsi/q_qosmatch.h
[2.354s] -- Up-to-date: /ws/install/cyclonedds/include/dds/ddsi/ddsi_plist_generic.h
[2.354s] -- Up-to-date: /ws/install/cyclonedds/include/dds/ddsi/ddsi_wraddrset.h
[2.354s] -- Up-to-date: /ws/install/cyclonedds/include/dds/ddsi/ddsi_statistics.h
[2.354s] -- Up-to-date: /ws/install/cyclonedds/include/dds/ddsi/q_init.h
[2.354s] -- Up-to-date: /ws/install/cyclonedds/include/dds/ddsi/ddsi_locator.h
[2.354s] -- Up-to-date: /ws/install/cyclonedds/include/dds/ddsi/ddsi_threadmon.h
[2.354s] -- Up-to-date: /ws/install/cyclonedds/include/dds/ddsi/ddsi_entity.h
[2.354s] -- Up-to-date: /ws/install/cyclonedds/include/dds/ddsi/ddsi_udp.h
[2.354s] -- Up-to-date: /ws/install/cyclonedds/include/dds/ddsi/q_whc.h
[2.354s] -- Up-to-date: /ws/install/cyclonedds/include/dds/ddsi/ddsi_keyhash.h
[2.354s] -- Up-to-date: /ws/install/cyclonedds/include/dds/ddsi/ddsi_topic.h
[2.354s] -- Up-to-date: /ws/install/cyclonedds/include/dds/ddsi/ddsi_ssl.h
[2.354s] -- Up-to-date: /ws/install/cyclonedds/include/dds/ddsi/ddsi_shm_transport.h
[2.355s] -- Up-to-date: /ws/install/cyclonedds/include/dds/ddsi/ddsi_vendor.h
[2.355s] -- Up-to-date: /ws/install/cyclonedds/include/dds/ddsi/ddsi_sertopic.h
[2.355s] -- Up-to-date: /ws/install/cyclonedds/include/dds/ddsi/ddsi_entity_index.h
[2.355s] -- Up-to-date: /ws/install/cyclonedds/include/dds/ddsi/q_protocol.h
[2.355s] -- Up-to-date: /ws/install/cyclonedds/include/dds/ddsi/ddsi_typewrap.h
[2.355s] -- Up-to-date: /ws/install/cyclonedds/include/dds/ddsi/ddsi_builtin_topic_if.h
[2.355s] -- Up-to-date: /ws/install/cyclonedds/include/dds/ddsi/ddsi_proxy_endpoint.h
[2.355s] -- Up-to-date: /ws/install/cyclonedds/include/dds/ddsi/q_feature_check.h
[2.355s] -- Up-to-date: /ws/install/cyclonedds/include/dds/ddsi/q_rtps.h
[2.355s] -- Up-to-date: /ws/install/cyclonedds/include/dds/ddsi/ddsi_security_exchange.h
[2.355s] -- Up-to-date: /ws/install/cyclonedds/include/dds/ddsi/q_unused.h
[2.355s] -- Up-to-date: /ws/install/cyclonedds/include/dds/ddsi/q_log.h
[2.356s] -- Up-to-date: /ws/install/cyclonedds/include/dds/ddsi/ddsi_ownip.h
[2.356s] -- Up-to-date: /ws/install/cyclonedds/include
[2.356s] -- Up-to-date: /ws/install/cyclonedds/include/ddsc
[2.356s] -- Up-to-date: /ws/install/cyclonedds/include/ddsc/dds.h
[2.356s] -- Up-to-date: /ws/install/cyclonedds/include/dds
[2.356s] -- Up-to-date: /ws/install/cyclonedds/include/dds/ddsc
[2.357s] -- Up-to-date: /ws/install/cyclonedds/include/dds/ddsc/dds_public_impl.h
[2.357s] -- Up-to-date: /ws/install/cyclonedds/include/dds/ddsc/dds_public_listener.h
[2.357s] -- Up-to-date: /ws/install/cyclonedds/include/dds/ddsc/dds_public_qos.h
[2.357s] -- Up-to-date: /ws/install/cyclonedds/include/dds/ddsc/dds_public_qosdefs.h
[2.357s] -- Up-to-date: /ws/install/cyclonedds/include/dds/ddsc/dds_data_allocator.h
[2.357s] -- Up-to-date: /ws/install/cyclonedds/include/dds/ddsc/dds_public_alloc.h
[2.357s] -- Up-to-date: /ws/install/cyclonedds/include/dds/ddsc/dds_internal_api.h
[2.357s] -- Up-to-date: /ws/install/cyclonedds/include/dds/ddsc/dds_public_status.h
[2.357s] -- Up-to-date: /ws/install/cyclonedds/include/dds/ddsc/dds_rhc.h
[2.357s] -- Up-to-date: /ws/install/cyclonedds/include/dds/ddsc/dds_public_error.h
[2.358s] -- Up-to-date: /ws/install/cyclonedds/include/dds/ddsc/dds_statistics.h
[2.358s] -- Up-to-date: /ws/install/cyclonedds/include/dds/ddsc/dds_loan_api.h
[2.358s] -- Up-to-date: /ws/install/cyclonedds/include/dds/ddsc/dds_opcodes.h
[2.358s] -- Up-to-date: /ws/install/cyclonedds/include/dds/ddsc/dds_basic_types.h
[2.358s] -- Up-to-date: /ws/install/cyclonedds/include/dds/dds.h
[2.358s] -- Up-to-date: /ws/install/cyclonedds/include
[2.359s] -- Up-to-date: /ws/install/cyclonedds/include/dds
[2.359s] -- Up-to-date: /ws/install/cyclonedds/include/dds/export.h
[2.359s] -- Up-to-date: /ws/install/cyclonedds/lib/libddsc.so.0.10.5
[2.359s] -- Up-to-date: /ws/install/cyclonedds/lib/libddsc.so.0
[2.360s] -- Up-to-date: /ws/install/cyclonedds/lib/libddsc.so
[2.361s] -- Up-to-date: /ws/install/cyclonedds/share/doc/CycloneDDS/CONTRIBUTING.md
[2.361s] -- Up-to-date: /ws/install/cyclonedds/share/doc/CycloneDDS/CYCLONEDDS_QUALITY_DECLARATION.md
[2.362s] -- Up-to-date: /ws/install/cyclonedds/share/doc/CycloneDDS/LICENSE
[2.362s] -- Up-to-date: /ws/install/cyclonedds/share/doc/CycloneDDS/NOTICE.md
[2.362s] -- Up-to-date: /ws/install/cyclonedds/share/doc/CycloneDDS/README.md
[2.362s] -- Up-to-date: /ws/install/cyclonedds/share/doc/CycloneDDS/CHANGELOG.rst
[2.368s] Invoked command in '/ws/build/cyclonedds' returned '0': CMAKE_PREFIX_PATH=${CMAKE_PREFIX_PATH}:/opt/ros/humble /usr/bin/cmake --install /ws/build/cyclonedds
