[0.043s] Invoking command in '/home/ruben/go2_deploy/workhop_rl/build/rmw_cyclonedds_cpp': CMAKE_PREFIX_PATH=/home/ruben/go2_deploy/workhop_rl/install/cyclonedds:/opt/ros/humble LD_LIBRARY_PATH=/home/ruben/go2_deploy/workhop_rl/install/cyclonedds/lib:${LD_LIBRARY_PATH} PATH=/home/ruben/go2_deploy/workhop_rl/install/cyclonedds/bin:${PATH} PKG_CONFIG_PATH=/home/ruben/go2_deploy/workhop_rl/install/cyclonedds/lib/x86_64-linux-gnu/pkgconfig:/home/ruben/go2_deploy/workhop_rl/install/cyclonedds/lib/pkgconfig /usr/bin/cmake /home/ruben/go2_deploy/workhop_rl/src/unitree_ros2/cyclonedds_ws/src/rmw_cyclonedds/rmw_cyclonedds_cpp -DCMAKE_INSTALL_PREFIX=/home/ruben/go2_deploy/workhop_rl/install/rmw_cyclonedds_cpp
[0.218s] -- The C compiler identification is GNU 11.4.0
[0.300s] -- The CXX compiler identification is GNU 11.4.0
[0.312s] -- Detecting C compiler ABI info
[0.396s] -- Detecting C compiler ABI info - done
[0.403s] -- Check for working C compiler: /usr/bin/cc - skipped
[0.403s] -- Detecting C compile features
[0.403s] -- Detecting C compile features - done
[0.406s] -- Detecting CXX compiler ABI info
[0.552s] -- Detecting CXX compiler ABI info - done
[0.558s] -- Check for working CXX compiler: /usr/bin/c++ - skipped
[0.558s] -- Detecting CXX compile features
[0.559s] -- Detecting CXX compile features - done
[0.560s] -- Found ament_cmake_ros: 0.10.0 (/opt/ros/humble/share/ament_cmake_ros/cmake)
[0.681s] -- Found Python3: /usr/bin/python3 (found version "3.10.12") found components: Interpreter 
[0.833s] -- Found rcutils: 5.1.7 (/opt/ros/humble/share/rcutils/cmake)
[0.840s] -- Found rcpputils: 2.4.6 (/opt/ros/humble/share/rcpputils/cmake)
[0.894s] -- Found tracetools: 4.1.1 (/opt/ros/humble/share/tracetools/cmake)
[0.906s] -- Found rmw: 6.1.2 (/opt/ros/humble/share/rmw/cmake)
[1.009s] -- Found rmw_dds_common: 1.6.0 (/opt/ros/humble/share/rmw_dds_common/cmake)
[1.018s] -- Found rosidl_generator_c: 3.1.7 (/opt/ros/humble/share/rosidl_generator_c/cmake)
[1.020s] -- Found rosidl_adapter: 3.1.7 (/opt/ros/humble/share/rosidl_adapter/cmake)
[1.025s] -- Found rosidl_generator_cpp: 3.1.7 (/opt/ros/humble/share/rosidl_generator_cpp/cmake)
[1.029s] -- Using all available rosidl_typesupport_c: rosidl_typesupport_fastrtps_c;rosidl_typesupport_introspection_c
[1.037s] -- Using all available rosidl_typesupport_cpp: rosidl_typesupport_fastrtps_cpp;rosidl_typesupport_introspection_cpp
[1.141s] -- Found ament_lint_auto: 0.12.14 (/opt/ros/humble/share/ament_lint_auto/cmake)
[1.243s] -- Added test 'copyright' to check source files copyright and LICENSE
[1.244s] -- Added test 'cppcheck' to perform static code analysis on C / C++ code
[1.244s] -- Configured cppcheck include dirs: 
[1.244s] -- Configured cppcheck exclude dirs and/or files: 
[1.245s] -- Added test 'cpplint' to check C / C++ code against the Google style
[1.245s] -- Configured cpplint exclude dirs and/or files: 
[1.245s] -- Added test 'lint_cmake' to check CMake code style
[1.246s] -- Added test 'uncrustify' to check C / C++ code style
[1.246s] -- Configured uncrustify additional arguments: 
[1.247s] -- Added test 'xmllint' to check XML markup files
[1.248s] -- Configuring done
[1.252s] -- Generating done
[1.254s] -- Build files have been written to: /home/ruben/go2_deploy/workhop_rl/build/rmw_cyclonedds_cpp
[1.260s] Invoked command in '/home/ruben/go2_deploy/workhop_rl/build/rmw_cyclonedds_cpp' returned '0': CMAKE_PREFIX_PATH=/home/ruben/go2_deploy/workhop_rl/install/cyclonedds:/opt/ros/humble LD_LIBRARY_PATH=/home/ruben/go2_deploy/workhop_rl/install/cyclonedds/lib:${LD_LIBRARY_PATH} PATH=/home/ruben/go2_deploy/workhop_rl/install/cyclonedds/bin:${PATH} PKG_CONFIG_PATH=/home/ruben/go2_deploy/workhop_rl/install/cyclonedds/lib/x86_64-linux-gnu/pkgconfig:/home/ruben/go2_deploy/workhop_rl/install/cyclonedds/lib/pkgconfig /usr/bin/cmake /home/ruben/go2_deploy/workhop_rl/src/unitree_ros2/cyclonedds_ws/src/rmw_cyclonedds/rmw_cyclonedds_cpp -DCMAKE_INSTALL_PREFIX=/home/ruben/go2_deploy/workhop_rl/install/rmw_cyclonedds_cpp
[1.262s] Invoking command in '/home/ruben/go2_deploy/workhop_rl/build/rmw_cyclonedds_cpp': CMAKE_PREFIX_PATH=/home/ruben/go2_deploy/workhop_rl/install/cyclonedds:/opt/ros/humble LD_LIBRARY_PATH=/home/ruben/go2_deploy/workhop_rl/install/cyclonedds/lib:${LD_LIBRARY_PATH} PATH=/home/ruben/go2_deploy/workhop_rl/install/cyclonedds/bin:${PATH} PKG_CONFIG_PATH=/home/ruben/go2_deploy/workhop_rl/install/cyclonedds/lib/x86_64-linux-gnu/pkgconfig:/home/ruben/go2_deploy/workhop_rl/install/cyclonedds/lib/pkgconfig /usr/bin/cmake --build /home/ruben/go2_deploy/workhop_rl/build/rmw_cyclonedds_cpp -- -j22 -l22
[1.332s] [ 16%] [32mBuilding CXX object CMakeFiles/rmw_cyclonedds_cpp.dir/src/serdata.cpp.o[0m
[1.332s] [ 25%] [32mBuilding CXX object CMakeFiles/rmw_cyclonedds_cpp.dir/src/exception.cpp.o[0m
[1.333s] [ 16%] [32mBuilding CXX object CMakeFiles/rmw_cyclonedds_cpp.dir/src/demangle.cpp.o[0m
[1.333s] [ 41%] [32mBuilding CXX object CMakeFiles/rmw_cyclonedds_cpp.dir/src/TypeSupport2.cpp.o[0m
[1.333s] [ 41%] [32mBuilding CXX object CMakeFiles/rmw_cyclonedds_cpp.dir/src/rmw_node.cpp.o[0m
[1.335s] [ 50%] [32mBuilding CXX object CMakeFiles/rmw_cyclonedds_cpp.dir/src/rmw_get_network_flow_endpoints.cpp.o[0m
[1.339s] [ 58%] [32mBuilding CXX object CMakeFiles/rmw_cyclonedds_cpp.dir/src/serdes.cpp.o[0m
[1.340s] [ 66%] [32mBuilding CXX object CMakeFiles/rmw_cyclonedds_cpp.dir/src/u16string.cpp.o[0m
[1.341s] [ 75%] [32mBuilding CXX object CMakeFiles/rmw_cyclonedds_cpp.dir/src/deserialization_exception.cpp.o[0m
[1.357s] [ 83%] [32mBuilding CXX object CMakeFiles/rmw_cyclonedds_cpp.dir/src/Serialization.cpp.o[0m
[1.362s] [ 91%] [32mBuilding CXX object CMakeFiles/rmw_cyclonedds_cpp.dir/src/TypeSupport.cpp.o[0m
[5.631s] [100%] [32m[1mLinking CXX shared library librmw_cyclonedds_cpp.so[0m
[6.282s] [100%] Built target rmw_cyclonedds_cpp
[6.307s] Invoked command in '/home/ruben/go2_deploy/workhop_rl/build/rmw_cyclonedds_cpp' returned '0': CMAKE_PREFIX_PATH=/home/ruben/go2_deploy/workhop_rl/install/cyclonedds:/opt/ros/humble LD_LIBRARY_PATH=/home/ruben/go2_deploy/workhop_rl/install/cyclonedds/lib:${LD_LIBRARY_PATH} PATH=/home/ruben/go2_deploy/workhop_rl/install/cyclonedds/bin:${PATH} PKG_CONFIG_PATH=/home/ruben/go2_deploy/workhop_rl/install/cyclonedds/lib/x86_64-linux-gnu/pkgconfig:/home/ruben/go2_deploy/workhop_rl/install/cyclonedds/lib/pkgconfig /usr/bin/cmake --build /home/ruben/go2_deploy/workhop_rl/build/rmw_cyclonedds_cpp -- -j22 -l22
[6.307s] Invoking command in '/home/ruben/go2_deploy/workhop_rl/build/rmw_cyclonedds_cpp': CMAKE_PREFIX_PATH=/home/ruben/go2_deploy/workhop_rl/install/cyclonedds:/opt/ros/humble LD_LIBRARY_PATH=/home/ruben/go2_deploy/workhop_rl/install/cyclonedds/lib:${LD_LIBRARY_PATH} PATH=/home/ruben/go2_deploy/workhop_rl/install/cyclonedds/bin:${PATH} PKG_CONFIG_PATH=/home/ruben/go2_deploy/workhop_rl/install/cyclonedds/lib/x86_64-linux-gnu/pkgconfig:/home/ruben/go2_deploy/workhop_rl/install/cyclonedds/lib/pkgconfig /usr/bin/cmake --install /home/ruben/go2_deploy/workhop_rl/build/rmw_cyclonedds_cpp
[6.314s] -- Install configuration: ""
[6.315s] -- Installing: /home/ruben/go2_deploy/workhop_rl/install/rmw_cyclonedds_cpp/share/ament_index/resource_index/rmw_typesupport_c/rmw_cyclonedds_cpp
[6.315s] -- Installing: /home/ruben/go2_deploy/workhop_rl/install/rmw_cyclonedds_cpp/share/ament_index/resource_index/rmw_typesupport_cpp/rmw_cyclonedds_cpp
[6.315s] -- Installing: /home/ruben/go2_deploy/workhop_rl/install/rmw_cyclonedds_cpp/share/ament_index/resource_index/rmw_typesupport/rmw_cyclonedds_cpp
[6.315s] -- Installing: /home/ruben/go2_deploy/workhop_rl/install/rmw_cyclonedds_cpp/share/ament_index/resource_index/package_run_dependencies/rmw_cyclonedds_cpp
[6.315s] -- Installing: /home/ruben/go2_deploy/workhop_rl/install/rmw_cyclonedds_cpp/share/ament_index/resource_index/parent_prefix_path/rmw_cyclonedds_cpp
[6.315s] -- Installing: /home/ruben/go2_deploy/workhop_rl/install/rmw_cyclonedds_cpp/share/rmw_cyclonedds_cpp/environment/ament_prefix_path.sh
[6.315s] -- Installing: /home/ruben/go2_deploy/workhop_rl/install/rmw_cyclonedds_cpp/share/rmw_cyclonedds_cpp/environment/ament_prefix_path.dsv
[6.315s] -- Installing: /home/ruben/go2_deploy/workhop_rl/install/rmw_cyclonedds_cpp/share/rmw_cyclonedds_cpp/environment/path.sh
[6.315s] -- Installing: /home/ruben/go2_deploy/workhop_rl/install/rmw_cyclonedds_cpp/share/rmw_cyclonedds_cpp/environment/path.dsv
[6.316s] -- Installing: /home/ruben/go2_deploy/workhop_rl/install/rmw_cyclonedds_cpp/share/rmw_cyclonedds_cpp/local_setup.bash
[6.316s] -- Installing: /home/ruben/go2_deploy/workhop_rl/install/rmw_cyclonedds_cpp/share/rmw_cyclonedds_cpp/local_setup.sh
[6.316s] -- Installing: /home/ruben/go2_deploy/workhop_rl/install/rmw_cyclonedds_cpp/share/rmw_cyclonedds_cpp/local_setup.zsh
[6.316s] -- Installing: /home/ruben/go2_deploy/workhop_rl/install/rmw_cyclonedds_cpp/share/rmw_cyclonedds_cpp/local_setup.dsv
[6.316s] -- Installing: /home/ruben/go2_deploy/workhop_rl/install/rmw_cyclonedds_cpp/share/rmw_cyclonedds_cpp/package.dsv
[6.316s] -- Installing: /home/ruben/go2_deploy/workhop_rl/install/rmw_cyclonedds_cpp/share/ament_index/resource_index/packages/rmw_cyclonedds_cpp
[6.316s] -- Installing: /home/ruben/go2_deploy/workhop_rl/install/rmw_cyclonedds_cpp/share/rmw_cyclonedds_cpp/cmake/export_rmw_cyclonedds_cppExport.cmake
[6.316s] -- Installing: /home/ruben/go2_deploy/workhop_rl/install/rmw_cyclonedds_cpp/share/rmw_cyclonedds_cpp/cmake/export_rmw_cyclonedds_cppExport-noconfig.cmake
[6.316s] -- Installing: /home/ruben/go2_deploy/workhop_rl/install/rmw_cyclonedds_cpp/share/rmw_cyclonedds_cpp/cmake/ament_cmake_export_dependencies-extras.cmake
[6.317s] -- Installing: /home/ruben/go2_deploy/workhop_rl/install/rmw_cyclonedds_cpp/share/rmw_cyclonedds_cpp/cmake/ament_cmake_export_targets-extras.cmake
[6.317s] -- Installing: /home/ruben/go2_deploy/workhop_rl/install/rmw_cyclonedds_cpp/share/rmw_cyclonedds_cpp/cmake/rmw_cyclonedds_cppConfig.cmake
[6.317s] -- Installing: /home/ruben/go2_deploy/workhop_rl/install/rmw_cyclonedds_cpp/share/rmw_cyclonedds_cpp/cmake/rmw_cyclonedds_cppConfig-version.cmake
[6.317s] -- Installing: /home/ruben/go2_deploy/workhop_rl/install/rmw_cyclonedds_cpp/share/rmw_cyclonedds_cpp/package.xml
[6.317s] -- Installing: /home/ruben/go2_deploy/workhop_rl/install/rmw_cyclonedds_cpp/lib/librmw_cyclonedds_cpp.so
[6.322s] -- Set runtime path of "/home/ruben/go2_deploy/workhop_rl/install/rmw_cyclonedds_cpp/lib/librmw_cyclonedds_cpp.so" to ""
[6.322s] -- Installing: /home/ruben/go2_deploy/workhop_rl/install/rmw_cyclonedds_cpp/share/ament_index/resource_index/rmw_output_patterns/rmw_cyclonedds_cpp
[6.327s] Invoked command in '/home/ruben/go2_deploy/workhop_rl/build/rmw_cyclonedds_cpp' returned '0': CMAKE_PREFIX_PATH=/home/ruben/go2_deploy/workhop_rl/install/cyclonedds:/opt/ros/humble LD_LIBRARY_PATH=/home/ruben/go2_deploy/workhop_rl/install/cyclonedds/lib:${LD_LIBRARY_PATH} PATH=/home/ruben/go2_deploy/workhop_rl/install/cyclonedds/bin:${PATH} PKG_CONFIG_PATH=/home/ruben/go2_deploy/workhop_rl/install/cyclonedds/lib/x86_64-linux-gnu/pkgconfig:/home/ruben/go2_deploy/workhop_rl/install/cyclonedds/lib/pkgconfig /usr/bin/cmake --install /home/ruben/go2_deploy/workhop_rl/build/rmw_cyclonedds_cpp
