[0.051s] Invoking command in '/ws/build/cyclonedds': CMAKE_PREFIX_PATH=${CMAKE_PREFIX_PATH}:/opt/ros/humble /usr/bin/cmake --build /ws/build/cyclonedds -- -j4 -l4
[0.268s] [35m[1mConsolidate compiler generated dependencies of target idlpp[0m
[0.306s] [35m[1mConsolidate compiler generated dependencies of target idl[0m
[0.331s] [35m[1mConsolidate compiler generated dependencies of target ddsrt-internal[0m
[0.378s] [  0%] Built target _confgen
[0.433s] [  4%] Built target idlpp
[0.485s] [ 12%] Built target idl
[0.520s] [35m[1mConsolidate compiler generated dependencies of target ddsc[0m
[0.682s] [ 27%] Built target ddsrt-internal
[0.781s] [ 27%] [32mBuilding C object src/core/CMakeFiles/ddsc.dir/ddsi/src/ddsi_serdata_default.c.o[0m
[0.827s] [ 27%] [32mBuilding C object src/core/CMakeFiles/ddsc.dir/ddsi/src/q_thread.c.o[0m
[0.842s] [ 27%] [32mBuilding C object src/core/CMakeFiles/ddsc.dir/ddsi/src/ddsi_serdata.c.o[0m
[0.876s] [ 28%] [32mBuilding C object src/core/CMakeFiles/ddsc.dir/ddsi/src/q_transmit.c.o[0m
[1.790s] [ 28%] [32mBuilding C object src/core/CMakeFiles/ddsc.dir/ddsi/src/q_inverse_uint32_set.c.o[0m
[2.196s] [ 28%] [32mBuilding C object src/core/CMakeFiles/ddsc.dir/ddsi/src/q_whc.c.o[0m
[2.315s] [ 29%] [32mBuilding C object src/core/CMakeFiles/ddsc.dir/ddsi/src/q_xevent.c.o[0m
[2.513s] [ 29%] [32mBuilding C object src/core/CMakeFiles/ddsc.dir/ddsi/src/q_xmsg.c.o[0m
[3.099s] [ 29%] [32mBuilding C object src/core/CMakeFiles/ddsc.dir/ddsi/src/q_freelist.c.o[0m
[3.681s] [ 30%] [32mBuilding C object src/core/CMakeFiles/ddsc.dir/ddsi/src/sysdeps.c.o[0m
[4.065s] [ 30%] [32mBuilding C object src/core/CMakeFiles/ddsc.dir/ddsi/src/ddsi_lifespan.c.o[0m
[4.412s] [ 31%] [32mBuilding C object src/core/CMakeFiles/ddsc.dir/ddsi/src/ddsi_xt_typeinfo.c.o[0m
[4.438s] [ 31%] [32mBuilding C object src/core/CMakeFiles/ddsc.dir/ddsi/src/ddsi_xt_typelookup.c.o[0m
[4.688s] [ 32%] [32mBuilding C object src/core/CMakeFiles/ddsc.dir/ddsi/src/ddsi_xt_typemap.c.o[0m
[4.688s] [ 32%] [32mBuilding C object src/core/CMakeFiles/ddsc.dir/ddsi/src/ddsi_typelookup.c.o[0m
[4.842s] [ 32%] [32mBuilding C object src/core/CMakeFiles/ddsc.dir/ddsi/src/ddsi_typewrap.c.o[0m
[4.988s] [ 33%] [32mBuilding C object src/core/CMakeFiles/ddsc.dir/ddsi/src/ddsi_typebuilder.c.o[0m
[5.999s] [ 33%] [32mBuilding C object src/core/CMakeFiles/ddsc.dir/ddsi/src/ddsi_security_msg.c.o[0m
[6.639s] [ 33%] [32mBuilding C object src/core/CMakeFiles/ddsc.dir/ddsi/src/ddsi_security_exchange.c.o[0m
[7.105s] [ 34%] [32mBuilding C object src/core/CMakeFiles/ddsc.dir/ddsi/src/ddsi_shm_transport.c.o[0m
[7.568s] [ 34%] [32mBuilding C object src/core/CMakeFiles/ddsc.dir/ddsi/defconfig.c.o[0m
[7.773s] [ 34%] [32mBuilding C object src/core/CMakeFiles/ddsc.dir/ddsc/src/dds_alloc.c.o[0m
[7.855s] [ 35%] [32mBuilding C object src/core/CMakeFiles/ddsc.dir/ddsc/src/dds_builtin.c.o[0m
[8.489s] [ 35%] [32mBuilding C object src/core/CMakeFiles/ddsc.dir/ddsc/src/dds_coherent.c.o[0m
[9.025s] [ 36%] [32mBuilding C object src/core/CMakeFiles/ddsc.dir/ddsc/src/dds_participant.c.o[0m
[9.421s] [ 36%] [32mBuilding C object src/core/CMakeFiles/ddsc.dir/ddsc/src/dds_reader.c.o[0m
[10.449s] [ 36%] [32mBuilding C object src/core/CMakeFiles/ddsc.dir/ddsc/src/dds_writer.c.o[0m
[10.464s] [ 37%] [32mBuilding C object src/core/CMakeFiles/ddsc.dir/ddsc/src/dds_init.c.o[0m
[11.441s] [ 37%] [32mBuilding C object src/core/CMakeFiles/ddsc.dir/ddsc/src/dds_publisher.c.o[0m
[12.447s] [ 37%] [32mBuilding C object src/core/CMakeFiles/ddsc.dir/ddsc/src/dds_rhc.c.o[0m
[12.975s] [ 38%] [32mBuilding C object src/core/CMakeFiles/ddsc.dir/ddsc/src/dds_rhc_default.c.o[0m
[13.180s] [ 38%] [32mBuilding C object src/core/CMakeFiles/ddsc.dir/ddsc/src/dds_domain.c.o[0m
[13.416s] [ 39%] [32mBuilding C object src/core/CMakeFiles/ddsc.dir/ddsc/src/dds_instance.c.o[0m
[15.044s] [ 39%] [32mBuilding C object src/core/CMakeFiles/ddsc.dir/ddsc/src/dds_qos.c.o[0m
[15.102s] [ 39%] [32mBuilding C object src/core/CMakeFiles/ddsc.dir/ddsc/src/dds_handles.c.o[0m
[15.408s] [ 40%] [32mBuilding C object src/core/CMakeFiles/ddsc.dir/ddsc/src/dds_entity.c.o[0m
[16.789s] [ 40%] [32mBuilding C object src/core/CMakeFiles/ddsc.dir/ddsc/src/dds_matched.c.o[0m
[21.010s] [ 40%] [32mBuilding C object src/core/CMakeFiles/ddsc.dir/ddsc/src/dds_listener.c.o[0m
[22.532s] [ 41%] [32mBuilding C object src/core/CMakeFiles/ddsc.dir/ddsc/src/dds_read.c.o[0m
[23.305s] [ 41%] [32mBuilding C object src/core/CMakeFiles/ddsc.dir/ddsc/src/dds_waitset.c.o[0m
[23.954s] [ 41%] [32mBuilding C object src/core/CMakeFiles/ddsc.dir/ddsc/src/dds_readcond.c.o[0m
[24.281s] [ 42%] [32mBuilding C object src/core/CMakeFiles/ddsc.dir/ddsc/src/dds_guardcond.c.o[0m
[24.791s] [ 42%] [32mBuilding C object src/core/CMakeFiles/ddsc.dir/ddsc/src/dds_statistics.c.o[0m
[25.270s] [ 43%] [32mBuilding C object src/core/CMakeFiles/ddsc.dir/ddsc/src/dds_subscriber.c.o[0m
[25.882s] [ 43%] [32mBuilding C object src/core/CMakeFiles/ddsc.dir/ddsc/src/dds_write.c.o[0m
[27.077s] [ 43%] [32mBuilding C object src/core/CMakeFiles/ddsc.dir/ddsc/src/dds_whc.c.o[0m
[28.741s] [ 44%] [32mBuilding C object src/core/CMakeFiles/ddsc.dir/ddsc/src/dds_whc_builtintopic.c.o[0m
[29.484s] [ 44%] [32mBuilding C object src/core/CMakeFiles/ddsc.dir/ddsc/src/dds_serdata_builtintopic.c.o[0m
[30.428s] [ 45%] [32mBuilding C object src/core/CMakeFiles/ddsc.dir/ddsc/src/dds_sertype_builtintopic.c.o[0m
[31.026s] [ 45%] [32mBuilding C object src/core/CMakeFiles/ddsc.dir/ddsc/src/dds_data_allocator.c.o[0m
[31.627s] [ 45%] [32mBuilding C object src/core/CMakeFiles/ddsc.dir/ddsc/src/dds_loan.c.o[0m
[32.268s] [ 46%] [32mBuilding C object src/core/CMakeFiles/ddsc.dir/ddsc/src/shm_monitor.c.o[0m
[32.726s] [ 46%] [32mBuilding C object src/core/CMakeFiles/ddsc.dir/__/security/core/src/dds_security_serialize.c.o[0m
[33.751s] [ 46%] [32mBuilding C object src/core/CMakeFiles/ddsc.dir/__/security/core/src/dds_security_utils.c.o[0m
[35.242s] [ 47%] [32mBuilding C object src/core/CMakeFiles/ddsc.dir/__/security/core/src/dds_security_plugins.c.o[0m
[36.019s] [ 47%] [32mBuilding C object src/core/CMakeFiles/ddsc.dir/__/security/core/src/shared_secret.c.o[0m
[36.376s] [ 48%] [32mBuilding C object src/core/CMakeFiles/ddsc.dir/__/security/core/src/dds_security_fsm.c.o[0m
[37.193s] [ 48%] [32mBuilding C object src/core/CMakeFiles/ddsc.dir/__/security/core/src/dds_security_timed_cb.c.o[0m
[37.600s] [ 48%] [32mBuilding C object src/core/CMakeFiles/ddsc.dir/__/ddsrt/src/atomics.c.o[0m
[38.188s] [ 49%] [32mBuilding C object src/core/CMakeFiles/ddsc.dir/__/ddsrt/src/avl.c.o[0m
[39.296s] [ 49%] [32mBuilding C object src/core/CMakeFiles/ddsc.dir/__/ddsrt/src/bswap.c.o[0m
[39.496s] [ 49%] [32mBuilding C object src/core/CMakeFiles/ddsc.dir/__/ddsrt/src/io.c.o[0m
[39.721s] [ 50%] [32mBuilding C object src/core/CMakeFiles/ddsc.dir/__/ddsrt/src/log.c.o[0m
[40.356s] [ 50%] [32mBuilding C object src/core/CMakeFiles/ddsc.dir/__/ddsrt/src/retcode.c.o[0m
[40.544s] [ 51%] [32mBuilding C object src/core/CMakeFiles/ddsc.dir/__/ddsrt/src/strtod.c.o[0m
[40.972s] [ 51%] [32mBuilding C object src/core/CMakeFiles/ddsc.dir/__/ddsrt/src/strtol.c.o[0m
[41.523s] [ 51%] [32mBuilding C object src/core/CMakeFiles/ddsc.dir/__/ddsrt/src/mh3.c.o[0m
[41.718s] [ 52%] [32mBuilding C object src/core/CMakeFiles/ddsc.dir/__/ddsrt/src/environ.c.o[0m
[41.947s] [ 52%] [32mBuilding C object src/core/CMakeFiles/ddsc.dir/__/ddsrt/src/expand_vars.c.o[0m
[42.418s] [ 53%] [32mBuilding C object src/core/CMakeFiles/ddsc.dir/__/ddsrt/src/fibheap.c.o[0m
[42.957s] [ 53%] [32mBuilding C object src/core/CMakeFiles/ddsc.dir/__/ddsrt/src/hopscotch.c.o[0m
[44.195s] [ 53%] [32mBuilding C object src/core/CMakeFiles/ddsc.dir/__/ddsrt/src/circlist.c.o[0m
[44.441s] [ 54%] [32mBuilding C object src/core/CMakeFiles/ddsc.dir/__/ddsrt/src/threads.c.o[0m
[44.526s] [ 54%] [32mBuilding C object src/core/CMakeFiles/ddsc.dir/__/ddsrt/src/string.c.o[0m
[44.811s] [ 54%] [32mBuilding C object src/core/CMakeFiles/ddsc.dir/__/ddsrt/src/sockets.c.o[0m
[45.435s] [ 55%] [32mBuilding C object src/core/CMakeFiles/ddsc.dir/__/ddsrt/src/md5.c.o[0m
[46.035s] [ 55%] [32mBuilding C object src/core/CMakeFiles/ddsc.dir/__/ddsrt/src/xmlparser.c.o[0m
[47.035s] [ 56%] [32mBuilding C object src/core/CMakeFiles/ddsc.dir/__/ddsrt/src/ifaddrs.c.o[0m
[47.290s] [ 56%] [32mBuilding C object src/core/CMakeFiles/ddsc.dir/__/ddsrt/src/cdtors.c.o[0m
[47.570s] [ 56%] [32mBuilding C object src/core/CMakeFiles/ddsc.dir/__/ddsrt/src/random.c.o[0m
[48.065s] [ 57%] [32mBuilding C object src/core/CMakeFiles/ddsc.dir/__/ddsrt/src/time.c.o[0m
[48.274s] [ 57%] [32mBuilding C object src/core/CMakeFiles/ddsc.dir/__/ddsrt/src/ifaddrs/posix/ifaddrs.c.o[0m
[48.770s] [ 57%] [32mBuilding C object src/core/CMakeFiles/ddsc.dir/__/ddsrt/src/sockets/posix/socket.c.o[0m
[49.274s] [ 58%] [32mBuilding C object src/core/CMakeFiles/ddsc.dir/__/ddsrt/src/sockets/posix/gethostname.c.o[0m
[49.477s] [ 58%] [32mBuilding C object src/core/CMakeFiles/ddsc.dir/__/ddsrt/src/heap/posix/heap.c.o[0m
[49.705s] [ 59%] [32mBuilding C object src/core/CMakeFiles/ddsc.dir/__/ddsrt/src/dynlib/posix/dynlib.c.o[0m
[49.981s] [ 59%] [32mBuilding C object src/core/CMakeFiles/ddsc.dir/__/ddsrt/src/environ/posix/environ.c.o[0m
[50.269s] [ 59%] [32mBuilding C object src/core/CMakeFiles/ddsc.dir/__/ddsrt/src/filesystem/posix/filesystem.c.o[0m
[50.494s] [ 60%] [32mBuilding C object src/core/CMakeFiles/ddsc.dir/__/ddsrt/src/process/posix/process.c.o[0m
[50.895s] [ 60%] [32mBuilding C object src/core/CMakeFiles/ddsc.dir/__/ddsrt/src/random/posix/random.c.o[0m
[51.088s] [ 61%] [32mBuilding C object src/core/CMakeFiles/ddsc.dir/__/ddsrt/src/sync/posix/sync.c.o[0m
[51.511s] [ 61%] [32mBuilding C object src/core/CMakeFiles/ddsc.dir/__/ddsrt/src/threads/posix/threads.c.o[0m
[51.891s] [ 61%] [32mBuilding C object src/core/CMakeFiles/ddsc.dir/__/ddsrt/src/netstat/linux/netstat.c.o[0m
[52.135s] [ 62%] [32mBuilding C object src/core/CMakeFiles/ddsc.dir/__/ddsrt/src/time/posix/time.c.o[0m
[52.440s] [ 62%] [32mBuilding C object src/core/CMakeFiles/ddsc.dir/__/ddsrt/src/rusage/posix/rusage.c.o[0m
[52.890s] [ 62%] [32mBuilding C object src/core/CMakeFiles/ddsc.dir/ddsc/src/dds_topic.c.o[0m
[54.091s] [ 63%] [32mBuilding C object src/core/CMakeFiles/ddsc.dir/ddsc/src/dds_querycond.c.o[0m
[54.573s] [ 63%] [32m[1mLinking C shared library ../../lib/libddsc.so[0m
[56.236s] [ 87%] Built target ddsc
[56.337s] [ 88%] [32mBuilding C object src/tools/idlc/CMakeFiles/idlc.dir/src/idlc.c.o[0m
[57.001s] [ 88%] [32mBuilding C object src/tools/idlc/CMakeFiles/idlc.dir/src/plugin.c.o[0m
[57.235s] [ 89%] [32mBuilding C object src/tools/idlc/CMakeFiles/idlc.dir/src/options.c.o[0m
[57.563s] [ 89%] [32mBuilding C object src/tools/idlc/CMakeFiles/idlc.dir/src/generator.c.o[0m
[57.934s] [ 89%] [32mBuilding C object src/tools/idlc/CMakeFiles/idlc.dir/src/descriptor.c.o[0m
[59.883s] [ 90%] [32mBuilding C object src/tools/idlc/CMakeFiles/idlc.dir/src/types.c.o[0m
[60.410s] [ 90%] [32mBuilding C object src/tools/idlc/CMakeFiles/idlc.dir/src/descriptor_type_meta.c.o[0m
[61.517s] [ 90%] [32m[1mLinking C executable ../../../bin/idlc[0m
[61.819s] [ 90%] Built target idlc
[61.885s] [ 91%] [32mBuilding C object src/security/builtin_plugins/cryptographic/CMakeFiles/dds_security_crypto.dir/src/crypto_cipher.c.o[0m
[62.346s] [ 91%] [32mBuilding C object src/security/builtin_plugins/cryptographic/CMakeFiles/dds_security_crypto.dir/src/crypto_key_exchange.c.o[0m
[63.065s] [ 91%] [32mBuilding C object src/security/builtin_plugins/cryptographic/CMakeFiles/dds_security_crypto.dir/src/crypto_key_factory.c.o[0m
[64.032s] [ 92%] [32mBuilding C object src/security/builtin_plugins/cryptographic/CMakeFiles/dds_security_crypto.dir/src/crypto_objects.c.o[0m
[64.634s] [ 92%] [32mBuilding C object src/security/builtin_plugins/cryptographic/CMakeFiles/dds_security_crypto.dir/src/crypto_transform.c.o[0m
[65.615s] [ 93%] [32mBuilding C object src/security/builtin_plugins/cryptographic/CMakeFiles/dds_security_crypto.dir/src/crypto_utils.c.o[0m
[65.990s] [ 93%] [32mBuilding C object src/security/builtin_plugins/cryptographic/CMakeFiles/dds_security_crypto.dir/src/cryptography.c.o[0m
[66.254s] [ 93%] [32mBuilding C object src/security/builtin_plugins/cryptographic/CMakeFiles/dds_security_crypto.dir/__/__/openssl/src/openssl_support.c.o[0m
[66.577s] [ 94%] [32m[1mLinking C shared library ../../../../lib/libdds_security_crypto.so[0m
[66.912s] [ 94%] Built target dds_security_crypto
[66.994s] [ 94%] [34m[1mGenerating ddsperf_types.c, ddsperf_types.h[0m
[67.107s] [ 94%] Built target ddsperf_types_generate
[67.188s] [ 94%] [32mBuilding C object src/security/builtin_plugins/authentication/CMakeFiles/dds_security_auth.dir/src/authentication.c.o[0m
[68.659s] [ 95%] [32mBuilding C object src/security/builtin_plugins/authentication/CMakeFiles/dds_security_auth.dir/src/auth_utils.c.o[0m
[69.289s] [ 95%] [32mBuilding C object src/security/builtin_plugins/authentication/CMakeFiles/dds_security_auth.dir/__/__/openssl/src/openssl_support.c.o[0m
[69.533s] [ 95%] [32m[1mLinking C shared library ../../../../lib/libdds_security_auth.so[0m
[69.708s] [ 95%] Built target dds_security_auth
[69.753s] [ 95%] [32mBuilding C object src/tools/ddsperf/CMakeFiles/ddsperf.dir/ddsperf.c.o[0m
[71.345s] [ 95%] [32mBuilding C object src/tools/ddsperf/CMakeFiles/ddsperf.dir/netload.c.o[0m
[71.462s] [ 95%] [32mBuilding C object src/tools/ddsperf/CMakeFiles/ddsperf.dir/async_listener.c.o[0m
[71.594s] [ 96%] [32mBuilding C object src/tools/ddsperf/CMakeFiles/ddsperf.dir/ddsperf_types.c.o[0m
[71.677s] [ 97%] [32mBuilding C object src/tools/ddsperf/CMakeFiles/ddsperf.dir/cputime.c.o[0m
[71.874s] [ 97%] [32m[1mLinking C executable ../../../bin/ddsperf[0m
[72.113s] [ 98%] Built target ddsperf
[72.154s] [ 98%] [32mBuilding C object src/security/builtin_plugins/access_control/CMakeFiles/dds_security_ac.dir/src/access_control_objects.c.o[0m
[72.463s] [ 98%] [32mBuilding C object src/security/builtin_plugins/access_control/CMakeFiles/dds_security_ac.dir/src/access_control.c.o[0m
[73.393s] [ 98%] [32mBuilding C object src/security/builtin_plugins/access_control/CMakeFiles/dds_security_ac.dir/__/__/openssl/src/openssl_support.c.o[0m
[73.620s] [ 99%] [32mBuilding C object src/security/builtin_plugins/access_control/CMakeFiles/dds_security_ac.dir/src/access_control_utils.c.o[0m
[73.967s] [ 99%] [32mBuilding C object src/security/builtin_plugins/access_control/CMakeFiles/dds_security_ac.dir/src/access_control_parser.c.o[0m
[74.585s] [100%] [32m[1mLinking C shared library ../../../../lib/libdds_security_ac.so[0m
[74.740s] [100%] Built target dds_security_ac
[74.770s] Invoked command in '/ws/build/cyclonedds' returned '0': CMAKE_PREFIX_PATH=${CMAKE_PREFIX_PATH}:/opt/ros/humble /usr/bin/cmake --build /ws/build/cyclonedds -- -j4 -l4
[74.773s] Invoking command in '/ws/build/cyclonedds': CMAKE_PREFIX_PATH=${CMAKE_PREFIX_PATH}:/opt/ros/humble /usr/bin/cmake --install /ws/build/cyclonedds
[74.790s] -- Install configuration: "RelWithDebInfo"
[74.790s] -- Installing: /ws/install/cyclonedds/lib/cmake/CycloneDDS/CycloneDDSConfig.cmake
[74.791s] -- Installing: /ws/install/cyclonedds/lib/cmake/CycloneDDS/CycloneDDSConfigVersion.cmake
[74.792s] -- Installing: /ws/install/cyclonedds/lib/cmake/CycloneDDS/CycloneDDSTargets.cmake
[74.792s] -- Installing: /ws/install/cyclonedds/lib/cmake/CycloneDDS/CycloneDDSTargets-relwithdebinfo.cmake
[74.792s] -- Installing: /ws/install/cyclonedds/lib/pkgconfig/CycloneDDS.pc
[74.794s] -- Installing: /ws/install/cyclonedds/include/idlc
[74.794s] -- Installing: /ws/install/cyclonedds/include/idlc/generator.h
[74.794s] -- Installing: /ws/install/cyclonedds/include/idlc/options.h
[74.796s] -- Installing: /ws/install/cyclonedds/bin/idlc
[74.798s] -- Set runtime path of "/ws/install/cyclonedds/bin/idlc" to "$ORIGIN/../lib"
[74.798s] -- Installing: /ws/install/cyclonedds/lib/cmake/CycloneDDS/idlc/Generate.cmake
[74.798s] -- Installing: /ws/install/cyclonedds/bin/ddsperf
[74.800s] -- Set runtime path of "/ws/install/cyclonedds/bin/ddsperf" to "$ORIGIN/../lib"
[74.800s] -- Up-to-date: /ws/install/cyclonedds/include
[74.800s] -- Installing: /ws/install/cyclonedds/include/dds
[74.801s] -- Installing: /ws/install/cyclonedds/include/dds/ddsrt
[74.801s] -- Installing: /ws/install/cyclonedds/include/dds/ddsrt/static_assert.h
[74.801s] -- Installing: /ws/install/cyclonedds/include/dds/ddsrt/atomics.h
[74.802s] -- Installing: /ws/install/cyclonedds/include/dds/ddsrt/dynlib.h
[74.802s] -- Installing: /ws/install/cyclonedds/include/dds/ddsrt/bswap.h
[74.803s] -- Installing: /ws/install/cyclonedds/include/dds/ddsrt/mh3.h
[74.803s] -- Installing: /ws/install/cyclonedds/include/dds/ddsrt/expand_vars.h
[74.803s] -- Installing: /ws/install/cyclonedds/include/dds/ddsrt/types
[74.803s] -- Installing: /ws/install/cyclonedds/include/dds/ddsrt/types/posix.h
[74.803s] -- Installing: /ws/install/cyclonedds/include/dds/ddsrt/types/windows.h
[74.803s] -- Installing: /ws/install/cyclonedds/include/dds/ddsrt/types/vxworks.h
[74.804s] -- Installing: /ws/install/cyclonedds/include/dds/ddsrt/align.h
[74.804s] -- Installing: /ws/install/cyclonedds/include/dds/ddsrt/md5.h
[74.804s] -- Installing: /ws/install/cyclonedds/include/dds/ddsrt/sockets.h
[74.804s] -- Installing: /ws/install/cyclonedds/include/dds/ddsrt/atomics
[74.804s] -- Installing: /ws/install/cyclonedds/include/dds/ddsrt/atomics/gcc.h
[74.806s] -- Installing: /ws/install/cyclonedds/include/dds/ddsrt/atomics/arm.h
[74.806s] -- Installing: /ws/install/cyclonedds/include/dds/ddsrt/atomics/msvc.h
[74.806s] -- Installing: /ws/install/cyclonedds/include/dds/ddsrt/atomics/sun.h
[74.806s] -- Installing: /ws/install/cyclonedds/include/dds/ddsrt/sched.h
[74.806s] -- Installing: /ws/install/cyclonedds/include/dds/ddsrt/iovec.h
[74.806s] -- Installing: /ws/install/cyclonedds/include/dds/ddsrt/strtod.h
[74.806s] -- Installing: /ws/install/cyclonedds/include/dds/ddsrt/arch.h
[74.806s] -- Installing: /ws/install/cyclonedds/include/dds/ddsrt/retcode.h
[74.806s] -- Installing: /ws/install/cyclonedds/include/dds/ddsrt/string.h
[74.806s] -- Installing: /ws/install/cyclonedds/include/dds/ddsrt/ifaddrs.h
[74.806s] -- Installing: /ws/install/cyclonedds/include/dds/ddsrt/log.h
[74.806s] -- Installing: /ws/install/cyclonedds/include/dds/ddsrt/threads.h
[74.806s] -- Installing: /ws/install/cyclonedds/include/dds/ddsrt/hopscotch.h
[74.807s] -- Installing: /ws/install/cyclonedds/include/dds/ddsrt/xmlparser.h
[74.807s] -- Installing: /ws/install/cyclonedds/include/dds/ddsrt/attributes.h
[74.807s] -- Installing: /ws/install/cyclonedds/include/dds/ddsrt/circlist.h
[74.807s] -- Installing: /ws/install/cyclonedds/include/dds/ddsrt/misc.h
[74.807s] -- Installing: /ws/install/cyclonedds/include/dds/ddsrt/sync.h
[74.807s] -- Installing: /ws/install/cyclonedds/include/dds/ddsrt/types.h
[74.807s] -- Installing: /ws/install/cyclonedds/include/dds/ddsrt/time
[74.807s] -- Installing: /ws/install/cyclonedds/include/dds/ddsrt/time/freertos.h
[74.808s] -- Installing: /ws/install/cyclonedds/include/dds/ddsrt/random.h
[74.808s] -- Installing: /ws/install/cyclonedds/include/dds/ddsrt/filesystem.h
[74.808s] -- Installing: /ws/install/cyclonedds/include/dds/ddsrt/time.h
[74.808s] -- Installing: /ws/install/cyclonedds/include/dds/ddsrt/threads
[74.808s] -- Installing: /ws/install/cyclonedds/include/dds/ddsrt/threads/posix.h
[74.808s] -- Installing: /ws/install/cyclonedds/include/dds/ddsrt/threads/windows.h
[74.808s] -- Installing: /ws/install/cyclonedds/include/dds/ddsrt/threads/freertos.h
[74.808s] -- Installing: /ws/install/cyclonedds/include/dds/ddsrt/cdtors.h
[74.809s] -- Installing: /ws/install/cyclonedds/include/dds/ddsrt/process.h
[74.812s] -- Installing: /ws/install/cyclonedds/include/dds/ddsrt/fibheap.h
[74.812s] -- Installing: /ws/install/cyclonedds/include/dds/ddsrt/netstat.h
[74.812s] -- Installing: /ws/install/cyclonedds/include/dds/ddsrt/sockets
[74.812s] -- Installing: /ws/install/cyclonedds/include/dds/ddsrt/sockets/posix.h
[74.812s] -- Installing: /ws/install/cyclonedds/include/dds/ddsrt/sockets/windows.h
[74.812s] -- Installing: /ws/install/cyclonedds/include/dds/ddsrt/sync
[74.812s] -- Installing: /ws/install/cyclonedds/include/dds/ddsrt/sync/posix.h
[74.812s] -- Installing: /ws/install/cyclonedds/include/dds/ddsrt/sync/windows.h
[74.812s] -- Installing: /ws/install/cyclonedds/include/dds/ddsrt/sync/freertos.h
[74.812s] -- Installing: /ws/install/cyclonedds/include/dds/ddsrt/filesystem
[74.812s] -- Installing: /ws/install/cyclonedds/include/dds/ddsrt/filesystem/posix.h
[74.813s] -- Installing: /ws/install/cyclonedds/include/dds/ddsrt/filesystem/windows.h
[74.813s] -- Installing: /ws/install/cyclonedds/include/dds/ddsrt/heap.h
[74.813s] -- Installing: /ws/install/cyclonedds/include/dds/ddsrt/endian.h
[74.813s] -- Installing: /ws/install/cyclonedds/include/dds/ddsrt/environ.h
[74.813s] -- Installing: /ws/install/cyclonedds/include/dds/ddsrt/countargs.h
[74.813s] -- Installing: /ws/install/cyclonedds/include/dds/ddsrt/avl.h
[74.813s] -- Installing: /ws/install/cyclonedds/include/dds/ddsrt/rusage.h
[74.813s] -- Installing: /ws/install/cyclonedds/include/dds/ddsrt/strtol.h
[74.813s] -- Installing: /ws/install/cyclonedds/include/dds/ddsrt/io.h
[74.814s] -- Up-to-date: /ws/install/cyclonedds/include
[74.814s] -- Up-to-date: /ws/install/cyclonedds/include/dds
[74.814s] -- Installing: /ws/install/cyclonedds/include/dds/version.h
[74.814s] -- Installing: /ws/install/cyclonedds/include/dds/features.h
[74.814s] -- Installing: /ws/install/cyclonedds/include/dds/config.h
[74.814s] -- Installing: /ws/install/cyclonedds/include/idl
[74.815s] -- Installing: /ws/install/cyclonedds/include/idl/stream.h
[74.815s] -- Installing: /ws/install/cyclonedds/include/idl/symbol.h
[74.815s] -- Installing: /ws/install/cyclonedds/include/idl/visit.h
[74.815s] -- Installing: /ws/install/cyclonedds/include/idl/scope.h
[74.818s] -- Installing: /ws/install/cyclonedds/include/idl/retcode.h
[74.818s] -- Installing: /ws/install/cyclonedds/include/idl/string.h
[74.818s] -- Installing: /ws/install/cyclonedds/include/idl/print.h
[74.818s] -- Installing: /ws/install/cyclonedds/include/idl/tree.h
[74.818s] -- Installing: /ws/install/cyclonedds/include/idl/expression.h
[74.818s] -- Installing: /ws/install/cyclonedds/include/idl/file.h
[74.818s] -- Installing: /ws/install/cyclonedds/include/idl/processor.h
[74.818s] -- Up-to-date: /ws/install/cyclonedds/include/idl
[74.818s] -- Installing: /ws/install/cyclonedds/include/idl/version.h
[74.818s] -- Installing: /ws/install/cyclonedds/include/idl/export.h
[74.818s] -- Installing: /ws/install/cyclonedds/include/idl/md5.h
[74.819s] -- Installing: /ws/install/cyclonedds/include/idl/attributes.h
[74.819s] -- Installing: /ws/install/cyclonedds/include/idl/misc.h
[74.819s] -- Installing: /ws/install/cyclonedds/include/idl/endian.h
[74.819s] -- Installing: /ws/install/cyclonedds/lib/libcycloneddsidl.so.0.10.5
[74.819s] -- Installing: /ws/install/cyclonedds/lib/libcycloneddsidl.so.0
[74.819s] -- Set runtime path of "/ws/install/cyclonedds/lib/libcycloneddsidl.so.0.10.5" to "$ORIGIN/../lib"
[74.819s] -- Installing: /ws/install/cyclonedds/lib/libcycloneddsidl.so
[74.820s] -- Up-to-date: /ws/install/cyclonedds/include
[74.820s] -- Up-to-date: /ws/install/cyclonedds/include/dds
[74.820s] -- Installing: /ws/install/cyclonedds/include/dds/security
[74.820s] -- Installing: /ws/install/cyclonedds/include/dds/security/dds_security_api_defs.h
[74.820s] -- Installing: /ws/install/cyclonedds/include/dds/security/dds_security_api_access_control.h
[74.820s] -- Installing: /ws/install/cyclonedds/include/dds/security/dds_security_api_err.h
[74.821s] -- Installing: /ws/install/cyclonedds/include/dds/security/dds_security_api_types.h
[74.821s] -- Installing: /ws/install/cyclonedds/include/dds/security/dds_security_api_authentication.h
[74.821s] -- Installing: /ws/install/cyclonedds/include/dds/security/dds_security_api_cryptography.h
[74.824s] -- Installing: /ws/install/cyclonedds/include/dds/security/dds_security_api.h
[74.824s] -- Installing: /ws/install/cyclonedds/include/dds/security/core/
[74.824s] -- Installing: /ws/install/cyclonedds/include/dds/security/core//dds_security_utils.h
[74.824s] -- Installing: /ws/install/cyclonedds/include/dds/security/core//dds_security_fsm.h
[74.824s] -- Installing: /ws/install/cyclonedds/include/dds/security/core//dds_security_plugins.h
[74.824s] -- Installing: /ws/install/cyclonedds/include/dds/security/core//dds_security_types.h
[74.824s] -- Installing: /ws/install/cyclonedds/include/dds/security/core//dds_security_serialize.h
[74.824s] -- Installing: /ws/install/cyclonedds/include/dds/security/core//shared_secret.h
[74.824s] -- Installing: /ws/install/cyclonedds/include/dds/security/core//dds_security_timed_cb.h
[74.825s] -- Installing: /ws/install/cyclonedds/lib/libdds_security_ac.so
[74.825s] -- Set runtime path of "/ws/install/cyclonedds/lib/libdds_security_ac.so" to "$ORIGIN/../lib"
[74.825s] -- Installing: /ws/install/cyclonedds/lib/libdds_security_auth.so
[74.826s] -- Set runtime path of "/ws/install/cyclonedds/lib/libdds_security_auth.so" to "$ORIGIN/../lib"
[74.826s] -- Installing: /ws/install/cyclonedds/lib/libdds_security_crypto.so
[74.828s] -- Set runtime path of "/ws/install/cyclonedds/lib/libdds_security_crypto.so" to "$ORIGIN/../lib"
[74.828s] -- Up-to-date: /ws/install/cyclonedds/include
[74.828s] -- Up-to-date: /ws/install/cyclonedds/include/dds
[74.828s] -- Installing: /ws/install/cyclonedds/include/dds/ddsi
[74.830s] -- Installing: /ws/install/cyclonedds/include/dds/ddsi/ddsi_cfgunits.h
[74.830s] -- Installing: /ws/install/cyclonedds/include/dds/ddsi/ddsi_serdata_default.h
[74.830s] -- Installing: /ws/install/cyclonedds/include/dds/ddsi/ddsi_typelib.h
[74.830s] -- Installing: /ws/install/cyclonedds/include/dds/ddsi/ddsi_security_omg.h
[74.830s] -- Installing: /ws/install/cyclonedds/include/dds/ddsi/q_sockwaitset.h
[74.830s] -- Installing: /ws/install/cyclonedds/include/dds/ddsi/ddsi_time.h
[74.830s] -- Installing: /ws/install/cyclonedds/include/dds/ddsi/ddsi_handshake.h
[74.830s] -- Installing: /ws/install/cyclonedds/include/dds/ddsi/q_bswap.h
[74.831s] -- Installing: /ws/install/cyclonedds/include/dds/ddsi/ddsi_endpoint.h
[74.831s] -- Installing: /ws/install/cyclonedds/include/dds/ddsi/q_lease.h
[74.831s] -- Installing: /ws/install/cyclonedds/include/dds/ddsi/ddsi_config_impl.h
[74.831s] -- Installing: /ws/install/cyclonedds/include/dds/ddsi/ddsi_xt_typelookup.idl
[74.834s] -- Installing: /ws/install/cyclonedds/include/dds/ddsi/q_pcap.h
[74.834s] -- Installing: /ws/install/cyclonedds/include/dds/ddsi/q_hbcontrol.h
[74.834s] -- Installing: /ws/install/cyclonedds/include/dds/ddsi/ddsi_entity_match.h
[74.834s] -- Installing: /ws/install/cyclonedds/include/dds/ddsi/ddsi_security_msg.h
[74.834s] -- Installing: /ws/install/cyclonedds/include/dds/ddsi/ddsi_proxy_participant.h
[74.834s] -- Installing: /ws/install/cyclonedds/include/dds/ddsi/ddsi_xt_typelookup.h
[74.834s] -- Installing: /ws/install/cyclonedds/include/dds/ddsi/ddsi_serdata_plist.h
[74.834s] -- Installing: /ws/install/cyclonedds/include/dds/ddsi/ddsi_serdata.h
[74.834s] -- Installing: /ws/install/cyclonedds/include/dds/ddsi/ddsi_xt_typeinfo.h
[74.834s] -- Installing: /ws/install/cyclonedds/include/dds/ddsi/ddsi_ipaddr.h
[74.834s] -- Installing: /ws/install/cyclonedds/include/dds/ddsi/sysdeps.h
[74.834s] -- Installing: /ws/install/cyclonedds/include/dds/ddsi/q_thread.h
[74.835s] -- Installing: /ws/install/cyclonedds/include/dds/ddsi/ddsi_tran.h
[74.835s] -- Installing: /ws/install/cyclonedds/include/dds/ddsi/q_radmin.h
[74.835s] -- Installing: /ws/install/cyclonedds/include/dds/ddsi/q_xmsg.h
[74.835s] -- Installing: /ws/install/cyclonedds/include/dds/ddsi/q_receive.h
[74.835s] -- Installing: /ws/install/cyclonedds/include/dds/ddsi/q_addrset.h
[74.836s] -- Installing: /ws/install/cyclonedds/include/dds/ddsi/ddsi_xt_typemap.idl
[74.836s] -- Installing: /ws/install/cyclonedds/include/dds/ddsi/ddsi_xt_typemap.h
[74.836s] -- Installing: /ws/install/cyclonedds/include/dds/ddsi/q_transmit.h
[74.836s] -- Installing: /ws/install/cyclonedds/include/dds/ddsi/ddsi_xt_impl.h
[74.836s] -- Installing: /ws/install/cyclonedds/include/dds/ddsi/ddsi_vnet.h
[74.836s] -- Installing: /ws/install/cyclonedds/include/dds/ddsi/ddsi_cdrstream.h
[74.836s] -- Installing: /ws/install/cyclonedds/include/dds/ddsi/ddsi_portmapping.h
[74.836s] -- Installing: /ws/install/cyclonedds/include/dds/ddsi/ddsi_raweth.h
[74.836s] -- Installing: /ws/install/cyclonedds/include/dds/ddsi/ddsi_guid.h
[74.836s] -- Installing: /ws/install/cyclonedds/include/dds/ddsi/ddsi_tcp.h
[74.837s] -- Installing: /ws/install/cyclonedds/include/dds/ddsi/ddsi_iid.h
[74.837s] -- Installing: /ws/install/cyclonedds/include/dds/ddsi/ddsi_mcgroup.h
[74.837s] -- Installing: /ws/install/cyclonedds/include/dds/ddsi/q_debmon.h
[74.837s] -- Installing: /ws/install/cyclonedds/include/dds/ddsi/ddsi_lifespan.h
[74.837s] -- Installing: /ws/install/cyclonedds/include/dds/ddsi/ddsi_sertype.h
[74.837s] -- Installing: /ws/install/cyclonedds/include/dds/ddsi/ddsi_rhc.h
[74.838s] -- Installing: /ws/install/cyclonedds/include/dds/ddsi/q_bitset.h
[74.839s] -- Installing: /ws/install/cyclonedds/include/dds/ddsi/ddsi_cfgelems.h
[74.839s] -- Installing: /ws/install/cyclonedds/include/dds/ddsi/ddsi_domaingv.h
[74.839s] -- Installing: /ws/install/cyclonedds/include/dds/ddsi/ddsi_list_tmpl.h
[74.839s] -- Installing: /ws/install/cyclonedds/include/dds/ddsi/ddsi_typelookup.h
[74.839s] -- Installing: /ws/install/cyclonedds/include/dds/ddsi/q_inverse_uint32_set.h
[74.839s] -- Installing: /ws/install/cyclonedds/include/dds/ddsi/ddsi_deadline.h
[74.839s] -- Installing: /ws/install/cyclonedds/include/dds/ddsi/ddsi_acknack.h
[74.839s] -- Installing: /ws/install/cyclonedds/include/dds/ddsi/q_ddsi_discovery.h
[74.839s] -- Installing: /ws/install/cyclonedds/include/dds/ddsi/ddsi_config.h
[74.839s] -- Installing: /ws/install/cyclonedds/include/dds/ddsi/ddsi_tkmap.h
[74.840s] -- Installing: /ws/install/cyclonedds/include/dds/ddsi/ddsi_security_util.h
[74.840s] -- Installing: /ws/install/cyclonedds/include/dds/ddsi/q_freelist.h
[74.840s] -- Installing: /ws/install/cyclonedds/include/dds/ddsi/ddsi_pmd.h
[74.840s] -- Installing: /ws/install/cyclonedds/include/dds/ddsi/q_gc.h
[74.840s] -- Installing: /ws/install/cyclonedds/include/dds/ddsi/ddsi_xt_typeinfo.idl
[74.841s] -- Installing: /ws/install/cyclonedds/include/dds/ddsi/q_lat_estim.h
[74.842s] -- Installing: /ws/install/cyclonedds/include/dds/ddsi/ddsi_typebuilder.h
[74.842s] -- Installing: /ws/install/cyclonedds/include/dds/ddsi/ddsi_participant.h
[74.842s] -- Installing: /ws/install/cyclonedds/include/dds/ddsi/q_xevent.h
[74.842s] -- Installing: /ws/install/cyclonedds/include/dds/ddsi/ddsi_plist.h
[74.842s] -- Installing: /ws/install/cyclonedds/include/dds/ddsi/ddsi_deliver_locally.h
[74.842s] -- Installing: /ws/install/cyclonedds/include/dds/ddsi/ddsi_serdata_pserop.h
[74.842s] -- Installing: /ws/install/cyclonedds/include/dds/ddsi/q_misc.h
[74.842s] -- Installing: /ws/install/cyclonedds/include/dds/ddsi/ddsi_list_genptr.h
[74.842s] -- Installing: /ws/install/cyclonedds/include/dds/ddsi/ddsi_xqos.h
[74.843s] -- Installing: /ws/install/cyclonedds/include/dds/ddsi/q_qosmatch.h
[74.843s] -- Installing: /ws/install/cyclonedds/include/dds/ddsi/ddsi_plist_generic.h
[74.843s] -- Installing: /ws/install/cyclonedds/include/dds/ddsi/ddsi_wraddrset.h
[74.843s] -- Installing: /ws/install/cyclonedds/include/dds/ddsi/ddsi_statistics.h
[74.843s] -- Installing: /ws/install/cyclonedds/include/dds/ddsi/q_init.h
[74.843s] -- Installing: /ws/install/cyclonedds/include/dds/ddsi/ddsi_locator.h
[74.845s] -- Installing: /ws/install/cyclonedds/include/dds/ddsi/ddsi_threadmon.h
[74.845s] -- Installing: /ws/install/cyclonedds/include/dds/ddsi/ddsi_entity.h
[74.845s] -- Installing: /ws/install/cyclonedds/include/dds/ddsi/ddsi_udp.h
[74.845s] -- Installing: /ws/install/cyclonedds/include/dds/ddsi/q_whc.h
[74.845s] -- Installing: /ws/install/cyclonedds/include/dds/ddsi/ddsi_keyhash.h
[74.845s] -- Installing: /ws/install/cyclonedds/include/dds/ddsi/ddsi_topic.h
[74.845s] -- Installing: /ws/install/cyclonedds/include/dds/ddsi/ddsi_ssl.h
[74.846s] -- Installing: /ws/install/cyclonedds/include/dds/ddsi/ddsi_shm_transport.h
[74.846s] -- Installing: /ws/install/cyclonedds/include/dds/ddsi/ddsi_vendor.h
[74.846s] -- Installing: /ws/install/cyclonedds/include/dds/ddsi/ddsi_sertopic.h
[74.846s] -- Installing: /ws/install/cyclonedds/include/dds/ddsi/ddsi_entity_index.h
[74.846s] -- Installing: /ws/install/cyclonedds/include/dds/ddsi/q_protocol.h
[74.846s] -- Installing: /ws/install/cyclonedds/include/dds/ddsi/ddsi_typewrap.h
[74.848s] -- Installing: /ws/install/cyclonedds/include/dds/ddsi/ddsi_builtin_topic_if.h
[74.848s] -- Installing: /ws/install/cyclonedds/include/dds/ddsi/ddsi_proxy_endpoint.h
[74.848s] -- Installing: /ws/install/cyclonedds/include/dds/ddsi/q_feature_check.h
[74.848s] -- Installing: /ws/install/cyclonedds/include/dds/ddsi/q_rtps.h
[74.848s] -- Installing: /ws/install/cyclonedds/include/dds/ddsi/ddsi_security_exchange.h
[74.848s] -- Installing: /ws/install/cyclonedds/include/dds/ddsi/q_unused.h
[74.848s] -- Installing: /ws/install/cyclonedds/include/dds/ddsi/q_log.h
[74.848s] -- Installing: /ws/install/cyclonedds/include/dds/ddsi/ddsi_ownip.h
[74.848s] -- Up-to-date: /ws/install/cyclonedds/include
[74.848s] -- Installing: /ws/install/cyclonedds/include/ddsc
[74.848s] -- Installing: /ws/install/cyclonedds/include/ddsc/dds.h
[74.848s] -- Up-to-date: /ws/install/cyclonedds/include/dds
[74.848s] -- Installing: /ws/install/cyclonedds/include/dds/ddsc
[74.848s] -- Installing: /ws/install/cyclonedds/include/dds/ddsc/dds_public_impl.h
[74.849s] -- Installing: /ws/install/cyclonedds/include/dds/ddsc/dds_public_listener.h
[74.849s] -- Installing: /ws/install/cyclonedds/include/dds/ddsc/dds_public_qos.h
[74.849s] -- Installing: /ws/install/cyclonedds/include/dds/ddsc/dds_public_qosdefs.h
[74.849s] -- Installing: /ws/install/cyclonedds/include/dds/ddsc/dds_data_allocator.h
[74.849s] -- Installing: /ws/install/cyclonedds/include/dds/ddsc/dds_public_alloc.h
[74.849s] -- Installing: /ws/install/cyclonedds/include/dds/ddsc/dds_internal_api.h
[74.849s] -- Installing: /ws/install/cyclonedds/include/dds/ddsc/dds_public_status.h
[74.849s] -- Installing: /ws/install/cyclonedds/include/dds/ddsc/dds_rhc.h
[74.850s] -- Installing: /ws/install/cyclonedds/include/dds/ddsc/dds_public_error.h
[74.850s] -- Installing: /ws/install/cyclonedds/include/dds/ddsc/dds_statistics.h
[74.850s] -- Installing: /ws/install/cyclonedds/include/dds/ddsc/dds_loan_api.h
[74.850s] -- Installing: /ws/install/cyclonedds/include/dds/ddsc/dds_opcodes.h
[74.850s] -- Installing: /ws/install/cyclonedds/include/dds/ddsc/dds_basic_types.h
[74.850s] -- Installing: /ws/install/cyclonedds/include/dds/dds.h
[74.850s] -- Up-to-date: /ws/install/cyclonedds/include
[74.854s] -- Up-to-date: /ws/install/cyclonedds/include/dds
[74.854s] -- Installing: /ws/install/cyclonedds/include/dds/export.h
[74.854s] -- Installing: /ws/install/cyclonedds/lib/libddsc.so.0.10.5
[74.869s] -- Installing: /ws/install/cyclonedds/lib/libddsc.so.0
[74.870s] -- Set runtime path of "/ws/install/cyclonedds/lib/libddsc.so.0.10.5" to "$ORIGIN/../lib"
[74.870s] -- Installing: /ws/install/cyclonedds/lib/libddsc.so
[74.870s] -- Installing: /ws/install/cyclonedds/share/doc/CycloneDDS/CONTRIBUTING.md
[74.870s] -- Installing: /ws/install/cyclonedds/share/doc/CycloneDDS/CYCLONEDDS_QUALITY_DECLARATION.md
[74.870s] -- Installing: /ws/install/cyclonedds/share/doc/CycloneDDS/LICENSE
[74.870s] -- Installing: /ws/install/cyclonedds/share/doc/CycloneDDS/NOTICE.md
[74.870s] -- Installing: /ws/install/cyclonedds/share/doc/CycloneDDS/README.md
[74.870s] -- Installing: /ws/install/cyclonedds/share/doc/CycloneDDS/CHANGELOG.rst
[74.874s] Invoked command in '/ws/build/cyclonedds' returned '0': CMAKE_PREFIX_PATH=${CMAKE_PREFIX_PATH}:/opt/ros/humble /usr/bin/cmake --install /ws/build/cyclonedds
