[0.031s] Invoking command in '/ws/build/unitree_hg': CMAKE_PREFIX_PATH=${CMAKE_PREFIX_PATH}:/opt/ros/humble /usr/bin/cmake --build /ws/build/unitree_hg -- -j4 -l4
[0.068s] [35m[1mConsolidate compiler generated dependencies of target unitree_hg__rosidl_generator_c[0m
[0.068s] [  1%] Built target unitree_hg__dds_connext_idl
[0.068s] [  1%] Built target ament_cmake_python_copy_unitree_hg
[0.068s] [  1%] Built target unitree_hg__cpp
[0.068s] [ 13%] Built target unitree_hg__rosidl_generator_c
[0.080s] [35m[1mConsolidate compiler generated dependencies of target unitree_hg__rosidl_typesupport_fastrtps_cpp[0m
[0.080s] [35m[1mConsolidate compiler generated dependencies of target unitree_hg__rosidl_typesupport_cpp[0m
[0.098s] [ 25%] Built target unitree_hg__rosidl_typesupport_introspection_cpp
[0.158s] [ 37%] Built target unitree_hg__rosidl_typesupport_fastrtps_cpp
[0.163s] [35m[1mConsolidate compiler generated dependencies of target unitree_hg__rosidl_typesupport_fastrtps_c[0m
[0.166s] [ 49%] Built target unitree_hg__rosidl_typesupport_cpp
[0.196s] [35m[1mConsolidate compiler generated dependencies of target unitree_hg__rosidl_typesupport_introspection_c[0m
[0.229s] [35m[1mConsolidate compiler generated dependencies of target unitree_hg__rosidl_typesupport_c[0m
[0.270s] [ 60%] Built target unitree_hg__rosidl_typesupport_fastrtps_c
[0.277s] [ 71%] Built target unitree_hg__rosidl_typesupport_introspection_c
[0.290s] [ 82%] Built target unitree_hg__rosidl_typesupport_c
[0.372s] [ 82%] Built target unitree_hg
[0.453s] [ 83%] Built target unitree_hg__py
[0.504s] [35m[1mConsolidate compiler generated dependencies of target unitree_hg__rosidl_generator_py[0m
[0.541s] running egg_info
[0.543s] writing unitree_hg.egg-info/PKG-INFO
[0.543s] writing dependency_links to unitree_hg.egg-info/dependency_links.txt
[0.545s] writing top-level names to unitree_hg.egg-info/top_level.txt
[0.551s] reading manifest file 'unitree_hg.egg-info/SOURCES.txt'
[0.555s] writing manifest file 'unitree_hg.egg-info/SOURCES.txt'
[0.570s] [ 94%] Built target unitree_hg__rosidl_generator_py
[0.602s] [35m[1mConsolidate compiler generated dependencies of target unitree_hg__rosidl_typesupport_fastrtps_c__pyext[0m
[0.617s] [35m[1mConsolidate compiler generated dependencies of target unitree_hg__rosidl_typesupport_c__pyext[0m
[0.635s] [35m[1mConsolidate compiler generated dependencies of target unitree_hg__rosidl_typesupport_introspection_c__pyext[0m
[0.660s] [ 96%] Built target unitree_hg__rosidl_typesupport_fastrtps_c__pyext
[0.672s] [ 98%] Built target unitree_hg__rosidl_typesupport_c__pyext
[0.684s] [ 98%] Built target ament_cmake_python_build_unitree_hg_egg
[0.691s] [100%] Built target unitree_hg__rosidl_typesupport_introspection_c__pyext
[0.792s] Invoked command in '/ws/build/unitree_hg' returned '0': CMAKE_PREFIX_PATH=${CMAKE_PREFIX_PATH}:/opt/ros/humble /usr/bin/cmake --build /ws/build/unitree_hg -- -j4 -l4
[0.797s] Invoking command in '/ws/build/unitree_hg': CMAKE_PREFIX_PATH=${CMAKE_PREFIX_PATH}:/opt/ros/humble /usr/bin/cmake --install /ws/build/unitree_hg
[0.813s] -- Install configuration: ""
[0.813s] -- Up-to-date: /ws/install/unitree_hg/share/ament_index/resource_index/rosidl_interfaces/unitree_hg
[0.813s] -- Up-to-date: /ws/install/unitree_hg/include/unitree_hg/unitree_hg
[0.813s] -- Up-to-date: /ws/install/unitree_hg/include/unitree_hg/unitree_hg/msg
[0.816s] -- Up-to-date: /ws/install/unitree_hg/include/unitree_hg/unitree_hg/msg/low_cmd.h
[0.816s] -- Up-to-date: /ws/install/unitree_hg/include/unitree_hg/unitree_hg/msg/motor_cmd.h
[0.816s] -- Up-to-date: /ws/install/unitree_hg/include/unitree_hg/unitree_hg/msg/low_state.h
[0.816s] -- Up-to-date: /ws/install/unitree_hg/include/unitree_hg/unitree_hg/msg/bms_cmd.h
[0.816s] -- Up-to-date: /ws/install/unitree_hg/include/unitree_hg/unitree_hg/msg/hand_state.h
[0.816s] -- Up-to-date: /ws/install/unitree_hg/include/unitree_hg/unitree_hg/msg/main_board_state.h
[0.816s] -- Up-to-date: /ws/install/unitree_hg/include/unitree_hg/unitree_hg/msg/motor_state.h
[0.816s] -- Up-to-date: /ws/install/unitree_hg/include/unitree_hg/unitree_hg/msg/bms_state.h
[0.817s] -- Up-to-date: /ws/install/unitree_hg/include/unitree_hg/unitree_hg/msg/rosidl_generator_c__visibility_control.h
[0.817s] -- Up-to-date: /ws/install/unitree_hg/include/unitree_hg/unitree_hg/msg/imu_state.h
[0.817s] -- Up-to-date: /ws/install/unitree_hg/include/unitree_hg/unitree_hg/msg/hand_cmd.h
[0.817s] -- Up-to-date: /ws/install/unitree_hg/include/unitree_hg/unitree_hg/msg/detail
[0.817s] -- Up-to-date: /ws/install/unitree_hg/include/unitree_hg/unitree_hg/msg/detail/motor_state__struct.h
[0.817s] -- Up-to-date: /ws/install/unitree_hg/include/unitree_hg/unitree_hg/msg/detail/main_board_state__type_support.h
[0.817s] -- Up-to-date: /ws/install/unitree_hg/include/unitree_hg/unitree_hg/msg/detail/press_sensor_state__type_support.h
[0.817s] -- Up-to-date: /ws/install/unitree_hg/include/unitree_hg/unitree_hg/msg/detail/press_sensor_state__functions.h
[0.817s] -- Up-to-date: /ws/install/unitree_hg/include/unitree_hg/unitree_hg/msg/detail/press_sensor_state__struct.h
[0.817s] -- Up-to-date: /ws/install/unitree_hg/include/unitree_hg/unitree_hg/msg/detail/hand_cmd__functions.c
[0.817s] -- Up-to-date: /ws/install/unitree_hg/include/unitree_hg/unitree_hg/msg/detail/main_board_state__struct.h
[0.817s] -- Up-to-date: /ws/install/unitree_hg/include/unitree_hg/unitree_hg/msg/detail/low_state__type_support.h
[0.818s] -- Up-to-date: /ws/install/unitree_hg/include/unitree_hg/unitree_hg/msg/detail/low_cmd__struct.h
[0.818s] -- Up-to-date: /ws/install/unitree_hg/include/unitree_hg/unitree_hg/msg/detail/bms_state__struct.h
[0.818s] -- Up-to-date: /ws/install/unitree_hg/include/unitree_hg/unitree_hg/msg/detail/motor_state__functions.h
[0.818s] -- Up-to-date: /ws/install/unitree_hg/include/unitree_hg/unitree_hg/msg/detail/hand_state__functions.h
[0.818s] -- Up-to-date: /ws/install/unitree_hg/include/unitree_hg/unitree_hg/msg/detail/low_state__functions.h
[0.818s] -- Up-to-date: /ws/install/unitree_hg/include/unitree_hg/unitree_hg/msg/detail/hand_cmd__functions.h
[0.818s] -- Up-to-date: /ws/install/unitree_hg/include/unitree_hg/unitree_hg/msg/detail/hand_state__struct.h
[0.818s] -- Up-to-date: /ws/install/unitree_hg/include/unitree_hg/unitree_hg/msg/detail/bms_state__functions.h
[0.818s] -- Up-to-date: /ws/install/unitree_hg/include/unitree_hg/unitree_hg/msg/detail/motor_cmd__functions.c
[0.818s] -- Up-to-date: /ws/install/unitree_hg/include/unitree_hg/unitree_hg/msg/detail/low_state__struct.h
[0.818s] -- Up-to-date: /ws/install/unitree_hg/include/unitree_hg/unitree_hg/msg/detail/low_cmd__functions.h
[0.818s] -- Up-to-date: /ws/install/unitree_hg/include/unitree_hg/unitree_hg/msg/detail/main_board_state__functions.h
[0.818s] -- Up-to-date: /ws/install/unitree_hg/include/unitree_hg/unitree_hg/msg/detail/imu_state__type_support.h
[0.818s] -- Up-to-date: /ws/install/unitree_hg/include/unitree_hg/unitree_hg/msg/detail/bms_cmd__type_support.h
[0.819s] -- Up-to-date: /ws/install/unitree_hg/include/unitree_hg/unitree_hg/msg/detail/low_cmd__type_support.h
[0.819s] -- Up-to-date: /ws/install/unitree_hg/include/unitree_hg/unitree_hg/msg/detail/bms_cmd__functions.c
[0.819s] -- Up-to-date: /ws/install/unitree_hg/include/unitree_hg/unitree_hg/msg/detail/bms_cmd__functions.h
[0.819s] -- Up-to-date: /ws/install/unitree_hg/include/unitree_hg/unitree_hg/msg/detail/low_state__functions.c
[0.820s] -- Up-to-date: /ws/install/unitree_hg/include/unitree_hg/unitree_hg/msg/detail/hand_cmd__struct.h
[0.825s] -- Up-to-date: /ws/install/unitree_hg/include/unitree_hg/unitree_hg/msg/detail/hand_cmd__type_support.h
[0.828s] -- Up-to-date: /ws/install/unitree_hg/include/unitree_hg/unitree_hg/msg/detail/motor_cmd__struct.h
[0.828s] -- Up-to-date: /ws/install/unitree_hg/include/unitree_hg/unitree_hg/msg/detail/imu_state__functions.h
[0.833s] -- Up-to-date: /ws/install/unitree_hg/include/unitree_hg/unitree_hg/msg/detail/bms_cmd__struct.h
[0.833s] -- Up-to-date: /ws/install/unitree_hg/include/unitree_hg/unitree_hg/msg/detail/press_sensor_state__functions.c
[0.833s] -- Up-to-date: /ws/install/unitree_hg/include/unitree_hg/unitree_hg/msg/detail/imu_state__functions.c
[0.833s] -- Up-to-date: /ws/install/unitree_hg/include/unitree_hg/unitree_hg/msg/detail/bms_state__functions.c
[0.833s] -- Up-to-date: /ws/install/unitree_hg/include/unitree_hg/unitree_hg/msg/detail/hand_state__type_support.h
[0.833s] -- Up-to-date: /ws/install/unitree_hg/include/unitree_hg/unitree_hg/msg/detail/motor_state__functions.c
[0.833s] -- Up-to-date: /ws/install/unitree_hg/include/unitree_hg/unitree_hg/msg/detail/low_cmd__functions.c
[0.833s] -- Up-to-date: /ws/install/unitree_hg/include/unitree_hg/unitree_hg/msg/detail/hand_state__functions.c
[0.833s] -- Up-to-date: /ws/install/unitree_hg/include/unitree_hg/unitree_hg/msg/detail/main_board_state__functions.c
[0.833s] -- Up-to-date: /ws/install/unitree_hg/include/unitree_hg/unitree_hg/msg/detail/motor_cmd__type_support.h
[0.833s] -- Up-to-date: /ws/install/unitree_hg/include/unitree_hg/unitree_hg/msg/detail/imu_state__struct.h
[0.834s] -- Up-to-date: /ws/install/unitree_hg/include/unitree_hg/unitree_hg/msg/detail/motor_cmd__functions.h
[0.834s] -- Up-to-date: /ws/install/unitree_hg/include/unitree_hg/unitree_hg/msg/detail/motor_state__type_support.h
[0.834s] -- Up-to-date: /ws/install/unitree_hg/include/unitree_hg/unitree_hg/msg/detail/bms_state__type_support.h
[0.834s] -- Up-to-date: /ws/install/unitree_hg/include/unitree_hg/unitree_hg/msg/press_sensor_state.h
[0.835s] -- Up-to-date: /ws/install/unitree_hg/share/unitree_hg/environment/library_path.sh
[0.835s] -- Up-to-date: /ws/install/unitree_hg/share/unitree_hg/environment/library_path.dsv
[0.835s] -- Up-to-date: /ws/install/unitree_hg/lib/libunitree_hg__rosidl_generator_c.so
[0.835s] -- Up-to-date: /ws/install/unitree_hg/include/unitree_hg/unitree_hg
[0.835s] -- Up-to-date: /ws/install/unitree_hg/include/unitree_hg/unitree_hg/msg
[0.835s] -- Up-to-date: /ws/install/unitree_hg/include/unitree_hg/unitree_hg/msg/rosidl_typesupport_fastrtps_c__visibility_control.h
[0.835s] -- Up-to-date: /ws/install/unitree_hg/include/unitree_hg/unitree_hg/msg/detail
[0.835s] -- Up-to-date: /ws/install/unitree_hg/include/unitree_hg/unitree_hg/msg/detail/motor_state__rosidl_typesupport_fastrtps_c.h
[0.835s] -- Up-to-date: /ws/install/unitree_hg/include/unitree_hg/unitree_hg/msg/detail/hand_state__rosidl_typesupport_fastrtps_c.h
[0.835s] -- Up-to-date: /ws/install/unitree_hg/include/unitree_hg/unitree_hg/msg/detail/main_board_state__rosidl_typesupport_fastrtps_c.h
[0.836s] -- Up-to-date: /ws/install/unitree_hg/include/unitree_hg/unitree_hg/msg/detail/low_state__rosidl_typesupport_fastrtps_c.h
[0.836s] -- Up-to-date: /ws/install/unitree_hg/include/unitree_hg/unitree_hg/msg/detail/bms_cmd__rosidl_typesupport_fastrtps_c.h
[0.836s] -- Up-to-date: /ws/install/unitree_hg/include/unitree_hg/unitree_hg/msg/detail/hand_cmd__rosidl_typesupport_fastrtps_c.h
[0.836s] -- Up-to-date: /ws/install/unitree_hg/include/unitree_hg/unitree_hg/msg/detail/press_sensor_state__rosidl_typesupport_fastrtps_c.h
[0.836s] -- Up-to-date: /ws/install/unitree_hg/include/unitree_hg/unitree_hg/msg/detail/motor_cmd__rosidl_typesupport_fastrtps_c.h
[0.836s] -- Up-to-date: /ws/install/unitree_hg/include/unitree_hg/unitree_hg/msg/detail/low_cmd__rosidl_typesupport_fastrtps_c.h
[0.836s] -- Up-to-date: /ws/install/unitree_hg/include/unitree_hg/unitree_hg/msg/detail/bms_state__rosidl_typesupport_fastrtps_c.h
[0.836s] -- Up-to-date: /ws/install/unitree_hg/include/unitree_hg/unitree_hg/msg/detail/imu_state__rosidl_typesupport_fastrtps_c.h
[0.836s] -- Up-to-date: /ws/install/unitree_hg/lib/libunitree_hg__rosidl_typesupport_fastrtps_c.so
[0.837s] -- Up-to-date: /ws/install/unitree_hg/include/unitree_hg/unitree_hg
[0.837s] -- Up-to-date: /ws/install/unitree_hg/include/unitree_hg/unitree_hg/msg
[0.837s] -- Up-to-date: /ws/install/unitree_hg/include/unitree_hg/unitree_hg/msg/rosidl_generator_cpp__visibility_control.hpp
[0.837s] -- Up-to-date: /ws/install/unitree_hg/include/unitree_hg/unitree_hg/msg/imu_state.hpp
[0.837s] -- Up-to-date: /ws/install/unitree_hg/include/unitree_hg/unitree_hg/msg/motor_cmd.hpp
[0.837s] -- Up-to-date: /ws/install/unitree_hg/include/unitree_hg/unitree_hg/msg/main_board_state.hpp
[0.837s] -- Up-to-date: /ws/install/unitree_hg/include/unitree_hg/unitree_hg/msg/motor_state.hpp
[0.837s] -- Up-to-date: /ws/install/unitree_hg/include/unitree_hg/unitree_hg/msg/bms_cmd.hpp
[0.837s] -- Up-to-date: /ws/install/unitree_hg/include/unitree_hg/unitree_hg/msg/low_cmd.hpp
[0.837s] -- Up-to-date: /ws/install/unitree_hg/include/unitree_hg/unitree_hg/msg/low_state.hpp
[0.838s] -- Up-to-date: /ws/install/unitree_hg/include/unitree_hg/unitree_hg/msg/press_sensor_state.hpp
[0.838s] -- Up-to-date: /ws/install/unitree_hg/include/unitree_hg/unitree_hg/msg/hand_state.hpp
[0.838s] -- Up-to-date: /ws/install/unitree_hg/include/unitree_hg/unitree_hg/msg/bms_state.hpp
[0.838s] -- Up-to-date: /ws/install/unitree_hg/include/unitree_hg/unitree_hg/msg/detail
[0.838s] -- Up-to-date: /ws/install/unitree_hg/include/unitree_hg/unitree_hg/msg/detail/imu_state__type_support.hpp
[0.838s] -- Up-to-date: /ws/install/unitree_hg/include/unitree_hg/unitree_hg/msg/detail/bms_state__traits.hpp
[0.838s] -- Up-to-date: /ws/install/unitree_hg/include/unitree_hg/unitree_hg/msg/detail/bms_cmd__struct.hpp
[0.838s] -- Up-to-date: /ws/install/unitree_hg/include/unitree_hg/unitree_hg/msg/detail/hand_cmd__struct.hpp
[0.839s] -- Up-to-date: /ws/install/unitree_hg/include/unitree_hg/unitree_hg/msg/detail/hand_state__type_support.hpp
[0.839s] -- Up-to-date: /ws/install/unitree_hg/include/unitree_hg/unitree_hg/msg/detail/motor_state__traits.hpp
[0.839s] -- Up-to-date: /ws/install/unitree_hg/include/unitree_hg/unitree_hg/msg/detail/main_board_state__type_support.hpp
[0.839s] -- Up-to-date: /ws/install/unitree_hg/include/unitree_hg/unitree_hg/msg/detail/bms_cmd__traits.hpp
[0.839s] -- Up-to-date: /ws/install/unitree_hg/include/unitree_hg/unitree_hg/msg/detail/imu_state__builder.hpp
[0.839s] -- Up-to-date: /ws/install/unitree_hg/include/unitree_hg/unitree_hg/msg/detail/bms_state__type_support.hpp
[0.839s] -- Up-to-date: /ws/install/unitree_hg/include/unitree_hg/unitree_hg/msg/detail/bms_state__builder.hpp
[0.839s] -- Up-to-date: /ws/install/unitree_hg/include/unitree_hg/unitree_hg/msg/detail/imu_state__traits.hpp
[0.839s] -- Up-to-date: /ws/install/unitree_hg/include/unitree_hg/unitree_hg/msg/detail/bms_cmd__type_support.hpp
[0.839s] -- Up-to-date: /ws/install/unitree_hg/include/unitree_hg/unitree_hg/msg/detail/hand_cmd__traits.hpp
[0.839s] -- Up-to-date: /ws/install/unitree_hg/include/unitree_hg/unitree_hg/msg/detail/bms_cmd__builder.hpp
[0.840s] -- Up-to-date: /ws/install/unitree_hg/include/unitree_hg/unitree_hg/msg/detail/low_cmd__builder.hpp
[0.840s] -- Up-to-date: /ws/install/unitree_hg/include/unitree_hg/unitree_hg/msg/detail/bms_state__struct.hpp
[0.840s] -- Up-to-date: /ws/install/unitree_hg/include/unitree_hg/unitree_hg/msg/detail/press_sensor_state__builder.hpp
[0.840s] -- Up-to-date: /ws/install/unitree_hg/include/unitree_hg/unitree_hg/msg/detail/press_sensor_state__type_support.hpp
[0.840s] -- Up-to-date: /ws/install/unitree_hg/include/unitree_hg/unitree_hg/msg/detail/low_state__builder.hpp
[0.840s] -- Up-to-date: /ws/install/unitree_hg/include/unitree_hg/unitree_hg/msg/detail/motor_cmd__traits.hpp
[0.840s] -- Up-to-date: /ws/install/unitree_hg/include/unitree_hg/unitree_hg/msg/detail/imu_state__struct.hpp
[0.840s] -- Up-to-date: /ws/install/unitree_hg/include/unitree_hg/unitree_hg/msg/detail/hand_state__traits.hpp
[0.840s] -- Up-to-date: /ws/install/unitree_hg/include/unitree_hg/unitree_hg/msg/detail/hand_cmd__type_support.hpp
[0.840s] -- Up-to-date: /ws/install/unitree_hg/include/unitree_hg/unitree_hg/msg/detail/motor_state__struct.hpp
[0.840s] -- Up-to-date: /ws/install/unitree_hg/include/unitree_hg/unitree_hg/msg/detail/motor_state__builder.hpp
[0.841s] -- Up-to-date: /ws/install/unitree_hg/include/unitree_hg/unitree_hg/msg/detail/low_cmd__type_support.hpp
[0.841s] -- Up-to-date: /ws/install/unitree_hg/include/unitree_hg/unitree_hg/msg/detail/low_cmd__struct.hpp
[0.841s] -- Up-to-date: /ws/install/unitree_hg/include/unitree_hg/unitree_hg/msg/detail/main_board_state__struct.hpp
[0.841s] -- Up-to-date: /ws/install/unitree_hg/include/unitree_hg/unitree_hg/msg/detail/hand_cmd__builder.hpp
[0.841s] -- Up-to-date: /ws/install/unitree_hg/include/unitree_hg/unitree_hg/msg/detail/low_cmd__traits.hpp
[0.841s] -- Up-to-date: /ws/install/unitree_hg/include/unitree_hg/unitree_hg/msg/detail/press_sensor_state__traits.hpp
[0.841s] -- Up-to-date: /ws/install/unitree_hg/include/unitree_hg/unitree_hg/msg/detail/press_sensor_state__struct.hpp
[0.841s] -- Up-to-date: /ws/install/unitree_hg/include/unitree_hg/unitree_hg/msg/detail/low_state__struct.hpp
[0.841s] -- Up-to-date: /ws/install/unitree_hg/include/unitree_hg/unitree_hg/msg/detail/motor_cmd__builder.hpp
[0.841s] -- Up-to-date: /ws/install/unitree_hg/include/unitree_hg/unitree_hg/msg/detail/main_board_state__builder.hpp
[0.841s] -- Up-to-date: /ws/install/unitree_hg/include/unitree_hg/unitree_hg/msg/detail/hand_state__struct.hpp
[0.841s] -- Up-to-date: /ws/install/unitree_hg/include/unitree_hg/unitree_hg/msg/detail/motor_cmd__struct.hpp
[0.841s] -- Up-to-date: /ws/install/unitree_hg/include/unitree_hg/unitree_hg/msg/detail/low_state__type_support.hpp
[0.842s] -- Up-to-date: /ws/install/unitree_hg/include/unitree_hg/unitree_hg/msg/detail/main_board_state__traits.hpp
[0.842s] -- Up-to-date: /ws/install/unitree_hg/include/unitree_hg/unitree_hg/msg/detail/motor_state__type_support.hpp
[0.842s] -- Up-to-date: /ws/install/unitree_hg/include/unitree_hg/unitree_hg/msg/detail/low_state__traits.hpp
[0.842s] -- Up-to-date: /ws/install/unitree_hg/include/unitree_hg/unitree_hg/msg/detail/motor_cmd__type_support.hpp
[0.842s] -- Up-to-date: /ws/install/unitree_hg/include/unitree_hg/unitree_hg/msg/detail/hand_state__builder.hpp
[0.842s] -- Up-to-date: /ws/install/unitree_hg/include/unitree_hg/unitree_hg/msg/hand_cmd.hpp
[0.842s] -- Up-to-date: /ws/install/unitree_hg/include/unitree_hg/unitree_hg
[0.842s] -- Up-to-date: /ws/install/unitree_hg/include/unitree_hg/unitree_hg/msg
[0.842s] -- Up-to-date: /ws/install/unitree_hg/include/unitree_hg/unitree_hg/msg/rosidl_typesupport_fastrtps_cpp__visibility_control.h
[0.842s] -- Up-to-date: /ws/install/unitree_hg/include/unitree_hg/unitree_hg/msg/detail
[0.842s] -- Up-to-date: /ws/install/unitree_hg/include/unitree_hg/unitree_hg/msg/detail/bms_state__rosidl_typesupport_fastrtps_cpp.hpp
[0.842s] -- Up-to-date: /ws/install/unitree_hg/include/unitree_hg/unitree_hg/msg/detail/low_state__rosidl_typesupport_fastrtps_cpp.hpp
[0.842s] -- Up-to-date: /ws/install/unitree_hg/include/unitree_hg/unitree_hg/msg/detail/motor_cmd__rosidl_typesupport_fastrtps_cpp.hpp
[0.842s] -- Up-to-date: /ws/install/unitree_hg/include/unitree_hg/unitree_hg/msg/detail/hand_state__rosidl_typesupport_fastrtps_cpp.hpp
[0.843s] -- Up-to-date: /ws/install/unitree_hg/include/unitree_hg/unitree_hg/msg/detail/motor_state__rosidl_typesupport_fastrtps_cpp.hpp
[0.843s] -- Up-to-date: /ws/install/unitree_hg/include/unitree_hg/unitree_hg/msg/detail/main_board_state__rosidl_typesupport_fastrtps_cpp.hpp
[0.843s] -- Up-to-date: /ws/install/unitree_hg/include/unitree_hg/unitree_hg/msg/detail/dds_fastrtps
[0.843s] -- Up-to-date: /ws/install/unitree_hg/include/unitree_hg/unitree_hg/msg/detail/imu_state__rosidl_typesupport_fastrtps_cpp.hpp
[0.843s] -- Up-to-date: /ws/install/unitree_hg/include/unitree_hg/unitree_hg/msg/detail/bms_cmd__rosidl_typesupport_fastrtps_cpp.hpp
[0.843s] -- Up-to-date: /ws/install/unitree_hg/include/unitree_hg/unitree_hg/msg/detail/press_sensor_state__rosidl_typesupport_fastrtps_cpp.hpp
[0.843s] -- Up-to-date: /ws/install/unitree_hg/include/unitree_hg/unitree_hg/msg/detail/low_cmd__rosidl_typesupport_fastrtps_cpp.hpp
[0.843s] -- Up-to-date: /ws/install/unitree_hg/include/unitree_hg/unitree_hg/msg/detail/hand_cmd__rosidl_typesupport_fastrtps_cpp.hpp
[0.843s] -- Up-to-date: /ws/install/unitree_hg/lib/libunitree_hg__rosidl_typesupport_fastrtps_cpp.so
[0.843s] -- Up-to-date: /ws/install/unitree_hg/include/unitree_hg/unitree_hg
[0.843s] -- Up-to-date: /ws/install/unitree_hg/include/unitree_hg/unitree_hg/msg
[0.843s] -- Up-to-date: /ws/install/unitree_hg/include/unitree_hg/unitree_hg/msg/rosidl_typesupport_introspection_c__visibility_control.h
[0.843s] -- Up-to-date: /ws/install/unitree_hg/include/unitree_hg/unitree_hg/msg/detail
[0.843s] -- Up-to-date: /ws/install/unitree_hg/include/unitree_hg/unitree_hg/msg/detail/press_sensor_state__type_support.c
[0.844s] -- Up-to-date: /ws/install/unitree_hg/include/unitree_hg/unitree_hg/msg/detail/press_sensor_state__rosidl_typesupport_introspection_c.h
[0.844s] -- Up-to-date: /ws/install/unitree_hg/include/unitree_hg/unitree_hg/msg/detail/main_board_state__rosidl_typesupport_introspection_c.h
[0.844s] -- Up-to-date: /ws/install/unitree_hg/include/unitree_hg/unitree_hg/msg/detail/main_board_state__type_support.c
[0.844s] -- Up-to-date: /ws/install/unitree_hg/include/unitree_hg/unitree_hg/msg/detail/hand_state__type_support.c
[0.844s] -- Up-to-date: /ws/install/unitree_hg/include/unitree_hg/unitree_hg/msg/detail/bms_cmd__rosidl_typesupport_introspection_c.h
[0.844s] -- Up-to-date: /ws/install/unitree_hg/include/unitree_hg/unitree_hg/msg/detail/imu_state__type_support.c
[0.844s] -- Up-to-date: /ws/install/unitree_hg/include/unitree_hg/unitree_hg/msg/detail/imu_state__rosidl_typesupport_introspection_c.h
[0.844s] -- Up-to-date: /ws/install/unitree_hg/include/unitree_hg/unitree_hg/msg/detail/hand_state__rosidl_typesupport_introspection_c.h
[0.844s] -- Up-to-date: /ws/install/unitree_hg/include/unitree_hg/unitree_hg/msg/detail/hand_cmd__rosidl_typesupport_introspection_c.h
[0.844s] -- Up-to-date: /ws/install/unitree_hg/include/unitree_hg/unitree_hg/msg/detail/low_cmd__rosidl_typesupport_introspection_c.h
[0.844s] -- Up-to-date: /ws/install/unitree_hg/include/unitree_hg/unitree_hg/msg/detail/low_state__type_support.c
[0.844s] -- Up-to-date: /ws/install/unitree_hg/include/unitree_hg/unitree_hg/msg/detail/bms_state__rosidl_typesupport_introspection_c.h
[0.844s] -- Up-to-date: /ws/install/unitree_hg/include/unitree_hg/unitree_hg/msg/detail/motor_cmd__type_support.c
[0.844s] -- Up-to-date: /ws/install/unitree_hg/include/unitree_hg/unitree_hg/msg/detail/low_cmd__type_support.c
[0.845s] -- Up-to-date: /ws/install/unitree_hg/include/unitree_hg/unitree_hg/msg/detail/bms_state__type_support.c
[0.845s] -- Up-to-date: /ws/install/unitree_hg/include/unitree_hg/unitree_hg/msg/detail/motor_state__type_support.c
[0.845s] -- Up-to-date: /ws/install/unitree_hg/include/unitree_hg/unitree_hg/msg/detail/bms_cmd__type_support.c
[0.845s] -- Up-to-date: /ws/install/unitree_hg/include/unitree_hg/unitree_hg/msg/detail/motor_state__rosidl_typesupport_introspection_c.h
[0.845s] -- Up-to-date: /ws/install/unitree_hg/include/unitree_hg/unitree_hg/msg/detail/motor_cmd__rosidl_typesupport_introspection_c.h
[0.845s] -- Up-to-date: /ws/install/unitree_hg/include/unitree_hg/unitree_hg/msg/detail/low_state__rosidl_typesupport_introspection_c.h
[0.845s] -- Up-to-date: /ws/install/unitree_hg/include/unitree_hg/unitree_hg/msg/detail/hand_cmd__type_support.c
[0.845s] -- Up-to-date: /ws/install/unitree_hg/lib/libunitree_hg__rosidl_typesupport_introspection_c.so
[0.845s] -- Up-to-date: /ws/install/unitree_hg/lib/libunitree_hg__rosidl_typesupport_c.so
[0.845s] -- Up-to-date: /ws/install/unitree_hg/include/unitree_hg/unitree_hg
[0.845s] -- Up-to-date: /ws/install/unitree_hg/include/unitree_hg/unitree_hg/msg
[0.845s] -- Up-to-date: /ws/install/unitree_hg/include/unitree_hg/unitree_hg/msg/detail
[0.845s] -- Up-to-date: /ws/install/unitree_hg/include/unitree_hg/unitree_hg/msg/detail/low_state__type_support.cpp
[0.846s] -- Up-to-date: /ws/install/unitree_hg/include/unitree_hg/unitree_hg/msg/detail/hand_state__type_support.cpp
[0.846s] -- Up-to-date: /ws/install/unitree_hg/include/unitree_hg/unitree_hg/msg/detail/bms_state__rosidl_typesupport_introspection_cpp.hpp
[0.846s] -- Up-to-date: /ws/install/unitree_hg/include/unitree_hg/unitree_hg/msg/detail/press_sensor_state__rosidl_typesupport_introspection_cpp.hpp
[0.846s] -- Up-to-date: /ws/install/unitree_hg/include/unitree_hg/unitree_hg/msg/detail/motor_cmd__type_support.cpp
[0.846s] -- Up-to-date: /ws/install/unitree_hg/include/unitree_hg/unitree_hg/msg/detail/hand_cmd__type_support.cpp
[0.846s] -- Up-to-date: /ws/install/unitree_hg/include/unitree_hg/unitree_hg/msg/detail/bms_state__type_support.cpp
[0.846s] -- Up-to-date: /ws/install/unitree_hg/include/unitree_hg/unitree_hg/msg/detail/bms_cmd__rosidl_typesupport_introspection_cpp.hpp
[0.846s] -- Up-to-date: /ws/install/unitree_hg/include/unitree_hg/unitree_hg/msg/detail/hand_cmd__rosidl_typesupport_introspection_cpp.hpp
[0.846s] -- Up-to-date: /ws/install/unitree_hg/include/unitree_hg/unitree_hg/msg/detail/press_sensor_state__type_support.cpp
[0.846s] -- Up-to-date: /ws/install/unitree_hg/include/unitree_hg/unitree_hg/msg/detail/bms_cmd__type_support.cpp
[0.846s] -- Up-to-date: /ws/install/unitree_hg/include/unitree_hg/unitree_hg/msg/detail/low_state__rosidl_typesupport_introspection_cpp.hpp
[0.846s] -- Up-to-date: /ws/install/unitree_hg/include/unitree_hg/unitree_hg/msg/detail/hand_state__rosidl_typesupport_introspection_cpp.hpp
[0.846s] -- Up-to-date: /ws/install/unitree_hg/include/unitree_hg/unitree_hg/msg/detail/main_board_state__type_support.cpp
[0.847s] -- Up-to-date: /ws/install/unitree_hg/include/unitree_hg/unitree_hg/msg/detail/low_cmd__type_support.cpp
[0.847s] -- Up-to-date: /ws/install/unitree_hg/include/unitree_hg/unitree_hg/msg/detail/imu_state__type_support.cpp
[0.847s] -- Up-to-date: /ws/install/unitree_hg/include/unitree_hg/unitree_hg/msg/detail/motor_state__rosidl_typesupport_introspection_cpp.hpp
[0.847s] -- Up-to-date: /ws/install/unitree_hg/include/unitree_hg/unitree_hg/msg/detail/main_board_state__rosidl_typesupport_introspection_cpp.hpp
[0.847s] -- Up-to-date: /ws/install/unitree_hg/include/unitree_hg/unitree_hg/msg/detail/motor_cmd__rosidl_typesupport_introspection_cpp.hpp
[0.847s] -- Up-to-date: /ws/install/unitree_hg/include/unitree_hg/unitree_hg/msg/detail/motor_state__type_support.cpp
[0.847s] -- Up-to-date: /ws/install/unitree_hg/include/unitree_hg/unitree_hg/msg/detail/low_cmd__rosidl_typesupport_introspection_cpp.hpp
[0.847s] -- Up-to-date: /ws/install/unitree_hg/include/unitree_hg/unitree_hg/msg/detail/imu_state__rosidl_typesupport_introspection_cpp.hpp
[0.847s] -- Up-to-date: /ws/install/unitree_hg/lib/libunitree_hg__rosidl_typesupport_introspection_cpp.so
[0.847s] -- Up-to-date: /ws/install/unitree_hg/lib/libunitree_hg__rosidl_typesupport_cpp.so
[0.847s] -- Up-to-date: /ws/install/unitree_hg/share/unitree_hg/environment/pythonpath.sh
[0.847s] -- Up-to-date: /ws/install/unitree_hg/share/unitree_hg/environment/pythonpath.dsv
[0.847s] -- Up-to-date: /ws/install/unitree_hg/local/lib/python3.10/dist-packages/unitree_hg-0.0.0-py3.10.egg-info
[0.847s] -- Installing: /ws/install/unitree_hg/local/lib/python3.10/dist-packages/unitree_hg-0.0.0-py3.10.egg-info/dependency_links.txt
[0.848s] -- Installing: /ws/install/unitree_hg/local/lib/python3.10/dist-packages/unitree_hg-0.0.0-py3.10.egg-info/top_level.txt
[0.848s] -- Installing: /ws/install/unitree_hg/local/lib/python3.10/dist-packages/unitree_hg-0.0.0-py3.10.egg-info/SOURCES.txt
[0.848s] -- Installing: /ws/install/unitree_hg/local/lib/python3.10/dist-packages/unitree_hg-0.0.0-py3.10.egg-info/PKG-INFO
[0.848s] -- Up-to-date: /ws/install/unitree_hg/local/lib/python3.10/dist-packages/unitree_hg
[0.848s] -- Up-to-date: /ws/install/unitree_hg/local/lib/python3.10/dist-packages/unitree_hg/unitree_hg_s__rosidl_typesupport_introspection_c.cpython-310-aarch64-linux-gnu.so
[0.848s] -- Up-to-date: /ws/install/unitree_hg/local/lib/python3.10/dist-packages/unitree_hg/_unitree_hg_s.ep.rosidl_typesupport_c.c
[0.848s] -- Up-to-date: /ws/install/unitree_hg/local/lib/python3.10/dist-packages/unitree_hg/msg
[0.848s] -- Up-to-date: /ws/install/unitree_hg/local/lib/python3.10/dist-packages/unitree_hg/msg/_motor_cmd_s.c
[0.848s] -- Up-to-date: /ws/install/unitree_hg/local/lib/python3.10/dist-packages/unitree_hg/msg/_main_board_state_s.c
[0.848s] -- Up-to-date: /ws/install/unitree_hg/local/lib/python3.10/dist-packages/unitree_hg/msg/_bms_cmd.py
[0.848s] -- Up-to-date: /ws/install/unitree_hg/local/lib/python3.10/dist-packages/unitree_hg/msg/_hand_state.py
[0.848s] -- Up-to-date: /ws/install/unitree_hg/local/lib/python3.10/dist-packages/unitree_hg/msg/_hand_cmd_s.c
[0.848s] -- Up-to-date: /ws/install/unitree_hg/local/lib/python3.10/dist-packages/unitree_hg/msg/_low_cmd.py
[0.849s] -- Up-to-date: /ws/install/unitree_hg/local/lib/python3.10/dist-packages/unitree_hg/msg/_press_sensor_state_s.c
[0.849s] -- Up-to-date: /ws/install/unitree_hg/local/lib/python3.10/dist-packages/unitree_hg/msg/_imu_state_s.c
[0.849s] -- Up-to-date: /ws/install/unitree_hg/local/lib/python3.10/dist-packages/unitree_hg/msg/_hand_state_s.c
[0.849s] -- Up-to-date: /ws/install/unitree_hg/local/lib/python3.10/dist-packages/unitree_hg/msg/_low_state.py
[0.849s] -- Up-to-date: /ws/install/unitree_hg/local/lib/python3.10/dist-packages/unitree_hg/msg/_imu_state.py
[0.849s] -- Up-to-date: /ws/install/unitree_hg/local/lib/python3.10/dist-packages/unitree_hg/msg/_bms_state_s.c
[0.849s] -- Up-to-date: /ws/install/unitree_hg/local/lib/python3.10/dist-packages/unitree_hg/msg/_bms_cmd_s.c
[0.849s] -- Up-to-date: /ws/install/unitree_hg/local/lib/python3.10/dist-packages/unitree_hg/msg/_motor_state.py
[0.849s] -- Up-to-date: /ws/install/unitree_hg/local/lib/python3.10/dist-packages/unitree_hg/msg/_motor_state_s.c
[0.849s] -- Up-to-date: /ws/install/unitree_hg/local/lib/python3.10/dist-packages/unitree_hg/msg/__init__.py
[0.849s] -- Up-to-date: /ws/install/unitree_hg/local/lib/python3.10/dist-packages/unitree_hg/msg/_press_sensor_state.py
[0.849s] -- Up-to-date: /ws/install/unitree_hg/local/lib/python3.10/dist-packages/unitree_hg/msg/_motor_cmd.py
[0.849s] -- Up-to-date: /ws/install/unitree_hg/local/lib/python3.10/dist-packages/unitree_hg/msg/_low_cmd_s.c
[0.849s] -- Up-to-date: /ws/install/unitree_hg/local/lib/python3.10/dist-packages/unitree_hg/msg/_main_board_state.py
[0.849s] -- Up-to-date: /ws/install/unitree_hg/local/lib/python3.10/dist-packages/unitree_hg/msg/_hand_cmd.py
[0.850s] -- Up-to-date: /ws/install/unitree_hg/local/lib/python3.10/dist-packages/unitree_hg/msg/_low_state_s.c
[0.850s] -- Up-to-date: /ws/install/unitree_hg/local/lib/python3.10/dist-packages/unitree_hg/msg/_bms_state.py
[0.850s] -- Up-to-date: /ws/install/unitree_hg/local/lib/python3.10/dist-packages/unitree_hg/__init__.py
[0.850s] -- Up-to-date: /ws/install/unitree_hg/local/lib/python3.10/dist-packages/unitree_hg/libunitree_hg__rosidl_generator_py.so
[0.850s] -- Up-to-date: /ws/install/unitree_hg/local/lib/python3.10/dist-packages/unitree_hg/_unitree_hg_s.ep.rosidl_typesupport_introspection_c.c
[0.850s] -- Up-to-date: /ws/install/unitree_hg/local/lib/python3.10/dist-packages/unitree_hg/_unitree_hg_s.ep.rosidl_typesupport_fastrtps_c.c
[0.850s] -- Up-to-date: /ws/install/unitree_hg/local/lib/python3.10/dist-packages/unitree_hg/unitree_hg_s__rosidl_typesupport_fastrtps_c.cpython-310-aarch64-linux-gnu.so
[0.850s] -- Up-to-date: /ws/install/unitree_hg/local/lib/python3.10/dist-packages/unitree_hg/unitree_hg_s__rosidl_typesupport_c.cpython-310-aarch64-linux-gnu.so
[0.888s] Listing '/ws/install/unitree_hg/local/lib/python3.10/dist-packages/unitree_hg'...
[0.889s] Listing '/ws/install/unitree_hg/local/lib/python3.10/dist-packages/unitree_hg/msg'...
[0.902s] -- Up-to-date: /ws/install/unitree_hg/local/lib/python3.10/dist-packages/unitree_hg/unitree_hg_s__rosidl_typesupport_fastrtps_c.cpython-310-aarch64-linux-gnu.so
[0.903s] -- Up-to-date: /ws/install/unitree_hg/local/lib/python3.10/dist-packages/unitree_hg/unitree_hg_s__rosidl_typesupport_introspection_c.cpython-310-aarch64-linux-gnu.so
[0.903s] -- Up-to-date: /ws/install/unitree_hg/local/lib/python3.10/dist-packages/unitree_hg/unitree_hg_s__rosidl_typesupport_c.cpython-310-aarch64-linux-gnu.so
[0.905s] -- Up-to-date: /ws/install/unitree_hg/lib/libunitree_hg__rosidl_generator_py.so
[0.905s] -- Up-to-date: /ws/install/unitree_hg/share/unitree_hg/msg/BmsCmd.idl
[0.905s] -- Up-to-date: /ws/install/unitree_hg/share/unitree_hg/msg/BmsState.idl
[0.906s] -- Up-to-date: /ws/install/unitree_hg/share/unitree_hg/msg/HandCmd.idl
[0.907s] -- Up-to-date: /ws/install/unitree_hg/share/unitree_hg/msg/HandState.idl
[0.907s] -- Up-to-date: /ws/install/unitree_hg/share/unitree_hg/msg/IMUState.idl
[0.907s] -- Up-to-date: /ws/install/unitree_hg/share/unitree_hg/msg/LowCmd.idl
[0.907s] -- Up-to-date: /ws/install/unitree_hg/share/unitree_hg/msg/LowState.idl
[0.908s] -- Up-to-date: /ws/install/unitree_hg/share/unitree_hg/msg/MainBoardState.idl
[0.908s] -- Up-to-date: /ws/install/unitree_hg/share/unitree_hg/msg/MotorCmd.idl
[0.908s] -- Up-to-date: /ws/install/unitree_hg/share/unitree_hg/msg/MotorState.idl
[0.910s] -- Up-to-date: /ws/install/unitree_hg/share/unitree_hg/msg/PressSensorState.idl
[0.910s] -- Up-to-date: /ws/install/unitree_hg/share/unitree_hg/msg/BmsCmd.msg
[0.910s] -- Up-to-date: /ws/install/unitree_hg/share/unitree_hg/msg/BmsState.msg
[0.910s] -- Up-to-date: /ws/install/unitree_hg/share/unitree_hg/msg/HandCmd.msg
[0.911s] -- Up-to-date: /ws/install/unitree_hg/share/unitree_hg/msg/HandState.msg
[0.911s] -- Up-to-date: /ws/install/unitree_hg/share/unitree_hg/msg/IMUState.msg
[0.911s] -- Up-to-date: /ws/install/unitree_hg/share/unitree_hg/msg/LowCmd.msg
[0.911s] -- Up-to-date: /ws/install/unitree_hg/share/unitree_hg/msg/LowState.msg
[0.911s] -- Up-to-date: /ws/install/unitree_hg/share/unitree_hg/msg/MainBoardState.msg
[0.911s] -- Up-to-date: /ws/install/unitree_hg/share/unitree_hg/msg/MotorCmd.msg
[0.911s] -- Up-to-date: /ws/install/unitree_hg/share/unitree_hg/msg/MotorState.msg
[0.912s] -- Up-to-date: /ws/install/unitree_hg/share/unitree_hg/msg/PressSensorState.msg
[0.912s] -- Up-to-date: /ws/install/unitree_hg/share/unitree_hg/msg/dds_connext
[0.912s] -- Up-to-date: /ws/install/unitree_hg/share/unitree_hg/msg/dds_connext/MotorState_.idl
[0.913s] -- Up-to-date: /ws/install/unitree_hg/share/unitree_hg/msg/dds_connext/MotorCmd_.idl
[0.913s] -- Up-to-date: /ws/install/unitree_hg/share/unitree_hg/msg/dds_connext/HandCmd_.idl
[0.913s] -- Up-to-date: /ws/install/unitree_hg/share/unitree_hg/msg/dds_connext/HandState_.idl
[0.915s] -- Up-to-date: /ws/install/unitree_hg/share/unitree_hg/msg/dds_connext/MainBoardState_.idl
[0.915s] -- Up-to-date: /ws/install/unitree_hg/share/unitree_hg/msg/dds_connext/BmsCmd_.idl
[0.915s] -- Up-to-date: /ws/install/unitree_hg/share/unitree_hg/msg/dds_connext/IMUState_.idl
[0.915s] -- Up-to-date: /ws/install/unitree_hg/share/unitree_hg/msg/dds_connext/LowState_.idl
[0.915s] -- Up-to-date: /ws/install/unitree_hg/share/unitree_hg/msg/dds_connext/PressSensorState_.idl
[0.915s] -- Up-to-date: /ws/install/unitree_hg/share/unitree_hg/msg/dds_connext/BmsState_.idl
[0.915s] -- Up-to-date: /ws/install/unitree_hg/share/unitree_hg/msg/dds_connext/LowCmd_.idl
[0.916s] -- Up-to-date: /ws/install/unitree_hg/share/ament_index/resource_index/package_run_dependencies/unitree_hg
[0.916s] -- Up-to-date: /ws/install/unitree_hg/share/ament_index/resource_index/parent_prefix_path/unitree_hg
[0.916s] -- Up-to-date: /ws/install/unitree_hg/share/unitree_hg/environment/ament_prefix_path.sh
[0.916s] -- Up-to-date: /ws/install/unitree_hg/share/unitree_hg/environment/ament_prefix_path.dsv
[0.916s] -- Up-to-date: /ws/install/unitree_hg/share/unitree_hg/environment/path.sh
[0.916s] -- Up-to-date: /ws/install/unitree_hg/share/unitree_hg/environment/path.dsv
[0.916s] -- Up-to-date: /ws/install/unitree_hg/share/unitree_hg/local_setup.bash
[0.916s] -- Up-to-date: /ws/install/unitree_hg/share/unitree_hg/local_setup.sh
[0.916s] -- Up-to-date: /ws/install/unitree_hg/share/unitree_hg/local_setup.zsh
[0.918s] -- Up-to-date: /ws/install/unitree_hg/share/unitree_hg/local_setup.dsv
[0.920s] -- Installing: /ws/install/unitree_hg/share/unitree_hg/package.dsv
[0.920s] -- Up-to-date: /ws/install/unitree_hg/share/ament_index/resource_index/packages/unitree_hg
[0.920s] -- Up-to-date: /ws/install/unitree_hg/share/unitree_hg/cmake/export_unitree_hg__rosidl_generator_cExport.cmake
[0.920s] -- Up-to-date: /ws/install/unitree_hg/share/unitree_hg/cmake/export_unitree_hg__rosidl_generator_cExport-noconfig.cmake
[0.920s] -- Up-to-date: /ws/install/unitree_hg/share/unitree_hg/cmake/export_unitree_hg__rosidl_typesupport_fastrtps_cExport.cmake
[0.921s] -- Up-to-date: /ws/install/unitree_hg/share/unitree_hg/cmake/export_unitree_hg__rosidl_typesupport_fastrtps_cExport-noconfig.cmake
[0.921s] -- Up-to-date: /ws/install/unitree_hg/share/unitree_hg/cmake/export_unitree_hg__rosidl_generator_cppExport.cmake
[0.921s] -- Up-to-date: /ws/install/unitree_hg/share/unitree_hg/cmake/export_unitree_hg__rosidl_typesupport_fastrtps_cppExport.cmake
[0.922s] -- Up-to-date: /ws/install/unitree_hg/share/unitree_hg/cmake/export_unitree_hg__rosidl_typesupport_fastrtps_cppExport-noconfig.cmake
[0.922s] -- Up-to-date: /ws/install/unitree_hg/share/unitree_hg/cmake/unitree_hg__rosidl_typesupport_introspection_cExport.cmake
[0.922s] -- Up-to-date: /ws/install/unitree_hg/share/unitree_hg/cmake/unitree_hg__rosidl_typesupport_introspection_cExport-noconfig.cmake
[0.922s] -- Up-to-date: /ws/install/unitree_hg/share/unitree_hg/cmake/unitree_hg__rosidl_typesupport_cExport.cmake
[0.922s] -- Up-to-date: /ws/install/unitree_hg/share/unitree_hg/cmake/unitree_hg__rosidl_typesupport_cExport-noconfig.cmake
[0.922s] -- Up-to-date: /ws/install/unitree_hg/share/unitree_hg/cmake/unitree_hg__rosidl_typesupport_introspection_cppExport.cmake
[0.922s] -- Up-to-date: /ws/install/unitree_hg/share/unitree_hg/cmake/unitree_hg__rosidl_typesupport_introspection_cppExport-noconfig.cmake
[0.922s] -- Up-to-date: /ws/install/unitree_hg/share/unitree_hg/cmake/unitree_hg__rosidl_typesupport_cppExport.cmake
[0.923s] -- Up-to-date: /ws/install/unitree_hg/share/unitree_hg/cmake/unitree_hg__rosidl_typesupport_cppExport-noconfig.cmake
[0.923s] -- Up-to-date: /ws/install/unitree_hg/share/unitree_hg/cmake/export_unitree_hg__rosidl_generator_pyExport.cmake
[0.923s] -- Up-to-date: /ws/install/unitree_hg/share/unitree_hg/cmake/export_unitree_hg__rosidl_generator_pyExport-noconfig.cmake
[0.923s] -- Up-to-date: /ws/install/unitree_hg/share/unitree_hg/cmake/rosidl_cmake-extras.cmake
[0.923s] -- Up-to-date: /ws/install/unitree_hg/share/unitree_hg/cmake/ament_cmake_export_dependencies-extras.cmake
[0.923s] -- Up-to-date: /ws/install/unitree_hg/share/unitree_hg/cmake/ament_cmake_export_include_directories-extras.cmake
[0.923s] -- Up-to-date: /ws/install/unitree_hg/share/unitree_hg/cmake/ament_cmake_export_libraries-extras.cmake
[0.923s] -- Up-to-date: /ws/install/unitree_hg/share/unitree_hg/cmake/ament_cmake_export_targets-extras.cmake
[0.924s] -- Up-to-date: /ws/install/unitree_hg/share/unitree_hg/cmake/rosidl_cmake_export_typesupport_targets-extras.cmake
[0.924s] -- Up-to-date: /ws/install/unitree_hg/share/unitree_hg/cmake/rosidl_cmake_export_typesupport_libraries-extras.cmake
[0.924s] -- Up-to-date: /ws/install/unitree_hg/share/unitree_hg/cmake/unitree_hgConfig.cmake
[0.924s] -- Up-to-date: /ws/install/unitree_hg/share/unitree_hg/cmake/unitree_hgConfig-version.cmake
[0.924s] -- Up-to-date: /ws/install/unitree_hg/share/unitree_hg/package.xml
[0.931s] Invoked command in '/ws/build/unitree_hg' returned '0': CMAKE_PREFIX_PATH=${CMAKE_PREFIX_PATH}:/opt/ros/humble /usr/bin/cmake --install /ws/build/unitree_hg
