[0.043s] Invoking command in '/ws/build/unitree_go': CMAKE_PREFIX_PATH=${CMAKE_PREFIX_PATH}:/opt/ros/humble /usr/bin/cmake --build /ws/build/unitree_go -- -j4 -l4
[0.407s] [  0%] Built target ament_cmake_python_copy_unitree_go
[0.407s] [  0%] Built target unitree_go__dds_connext_idl
[0.458s] [  0%] Built target unitree_go__cpp
[0.464s] [ 12%] Built target unitree_go__rosidl_generator_c
[0.665s] [35m[1mConsolidate compiler generated dependencies of target unitree_go__rosidl_typesupport_fastrtps_c[0m
[0.665s] [35m[1mConsolidate compiler generated dependencies of target unitree_go__rosidl_typesupport_c[0m
[0.691s] [35m[1mConsolidate compiler generated dependencies of target unitree_go__rosidl_typesupport_introspection_c[0m
[0.781s] [ 24%] Built target unitree_go__rosidl_typesupport_c
[0.797s] [ 36%] Built target unitree_go__rosidl_typesupport_fastrtps_c
[0.809s] [ 48%] Built target unitree_go__rosidl_typesupport_introspection_c
[0.920s] [35m[1mConsolidate compiler generated dependencies of target unitree_go__rosidl_typesupport_fastrtps_cpp[0m
[0.971s] [35m[1mConsolidate compiler generated dependencies of target unitree_go__rosidl_typesupport_introspection_cpp[0m
[1.042s] [ 61%] Built target unitree_go__rosidl_typesupport_cpp
[1.119s] [ 74%] Built target unitree_go__rosidl_typesupport_introspection_cpp
[1.166s] [ 87%] Built target unitree_go__rosidl_typesupport_fastrtps_cpp
[1.301s] [ 87%] Built target unitree_go
[1.409s] [ 88%] Built target unitree_go__py
[1.555s] [35m[1mConsolidate compiler generated dependencies of target unitree_go__rosidl_generator_py[0m
[1.628s] running egg_info
[1.632s] writing unitree_go.egg-info/PKG-INFO
[1.638s] writing dependency_links to unitree_go.egg-info/dependency_links.txt
[1.638s] writing top-level names to unitree_go.egg-info/top_level.txt
[1.652s] reading manifest file 'unitree_go.egg-info/SOURCES.txt'
[1.664s] writing manifest file 'unitree_go.egg-info/SOURCES.txt'
[1.784s] [100%] Built target unitree_go__rosidl_generator_py
[1.878s] [35m[1mConsolidate compiler generated dependencies of target unitree_go__rosidl_typesupport_c__pyext[0m
[1.878s] [100%] Built target ament_cmake_python_build_unitree_go_egg
[1.881s] [35m[1mConsolidate compiler generated dependencies of target unitree_go__rosidl_typesupport_introspection_c__pyext[0m
[1.895s] [35m[1mConsolidate compiler generated dependencies of target unitree_go__rosidl_typesupport_fastrtps_c__pyext[0m
[1.945s] [100%] Built target unitree_go__rosidl_typesupport_c__pyext
[1.951s] [100%] Built target unitree_go__rosidl_typesupport_introspection_c__pyext
[1.971s] [100%] Built target unitree_go__rosidl_typesupport_fastrtps_c__pyext
[2.011s] Invoked command in '/ws/build/unitree_go' returned '0': CMAKE_PREFIX_PATH=${CMAKE_PREFIX_PATH}:/opt/ros/humble /usr/bin/cmake --build /ws/build/unitree_go -- -j4 -l4
[2.016s] Invoking command in '/ws/build/unitree_go': CMAKE_PREFIX_PATH=${CMAKE_PREFIX_PATH}:/opt/ros/humble /usr/bin/cmake --install /ws/build/unitree_go
[2.181s] -- Install configuration: ""
[2.181s] -- Up-to-date: /ws/install/unitree_go/share/ament_index/resource_index/rosidl_interfaces/unitree_go
[2.181s] -- Up-to-date: /ws/install/unitree_go/include/unitree_go/unitree_go
[2.182s] -- Up-to-date: /ws/install/unitree_go/include/unitree_go/unitree_go/msg
[2.182s] -- Up-to-date: /ws/install/unitree_go/include/unitree_go/unitree_go/msg/low_cmd.h
[2.182s] -- Up-to-date: /ws/install/unitree_go/include/unitree_go/unitree_go/msg/motor_cmd.h
[2.182s] -- Up-to-date: /ws/install/unitree_go/include/unitree_go/unitree_go/msg/audio_data.h
[2.183s] -- Up-to-date: /ws/install/unitree_go/include/unitree_go/unitree_go/msg/lidar_state.h
[2.183s] -- Up-to-date: /ws/install/unitree_go/include/unitree_go/unitree_go/msg/height_map.h
[2.184s] -- Up-to-date: /ws/install/unitree_go/include/unitree_go/unitree_go/msg/go2_front_video_data.h
[2.184s] -- Up-to-date: /ws/install/unitree_go/include/unitree_go/unitree_go/msg/uwb_switch.h
[2.185s] -- Up-to-date: /ws/install/unitree_go/include/unitree_go/unitree_go/msg/motor_cmds.h
[2.185s] -- Up-to-date: /ws/install/unitree_go/include/unitree_go/unitree_go/msg/low_state.h
[2.185s] -- Up-to-date: /ws/install/unitree_go/include/unitree_go/unitree_go/msg/bms_cmd.h
[2.185s] -- Up-to-date: /ws/install/unitree_go/include/unitree_go/unitree_go/msg/res.h
[2.185s] -- Up-to-date: /ws/install/unitree_go/include/unitree_go/unitree_go/msg/wireless_controller.h
[2.201s] -- Up-to-date: /ws/install/unitree_go/include/unitree_go/unitree_go/msg/motor_states.h
[2.205s] -- Up-to-date: /ws/install/unitree_go/include/unitree_go/unitree_go/msg/sport_mode_cmd.h
[2.210s] -- Up-to-date: /ws/install/unitree_go/include/unitree_go/unitree_go/msg/time_spec.h
[2.210s] -- Up-to-date: /ws/install/unitree_go/include/unitree_go/unitree_go/msg/sport_mode_state.h
[2.210s] -- Up-to-date: /ws/install/unitree_go/include/unitree_go/unitree_go/msg/motor_state.h
[2.210s] -- Up-to-date: /ws/install/unitree_go/include/unitree_go/unitree_go/msg/interface_config.h
[2.210s] -- Up-to-date: /ws/install/unitree_go/include/unitree_go/unitree_go/msg/error.h
[2.211s] -- Up-to-date: /ws/install/unitree_go/include/unitree_go/unitree_go/msg/bms_state.h
[2.211s] -- Up-to-date: /ws/install/unitree_go/include/unitree_go/unitree_go/msg/uwb_state.h
[2.211s] -- Up-to-date: /ws/install/unitree_go/include/unitree_go/unitree_go/msg/rosidl_generator_c__visibility_control.h
[2.211s] -- Up-to-date: /ws/install/unitree_go/include/unitree_go/unitree_go/msg/path_point.h
[2.211s] -- Up-to-date: /ws/install/unitree_go/include/unitree_go/unitree_go/msg/imu_state.h
[2.211s] -- Up-to-date: /ws/install/unitree_go/include/unitree_go/unitree_go/msg/req.h
[2.211s] -- Up-to-date: /ws/install/unitree_go/include/unitree_go/unitree_go/msg/detail
[2.211s] -- Up-to-date: /ws/install/unitree_go/include/unitree_go/unitree_go/msg/detail/uwb_switch__functions.h
[2.211s] -- Up-to-date: /ws/install/unitree_go/include/unitree_go/unitree_go/msg/detail/res__struct.h
[2.211s] -- Up-to-date: /ws/install/unitree_go/include/unitree_go/unitree_go/msg/detail/motor_cmds__type_support.h
[2.211s] -- Up-to-date: /ws/install/unitree_go/include/unitree_go/unitree_go/msg/detail/motor_state__struct.h
[2.211s] -- Up-to-date: /ws/install/unitree_go/include/unitree_go/unitree_go/msg/detail/path_point__functions.h
[2.211s] -- Up-to-date: /ws/install/unitree_go/include/unitree_go/unitree_go/msg/detail/path_point__struct.h
[2.212s] -- Up-to-date: /ws/install/unitree_go/include/unitree_go/unitree_go/msg/detail/time_spec__struct.h
[2.212s] -- Up-to-date: /ws/install/unitree_go/include/unitree_go/unitree_go/msg/detail/sport_mode_state__struct.h
[2.212s] -- Up-to-date: /ws/install/unitree_go/include/unitree_go/unitree_go/msg/detail/error__functions.c
[2.212s] -- Up-to-date: /ws/install/unitree_go/include/unitree_go/unitree_go/msg/detail/req__struct.h
[2.212s] -- Up-to-date: /ws/install/unitree_go/include/unitree_go/unitree_go/msg/detail/uwb_state__functions.h
[2.212s] -- Up-to-date: /ws/install/unitree_go/include/unitree_go/unitree_go/msg/detail/height_map__functions.c
[2.212s] -- Up-to-date: /ws/install/unitree_go/include/unitree_go/unitree_go/msg/detail/motor_states__functions.h
[2.212s] -- Up-to-date: /ws/install/unitree_go/include/unitree_go/unitree_go/msg/detail/low_state__type_support.h
[2.212s] -- Up-to-date: /ws/install/unitree_go/include/unitree_go/unitree_go/msg/detail/go2_front_video_data__struct.h
[2.212s] -- Up-to-date: /ws/install/unitree_go/include/unitree_go/unitree_go/msg/detail/sport_mode_cmd__functions.h
[2.212s] -- Up-to-date: /ws/install/unitree_go/include/unitree_go/unitree_go/msg/detail/sport_mode_cmd__functions.c
[2.212s] -- Up-to-date: /ws/install/unitree_go/include/unitree_go/unitree_go/msg/detail/low_cmd__struct.h
[2.212s] -- Up-to-date: /ws/install/unitree_go/include/unitree_go/unitree_go/msg/detail/error__struct.h
[2.212s] -- Up-to-date: /ws/install/unitree_go/include/unitree_go/unitree_go/msg/detail/time_spec__type_support.h
[2.217s] -- Up-to-date: /ws/install/unitree_go/include/unitree_go/unitree_go/msg/detail/bms_state__struct.h
[2.217s] -- Up-to-date: /ws/install/unitree_go/include/unitree_go/unitree_go/msg/detail/motor_state__functions.h
[2.217s] -- Up-to-date: /ws/install/unitree_go/include/unitree_go/unitree_go/msg/detail/motor_cmds__functions.c
[2.217s] -- Up-to-date: /ws/install/unitree_go/include/unitree_go/unitree_go/msg/detail/uwb_switch__type_support.h
[2.217s] -- Up-to-date: /ws/install/unitree_go/include/unitree_go/unitree_go/msg/detail/res__type_support.h
[2.218s] -- Up-to-date: /ws/install/unitree_go/include/unitree_go/unitree_go/msg/detail/low_state__functions.h
[2.218s] -- Up-to-date: /ws/install/unitree_go/include/unitree_go/unitree_go/msg/detail/res__functions.c
[2.218s] -- Up-to-date: /ws/install/unitree_go/include/unitree_go/unitree_go/msg/detail/bms_state__functions.h
[2.225s] -- Up-to-date: /ws/install/unitree_go/include/unitree_go/unitree_go/msg/detail/motor_cmd__functions.c
[2.225s] -- Up-to-date: /ws/install/unitree_go/include/unitree_go/unitree_go/msg/detail/low_state__struct.h
[2.225s] -- Up-to-date: /ws/install/unitree_go/include/unitree_go/unitree_go/msg/detail/low_cmd__functions.h
[2.225s] -- Up-to-date: /ws/install/unitree_go/include/unitree_go/unitree_go/msg/detail/go2_front_video_data__type_support.h
[2.225s] -- Up-to-date: /ws/install/unitree_go/include/unitree_go/unitree_go/msg/detail/audio_data__functions.c
[2.225s] -- Up-to-date: /ws/install/unitree_go/include/unitree_go/unitree_go/msg/detail/interface_config__functions.h
[2.225s] -- Up-to-date: /ws/install/unitree_go/include/unitree_go/unitree_go/msg/detail/lidar_state__struct.h
[2.225s] -- Up-to-date: /ws/install/unitree_go/include/unitree_go/unitree_go/msg/detail/error__functions.h
[2.226s] -- Up-to-date: /ws/install/unitree_go/include/unitree_go/unitree_go/msg/detail/imu_state__type_support.h
[2.226s] -- Up-to-date: /ws/install/unitree_go/include/unitree_go/unitree_go/msg/detail/bms_cmd__type_support.h
[2.226s] -- Up-to-date: /ws/install/unitree_go/include/unitree_go/unitree_go/msg/detail/low_cmd__type_support.h
[2.226s] -- Up-to-date: /ws/install/unitree_go/include/unitree_go/unitree_go/msg/detail/sport_mode_state__functions.h
[2.226s] -- Up-to-date: /ws/install/unitree_go/include/unitree_go/unitree_go/msg/detail/height_map__type_support.h
[2.226s] -- Up-to-date: /ws/install/unitree_go/include/unitree_go/unitree_go/msg/detail/req__type_support.h
[2.226s] -- Up-to-date: /ws/install/unitree_go/include/unitree_go/unitree_go/msg/detail/bms_cmd__functions.c
[2.226s] -- Up-to-date: /ws/install/unitree_go/include/unitree_go/unitree_go/msg/detail/bms_cmd__functions.h
[2.226s] -- Up-to-date: /ws/install/unitree_go/include/unitree_go/unitree_go/msg/detail/low_state__functions.c
[2.226s] -- Up-to-date: /ws/install/unitree_go/include/unitree_go/unitree_go/msg/detail/motor_cmd__struct.h
[2.226s] -- Up-to-date: /ws/install/unitree_go/include/unitree_go/unitree_go/msg/detail/imu_state__functions.h
[2.226s] -- Up-to-date: /ws/install/unitree_go/include/unitree_go/unitree_go/msg/detail/motor_states__functions.c
[2.226s] -- Up-to-date: /ws/install/unitree_go/include/unitree_go/unitree_go/msg/detail/audio_data__functions.h
[2.226s] -- Up-to-date: /ws/install/unitree_go/include/unitree_go/unitree_go/msg/detail/path_point__type_support.h
[2.235s] -- Up-to-date: /ws/install/unitree_go/include/unitree_go/unitree_go/msg/detail/bms_cmd__struct.h
[2.239s] -- Up-to-date: /ws/install/unitree_go/include/unitree_go/unitree_go/msg/detail/req__functions.c
[2.239s] -- Up-to-date: /ws/install/unitree_go/include/unitree_go/unitree_go/msg/detail/uwb_state__struct.h
[2.239s] -- Up-to-date: /ws/install/unitree_go/include/unitree_go/unitree_go/msg/detail/imu_state__functions.c
[2.240s] -- Up-to-date: /ws/install/unitree_go/include/unitree_go/unitree_go/msg/detail/wireless_controller__functions.c
[2.240s] -- Up-to-date: /ws/install/unitree_go/include/unitree_go/unitree_go/msg/detail/time_spec__functions.c
[2.240s] -- Up-to-date: /ws/install/unitree_go/include/unitree_go/unitree_go/msg/detail/interface_config__type_support.h
[2.240s] -- Up-to-date: /ws/install/unitree_go/include/unitree_go/unitree_go/msg/detail/motor_states__type_support.h
[2.240s] -- Up-to-date: /ws/install/unitree_go/include/unitree_go/unitree_go/msg/detail/wireless_controller__functions.h
[2.240s] -- Up-to-date: /ws/install/unitree_go/include/unitree_go/unitree_go/msg/detail/lidar_state__functions.h
[2.240s] -- Up-to-date: /ws/install/unitree_go/include/unitree_go/unitree_go/msg/detail/uwb_state__type_support.h
[2.240s] -- Up-to-date: /ws/install/unitree_go/include/unitree_go/unitree_go/msg/detail/bms_state__functions.c
[2.240s] -- Up-to-date: /ws/install/unitree_go/include/unitree_go/unitree_go/msg/detail/res__functions.h
[2.241s] -- Up-to-date: /ws/install/unitree_go/include/unitree_go/unitree_go/msg/detail/wireless_controller__struct.h
[2.241s] -- Up-to-date: /ws/install/unitree_go/include/unitree_go/unitree_go/msg/detail/sport_mode_state__type_support.h
[2.241s] -- Up-to-date: /ws/install/unitree_go/include/unitree_go/unitree_go/msg/detail/motor_cmds__functions.h
[2.241s] -- Up-to-date: /ws/install/unitree_go/include/unitree_go/unitree_go/msg/detail/uwb_state__functions.c
[2.241s] -- Up-to-date: /ws/install/unitree_go/include/unitree_go/unitree_go/msg/detail/audio_data__struct.h
[2.241s] -- Up-to-date: /ws/install/unitree_go/include/unitree_go/unitree_go/msg/detail/uwb_switch__struct.h
[2.241s] -- Up-to-date: /ws/install/unitree_go/include/unitree_go/unitree_go/msg/detail/motor_state__functions.c
[2.241s] -- Up-to-date: /ws/install/unitree_go/include/unitree_go/unitree_go/msg/detail/req__functions.h
[2.241s] -- Up-to-date: /ws/install/unitree_go/include/unitree_go/unitree_go/msg/detail/interface_config__struct.h
[2.241s] -- Up-to-date: /ws/install/unitree_go/include/unitree_go/unitree_go/msg/detail/interface_config__functions.c
[2.251s] -- Up-to-date: /ws/install/unitree_go/include/unitree_go/unitree_go/msg/detail/lidar_state__functions.c
[2.251s] -- Up-to-date: /ws/install/unitree_go/include/unitree_go/unitree_go/msg/detail/go2_front_video_data__functions.h
[2.251s] -- Up-to-date: /ws/install/unitree_go/include/unitree_go/unitree_go/msg/detail/error__type_support.h
[2.253s] -- Up-to-date: /ws/install/unitree_go/include/unitree_go/unitree_go/msg/detail/low_cmd__functions.c
[2.254s] -- Up-to-date: /ws/install/unitree_go/include/unitree_go/unitree_go/msg/detail/sport_mode_cmd__struct.h
[2.254s] -- Up-to-date: /ws/install/unitree_go/include/unitree_go/unitree_go/msg/detail/go2_front_video_data__functions.c
[2.265s] -- Up-to-date: /ws/install/unitree_go/include/unitree_go/unitree_go/msg/detail/audio_data__type_support.h
[2.267s] -- Up-to-date: /ws/install/unitree_go/include/unitree_go/unitree_go/msg/detail/time_spec__functions.h
[2.268s] -- Up-to-date: /ws/install/unitree_go/include/unitree_go/unitree_go/msg/detail/motor_cmd__type_support.h
[2.269s] -- Up-to-date: /ws/install/unitree_go/include/unitree_go/unitree_go/msg/detail/imu_state__struct.h
[2.269s] -- Up-to-date: /ws/install/unitree_go/include/unitree_go/unitree_go/msg/detail/uwb_switch__functions.c
[2.269s] -- Up-to-date: /ws/install/unitree_go/include/unitree_go/unitree_go/msg/detail/motor_cmd__functions.h
[2.270s] -- Up-to-date: /ws/install/unitree_go/include/unitree_go/unitree_go/msg/detail/motor_cmds__struct.h
[2.271s] -- Up-to-date: /ws/install/unitree_go/include/unitree_go/unitree_go/msg/detail/path_point__functions.c
[2.272s] -- Up-to-date: /ws/install/unitree_go/include/unitree_go/unitree_go/msg/detail/wireless_controller__type_support.h
[2.273s] -- Up-to-date: /ws/install/unitree_go/include/unitree_go/unitree_go/msg/detail/motor_state__type_support.h
[2.273s] -- Up-to-date: /ws/install/unitree_go/include/unitree_go/unitree_go/msg/detail/sport_mode_cmd__type_support.h
[2.273s] -- Up-to-date: /ws/install/unitree_go/include/unitree_go/unitree_go/msg/detail/height_map__functions.h
[2.274s] -- Up-to-date: /ws/install/unitree_go/include/unitree_go/unitree_go/msg/detail/lidar_state__type_support.h
[2.274s] -- Up-to-date: /ws/install/unitree_go/include/unitree_go/unitree_go/msg/detail/bms_state__type_support.h
[2.274s] -- Up-to-date: /ws/install/unitree_go/include/unitree_go/unitree_go/msg/detail/sport_mode_state__functions.c
[2.274s] -- Up-to-date: /ws/install/unitree_go/include/unitree_go/unitree_go/msg/detail/height_map__struct.h
[2.275s] -- Up-to-date: /ws/install/unitree_go/include/unitree_go/unitree_go/msg/detail/motor_states__struct.h
[2.276s] -- Up-to-date: /ws/install/unitree_go/share/unitree_go/environment/library_path.sh
[2.276s] -- Up-to-date: /ws/install/unitree_go/share/unitree_go/environment/library_path.dsv
[2.277s] -- Up-to-date: /ws/install/unitree_go/lib/libunitree_go__rosidl_generator_c.so
[2.278s] -- Up-to-date: /ws/install/unitree_go/include/unitree_go/unitree_go
[2.279s] -- Up-to-date: /ws/install/unitree_go/include/unitree_go/unitree_go/msg
[2.279s] -- Up-to-date: /ws/install/unitree_go/include/unitree_go/unitree_go/msg/rosidl_typesupport_fastrtps_c__visibility_control.h
[2.280s] -- Up-to-date: /ws/install/unitree_go/include/unitree_go/unitree_go/msg/detail
[2.280s] -- Up-to-date: /ws/install/unitree_go/include/unitree_go/unitree_go/msg/detail/motor_state__rosidl_typesupport_fastrtps_c.h
[2.280s] -- Up-to-date: /ws/install/unitree_go/include/unitree_go/unitree_go/msg/detail/low_state__rosidl_typesupport_fastrtps_c.h
[2.280s] -- Up-to-date: /ws/install/unitree_go/include/unitree_go/unitree_go/msg/detail/audio_data__rosidl_typesupport_fastrtps_c.h
[2.280s] -- Up-to-date: /ws/install/unitree_go/include/unitree_go/unitree_go/msg/detail/bms_cmd__rosidl_typesupport_fastrtps_c.h
[2.280s] -- Up-to-date: /ws/install/unitree_go/include/unitree_go/unitree_go/msg/detail/sport_mode_cmd__rosidl_typesupport_fastrtps_c.h
[2.280s] -- Up-to-date: /ws/install/unitree_go/include/unitree_go/unitree_go/msg/detail/res__rosidl_typesupport_fastrtps_c.h
[2.281s] -- Up-to-date: /ws/install/unitree_go/include/unitree_go/unitree_go/msg/detail/wireless_controller__rosidl_typesupport_fastrtps_c.h
[2.281s] -- Up-to-date: /ws/install/unitree_go/include/unitree_go/unitree_go/msg/detail/height_map__rosidl_typesupport_fastrtps_c.h
[2.281s] -- Up-to-date: /ws/install/unitree_go/include/unitree_go/unitree_go/msg/detail/motor_cmd__rosidl_typesupport_fastrtps_c.h
[2.281s] -- Up-to-date: /ws/install/unitree_go/include/unitree_go/unitree_go/msg/detail/time_spec__rosidl_typesupport_fastrtps_c.h
[2.281s] -- Up-to-date: /ws/install/unitree_go/include/unitree_go/unitree_go/msg/detail/req__rosidl_typesupport_fastrtps_c.h
[2.281s] -- Up-to-date: /ws/install/unitree_go/include/unitree_go/unitree_go/msg/detail/uwb_switch__rosidl_typesupport_fastrtps_c.h
[2.281s] -- Up-to-date: /ws/install/unitree_go/include/unitree_go/unitree_go/msg/detail/low_cmd__rosidl_typesupport_fastrtps_c.h
[2.281s] -- Up-to-date: /ws/install/unitree_go/include/unitree_go/unitree_go/msg/detail/path_point__rosidl_typesupport_fastrtps_c.h
[2.281s] -- Up-to-date: /ws/install/unitree_go/include/unitree_go/unitree_go/msg/detail/motor_cmds__rosidl_typesupport_fastrtps_c.h
[2.281s] -- Up-to-date: /ws/install/unitree_go/include/unitree_go/unitree_go/msg/detail/bms_state__rosidl_typesupport_fastrtps_c.h
[2.281s] -- Up-to-date: /ws/install/unitree_go/include/unitree_go/unitree_go/msg/detail/imu_state__rosidl_typesupport_fastrtps_c.h
[2.281s] -- Up-to-date: /ws/install/unitree_go/include/unitree_go/unitree_go/msg/detail/error__rosidl_typesupport_fastrtps_c.h
[2.282s] -- Up-to-date: /ws/install/unitree_go/include/unitree_go/unitree_go/msg/detail/lidar_state__rosidl_typesupport_fastrtps_c.h
[2.282s] -- Up-to-date: /ws/install/unitree_go/include/unitree_go/unitree_go/msg/detail/sport_mode_state__rosidl_typesupport_fastrtps_c.h
[2.282s] -- Up-to-date: /ws/install/unitree_go/include/unitree_go/unitree_go/msg/detail/motor_states__rosidl_typesupport_fastrtps_c.h
[2.282s] -- Up-to-date: /ws/install/unitree_go/include/unitree_go/unitree_go/msg/detail/interface_config__rosidl_typesupport_fastrtps_c.h
[2.282s] -- Up-to-date: /ws/install/unitree_go/include/unitree_go/unitree_go/msg/detail/uwb_state__rosidl_typesupport_fastrtps_c.h
[2.282s] -- Up-to-date: /ws/install/unitree_go/include/unitree_go/unitree_go/msg/detail/go2_front_video_data__rosidl_typesupport_fastrtps_c.h
[2.282s] -- Up-to-date: /ws/install/unitree_go/lib/libunitree_go__rosidl_typesupport_fastrtps_c.so
[2.283s] -- Up-to-date: /ws/install/unitree_go/include/unitree_go/unitree_go
[2.283s] -- Up-to-date: /ws/install/unitree_go/include/unitree_go/unitree_go/msg
[2.283s] -- Up-to-date: /ws/install/unitree_go/include/unitree_go/unitree_go/msg/rosidl_generator_cpp__visibility_control.hpp
[2.284s] -- Up-to-date: /ws/install/unitree_go/include/unitree_go/unitree_go/msg/imu_state.hpp
[2.284s] -- Up-to-date: /ws/install/unitree_go/include/unitree_go/unitree_go/msg/motor_cmd.hpp
[2.284s] -- Up-to-date: /ws/install/unitree_go/include/unitree_go/unitree_go/msg/motor_cmds.hpp
[2.284s] -- Up-to-date: /ws/install/unitree_go/include/unitree_go/unitree_go/msg/uwb_state.hpp
[2.284s] -- Up-to-date: /ws/install/unitree_go/include/unitree_go/unitree_go/msg/audio_data.hpp
[2.284s] -- Up-to-date: /ws/install/unitree_go/include/unitree_go/unitree_go/msg/sport_mode_cmd.hpp
[2.284s] -- Up-to-date: /ws/install/unitree_go/include/unitree_go/unitree_go/msg/time_spec.hpp
[2.285s] -- Up-to-date: /ws/install/unitree_go/include/unitree_go/unitree_go/msg/motor_state.hpp
[2.285s] -- Up-to-date: /ws/install/unitree_go/include/unitree_go/unitree_go/msg/bms_cmd.hpp
[2.285s] -- Up-to-date: /ws/install/unitree_go/include/unitree_go/unitree_go/msg/req.hpp
[2.285s] -- Up-to-date: /ws/install/unitree_go/include/unitree_go/unitree_go/msg/uwb_switch.hpp
[2.285s] -- Up-to-date: /ws/install/unitree_go/include/unitree_go/unitree_go/msg/interface_config.hpp
[2.285s] -- Up-to-date: /ws/install/unitree_go/include/unitree_go/unitree_go/msg/sport_mode_state.hpp
[2.285s] -- Up-to-date: /ws/install/unitree_go/include/unitree_go/unitree_go/msg/go2_front_video_data.hpp
[2.285s] -- Up-to-date: /ws/install/unitree_go/include/unitree_go/unitree_go/msg/low_cmd.hpp
[2.287s] -- Up-to-date: /ws/install/unitree_go/include/unitree_go/unitree_go/msg/res.hpp
[2.287s] -- Up-to-date: /ws/install/unitree_go/include/unitree_go/unitree_go/msg/low_state.hpp
[2.287s] -- Up-to-date: /ws/install/unitree_go/include/unitree_go/unitree_go/msg/error.hpp
[2.287s] -- Up-to-date: /ws/install/unitree_go/include/unitree_go/unitree_go/msg/wireless_controller.hpp
[2.288s] -- Up-to-date: /ws/install/unitree_go/include/unitree_go/unitree_go/msg/lidar_state.hpp
[2.288s] -- Up-to-date: /ws/install/unitree_go/include/unitree_go/unitree_go/msg/path_point.hpp
[2.288s] -- Up-to-date: /ws/install/unitree_go/include/unitree_go/unitree_go/msg/bms_state.hpp
[2.289s] -- Up-to-date: /ws/install/unitree_go/include/unitree_go/unitree_go/msg/height_map.hpp
[2.289s] -- Up-to-date: /ws/install/unitree_go/include/unitree_go/unitree_go/msg/detail
[2.290s] -- Up-to-date: /ws/install/unitree_go/include/unitree_go/unitree_go/msg/detail/imu_state__type_support.hpp
[2.290s] -- Up-to-date: /ws/install/unitree_go/include/unitree_go/unitree_go/msg/detail/bms_state__traits.hpp
[2.290s] -- Up-to-date: /ws/install/unitree_go/include/unitree_go/unitree_go/msg/detail/sport_mode_state__traits.hpp
[2.290s] -- Up-to-date: /ws/install/unitree_go/include/unitree_go/unitree_go/msg/detail/uwb_switch__struct.hpp
[2.291s] -- Up-to-date: /ws/install/unitree_go/include/unitree_go/unitree_go/msg/detail/motor_states__traits.hpp
[2.291s] -- Up-to-date: /ws/install/unitree_go/include/unitree_go/unitree_go/msg/detail/lidar_state__traits.hpp
[2.291s] -- Up-to-date: /ws/install/unitree_go/include/unitree_go/unitree_go/msg/detail/go2_front_video_data__traits.hpp
[2.291s] -- Up-to-date: /ws/install/unitree_go/include/unitree_go/unitree_go/msg/detail/bms_cmd__struct.hpp
[2.291s] -- Up-to-date: /ws/install/unitree_go/include/unitree_go/unitree_go/msg/detail/height_map__type_support.hpp
[2.291s] -- Up-to-date: /ws/install/unitree_go/include/unitree_go/unitree_go/msg/detail/sport_mode_cmd__builder.hpp
[2.291s] -- Up-to-date: /ws/install/unitree_go/include/unitree_go/unitree_go/msg/detail/req__traits.hpp
[2.291s] -- Up-to-date: /ws/install/unitree_go/include/unitree_go/unitree_go/msg/detail/uwb_switch__builder.hpp
[2.292s] -- Up-to-date: /ws/install/unitree_go/include/unitree_go/unitree_go/msg/detail/sport_mode_cmd__traits.hpp
[2.292s] -- Up-to-date: /ws/install/unitree_go/include/unitree_go/unitree_go/msg/detail/lidar_state__struct.hpp
[2.292s] -- Up-to-date: /ws/install/unitree_go/include/unitree_go/unitree_go/msg/detail/motor_state__traits.hpp
[2.292s] -- Up-to-date: /ws/install/unitree_go/include/unitree_go/unitree_go/msg/detail/req__builder.hpp
[2.292s] -- Up-to-date: /ws/install/unitree_go/include/unitree_go/unitree_go/msg/detail/bms_cmd__traits.hpp
[2.292s] -- Up-to-date: /ws/install/unitree_go/include/unitree_go/unitree_go/msg/detail/imu_state__builder.hpp
[2.292s] -- Up-to-date: /ws/install/unitree_go/include/unitree_go/unitree_go/msg/detail/path_point__traits.hpp
[2.292s] -- Up-to-date: /ws/install/unitree_go/include/unitree_go/unitree_go/msg/detail/res__builder.hpp
[2.293s] -- Up-to-date: /ws/install/unitree_go/include/unitree_go/unitree_go/msg/detail/bms_state__type_support.hpp
[2.293s] -- Up-to-date: /ws/install/unitree_go/include/unitree_go/unitree_go/msg/detail/uwb_switch__type_support.hpp
[2.293s] -- Up-to-date: /ws/install/unitree_go/include/unitree_go/unitree_go/msg/detail/height_map__struct.hpp
[2.293s] -- Up-to-date: /ws/install/unitree_go/include/unitree_go/unitree_go/msg/detail/bms_state__builder.hpp
[2.293s] -- Up-to-date: /ws/install/unitree_go/include/unitree_go/unitree_go/msg/detail/motor_states__type_support.hpp
[2.293s] -- Up-to-date: /ws/install/unitree_go/include/unitree_go/unitree_go/msg/detail/sport_mode_state__type_support.hpp
[2.293s] -- Up-to-date: /ws/install/unitree_go/include/unitree_go/unitree_go/msg/detail/imu_state__traits.hpp
[2.293s] -- Up-to-date: /ws/install/unitree_go/include/unitree_go/unitree_go/msg/detail/path_point__struct.hpp
[2.293s] -- Up-to-date: /ws/install/unitree_go/include/unitree_go/unitree_go/msg/detail/sport_mode_state__struct.hpp
[2.293s] -- Up-to-date: /ws/install/unitree_go/include/unitree_go/unitree_go/msg/detail/audio_data__type_support.hpp
[2.293s] -- Up-to-date: /ws/install/unitree_go/include/unitree_go/unitree_go/msg/detail/bms_cmd__type_support.hpp
[2.295s] -- Up-to-date: /ws/install/unitree_go/include/unitree_go/unitree_go/msg/detail/go2_front_video_data__type_support.hpp
[2.295s] -- Up-to-date: /ws/install/unitree_go/include/unitree_go/unitree_go/msg/detail/res__struct.hpp
[2.295s] -- Up-to-date: /ws/install/unitree_go/include/unitree_go/unitree_go/msg/detail/lidar_state__type_support.hpp
[2.295s] -- Up-to-date: /ws/install/unitree_go/include/unitree_go/unitree_go/msg/detail/interface_config__struct.hpp
[2.296s] -- Up-to-date: /ws/install/unitree_go/include/unitree_go/unitree_go/msg/detail/error__builder.hpp
[2.300s] -- Up-to-date: /ws/install/unitree_go/include/unitree_go/unitree_go/msg/detail/motor_cmds__type_support.hpp
[2.300s] -- Up-to-date: /ws/install/unitree_go/include/unitree_go/unitree_go/msg/detail/bms_cmd__builder.hpp
[2.300s] -- Up-to-date: /ws/install/unitree_go/include/unitree_go/unitree_go/msg/detail/time_spec__traits.hpp
[2.300s] -- Up-to-date: /ws/install/unitree_go/include/unitree_go/unitree_go/msg/detail/time_spec__builder.hpp
[2.300s] -- Up-to-date: /ws/install/unitree_go/include/unitree_go/unitree_go/msg/detail/low_cmd__builder.hpp
[2.300s] -- Up-to-date: /ws/install/unitree_go/include/unitree_go/unitree_go/msg/detail/wireless_controller__builder.hpp
[2.300s] -- Up-to-date: /ws/install/unitree_go/include/unitree_go/unitree_go/msg/detail/motor_cmds__builder.hpp
[2.301s] -- Up-to-date: /ws/install/unitree_go/include/unitree_go/unitree_go/msg/detail/bms_state__struct.hpp
[2.301s] -- Up-to-date: /ws/install/unitree_go/include/unitree_go/unitree_go/msg/detail/motor_states__builder.hpp
[2.301s] -- Up-to-date: /ws/install/unitree_go/include/unitree_go/unitree_go/msg/detail/low_state__builder.hpp
[2.301s] -- Up-to-date: /ws/install/unitree_go/include/unitree_go/unitree_go/msg/detail/time_spec__type_support.hpp
[2.301s] -- Up-to-date: /ws/install/unitree_go/include/unitree_go/unitree_go/msg/detail/req__struct.hpp
[2.301s] -- Up-to-date: /ws/install/unitree_go/include/unitree_go/unitree_go/msg/detail/wireless_controller__type_support.hpp
[2.301s] -- Up-to-date: /ws/install/unitree_go/include/unitree_go/unitree_go/msg/detail/lidar_state__builder.hpp
[2.301s] -- Up-to-date: /ws/install/unitree_go/include/unitree_go/unitree_go/msg/detail/motor_cmd__traits.hpp
[2.301s] -- Up-to-date: /ws/install/unitree_go/include/unitree_go/unitree_go/msg/detail/path_point__builder.hpp
[2.301s] -- Up-to-date: /ws/install/unitree_go/include/unitree_go/unitree_go/msg/detail/error__traits.hpp
[2.302s] -- Up-to-date: /ws/install/unitree_go/include/unitree_go/unitree_go/msg/detail/audio_data__traits.hpp
[2.303s] -- Up-to-date: /ws/install/unitree_go/include/unitree_go/unitree_go/msg/detail/imu_state__struct.hpp
[2.303s] -- Up-to-date: /ws/install/unitree_go/include/unitree_go/unitree_go/msg/detail/sport_mode_cmd__type_support.hpp
[2.303s] -- Up-to-date: /ws/install/unitree_go/include/unitree_go/unitree_go/msg/detail/motor_state__struct.hpp
[2.303s] -- Up-to-date: /ws/install/unitree_go/include/unitree_go/unitree_go/msg/detail/error__struct.hpp
[2.303s] -- Up-to-date: /ws/install/unitree_go/include/unitree_go/unitree_go/msg/detail/motor_state__builder.hpp
[2.303s] -- Up-to-date: /ws/install/unitree_go/include/unitree_go/unitree_go/msg/detail/low_cmd__type_support.hpp
[2.303s] -- Up-to-date: /ws/install/unitree_go/include/unitree_go/unitree_go/msg/detail/go2_front_video_data__builder.hpp
[2.303s] -- Up-to-date: /ws/install/unitree_go/include/unitree_go/unitree_go/msg/detail/low_cmd__struct.hpp
[2.303s] -- Up-to-date: /ws/install/unitree_go/include/unitree_go/unitree_go/msg/detail/error__type_support.hpp
[2.303s] -- Up-to-date: /ws/install/unitree_go/include/unitree_go/unitree_go/msg/detail/uwb_state__struct.hpp
[2.305s] -- Up-to-date: /ws/install/unitree_go/include/unitree_go/unitree_go/msg/detail/uwb_state__builder.hpp
[2.306s] -- Up-to-date: /ws/install/unitree_go/include/unitree_go/unitree_go/msg/detail/low_cmd__traits.hpp
[2.306s] -- Up-to-date: /ws/install/unitree_go/include/unitree_go/unitree_go/msg/detail/low_state__struct.hpp
[2.307s] -- Up-to-date: /ws/install/unitree_go/include/unitree_go/unitree_go/msg/detail/go2_front_video_data__struct.hpp
[2.309s] -- Up-to-date: /ws/install/unitree_go/include/unitree_go/unitree_go/msg/detail/sport_mode_cmd__struct.hpp
[2.311s] -- Up-to-date: /ws/install/unitree_go/include/unitree_go/unitree_go/msg/detail/motor_cmd__builder.hpp
[2.311s] -- Up-to-date: /ws/install/unitree_go/include/unitree_go/unitree_go/msg/detail/interface_config__type_support.hpp
[2.312s] -- Up-to-date: /ws/install/unitree_go/include/unitree_go/unitree_go/msg/detail/motor_cmds__struct.hpp
[2.312s] -- Up-to-date: /ws/install/unitree_go/include/unitree_go/unitree_go/msg/detail/height_map__builder.hpp
[2.312s] -- Up-to-date: /ws/install/unitree_go/include/unitree_go/unitree_go/msg/detail/sport_mode_state__builder.hpp
[2.312s] -- Up-to-date: /ws/install/unitree_go/include/unitree_go/unitree_go/msg/detail/time_spec__struct.hpp
[2.312s] -- Up-to-date: /ws/install/unitree_go/include/unitree_go/unitree_go/msg/detail/motor_cmd__struct.hpp
[2.312s] -- Up-to-date: /ws/install/unitree_go/include/unitree_go/unitree_go/msg/detail/low_state__type_support.hpp
[2.312s] -- Up-to-date: /ws/install/unitree_go/include/unitree_go/unitree_go/msg/detail/interface_config__builder.hpp
[2.312s] -- Up-to-date: /ws/install/unitree_go/include/unitree_go/unitree_go/msg/detail/motor_states__struct.hpp
[2.312s] -- Up-to-date: /ws/install/unitree_go/include/unitree_go/unitree_go/msg/detail/height_map__traits.hpp
[2.312s] -- Up-to-date: /ws/install/unitree_go/include/unitree_go/unitree_go/msg/detail/motor_cmds__traits.hpp
[2.312s] -- Up-to-date: /ws/install/unitree_go/include/unitree_go/unitree_go/msg/detail/motor_state__type_support.hpp
[2.313s] -- Up-to-date: /ws/install/unitree_go/include/unitree_go/unitree_go/msg/detail/req__type_support.hpp
[2.313s] -- Up-to-date: /ws/install/unitree_go/include/unitree_go/unitree_go/msg/detail/wireless_controller__struct.hpp
[2.313s] -- Up-to-date: /ws/install/unitree_go/include/unitree_go/unitree_go/msg/detail/low_state__traits.hpp
[2.313s] -- Up-to-date: /ws/install/unitree_go/include/unitree_go/unitree_go/msg/detail/uwb_switch__traits.hpp
[2.313s] -- Up-to-date: /ws/install/unitree_go/include/unitree_go/unitree_go/msg/detail/uwb_state__traits.hpp
[2.313s] -- Up-to-date: /ws/install/unitree_go/include/unitree_go/unitree_go/msg/detail/motor_cmd__type_support.hpp
[2.313s] -- Up-to-date: /ws/install/unitree_go/include/unitree_go/unitree_go/msg/detail/res__traits.hpp
[2.313s] -- Up-to-date: /ws/install/unitree_go/include/unitree_go/unitree_go/msg/detail/wireless_controller__traits.hpp
[2.313s] -- Up-to-date: /ws/install/unitree_go/include/unitree_go/unitree_go/msg/detail/audio_data__builder.hpp
[2.313s] -- Up-to-date: /ws/install/unitree_go/include/unitree_go/unitree_go/msg/detail/interface_config__traits.hpp
[2.313s] -- Up-to-date: /ws/install/unitree_go/include/unitree_go/unitree_go/msg/detail/audio_data__struct.hpp
[2.319s] -- Up-to-date: /ws/install/unitree_go/include/unitree_go/unitree_go/msg/detail/uwb_state__type_support.hpp
[2.319s] -- Up-to-date: /ws/install/unitree_go/include/unitree_go/unitree_go/msg/detail/res__type_support.hpp
[2.319s] -- Up-to-date: /ws/install/unitree_go/include/unitree_go/unitree_go/msg/detail/path_point__type_support.hpp
[2.319s] -- Up-to-date: /ws/install/unitree_go/include/unitree_go/unitree_go/msg/motor_states.hpp
[2.319s] -- Up-to-date: /ws/install/unitree_go/include/unitree_go/unitree_go
[2.319s] -- Up-to-date: /ws/install/unitree_go/include/unitree_go/unitree_go/msg
[2.319s] -- Up-to-date: /ws/install/unitree_go/include/unitree_go/unitree_go/msg/rosidl_typesupport_fastrtps_cpp__visibility_control.h
[2.320s] -- Up-to-date: /ws/install/unitree_go/include/unitree_go/unitree_go/msg/detail
[2.320s] -- Up-to-date: /ws/install/unitree_go/include/unitree_go/unitree_go/msg/detail/wireless_controller__rosidl_typesupport_fastrtps_cpp.hpp
[2.320s] -- Up-to-date: /ws/install/unitree_go/include/unitree_go/unitree_go/msg/detail/interface_config__rosidl_typesupport_fastrtps_cpp.hpp
[2.320s] -- Up-to-date: /ws/install/unitree_go/include/unitree_go/unitree_go/msg/detail/uwb_state__rosidl_typesupport_fastrtps_cpp.hpp
[2.320s] -- Up-to-date: /ws/install/unitree_go/include/unitree_go/unitree_go/msg/detail/sport_mode_state__rosidl_typesupport_fastrtps_cpp.hpp
[2.320s] -- Up-to-date: /ws/install/unitree_go/include/unitree_go/unitree_go/msg/detail/bms_state__rosidl_typesupport_fastrtps_cpp.hpp
[2.320s] -- Up-to-date: /ws/install/unitree_go/include/unitree_go/unitree_go/msg/detail/low_state__rosidl_typesupport_fastrtps_cpp.hpp
[2.321s] -- Up-to-date: /ws/install/unitree_go/include/unitree_go/unitree_go/msg/detail/motor_cmd__rosidl_typesupport_fastrtps_cpp.hpp
[2.321s] -- Up-to-date: /ws/install/unitree_go/include/unitree_go/unitree_go/msg/detail/lidar_state__rosidl_typesupport_fastrtps_cpp.hpp
[2.321s] -- Up-to-date: /ws/install/unitree_go/include/unitree_go/unitree_go/msg/detail/motor_states__rosidl_typesupport_fastrtps_cpp.hpp
[2.321s] -- Up-to-date: /ws/install/unitree_go/include/unitree_go/unitree_go/msg/detail/motor_cmds__rosidl_typesupport_fastrtps_cpp.hpp
[2.321s] -- Up-to-date: /ws/install/unitree_go/include/unitree_go/unitree_go/msg/detail/sport_mode_cmd__rosidl_typesupport_fastrtps_cpp.hpp
[2.321s] -- Up-to-date: /ws/install/unitree_go/include/unitree_go/unitree_go/msg/detail/time_spec__rosidl_typesupport_fastrtps_cpp.hpp
[2.321s] -- Up-to-date: /ws/install/unitree_go/include/unitree_go/unitree_go/msg/detail/motor_state__rosidl_typesupport_fastrtps_cpp.hpp
[2.323s] -- Up-to-date: /ws/install/unitree_go/include/unitree_go/unitree_go/msg/detail/path_point__rosidl_typesupport_fastrtps_cpp.hpp
[2.323s] -- Up-to-date: /ws/install/unitree_go/include/unitree_go/unitree_go/msg/detail/req__rosidl_typesupport_fastrtps_cpp.hpp
[2.323s] -- Up-to-date: /ws/install/unitree_go/include/unitree_go/unitree_go/msg/detail/dds_fastrtps
[2.323s] -- Up-to-date: /ws/install/unitree_go/include/unitree_go/unitree_go/msg/detail/res__rosidl_typesupport_fastrtps_cpp.hpp
[2.323s] -- Up-to-date: /ws/install/unitree_go/include/unitree_go/unitree_go/msg/detail/imu_state__rosidl_typesupport_fastrtps_cpp.hpp
[2.323s] -- Up-to-date: /ws/install/unitree_go/include/unitree_go/unitree_go/msg/detail/bms_cmd__rosidl_typesupport_fastrtps_cpp.hpp
[2.323s] -- Up-to-date: /ws/install/unitree_go/include/unitree_go/unitree_go/msg/detail/uwb_switch__rosidl_typesupport_fastrtps_cpp.hpp
[2.330s] -- Up-to-date: /ws/install/unitree_go/include/unitree_go/unitree_go/msg/detail/height_map__rosidl_typesupport_fastrtps_cpp.hpp
[2.331s] -- Up-to-date: /ws/install/unitree_go/include/unitree_go/unitree_go/msg/detail/error__rosidl_typesupport_fastrtps_cpp.hpp
[2.331s] -- Up-to-date: /ws/install/unitree_go/include/unitree_go/unitree_go/msg/detail/low_cmd__rosidl_typesupport_fastrtps_cpp.hpp
[2.345s] -- Up-to-date: /ws/install/unitree_go/include/unitree_go/unitree_go/msg/detail/go2_front_video_data__rosidl_typesupport_fastrtps_cpp.hpp
[2.351s] -- Up-to-date: /ws/install/unitree_go/include/unitree_go/unitree_go/msg/detail/audio_data__rosidl_typesupport_fastrtps_cpp.hpp
[2.352s] -- Up-to-date: /ws/install/unitree_go/lib/libunitree_go__rosidl_typesupport_fastrtps_cpp.so
[2.361s] -- Up-to-date: /ws/install/unitree_go/include/unitree_go/unitree_go
[2.362s] -- Up-to-date: /ws/install/unitree_go/include/unitree_go/unitree_go/msg
[2.362s] -- Up-to-date: /ws/install/unitree_go/include/unitree_go/unitree_go/msg/rosidl_typesupport_introspection_c__visibility_control.h
[2.362s] -- Up-to-date: /ws/install/unitree_go/include/unitree_go/unitree_go/msg/detail
[2.362s] -- Up-to-date: /ws/install/unitree_go/include/unitree_go/unitree_go/msg/detail/uwb_state__rosidl_typesupport_introspection_c.h
[2.362s] -- Up-to-date: /ws/install/unitree_go/include/unitree_go/unitree_go/msg/detail/motor_states__type_support.c
[2.363s] -- Up-to-date: /ws/install/unitree_go/include/unitree_go/unitree_go/msg/detail/time_spec__type_support.c
[2.363s] -- Up-to-date: /ws/install/unitree_go/include/unitree_go/unitree_go/msg/detail/audio_data__type_support.c
[2.363s] -- Up-to-date: /ws/install/unitree_go/include/unitree_go/unitree_go/msg/detail/path_point__type_support.c
[2.363s] -- Up-to-date: /ws/install/unitree_go/include/unitree_go/unitree_go/msg/detail/bms_cmd__rosidl_typesupport_introspection_c.h
[2.363s] -- Up-to-date: /ws/install/unitree_go/include/unitree_go/unitree_go/msg/detail/height_map__rosidl_typesupport_introspection_c.h
[2.363s] -- Up-to-date: /ws/install/unitree_go/include/unitree_go/unitree_go/msg/detail/sport_mode_state__type_support.c
[2.363s] -- Up-to-date: /ws/install/unitree_go/include/unitree_go/unitree_go/msg/detail/motor_states__rosidl_typesupport_introspection_c.h
[2.363s] -- Up-to-date: /ws/install/unitree_go/include/unitree_go/unitree_go/msg/detail/motor_cmds__type_support.c
[2.363s] -- Up-to-date: /ws/install/unitree_go/include/unitree_go/unitree_go/msg/detail/imu_state__type_support.c
[2.363s] -- Up-to-date: /ws/install/unitree_go/include/unitree_go/unitree_go/msg/detail/motor_cmds__rosidl_typesupport_introspection_c.h
[2.364s] -- Up-to-date: /ws/install/unitree_go/include/unitree_go/unitree_go/msg/detail/wireless_controller__rosidl_typesupport_introspection_c.h
[2.364s] -- Up-to-date: /ws/install/unitree_go/include/unitree_go/unitree_go/msg/detail/imu_state__rosidl_typesupport_introspection_c.h
[2.364s] -- Up-to-date: /ws/install/unitree_go/include/unitree_go/unitree_go/msg/detail/height_map__type_support.c
[2.364s] -- Up-to-date: /ws/install/unitree_go/include/unitree_go/unitree_go/msg/detail/wireless_controller__type_support.c
[2.364s] -- Up-to-date: /ws/install/unitree_go/include/unitree_go/unitree_go/msg/detail/res__rosidl_typesupport_introspection_c.h
[2.364s] -- Up-to-date: /ws/install/unitree_go/include/unitree_go/unitree_go/msg/detail/uwb_switch__type_support.c
[2.364s] -- Up-to-date: /ws/install/unitree_go/include/unitree_go/unitree_go/msg/detail/time_spec__rosidl_typesupport_introspection_c.h
[2.364s] -- Up-to-date: /ws/install/unitree_go/include/unitree_go/unitree_go/msg/detail/go2_front_video_data__rosidl_typesupport_introspection_c.h
[2.364s] -- Up-to-date: /ws/install/unitree_go/include/unitree_go/unitree_go/msg/detail/lidar_state__rosidl_typesupport_introspection_c.h
[2.365s] -- Up-to-date: /ws/install/unitree_go/include/unitree_go/unitree_go/msg/detail/error__rosidl_typesupport_introspection_c.h
[2.365s] -- Up-to-date: /ws/install/unitree_go/include/unitree_go/unitree_go/msg/detail/lidar_state__type_support.c
[2.365s] -- Up-to-date: /ws/install/unitree_go/include/unitree_go/unitree_go/msg/detail/interface_config__rosidl_typesupport_introspection_c.h
[2.365s] -- Up-to-date: /ws/install/unitree_go/include/unitree_go/unitree_go/msg/detail/low_cmd__rosidl_typesupport_introspection_c.h
[2.365s] -- Up-to-date: /ws/install/unitree_go/include/unitree_go/unitree_go/msg/detail/req__rosidl_typesupport_introspection_c.h
[2.365s] -- Up-to-date: /ws/install/unitree_go/include/unitree_go/unitree_go/msg/detail/low_state__type_support.c
[2.365s] -- Up-to-date: /ws/install/unitree_go/include/unitree_go/unitree_go/msg/detail/sport_mode_cmd__type_support.c
[2.365s] -- Up-to-date: /ws/install/unitree_go/include/unitree_go/unitree_go/msg/detail/bms_state__rosidl_typesupport_introspection_c.h
[2.365s] -- Up-to-date: /ws/install/unitree_go/include/unitree_go/unitree_go/msg/detail/motor_cmd__type_support.c
[2.377s] -- Up-to-date: /ws/install/unitree_go/include/unitree_go/unitree_go/msg/detail/sport_mode_state__rosidl_typesupport_introspection_c.h
[2.378s] -- Up-to-date: /ws/install/unitree_go/include/unitree_go/unitree_go/msg/detail/path_point__rosidl_typesupport_introspection_c.h
[2.378s] -- Up-to-date: /ws/install/unitree_go/include/unitree_go/unitree_go/msg/detail/low_cmd__type_support.c
[2.378s] -- Up-to-date: /ws/install/unitree_go/include/unitree_go/unitree_go/msg/detail/res__type_support.c
[2.378s] -- Up-to-date: /ws/install/unitree_go/include/unitree_go/unitree_go/msg/detail/bms_state__type_support.c
[2.378s] -- Up-to-date: /ws/install/unitree_go/include/unitree_go/unitree_go/msg/detail/motor_state__type_support.c
[2.379s] -- Up-to-date: /ws/install/unitree_go/include/unitree_go/unitree_go/msg/detail/audio_data__rosidl_typesupport_introspection_c.h
[2.379s] -- Up-to-date: /ws/install/unitree_go/include/unitree_go/unitree_go/msg/detail/bms_cmd__type_support.c
[2.379s] -- Up-to-date: /ws/install/unitree_go/include/unitree_go/unitree_go/msg/detail/motor_state__rosidl_typesupport_introspection_c.h
[2.379s] -- Up-to-date: /ws/install/unitree_go/include/unitree_go/unitree_go/msg/detail/motor_cmd__rosidl_typesupport_introspection_c.h
[2.379s] -- Up-to-date: /ws/install/unitree_go/include/unitree_go/unitree_go/msg/detail/interface_config__type_support.c
[2.379s] -- Up-to-date: /ws/install/unitree_go/include/unitree_go/unitree_go/msg/detail/uwb_switch__rosidl_typesupport_introspection_c.h
[2.379s] -- Up-to-date: /ws/install/unitree_go/include/unitree_go/unitree_go/msg/detail/low_state__rosidl_typesupport_introspection_c.h
[2.379s] -- Up-to-date: /ws/install/unitree_go/include/unitree_go/unitree_go/msg/detail/uwb_state__type_support.c
[2.379s] -- Up-to-date: /ws/install/unitree_go/include/unitree_go/unitree_go/msg/detail/error__type_support.c
[2.379s] -- Up-to-date: /ws/install/unitree_go/include/unitree_go/unitree_go/msg/detail/sport_mode_cmd__rosidl_typesupport_introspection_c.h
[2.379s] -- Up-to-date: /ws/install/unitree_go/include/unitree_go/unitree_go/msg/detail/go2_front_video_data__type_support.c
[2.379s] -- Up-to-date: /ws/install/unitree_go/include/unitree_go/unitree_go/msg/detail/req__type_support.c
[2.380s] -- Up-to-date: /ws/install/unitree_go/lib/libunitree_go__rosidl_typesupport_introspection_c.so
[2.380s] -- Up-to-date: /ws/install/unitree_go/lib/libunitree_go__rosidl_typesupport_c.so
[2.380s] -- Up-to-date: /ws/install/unitree_go/include/unitree_go/unitree_go
[2.380s] -- Up-to-date: /ws/install/unitree_go/include/unitree_go/unitree_go/msg
[2.380s] -- Up-to-date: /ws/install/unitree_go/include/unitree_go/unitree_go/msg/detail
[2.380s] -- Up-to-date: /ws/install/unitree_go/include/unitree_go/unitree_go/msg/detail/low_state__type_support.cpp
[2.380s] -- Up-to-date: /ws/install/unitree_go/include/unitree_go/unitree_go/msg/detail/audio_data__rosidl_typesupport_introspection_cpp.hpp
[2.380s] -- Up-to-date: /ws/install/unitree_go/include/unitree_go/unitree_go/msg/detail/error__type_support.cpp
[2.381s] -- Up-to-date: /ws/install/unitree_go/include/unitree_go/unitree_go/msg/detail/motor_cmds__rosidl_typesupport_introspection_cpp.hpp
[2.381s] -- Up-to-date: /ws/install/unitree_go/include/unitree_go/unitree_go/msg/detail/lidar_state__type_support.cpp
[2.381s] -- Up-to-date: /ws/install/unitree_go/include/unitree_go/unitree_go/msg/detail/interface_config__type_support.cpp
[2.381s] -- Up-to-date: /ws/install/unitree_go/include/unitree_go/unitree_go/msg/detail/uwb_state__type_support.cpp
[2.381s] -- Up-to-date: /ws/install/unitree_go/include/unitree_go/unitree_go/msg/detail/time_spec__type_support.cpp
[2.381s] -- Up-to-date: /ws/install/unitree_go/include/unitree_go/unitree_go/msg/detail/bms_state__rosidl_typesupport_introspection_cpp.hpp
[2.381s] -- Up-to-date: /ws/install/unitree_go/include/unitree_go/unitree_go/msg/detail/wireless_controller__rosidl_typesupport_introspection_cpp.hpp
[2.381s] -- Up-to-date: /ws/install/unitree_go/include/unitree_go/unitree_go/msg/detail/uwb_state__rosidl_typesupport_introspection_cpp.hpp
[2.381s] -- Up-to-date: /ws/install/unitree_go/include/unitree_go/unitree_go/msg/detail/motor_cmd__type_support.cpp
[2.381s] -- Up-to-date: /ws/install/unitree_go/include/unitree_go/unitree_go/msg/detail/bms_state__type_support.cpp
[2.381s] -- Up-to-date: /ws/install/unitree_go/include/unitree_go/unitree_go/msg/detail/height_map__rosidl_typesupport_introspection_cpp.hpp
[2.381s] -- Up-to-date: /ws/install/unitree_go/include/unitree_go/unitree_go/msg/detail/res__type_support.cpp
[2.381s] -- Up-to-date: /ws/install/unitree_go/include/unitree_go/unitree_go/msg/detail/req__type_support.cpp
[2.381s] -- Up-to-date: /ws/install/unitree_go/include/unitree_go/unitree_go/msg/detail/bms_cmd__rosidl_typesupport_introspection_cpp.hpp
[2.382s] -- Up-to-date: /ws/install/unitree_go/include/unitree_go/unitree_go/msg/detail/error__rosidl_typesupport_introspection_cpp.hpp
[2.382s] -- Up-to-date: /ws/install/unitree_go/include/unitree_go/unitree_go/msg/detail/bms_cmd__type_support.cpp
[2.382s] -- Up-to-date: /ws/install/unitree_go/include/unitree_go/unitree_go/msg/detail/time_spec__rosidl_typesupport_introspection_cpp.hpp
[2.382s] -- Up-to-date: /ws/install/unitree_go/include/unitree_go/unitree_go/msg/detail/motor_states__rosidl_typesupport_introspection_cpp.hpp
[2.382s] -- Up-to-date: /ws/install/unitree_go/include/unitree_go/unitree_go/msg/detail/interface_config__rosidl_typesupport_introspection_cpp.hpp
[2.382s] -- Up-to-date: /ws/install/unitree_go/include/unitree_go/unitree_go/msg/detail/motor_states__type_support.cpp
[2.382s] -- Up-to-date: /ws/install/unitree_go/include/unitree_go/unitree_go/msg/detail/uwb_switch__rosidl_typesupport_introspection_cpp.hpp
[2.382s] -- Up-to-date: /ws/install/unitree_go/include/unitree_go/unitree_go/msg/detail/path_point__rosidl_typesupport_introspection_cpp.hpp
[2.383s] -- Up-to-date: /ws/install/unitree_go/include/unitree_go/unitree_go/msg/detail/lidar_state__rosidl_typesupport_introspection_cpp.hpp
[2.383s] -- Up-to-date: /ws/install/unitree_go/include/unitree_go/unitree_go/msg/detail/low_state__rosidl_typesupport_introspection_cpp.hpp
[2.383s] -- Up-to-date: /ws/install/unitree_go/include/unitree_go/unitree_go/msg/detail/uwb_switch__type_support.cpp
[2.383s] -- Up-to-date: /ws/install/unitree_go/include/unitree_go/unitree_go/msg/detail/low_cmd__type_support.cpp
[2.383s] -- Up-to-date: /ws/install/unitree_go/include/unitree_go/unitree_go/msg/detail/height_map__type_support.cpp
[2.383s] -- Up-to-date: /ws/install/unitree_go/include/unitree_go/unitree_go/msg/detail/go2_front_video_data__type_support.cpp
[2.383s] -- Up-to-date: /ws/install/unitree_go/include/unitree_go/unitree_go/msg/detail/sport_mode_state__type_support.cpp
[2.383s] -- Up-to-date: /ws/install/unitree_go/include/unitree_go/unitree_go/msg/detail/audio_data__type_support.cpp
[2.383s] -- Up-to-date: /ws/install/unitree_go/include/unitree_go/unitree_go/msg/detail/motor_cmds__type_support.cpp
[2.383s] -- Up-to-date: /ws/install/unitree_go/include/unitree_go/unitree_go/msg/detail/imu_state__type_support.cpp
[2.383s] -- Up-to-date: /ws/install/unitree_go/include/unitree_go/unitree_go/msg/detail/sport_mode_cmd__rosidl_typesupport_introspection_cpp.hpp
[2.383s] -- Up-to-date: /ws/install/unitree_go/include/unitree_go/unitree_go/msg/detail/req__rosidl_typesupport_introspection_cpp.hpp
[2.383s] -- Up-to-date: /ws/install/unitree_go/include/unitree_go/unitree_go/msg/detail/motor_state__rosidl_typesupport_introspection_cpp.hpp
[2.384s] -- Up-to-date: /ws/install/unitree_go/include/unitree_go/unitree_go/msg/detail/res__rosidl_typesupport_introspection_cpp.hpp
[2.384s] -- Up-to-date: /ws/install/unitree_go/include/unitree_go/unitree_go/msg/detail/sport_mode_cmd__type_support.cpp
[2.384s] -- Up-to-date: /ws/install/unitree_go/include/unitree_go/unitree_go/msg/detail/motor_cmd__rosidl_typesupport_introspection_cpp.hpp
[2.385s] -- Up-to-date: /ws/install/unitree_go/include/unitree_go/unitree_go/msg/detail/motor_state__type_support.cpp
[2.385s] -- Up-to-date: /ws/install/unitree_go/include/unitree_go/unitree_go/msg/detail/low_cmd__rosidl_typesupport_introspection_cpp.hpp
[2.386s] -- Up-to-date: /ws/install/unitree_go/include/unitree_go/unitree_go/msg/detail/sport_mode_state__rosidl_typesupport_introspection_cpp.hpp
[2.386s] -- Up-to-date: /ws/install/unitree_go/include/unitree_go/unitree_go/msg/detail/go2_front_video_data__rosidl_typesupport_introspection_cpp.hpp
[2.386s] -- Up-to-date: /ws/install/unitree_go/include/unitree_go/unitree_go/msg/detail/wireless_controller__type_support.cpp
[2.386s] -- Up-to-date: /ws/install/unitree_go/include/unitree_go/unitree_go/msg/detail/path_point__type_support.cpp
[2.386s] -- Up-to-date: /ws/install/unitree_go/include/unitree_go/unitree_go/msg/detail/imu_state__rosidl_typesupport_introspection_cpp.hpp
[2.386s] -- Up-to-date: /ws/install/unitree_go/lib/libunitree_go__rosidl_typesupport_introspection_cpp.so
[2.386s] -- Up-to-date: /ws/install/unitree_go/lib/libunitree_go__rosidl_typesupport_cpp.so
[2.386s] -- Up-to-date: /ws/install/unitree_go/share/unitree_go/environment/pythonpath.sh
[2.387s] -- Up-to-date: /ws/install/unitree_go/share/unitree_go/environment/pythonpath.dsv
[2.387s] -- Up-to-date: /ws/install/unitree_go/local/lib/python3.10/dist-packages/unitree_go-0.0.0-py3.10.egg-info
[2.387s] -- Installing: /ws/install/unitree_go/local/lib/python3.10/dist-packages/unitree_go-0.0.0-py3.10.egg-info/dependency_links.txt
[2.387s] -- Installing: /ws/install/unitree_go/local/lib/python3.10/dist-packages/unitree_go-0.0.0-py3.10.egg-info/top_level.txt
[2.387s] -- Installing: /ws/install/unitree_go/local/lib/python3.10/dist-packages/unitree_go-0.0.0-py3.10.egg-info/SOURCES.txt
[2.387s] -- Installing: /ws/install/unitree_go/local/lib/python3.10/dist-packages/unitree_go-0.0.0-py3.10.egg-info/PKG-INFO
[2.387s] -- Up-to-date: /ws/install/unitree_go/local/lib/python3.10/dist-packages/unitree_go
[2.387s] -- Up-to-date: /ws/install/unitree_go/local/lib/python3.10/dist-packages/unitree_go/unitree_go_s__rosidl_typesupport_fastrtps_c.cpython-310-aarch64-linux-gnu.so
[2.387s] -- Up-to-date: /ws/install/unitree_go/local/lib/python3.10/dist-packages/unitree_go/unitree_go_s__rosidl_typesupport_introspection_c.cpython-310-aarch64-linux-gnu.so
[2.387s] -- Up-to-date: /ws/install/unitree_go/local/lib/python3.10/dist-packages/unitree_go/_unitree_go_s.ep.rosidl_typesupport_c.c
[2.388s] -- Up-to-date: /ws/install/unitree_go/local/lib/python3.10/dist-packages/unitree_go/msg
[2.388s] -- Up-to-date: /ws/install/unitree_go/local/lib/python3.10/dist-packages/unitree_go/msg/_error_s.c
[2.388s] -- Up-to-date: /ws/install/unitree_go/local/lib/python3.10/dist-packages/unitree_go/msg/_motor_cmds.py
[2.389s] -- Up-to-date: /ws/install/unitree_go/local/lib/python3.10/dist-packages/unitree_go/msg/_go2_front_video_data_s.c
[2.389s] -- Up-to-date: /ws/install/unitree_go/local/lib/python3.10/dist-packages/unitree_go/msg/_motor_cmd_s.c
[2.390s] -- Up-to-date: /ws/install/unitree_go/local/lib/python3.10/dist-packages/unitree_go/msg/_bms_cmd.py
[2.390s] -- Up-to-date: /ws/install/unitree_go/local/lib/python3.10/dist-packages/unitree_go/msg/_path_point.py
[2.390s] -- Up-to-date: /ws/install/unitree_go/local/lib/python3.10/dist-packages/unitree_go/msg/_go2_front_video_data.py
[2.390s] -- Up-to-date: /ws/install/unitree_go/local/lib/python3.10/dist-packages/unitree_go/msg/_low_cmd.py
[2.390s] -- Up-to-date: /ws/install/unitree_go/local/lib/python3.10/dist-packages/unitree_go/msg/_res_s.c
[2.391s] -- Up-to-date: /ws/install/unitree_go/local/lib/python3.10/dist-packages/unitree_go/msg/_interface_config_s.c
[2.391s] -- Up-to-date: /ws/install/unitree_go/local/lib/python3.10/dist-packages/unitree_go/msg/_motor_states_s.c
[2.391s] -- Up-to-date: /ws/install/unitree_go/local/lib/python3.10/dist-packages/unitree_go/msg/_imu_state_s.c
[2.391s] -- Up-to-date: /ws/install/unitree_go/local/lib/python3.10/dist-packages/unitree_go/msg/_error.py
[2.391s] -- Up-to-date: /ws/install/unitree_go/local/lib/python3.10/dist-packages/unitree_go/msg/_height_map.py
[2.391s] -- Up-to-date: /ws/install/unitree_go/local/lib/python3.10/dist-packages/unitree_go/msg/_res.py
[2.391s] -- Up-to-date: /ws/install/unitree_go/local/lib/python3.10/dist-packages/unitree_go/msg/_interface_config.py
[2.391s] -- Up-to-date: /ws/install/unitree_go/local/lib/python3.10/dist-packages/unitree_go/msg/_low_state.py
[2.391s] -- Up-to-date: /ws/install/unitree_go/local/lib/python3.10/dist-packages/unitree_go/msg/_motor_cmds_s.c
[2.392s] -- Up-to-date: /ws/install/unitree_go/local/lib/python3.10/dist-packages/unitree_go/msg/_wireless_controller.py
[2.392s] -- Up-to-date: /ws/install/unitree_go/local/lib/python3.10/dist-packages/unitree_go/msg/_imu_state.py
[2.392s] -- Up-to-date: /ws/install/unitree_go/local/lib/python3.10/dist-packages/unitree_go/msg/_uwb_state.py
[2.392s] -- Up-to-date: /ws/install/unitree_go/local/lib/python3.10/dist-packages/unitree_go/msg/_sport_mode_cmd_s.c
[2.392s] -- Up-to-date: /ws/install/unitree_go/local/lib/python3.10/dist-packages/unitree_go/msg/_uwb_state_s.c
[2.392s] -- Up-to-date: /ws/install/unitree_go/local/lib/python3.10/dist-packages/unitree_go/msg/_sport_mode_state.py
[2.392s] -- Up-to-date: /ws/install/unitree_go/local/lib/python3.10/dist-packages/unitree_go/msg/_path_point_s.c
[2.392s] -- Up-to-date: /ws/install/unitree_go/local/lib/python3.10/dist-packages/unitree_go/msg/_time_spec.py
[2.392s] -- Up-to-date: /ws/install/unitree_go/local/lib/python3.10/dist-packages/unitree_go/msg/_bms_state_s.c
[2.392s] -- Up-to-date: /ws/install/unitree_go/local/lib/python3.10/dist-packages/unitree_go/msg/_bms_cmd_s.c
[2.393s] -- Up-to-date: /ws/install/unitree_go/local/lib/python3.10/dist-packages/unitree_go/msg/_lidar_state.py
[2.393s] -- Up-to-date: /ws/install/unitree_go/local/lib/python3.10/dist-packages/unitree_go/msg/_time_spec_s.c
[2.393s] -- Up-to-date: /ws/install/unitree_go/local/lib/python3.10/dist-packages/unitree_go/msg/_sport_mode_cmd.py
[2.394s] -- Up-to-date: /ws/install/unitree_go/local/lib/python3.10/dist-packages/unitree_go/msg/_motor_state.py
[2.394s] -- Up-to-date: /ws/install/unitree_go/local/lib/python3.10/dist-packages/unitree_go/msg/_motor_state_s.c
[2.394s] -- Up-to-date: /ws/install/unitree_go/local/lib/python3.10/dist-packages/unitree_go/msg/__init__.py
[2.394s] -- Up-to-date: /ws/install/unitree_go/local/lib/python3.10/dist-packages/unitree_go/msg/_uwb_switch_s.c
[2.394s] -- Up-to-date: /ws/install/unitree_go/local/lib/python3.10/dist-packages/unitree_go/msg/_motor_cmd.py
[2.394s] -- Up-to-date: /ws/install/unitree_go/local/lib/python3.10/dist-packages/unitree_go/msg/_audio_data_s.c
[2.394s] -- Up-to-date: /ws/install/unitree_go/local/lib/python3.10/dist-packages/unitree_go/msg/_low_cmd_s.c
[2.394s] -- Up-to-date: /ws/install/unitree_go/local/lib/python3.10/dist-packages/unitree_go/msg/_uwb_switch.py
[2.394s] -- Up-to-date: /ws/install/unitree_go/local/lib/python3.10/dist-packages/unitree_go/msg/_audio_data.py
[2.394s] -- Up-to-date: /ws/install/unitree_go/local/lib/python3.10/dist-packages/unitree_go/msg/_lidar_state_s.c
[2.395s] -- Up-to-date: /ws/install/unitree_go/local/lib/python3.10/dist-packages/unitree_go/msg/_low_state_s.c
[2.395s] -- Up-to-date: /ws/install/unitree_go/local/lib/python3.10/dist-packages/unitree_go/msg/_motor_states.py
[2.395s] -- Up-to-date: /ws/install/unitree_go/local/lib/python3.10/dist-packages/unitree_go/msg/_req_s.c
[2.395s] -- Up-to-date: /ws/install/unitree_go/local/lib/python3.10/dist-packages/unitree_go/msg/_wireless_controller_s.c
[2.395s] -- Up-to-date: /ws/install/unitree_go/local/lib/python3.10/dist-packages/unitree_go/msg/_height_map_s.c
[2.395s] -- Up-to-date: /ws/install/unitree_go/local/lib/python3.10/dist-packages/unitree_go/msg/_sport_mode_state_s.c
[2.396s] -- Up-to-date: /ws/install/unitree_go/local/lib/python3.10/dist-packages/unitree_go/msg/_req.py
[2.396s] -- Up-to-date: /ws/install/unitree_go/local/lib/python3.10/dist-packages/unitree_go/msg/_bms_state.py
[2.396s] -- Up-to-date: /ws/install/unitree_go/local/lib/python3.10/dist-packages/unitree_go/__init__.py
[2.396s] -- Up-to-date: /ws/install/unitree_go/local/lib/python3.10/dist-packages/unitree_go/unitree_go_s__rosidl_typesupport_c.cpython-310-aarch64-linux-gnu.so
[2.396s] -- Up-to-date: /ws/install/unitree_go/local/lib/python3.10/dist-packages/unitree_go/libunitree_go__rosidl_generator_py.so
[2.396s] -- Up-to-date: /ws/install/unitree_go/local/lib/python3.10/dist-packages/unitree_go/_unitree_go_s.ep.rosidl_typesupport_fastrtps_c.c
[2.397s] -- Up-to-date: /ws/install/unitree_go/local/lib/python3.10/dist-packages/unitree_go/_unitree_go_s.ep.rosidl_typesupport_introspection_c.c
[2.501s] Listing '/ws/install/unitree_go/local/lib/python3.10/dist-packages/unitree_go'...
[2.501s] Listing '/ws/install/unitree_go/local/lib/python3.10/dist-packages/unitree_go/msg'...
[2.501s] -- Up-to-date: /ws/install/unitree_go/local/lib/python3.10/dist-packages/unitree_go/unitree_go_s__rosidl_typesupport_fastrtps_c.cpython-310-aarch64-linux-gnu.so
[2.502s] -- Up-to-date: /ws/install/unitree_go/local/lib/python3.10/dist-packages/unitree_go/unitree_go_s__rosidl_typesupport_introspection_c.cpython-310-aarch64-linux-gnu.so
[2.502s] -- Up-to-date: /ws/install/unitree_go/local/lib/python3.10/dist-packages/unitree_go/unitree_go_s__rosidl_typesupport_c.cpython-310-aarch64-linux-gnu.so
[2.502s] -- Up-to-date: /ws/install/unitree_go/lib/libunitree_go__rosidl_generator_py.so
[2.502s] -- Up-to-date: /ws/install/unitree_go/share/unitree_go/msg/AudioData.idl
[2.502s] -- Up-to-date: /ws/install/unitree_go/share/unitree_go/msg/BmsCmd.idl
[2.502s] -- Up-to-date: /ws/install/unitree_go/share/unitree_go/msg/BmsState.idl
[2.502s] -- Up-to-date: /ws/install/unitree_go/share/unitree_go/msg/Error.idl
[2.502s] -- Up-to-date: /ws/install/unitree_go/share/unitree_go/msg/Go2FrontVideoData.idl
[2.502s] -- Up-to-date: /ws/install/unitree_go/share/unitree_go/msg/HeightMap.idl
[2.502s] -- Up-to-date: /ws/install/unitree_go/share/unitree_go/msg/IMUState.idl
[2.502s] -- Up-to-date: /ws/install/unitree_go/share/unitree_go/msg/InterfaceConfig.idl
[2.502s] -- Up-to-date: /ws/install/unitree_go/share/unitree_go/msg/LidarState.idl
[2.502s] -- Up-to-date: /ws/install/unitree_go/share/unitree_go/msg/LowCmd.idl
[2.504s] -- Up-to-date: /ws/install/unitree_go/share/unitree_go/msg/LowState.idl
[2.504s] -- Up-to-date: /ws/install/unitree_go/share/unitree_go/msg/MotorCmd.idl
[2.504s] -- Up-to-date: /ws/install/unitree_go/share/unitree_go/msg/MotorCmds.idl
[2.504s] -- Up-to-date: /ws/install/unitree_go/share/unitree_go/msg/MotorState.idl
[2.504s] -- Up-to-date: /ws/install/unitree_go/share/unitree_go/msg/MotorStates.idl
[2.505s] -- Up-to-date: /ws/install/unitree_go/share/unitree_go/msg/PathPoint.idl
[2.507s] -- Up-to-date: /ws/install/unitree_go/share/unitree_go/msg/Req.idl
[2.507s] -- Up-to-date: /ws/install/unitree_go/share/unitree_go/msg/Res.idl
[2.507s] -- Up-to-date: /ws/install/unitree_go/share/unitree_go/msg/SportModeCmd.idl
[2.507s] -- Up-to-date: /ws/install/unitree_go/share/unitree_go/msg/SportModeState.idl
[2.507s] -- Up-to-date: /ws/install/unitree_go/share/unitree_go/msg/TimeSpec.idl
[2.507s] -- Up-to-date: /ws/install/unitree_go/share/unitree_go/msg/UwbState.idl
[2.507s] -- Up-to-date: /ws/install/unitree_go/share/unitree_go/msg/UwbSwitch.idl
[2.507s] -- Up-to-date: /ws/install/unitree_go/share/unitree_go/msg/WirelessController.idl
[2.507s] -- Up-to-date: /ws/install/unitree_go/share/unitree_go/msg/AudioData.msg
[2.507s] -- Up-to-date: /ws/install/unitree_go/share/unitree_go/msg/BmsCmd.msg
[2.508s] -- Up-to-date: /ws/install/unitree_go/share/unitree_go/msg/BmsState.msg
[2.508s] -- Up-to-date: /ws/install/unitree_go/share/unitree_go/msg/Error.msg
[2.508s] -- Up-to-date: /ws/install/unitree_go/share/unitree_go/msg/Go2FrontVideoData.msg
[2.508s] -- Up-to-date: /ws/install/unitree_go/share/unitree_go/msg/HeightMap.msg
[2.508s] -- Up-to-date: /ws/install/unitree_go/share/unitree_go/msg/IMUState.msg
[2.508s] -- Up-to-date: /ws/install/unitree_go/share/unitree_go/msg/InterfaceConfig.msg
[2.508s] -- Up-to-date: /ws/install/unitree_go/share/unitree_go/msg/LidarState.msg
[2.508s] -- Up-to-date: /ws/install/unitree_go/share/unitree_go/msg/LowCmd.msg
[2.508s] -- Up-to-date: /ws/install/unitree_go/share/unitree_go/msg/LowState.msg
[2.508s] -- Up-to-date: /ws/install/unitree_go/share/unitree_go/msg/MotorCmd.msg
[2.508s] -- Up-to-date: /ws/install/unitree_go/share/unitree_go/msg/MotorCmds.msg
[2.508s] -- Up-to-date: /ws/install/unitree_go/share/unitree_go/msg/MotorState.msg
[2.508s] -- Up-to-date: /ws/install/unitree_go/share/unitree_go/msg/MotorStates.msg
[2.509s] -- Up-to-date: /ws/install/unitree_go/share/unitree_go/msg/PathPoint.msg
[2.509s] -- Up-to-date: /ws/install/unitree_go/share/unitree_go/msg/Req.msg
[2.509s] -- Up-to-date: /ws/install/unitree_go/share/unitree_go/msg/Res.msg
[2.509s] -- Up-to-date: /ws/install/unitree_go/share/unitree_go/msg/SportModeCmd.msg
[2.509s] -- Up-to-date: /ws/install/unitree_go/share/unitree_go/msg/SportModeState.msg
[2.509s] -- Up-to-date: /ws/install/unitree_go/share/unitree_go/msg/TimeSpec.msg
[2.509s] -- Up-to-date: /ws/install/unitree_go/share/unitree_go/msg/UwbState.msg
[2.509s] -- Up-to-date: /ws/install/unitree_go/share/unitree_go/msg/UwbSwitch.msg
[2.509s] -- Up-to-date: /ws/install/unitree_go/share/unitree_go/msg/WirelessController.msg
[2.509s] -- Up-to-date: /ws/install/unitree_go/share/unitree_go/msg/dds_connext
[2.509s] -- Up-to-date: /ws/install/unitree_go/share/unitree_go/msg/dds_connext/MotorState_.idl
[2.510s] -- Up-to-date: /ws/install/unitree_go/share/unitree_go/msg/dds_connext/HeightMap_.idl
[2.510s] -- Up-to-date: /ws/install/unitree_go/share/unitree_go/msg/dds_connext/MotorCmd_.idl
[2.510s] -- Up-to-date: /ws/install/unitree_go/share/unitree_go/msg/dds_connext/Req_.idl
[2.510s] -- Up-to-date: /ws/install/unitree_go/share/unitree_go/msg/dds_connext/LidarState_.idl
[2.510s] -- Up-to-date: /ws/install/unitree_go/share/unitree_go/msg/dds_connext/MotorStates_.idl
[2.510s] -- Up-to-date: /ws/install/unitree_go/share/unitree_go/msg/dds_connext/WirelessController_.idl
[2.510s] -- Up-to-date: /ws/install/unitree_go/share/unitree_go/msg/dds_connext/TimeSpec_.idl
[2.510s] -- Up-to-date: /ws/install/unitree_go/share/unitree_go/msg/dds_connext/BmsCmd_.idl
[2.510s] -- Up-to-date: /ws/install/unitree_go/share/unitree_go/msg/dds_connext/AudioData_.idl
[2.510s] -- Up-to-date: /ws/install/unitree_go/share/unitree_go/msg/dds_connext/SportModeCmd_.idl
[2.511s] -- Up-to-date: /ws/install/unitree_go/share/unitree_go/msg/dds_connext/IMUState_.idl
[2.511s] -- Up-to-date: /ws/install/unitree_go/share/unitree_go/msg/dds_connext/PathPoint_.idl
[2.511s] -- Up-to-date: /ws/install/unitree_go/share/unitree_go/msg/dds_connext/LowState_.idl
[2.511s] -- Up-to-date: /ws/install/unitree_go/share/unitree_go/msg/dds_connext/MotorCmds_.idl
[2.511s] -- Up-to-date: /ws/install/unitree_go/share/unitree_go/msg/dds_connext/Go2FrontVideoData_.idl
[2.511s] -- Up-to-date: /ws/install/unitree_go/share/unitree_go/msg/dds_connext/Res_.idl
[2.511s] -- Up-to-date: /ws/install/unitree_go/share/unitree_go/msg/dds_connext/UwbSwitch_.idl
[2.511s] -- Up-to-date: /ws/install/unitree_go/share/unitree_go/msg/dds_connext/BmsState_.idl
[2.511s] -- Up-to-date: /ws/install/unitree_go/share/unitree_go/msg/dds_connext/UwbState_.idl
[2.511s] -- Up-to-date: /ws/install/unitree_go/share/unitree_go/msg/dds_connext/Error_.idl
[2.511s] -- Up-to-date: /ws/install/unitree_go/share/unitree_go/msg/dds_connext/InterfaceConfig_.idl
[2.511s] -- Up-to-date: /ws/install/unitree_go/share/unitree_go/msg/dds_connext/SportModeState_.idl
[2.514s] -- Up-to-date: /ws/install/unitree_go/share/unitree_go/msg/dds_connext/LowCmd_.idl
[2.514s] -- Up-to-date: /ws/install/unitree_go/share/ament_index/resource_index/package_run_dependencies/unitree_go
[2.514s] -- Up-to-date: /ws/install/unitree_go/share/ament_index/resource_index/parent_prefix_path/unitree_go
[2.514s] -- Up-to-date: /ws/install/unitree_go/share/unitree_go/environment/ament_prefix_path.sh
[2.514s] -- Up-to-date: /ws/install/unitree_go/share/unitree_go/environment/ament_prefix_path.dsv
[2.517s] -- Up-to-date: /ws/install/unitree_go/share/unitree_go/environment/path.sh
[2.517s] -- Up-to-date: /ws/install/unitree_go/share/unitree_go/environment/path.dsv
[2.520s] -- Up-to-date: /ws/install/unitree_go/share/unitree_go/local_setup.bash
[2.520s] -- Up-to-date: /ws/install/unitree_go/share/unitree_go/local_setup.sh
[2.520s] -- Up-to-date: /ws/install/unitree_go/share/unitree_go/local_setup.zsh
[2.520s] -- Up-to-date: /ws/install/unitree_go/share/unitree_go/local_setup.dsv
[2.520s] -- Installing: /ws/install/unitree_go/share/unitree_go/package.dsv
[2.520s] -- Up-to-date: /ws/install/unitree_go/share/ament_index/resource_index/packages/unitree_go
[2.520s] -- Up-to-date: /ws/install/unitree_go/share/unitree_go/cmake/export_unitree_go__rosidl_generator_cExport.cmake
[2.520s] -- Up-to-date: /ws/install/unitree_go/share/unitree_go/cmake/export_unitree_go__rosidl_generator_cExport-noconfig.cmake
[2.520s] -- Up-to-date: /ws/install/unitree_go/share/unitree_go/cmake/export_unitree_go__rosidl_typesupport_fastrtps_cExport.cmake
[2.521s] -- Up-to-date: /ws/install/unitree_go/share/unitree_go/cmake/export_unitree_go__rosidl_typesupport_fastrtps_cExport-noconfig.cmake
[2.521s] -- Up-to-date: /ws/install/unitree_go/share/unitree_go/cmake/export_unitree_go__rosidl_generator_cppExport.cmake
[2.521s] -- Up-to-date: /ws/install/unitree_go/share/unitree_go/cmake/export_unitree_go__rosidl_typesupport_fastrtps_cppExport.cmake
[2.521s] -- Up-to-date: /ws/install/unitree_go/share/unitree_go/cmake/export_unitree_go__rosidl_typesupport_fastrtps_cppExport-noconfig.cmake
[2.521s] -- Up-to-date: /ws/install/unitree_go/share/unitree_go/cmake/unitree_go__rosidl_typesupport_introspection_cExport.cmake
[2.521s] -- Up-to-date: /ws/install/unitree_go/share/unitree_go/cmake/unitree_go__rosidl_typesupport_introspection_cExport-noconfig.cmake
[2.521s] -- Up-to-date: /ws/install/unitree_go/share/unitree_go/cmake/unitree_go__rosidl_typesupport_cExport.cmake
[2.521s] -- Up-to-date: /ws/install/unitree_go/share/unitree_go/cmake/unitree_go__rosidl_typesupport_cExport-noconfig.cmake
[2.521s] -- Up-to-date: /ws/install/unitree_go/share/unitree_go/cmake/unitree_go__rosidl_typesupport_introspection_cppExport.cmake
[2.521s] -- Up-to-date: /ws/install/unitree_go/share/unitree_go/cmake/unitree_go__rosidl_typesupport_introspection_cppExport-noconfig.cmake
[2.521s] -- Up-to-date: /ws/install/unitree_go/share/unitree_go/cmake/unitree_go__rosidl_typesupport_cppExport.cmake
[2.521s] -- Up-to-date: /ws/install/unitree_go/share/unitree_go/cmake/unitree_go__rosidl_typesupport_cppExport-noconfig.cmake
[2.521s] -- Up-to-date: /ws/install/unitree_go/share/unitree_go/cmake/export_unitree_go__rosidl_generator_pyExport.cmake
[2.525s] -- Up-to-date: /ws/install/unitree_go/share/unitree_go/cmake/export_unitree_go__rosidl_generator_pyExport-noconfig.cmake
[2.525s] -- Up-to-date: /ws/install/unitree_go/share/unitree_go/cmake/rosidl_cmake-extras.cmake
[2.525s] -- Up-to-date: /ws/install/unitree_go/share/unitree_go/cmake/ament_cmake_export_dependencies-extras.cmake
[2.525s] -- Up-to-date: /ws/install/unitree_go/share/unitree_go/cmake/ament_cmake_export_include_directories-extras.cmake
[2.525s] -- Up-to-date: /ws/install/unitree_go/share/unitree_go/cmake/ament_cmake_export_libraries-extras.cmake
[2.525s] -- Up-to-date: /ws/install/unitree_go/share/unitree_go/cmake/ament_cmake_export_targets-extras.cmake
[2.525s] -- Up-to-date: /ws/install/unitree_go/share/unitree_go/cmake/rosidl_cmake_export_typesupport_targets-extras.cmake
[2.528s] -- Up-to-date: /ws/install/unitree_go/share/unitree_go/cmake/rosidl_cmake_export_typesupport_libraries-extras.cmake
[2.528s] -- Up-to-date: /ws/install/unitree_go/share/unitree_go/cmake/unitree_goConfig.cmake
[2.528s] -- Up-to-date: /ws/install/unitree_go/share/unitree_go/cmake/unitree_goConfig-version.cmake
[2.528s] -- Up-to-date: /ws/install/unitree_go/share/unitree_go/package.xml
[2.596s] Invoked command in '/ws/build/unitree_go' returned '0': CMAKE_PREFIX_PATH=${CMAKE_PREFIX_PATH}:/opt/ros/humble /usr/bin/cmake --install /ws/build/unitree_go
