[0.039s] Invoking command in '/ws/build/unitree_rl_controller': AMENT_PREFIX_PATH=/ws/install/ros2_unitree_legged_msgs:${AMENT_PREFIX_PATH} CMAKE_PREFIX_PATH=/ws/install/ros2_unitree_legged_msgs:/opt/ros/humble LD_LIBRARY_PATH=/ws/install/ros2_unitree_legged_msgs/lib:${LD_LIBRARY_PATH} PYTHONPATH=/ws/install/ros2_unitree_legged_msgs/local/lib/python3.10/dist-packages:${PYTHONPATH} /usr/bin/cmake /ws/src/unitree_rl_controller-ros2 -DCMAKE_INSTALL_PREFIX=/ws/install/unitree_rl_controller
[0.189s] -- The C compiler identification is GNU 11.4.0
[0.352s] -- The CXX compiler identification is GNU 11.4.0
[0.370s] -- Detecting C compiler ABI info
[0.649s] -- Detecting C compiler ABI info - done
[0.660s] -- Check for working C compiler: /usr/bin/cc - skipped
[0.662s] -- Detecting C compile features
[0.664s] -- Detecting C compile features - done
[0.673s] -- Detecting CXX compiler ABI info
[0.920s] -- Detecting CXX compiler ABI info - done
[0.936s] -- Check for working CXX compiler: /usr/bin/c++ - skipped
[0.936s] -- Detecting CXX compile features
[0.938s] -- Detecting CXX compile features - done
[0.950s] -- Found ament_cmake: 1.3.12 (/opt/ros/humble/share/ament_cmake/cmake)
[1.333s] -- Found Python3: /usr/bin/python3 (found version "3.10.12") found components: Interpreter 
[1.685s] -- Found rclcpp: 16.0.17 (/opt/ros/humble/share/rclcpp/cmake)
[1.913s] -- Found rosidl_generator_c: 3.1.8 (/opt/ros/humble/share/rosidl_generator_c/cmake)
[1.929s] -- Found rosidl_adapter: 3.1.8 (/opt/ros/humble/share/rosidl_adapter/cmake)
[1.954s] -- Found rosidl_generator_cpp: 3.1.8 (/opt/ros/humble/share/rosidl_generator_cpp/cmake)
[1.982s] -- Using all available rosidl_typesupport_c: rosidl_typesupport_fastrtps_c;rosidl_typesupport_introspection_c
[2.025s] -- Using all available rosidl_typesupport_cpp: rosidl_typesupport_fastrtps_cpp;rosidl_typesupport_introspection_cpp
[2.175s] -- Found rmw_implementation_cmake: 6.1.2 (/opt/ros/humble/share/rmw_implementation_cmake/cmake)
[2.185s] -- Found rmw_fastrtps_cpp: 6.2.9 (/opt/ros/humble/share/rmw_fastrtps_cpp/cmake)
[2.495s] -- Found OpenSSL: /usr/lib/aarch64-linux-gnu/libcrypto.so (found version "3.0.2")  
[2.599s] -- Found FastRTPS: /opt/ros/humble/include  
[2.671s] -- Using RMW implementation 'rmw_fastrtps_cpp' as default
[2.693s] -- Looking for pthread.h
[2.932s] -- Looking for pthread.h - found
[2.937s] -- Performing Test CMAKE_HAVE_LIBC_PTHREAD
[3.166s] -- Performing Test CMAKE_HAVE_LIBC_PTHREAD - Success
[3.166s] -- Found Threads: TRUE  
[3.354s] -- Found ros2_unitree_legged_msgs: 0.4.0 (/ws/install/ros2_unitree_legged_msgs/share/ros2_unitree_legged_msgs/cmake)
[3.380s] -- Found geometry_msgs: 4.9.0 (/opt/ros/humble/share/geometry_msgs/cmake)
[3.426s] -- Found nav_msgs: 4.9.0 (/opt/ros/humble/share/nav_msgs/cmake)
[3.492s] [31mCMake Error at CMakeLists.txt:24 (find_package):
[3.493s]   By not providing "FindTorch.cmake" in CMAKE_MODULE_PATH this project has
[3.494s]   asked CMake to find a package configuration file provided by "Torch", but
[3.494s]   CMake did not find one.
[3.494s] 
[3.494s]   Could not find a package configuration file provided by "Torch" with any of
[3.494s]   the following names:
[3.494s] 
[3.494s]     TorchConfig.cmake
[3.494s]     torch-config.cmake
[3.494s] 
[3.495s]   Add the installation prefix of "Torch" to CMAKE_PREFIX_PATH or set
[3.495s]   "Torch_DIR" to a directory containing one of the above files.  If "Torch"
[3.495s]   provides a separate development package or SDK, be sure it has been
[3.495s]   installed.
[3.495s] 
[3.495s] [0m
[3.495s] -- Configuring incomplete, errors occurred!
[3.506s] See also "/ws/build/unitree_rl_controller/CMakeFiles/CMakeOutput.log".
[3.526s] Invoked command in '/ws/build/unitree_rl_controller' returned '1': AMENT_PREFIX_PATH=/ws/install/ros2_unitree_legged_msgs:${AMENT_PREFIX_PATH} CMAKE_PREFIX_PATH=/ws/install/ros2_unitree_legged_msgs:/opt/ros/humble LD_LIBRARY_PATH=/ws/install/ros2_unitree_legged_msgs/lib:${LD_LIBRARY_PATH} PYTHONPATH=/ws/install/ros2_unitree_legged_msgs/local/lib/python3.10/dist-packages:${PYTHONPATH} /usr/bin/cmake /ws/src/unitree_rl_controller-ros2 -DCMAKE_INSTALL_PREFIX=/ws/install/unitree_rl_controller
