[35m[1mConsolidate compiler generated dependencies of target go2_heightmap_node[0m
[35m[1mConsolidate compiler generated dependencies of target lcm_server[0m
[35m[1mConsolidate compiler generated dependencies of target ros2_rl_go2[0m
[ 28%] Built target lcm_server
[ 57%] Built target go2_heightmap_node
[100%] Built target ros2_rl_go2
-- Install configuration: ""
-- Up-to-date: /ws/install/unitree_legged_real/lib
-- Up-to-date: /ws/install/unitree_legged_real/lib/libunitree_legged_sdk_amd64.so
-- Up-to-date: /ws/install/unitree_legged_real/lib/libunitree_legged_sdk_arm64.so
-- Up-to-date: /ws/install/unitree_legged_real/lib/libddsc.so
-- Up-to-date: /ws/install/unitree_legged_real/lib/libddscxx.so
-- Up-to-date: /ws/install/unitree_legged_real/lib/libddsc.so
-- Up-to-date: /ws/install/unitree_legged_real/lib/libddscxx.so
-- Up-to-date: /ws/install/unitree_legged_real/lib/unitree_legged_real/ros2_rl_go2
-- Up-to-date: /ws/install/unitree_legged_real/lib/unitree_legged_real/go2_heightmap_node
-- Up-to-date: /ws/install/unitree_legged_real/lib/unitree_legged_real/lcm_server
-- Up-to-date: /ws/install/unitree_legged_real/share/ament_index/resource_index/package_run_dependencies/unitree_legged_real
-- Up-to-date: /ws/install/unitree_legged_real/share/ament_index/resource_index/parent_prefix_path/unitree_legged_real
-- Up-to-date: /ws/install/unitree_legged_real/share/unitree_legged_real/environment/ament_prefix_path.sh
-- Up-to-date: /ws/install/unitree_legged_real/share/unitree_legged_real/environment/ament_prefix_path.dsv
-- Up-to-date: /ws/install/unitree_legged_real/share/unitree_legged_real/environment/path.sh
-- Up-to-date: /ws/install/unitree_legged_real/share/unitree_legged_real/environment/path.dsv
-- Up-to-date: /ws/install/unitree_legged_real/share/unitree_legged_real/local_setup.bash
-- Up-to-date: /ws/install/unitree_legged_real/share/unitree_legged_real/local_setup.sh
-- Up-to-date: /ws/install/unitree_legged_real/share/unitree_legged_real/local_setup.zsh
-- Up-to-date: /ws/install/unitree_legged_real/share/unitree_legged_real/local_setup.dsv
-- Installing: /ws/install/unitree_legged_real/share/unitree_legged_real/package.dsv
-- Up-to-date: /ws/install/unitree_legged_real/share/ament_index/resource_index/packages/unitree_legged_real
-- Up-to-date: /ws/install/unitree_legged_real/share/unitree_legged_real/cmake/unitree_legged_realConfig.cmake
-- Up-to-date: /ws/install/unitree_legged_real/share/unitree_legged_real/cmake/unitree_legged_realConfig-version.cmake
-- Up-to-date: /ws/install/unitree_legged_real/share/unitree_legged_real/package.xml
