[0.056s] Invoking command in '/ws/build/unitree_api': CMAKE_PREFIX_PATH=${CMAKE_PREFIX_PATH}:/opt/ros/humble /usr/bin/cmake --build /ws/build/unitree_api -- -j4 -l4
[0.215s] [35m[1mConsolidate compiler generated dependencies of target unitree_api__rosidl_generator_c[0m
[0.298s] [  1%] Built target unitree_api__dds_connext_idl
[0.311s] [  2%] Built target unitree_api__cpp
[0.365s] [ 13%] Built target unitree_api__rosidl_generator_c
[0.375s] [35m[1mConsolidate compiler generated dependencies of target unitree_api__rosidl_typesupport_fastrtps_cpp[0m
[0.426s] [35m[1mConsolidate compiler generated dependencies of target unitree_api__rosidl_typesupport_introspection_cpp[0m
[0.447s] [ 13%] Built target ament_cmake_python_copy_unitree_api
[0.525s] [35m[1mConsolidate compiler generated dependencies of target unitree_api__rosidl_typesupport_cpp[0m
[0.531s] [ 25%] Built target unitree_api__rosidl_typesupport_fastrtps_cpp
[0.582s] [35m[1mConsolidate compiler generated dependencies of target unitree_api__rosidl_typesupport_introspection_c[0m
[0.670s] [35m[1mConsolidate compiler generated dependencies of target unitree_api__rosidl_typesupport_fastrtps_c[0m
[0.670s] [ 36%] Built target unitree_api__rosidl_typesupport_introspection_cpp
[0.707s] [ 47%] Built target unitree_api__rosidl_typesupport_cpp
[0.744s] [ 59%] Built target unitree_api__rosidl_typesupport_introspection_c
[0.801s] [35m[1mConsolidate compiler generated dependencies of target unitree_api__rosidl_typesupport_c[0m
[0.855s] [ 70%] Built target unitree_api__rosidl_typesupport_fastrtps_c
[0.955s] [ 81%] Built target unitree_api__rosidl_typesupport_c
[1.201s] [ 81%] Built target unitree_api
[1.381s] [ 82%] Built target unitree_api__py
[1.494s] [35m[1mConsolidate compiler generated dependencies of target unitree_api__rosidl_generator_py[0m
[1.686s] [ 93%] Built target unitree_api__rosidl_generator_py
[1.759s] [35m[1mConsolidate compiler generated dependencies of target unitree_api__rosidl_typesupport_fastrtps_c__pyext[0m
[1.823s] [35m[1mConsolidate compiler generated dependencies of target unitree_api__rosidl_typesupport_introspection_c__pyext[0m
[1.835s] [35m[1mConsolidate compiler generated dependencies of target unitree_api__rosidl_typesupport_c__pyext[0m
[1.911s] [ 95%] Built target unitree_api__rosidl_typesupport_fastrtps_c__pyext
[1.926s] [ 97%] Built target unitree_api__rosidl_typesupport_introspection_c__pyext
[2.024s] [100%] Built target unitree_api__rosidl_typesupport_c__pyext
[2.906s] running egg_info
[2.912s] writing unitree_api.egg-info/PKG-INFO
[2.915s] writing dependency_links to unitree_api.egg-info/dependency_links.txt
[2.921s] writing top-level names to unitree_api.egg-info/top_level.txt
[2.941s] reading manifest file 'unitree_api.egg-info/SOURCES.txt'
[2.941s] writing manifest file 'unitree_api.egg-info/SOURCES.txt'
[3.367s] [100%] Built target ament_cmake_python_build_unitree_api_egg
[3.420s] Invoked command in '/ws/build/unitree_api' returned '0': CMAKE_PREFIX_PATH=${CMAKE_PREFIX_PATH}:/opt/ros/humble /usr/bin/cmake --build /ws/build/unitree_api -- -j4 -l4
[3.420s] Invoking command in '/ws/build/unitree_api': CMAKE_PREFIX_PATH=${CMAKE_PREFIX_PATH}:/opt/ros/humble /usr/bin/cmake --install /ws/build/unitree_api
[3.491s] -- Install configuration: ""
[3.492s] -- Up-to-date: /ws/install/unitree_api/share/ament_index/resource_index/rosidl_interfaces/unitree_api
[3.496s] -- Up-to-date: /ws/install/unitree_api/include/unitree_api/unitree_api
[3.496s] -- Up-to-date: /ws/install/unitree_api/include/unitree_api/unitree_api/msg
[3.496s] -- Up-to-date: /ws/install/unitree_api/include/unitree_api/unitree_api/msg/request_lease.h
[3.496s] -- Up-to-date: /ws/install/unitree_api/include/unitree_api/unitree_api/msg/request_policy.h
[3.496s] -- Up-to-date: /ws/install/unitree_api/include/unitree_api/unitree_api/msg/response.h
[3.497s] -- Up-to-date: /ws/install/unitree_api/include/unitree_api/unitree_api/msg/response_header.h
[3.500s] -- Up-to-date: /ws/install/unitree_api/include/unitree_api/unitree_api/msg/request_header.h
[3.501s] -- Up-to-date: /ws/install/unitree_api/include/unitree_api/unitree_api/msg/rosidl_generator_c__visibility_control.h
[3.501s] -- Up-to-date: /ws/install/unitree_api/include/unitree_api/unitree_api/msg/response_status.h
[3.501s] -- Up-to-date: /ws/install/unitree_api/include/unitree_api/unitree_api/msg/request.h
[3.501s] -- Up-to-date: /ws/install/unitree_api/include/unitree_api/unitree_api/msg/detail
[3.501s] -- Up-to-date: /ws/install/unitree_api/include/unitree_api/unitree_api/msg/detail/request_header__functions.h
[3.501s] -- Up-to-date: /ws/install/unitree_api/include/unitree_api/unitree_api/msg/detail/response_status__struct.h
[3.502s] -- Up-to-date: /ws/install/unitree_api/include/unitree_api/unitree_api/msg/detail/request_policy__type_support.h
[3.503s] -- Up-to-date: /ws/install/unitree_api/include/unitree_api/unitree_api/msg/detail/request__functions.h
[3.503s] -- Up-to-date: /ws/install/unitree_api/include/unitree_api/unitree_api/msg/detail/request_lease__functions.c
[3.503s] -- Up-to-date: /ws/install/unitree_api/include/unitree_api/unitree_api/msg/detail/request_identity__functions.h
[3.503s] -- Up-to-date: /ws/install/unitree_api/include/unitree_api/unitree_api/msg/detail/request_identity__functions.c
[3.503s] -- Up-to-date: /ws/install/unitree_api/include/unitree_api/unitree_api/msg/detail/request_policy__functions.c
[3.503s] -- Up-to-date: /ws/install/unitree_api/include/unitree_api/unitree_api/msg/detail/response_header__functions.h
[3.503s] -- Up-to-date: /ws/install/unitree_api/include/unitree_api/unitree_api/msg/detail/request_header__struct.h
[3.503s] -- Up-to-date: /ws/install/unitree_api/include/unitree_api/unitree_api/msg/detail/request_lease__struct.h
[3.503s] -- Up-to-date: /ws/install/unitree_api/include/unitree_api/unitree_api/msg/detail/response__type_support.h
[3.508s] -- Up-to-date: /ws/install/unitree_api/include/unitree_api/unitree_api/msg/detail/request_policy__functions.h
[3.508s] -- Up-to-date: /ws/install/unitree_api/include/unitree_api/unitree_api/msg/detail/response_status__type_support.h
[3.508s] -- Up-to-date: /ws/install/unitree_api/include/unitree_api/unitree_api/msg/detail/response__functions.h
[3.509s] -- Up-to-date: /ws/install/unitree_api/include/unitree_api/unitree_api/msg/detail/response_status__functions.c
[3.509s] -- Up-to-date: /ws/install/unitree_api/include/unitree_api/unitree_api/msg/detail/request__functions.c
[3.509s] -- Up-to-date: /ws/install/unitree_api/include/unitree_api/unitree_api/msg/detail/request__type_support.h
[3.509s] -- Up-to-date: /ws/install/unitree_api/include/unitree_api/unitree_api/msg/detail/request_identity__struct.h
[3.509s] -- Up-to-date: /ws/install/unitree_api/include/unitree_api/unitree_api/msg/detail/response__struct.h
[3.509s] -- Up-to-date: /ws/install/unitree_api/include/unitree_api/unitree_api/msg/detail/response_status__functions.h
[3.509s] -- Up-to-date: /ws/install/unitree_api/include/unitree_api/unitree_api/msg/detail/request_header__functions.c
[3.509s] -- Up-to-date: /ws/install/unitree_api/include/unitree_api/unitree_api/msg/detail/request__struct.h
[3.509s] -- Up-to-date: /ws/install/unitree_api/include/unitree_api/unitree_api/msg/detail/response_header__functions.c
[3.509s] -- Up-to-date: /ws/install/unitree_api/include/unitree_api/unitree_api/msg/detail/request_header__type_support.h
[3.509s] -- Up-to-date: /ws/install/unitree_api/include/unitree_api/unitree_api/msg/detail/request_lease__functions.h
[3.510s] -- Up-to-date: /ws/install/unitree_api/include/unitree_api/unitree_api/msg/detail/response__functions.c
[3.510s] -- Up-to-date: /ws/install/unitree_api/include/unitree_api/unitree_api/msg/detail/request_policy__struct.h
[3.519s] -- Up-to-date: /ws/install/unitree_api/include/unitree_api/unitree_api/msg/detail/request_identity__type_support.h
[3.519s] -- Up-to-date: /ws/install/unitree_api/include/unitree_api/unitree_api/msg/detail/response_header__type_support.h
[3.519s] -- Up-to-date: /ws/install/unitree_api/include/unitree_api/unitree_api/msg/detail/request_lease__type_support.h
[3.519s] -- Up-to-date: /ws/install/unitree_api/include/unitree_api/unitree_api/msg/detail/response_header__struct.h
[3.519s] -- Up-to-date: /ws/install/unitree_api/include/unitree_api/unitree_api/msg/request_identity.h
[3.519s] -- Up-to-date: /ws/install/unitree_api/share/unitree_api/environment/library_path.sh
[3.519s] -- Up-to-date: /ws/install/unitree_api/share/unitree_api/environment/library_path.dsv
[3.519s] -- Up-to-date: /ws/install/unitree_api/lib/libunitree_api__rosidl_generator_c.so
[3.519s] -- Up-to-date: /ws/install/unitree_api/include/unitree_api/unitree_api
[3.520s] -- Up-to-date: /ws/install/unitree_api/include/unitree_api/unitree_api/msg
[3.520s] -- Up-to-date: /ws/install/unitree_api/include/unitree_api/unitree_api/msg/rosidl_typesupport_fastrtps_c__visibility_control.h
[3.520s] -- Up-to-date: /ws/install/unitree_api/include/unitree_api/unitree_api/msg/detail
[3.520s] -- Up-to-date: /ws/install/unitree_api/include/unitree_api/unitree_api/msg/detail/request_policy__rosidl_typesupport_fastrtps_c.h
[3.520s] -- Up-to-date: /ws/install/unitree_api/include/unitree_api/unitree_api/msg/detail/request_identity__rosidl_typesupport_fastrtps_c.h
[3.520s] -- Up-to-date: /ws/install/unitree_api/include/unitree_api/unitree_api/msg/detail/response_status__rosidl_typesupport_fastrtps_c.h
[3.520s] -- Up-to-date: /ws/install/unitree_api/include/unitree_api/unitree_api/msg/detail/request_lease__rosidl_typesupport_fastrtps_c.h
[3.520s] -- Up-to-date: /ws/install/unitree_api/include/unitree_api/unitree_api/msg/detail/request_header__rosidl_typesupport_fastrtps_c.h
[3.520s] -- Up-to-date: /ws/install/unitree_api/include/unitree_api/unitree_api/msg/detail/response__rosidl_typesupport_fastrtps_c.h
[3.520s] -- Up-to-date: /ws/install/unitree_api/include/unitree_api/unitree_api/msg/detail/response_header__rosidl_typesupport_fastrtps_c.h
[3.520s] -- Up-to-date: /ws/install/unitree_api/include/unitree_api/unitree_api/msg/detail/request__rosidl_typesupport_fastrtps_c.h
[3.520s] -- Up-to-date: /ws/install/unitree_api/lib/libunitree_api__rosidl_typesupport_fastrtps_c.so
[3.521s] -- Up-to-date: /ws/install/unitree_api/include/unitree_api/unitree_api
[3.521s] -- Up-to-date: /ws/install/unitree_api/include/unitree_api/unitree_api/msg
[3.521s] -- Up-to-date: /ws/install/unitree_api/include/unitree_api/unitree_api/msg/request_lease.hpp
[3.521s] -- Up-to-date: /ws/install/unitree_api/include/unitree_api/unitree_api/msg/rosidl_generator_cpp__visibility_control.hpp
[3.537s] -- Up-to-date: /ws/install/unitree_api/include/unitree_api/unitree_api/msg/request_header.hpp
[3.541s] -- Up-to-date: /ws/install/unitree_api/include/unitree_api/unitree_api/msg/response.hpp
[3.541s] -- Up-to-date: /ws/install/unitree_api/include/unitree_api/unitree_api/msg/request_identity.hpp
[3.541s] -- Up-to-date: /ws/install/unitree_api/include/unitree_api/unitree_api/msg/response_header.hpp
[3.541s] -- Up-to-date: /ws/install/unitree_api/include/unitree_api/unitree_api/msg/request.hpp
[3.541s] -- Up-to-date: /ws/install/unitree_api/include/unitree_api/unitree_api/msg/request_policy.hpp
[3.541s] -- Up-to-date: /ws/install/unitree_api/include/unitree_api/unitree_api/msg/detail
[3.541s] -- Up-to-date: /ws/install/unitree_api/include/unitree_api/unitree_api/msg/detail/response_status__type_support.hpp
[3.541s] -- Up-to-date: /ws/install/unitree_api/include/unitree_api/unitree_api/msg/detail/request_policy__traits.hpp
[3.541s] -- Up-to-date: /ws/install/unitree_api/include/unitree_api/unitree_api/msg/detail/request_lease__traits.hpp
[3.542s] -- Up-to-date: /ws/install/unitree_api/include/unitree_api/unitree_api/msg/detail/request_lease__type_support.hpp
[3.542s] -- Up-to-date: /ws/install/unitree_api/include/unitree_api/unitree_api/msg/detail/request_identity__type_support.hpp
[3.542s] -- Up-to-date: /ws/install/unitree_api/include/unitree_api/unitree_api/msg/detail/request_header__type_support.hpp
[3.542s] -- Up-to-date: /ws/install/unitree_api/include/unitree_api/unitree_api/msg/detail/response_status__struct.hpp
[3.542s] -- Up-to-date: /ws/install/unitree_api/include/unitree_api/unitree_api/msg/detail/response_status__builder.hpp
[3.542s] -- Up-to-date: /ws/install/unitree_api/include/unitree_api/unitree_api/msg/detail/request_header__builder.hpp
[3.542s] -- Up-to-date: /ws/install/unitree_api/include/unitree_api/unitree_api/msg/detail/request_policy__struct.hpp
[3.542s] -- Up-to-date: /ws/install/unitree_api/include/unitree_api/unitree_api/msg/detail/response__traits.hpp
[3.553s] -- Up-to-date: /ws/install/unitree_api/include/unitree_api/unitree_api/msg/detail/request_header__traits.hpp
[3.553s] -- Up-to-date: /ws/install/unitree_api/include/unitree_api/unitree_api/msg/detail/response_header__struct.hpp
[3.553s] -- Up-to-date: /ws/install/unitree_api/include/unitree_api/unitree_api/msg/detail/request_lease__builder.hpp
[3.553s] -- Up-to-date: /ws/install/unitree_api/include/unitree_api/unitree_api/msg/detail/request_header__struct.hpp
[3.554s] -- Up-to-date: /ws/install/unitree_api/include/unitree_api/unitree_api/msg/detail/response_header__traits.hpp
[3.554s] -- Up-to-date: /ws/install/unitree_api/include/unitree_api/unitree_api/msg/detail/request__struct.hpp
[3.554s] -- Up-to-date: /ws/install/unitree_api/include/unitree_api/unitree_api/msg/detail/response_header__builder.hpp
[3.554s] -- Up-to-date: /ws/install/unitree_api/include/unitree_api/unitree_api/msg/detail/request__type_support.hpp
[3.554s] -- Up-to-date: /ws/install/unitree_api/include/unitree_api/unitree_api/msg/detail/response__struct.hpp
[3.554s] -- Up-to-date: /ws/install/unitree_api/include/unitree_api/unitree_api/msg/detail/response_status__traits.hpp
[3.554s] -- Up-to-date: /ws/install/unitree_api/include/unitree_api/unitree_api/msg/detail/response__type_support.hpp
[3.559s] -- Up-to-date: /ws/install/unitree_api/include/unitree_api/unitree_api/msg/detail/request_policy__type_support.hpp
[3.559s] -- Up-to-date: /ws/install/unitree_api/include/unitree_api/unitree_api/msg/detail/response_header__type_support.hpp
[3.560s] -- Up-to-date: /ws/install/unitree_api/include/unitree_api/unitree_api/msg/detail/request_identity__traits.hpp
[3.560s] -- Up-to-date: /ws/install/unitree_api/include/unitree_api/unitree_api/msg/detail/request_policy__builder.hpp
[3.566s] -- Up-to-date: /ws/install/unitree_api/include/unitree_api/unitree_api/msg/detail/request__builder.hpp
[3.566s] -- Up-to-date: /ws/install/unitree_api/include/unitree_api/unitree_api/msg/detail/request_identity__struct.hpp
[3.566s] -- Up-to-date: /ws/install/unitree_api/include/unitree_api/unitree_api/msg/detail/request_identity__builder.hpp
[3.572s] -- Up-to-date: /ws/install/unitree_api/include/unitree_api/unitree_api/msg/detail/request_lease__struct.hpp
[3.573s] -- Up-to-date: /ws/install/unitree_api/include/unitree_api/unitree_api/msg/detail/request__traits.hpp
[3.573s] -- Up-to-date: /ws/install/unitree_api/include/unitree_api/unitree_api/msg/detail/response__builder.hpp
[3.573s] -- Up-to-date: /ws/install/unitree_api/include/unitree_api/unitree_api/msg/response_status.hpp
[3.573s] -- Up-to-date: /ws/install/unitree_api/include/unitree_api/unitree_api
[3.573s] -- Up-to-date: /ws/install/unitree_api/include/unitree_api/unitree_api/msg
[3.573s] -- Up-to-date: /ws/install/unitree_api/include/unitree_api/unitree_api/msg/rosidl_typesupport_fastrtps_cpp__visibility_control.h
[3.573s] -- Up-to-date: /ws/install/unitree_api/include/unitree_api/unitree_api/msg/detail
[3.574s] -- Up-to-date: /ws/install/unitree_api/include/unitree_api/unitree_api/msg/detail/response__rosidl_typesupport_fastrtps_cpp.hpp
[3.574s] -- Up-to-date: /ws/install/unitree_api/include/unitree_api/unitree_api/msg/detail/request_identity__rosidl_typesupport_fastrtps_cpp.hpp
[3.574s] -- Up-to-date: /ws/install/unitree_api/include/unitree_api/unitree_api/msg/detail/response_header__rosidl_typesupport_fastrtps_cpp.hpp
[3.574s] -- Up-to-date: /ws/install/unitree_api/include/unitree_api/unitree_api/msg/detail/dds_fastrtps
[3.574s] -- Up-to-date: /ws/install/unitree_api/include/unitree_api/unitree_api/msg/detail/request_policy__rosidl_typesupport_fastrtps_cpp.hpp
[3.574s] -- Up-to-date: /ws/install/unitree_api/include/unitree_api/unitree_api/msg/detail/request_header__rosidl_typesupport_fastrtps_cpp.hpp
[3.574s] -- Up-to-date: /ws/install/unitree_api/include/unitree_api/unitree_api/msg/detail/request__rosidl_typesupport_fastrtps_cpp.hpp
[3.580s] -- Up-to-date: /ws/install/unitree_api/include/unitree_api/unitree_api/msg/detail/response_status__rosidl_typesupport_fastrtps_cpp.hpp
[3.580s] -- Up-to-date: /ws/install/unitree_api/include/unitree_api/unitree_api/msg/detail/request_lease__rosidl_typesupport_fastrtps_cpp.hpp
[3.580s] -- Up-to-date: /ws/install/unitree_api/lib/libunitree_api__rosidl_typesupport_fastrtps_cpp.so
[3.580s] -- Up-to-date: /ws/install/unitree_api/include/unitree_api/unitree_api
[3.580s] -- Up-to-date: /ws/install/unitree_api/include/unitree_api/unitree_api/msg
[3.580s] -- Up-to-date: /ws/install/unitree_api/include/unitree_api/unitree_api/msg/rosidl_typesupport_introspection_c__visibility_control.h
[3.581s] -- Up-to-date: /ws/install/unitree_api/include/unitree_api/unitree_api/msg/detail
[3.581s] -- Up-to-date: /ws/install/unitree_api/include/unitree_api/unitree_api/msg/detail/request__rosidl_typesupport_introspection_c.h
[3.581s] -- Up-to-date: /ws/install/unitree_api/include/unitree_api/unitree_api/msg/detail/response_status__type_support.c
[3.581s] -- Up-to-date: /ws/install/unitree_api/include/unitree_api/unitree_api/msg/detail/request_lease__type_support.c
[3.581s] -- Up-to-date: /ws/install/unitree_api/include/unitree_api/unitree_api/msg/detail/request_identity__type_support.c
[3.581s] -- Up-to-date: /ws/install/unitree_api/include/unitree_api/unitree_api/msg/detail/response_header__type_support.c
[3.581s] -- Up-to-date: /ws/install/unitree_api/include/unitree_api/unitree_api/msg/detail/request_policy__rosidl_typesupport_introspection_c.h
[3.581s] -- Up-to-date: /ws/install/unitree_api/include/unitree_api/unitree_api/msg/detail/request_header__rosidl_typesupport_introspection_c.h
[3.581s] -- Up-to-date: /ws/install/unitree_api/include/unitree_api/unitree_api/msg/detail/response__rosidl_typesupport_introspection_c.h
[3.581s] -- Up-to-date: /ws/install/unitree_api/include/unitree_api/unitree_api/msg/detail/request__type_support.c
[3.581s] -- Up-to-date: /ws/install/unitree_api/include/unitree_api/unitree_api/msg/detail/request_lease__rosidl_typesupport_introspection_c.h
[3.582s] -- Up-to-date: /ws/install/unitree_api/include/unitree_api/unitree_api/msg/detail/response__type_support.c
[3.582s] -- Up-to-date: /ws/install/unitree_api/include/unitree_api/unitree_api/msg/detail/request_policy__type_support.c
[3.582s] -- Up-to-date: /ws/install/unitree_api/include/unitree_api/unitree_api/msg/detail/response_header__rosidl_typesupport_introspection_c.h
[3.582s] -- Up-to-date: /ws/install/unitree_api/include/unitree_api/unitree_api/msg/detail/request_header__type_support.c
[3.582s] -- Up-to-date: /ws/install/unitree_api/include/unitree_api/unitree_api/msg/detail/request_identity__rosidl_typesupport_introspection_c.h
[3.582s] -- Up-to-date: /ws/install/unitree_api/include/unitree_api/unitree_api/msg/detail/response_status__rosidl_typesupport_introspection_c.h
[3.582s] -- Up-to-date: /ws/install/unitree_api/lib/libunitree_api__rosidl_typesupport_introspection_c.so
[3.582s] -- Up-to-date: /ws/install/unitree_api/lib/libunitree_api__rosidl_typesupport_c.so
[3.582s] -- Up-to-date: /ws/install/unitree_api/include/unitree_api/unitree_api
[3.582s] -- Up-to-date: /ws/install/unitree_api/include/unitree_api/unitree_api/msg
[3.592s] -- Up-to-date: /ws/install/unitree_api/include/unitree_api/unitree_api/msg/detail
[3.592s] -- Up-to-date: /ws/install/unitree_api/include/unitree_api/unitree_api/msg/detail/request_lease__rosidl_typesupport_introspection_cpp.hpp
[3.592s] -- Up-to-date: /ws/install/unitree_api/include/unitree_api/unitree_api/msg/detail/request_lease__type_support.cpp
[3.592s] -- Up-to-date: /ws/install/unitree_api/include/unitree_api/unitree_api/msg/detail/request_header__rosidl_typesupport_introspection_cpp.hpp
[3.592s] -- Up-to-date: /ws/install/unitree_api/include/unitree_api/unitree_api/msg/detail/request__type_support.cpp
[3.592s] -- Up-to-date: /ws/install/unitree_api/include/unitree_api/unitree_api/msg/detail/response__type_support.cpp
[3.592s] -- Up-to-date: /ws/install/unitree_api/include/unitree_api/unitree_api/msg/detail/request_identity__type_support.cpp
[3.592s] -- Up-to-date: /ws/install/unitree_api/include/unitree_api/unitree_api/msg/detail/request__rosidl_typesupport_introspection_cpp.hpp
[3.592s] -- Up-to-date: /ws/install/unitree_api/include/unitree_api/unitree_api/msg/detail/response_header__type_support.cpp
[3.592s] -- Up-to-date: /ws/install/unitree_api/include/unitree_api/unitree_api/msg/detail/request_identity__rosidl_typesupport_introspection_cpp.hpp
[3.592s] -- Up-to-date: /ws/install/unitree_api/include/unitree_api/unitree_api/msg/detail/request_policy__type_support.cpp
[3.593s] -- Up-to-date: /ws/install/unitree_api/include/unitree_api/unitree_api/msg/detail/response_status__type_support.cpp
[3.593s] -- Up-to-date: /ws/install/unitree_api/include/unitree_api/unitree_api/msg/detail/response_status__rosidl_typesupport_introspection_cpp.hpp
[3.593s] -- Up-to-date: /ws/install/unitree_api/include/unitree_api/unitree_api/msg/detail/request_policy__rosidl_typesupport_introspection_cpp.hpp
[3.593s] -- Up-to-date: /ws/install/unitree_api/include/unitree_api/unitree_api/msg/detail/response_header__rosidl_typesupport_introspection_cpp.hpp
[3.593s] -- Up-to-date: /ws/install/unitree_api/include/unitree_api/unitree_api/msg/detail/response__rosidl_typesupport_introspection_cpp.hpp
[3.593s] -- Up-to-date: /ws/install/unitree_api/include/unitree_api/unitree_api/msg/detail/request_header__type_support.cpp
[3.593s] -- Up-to-date: /ws/install/unitree_api/lib/libunitree_api__rosidl_typesupport_introspection_cpp.so
[3.593s] -- Up-to-date: /ws/install/unitree_api/lib/libunitree_api__rosidl_typesupport_cpp.so
[3.593s] -- Up-to-date: /ws/install/unitree_api/share/unitree_api/environment/pythonpath.sh
[3.593s] -- Up-to-date: /ws/install/unitree_api/share/unitree_api/environment/pythonpath.dsv
[3.593s] -- Up-to-date: /ws/install/unitree_api/local/lib/python3.10/dist-packages/unitree_api-0.0.0-py3.10.egg-info
[3.594s] -- Installing: /ws/install/unitree_api/local/lib/python3.10/dist-packages/unitree_api-0.0.0-py3.10.egg-info/dependency_links.txt
[3.594s] -- Installing: /ws/install/unitree_api/local/lib/python3.10/dist-packages/unitree_api-0.0.0-py3.10.egg-info/top_level.txt
[3.600s] -- Installing: /ws/install/unitree_api/local/lib/python3.10/dist-packages/unitree_api-0.0.0-py3.10.egg-info/SOURCES.txt
[3.600s] -- Installing: /ws/install/unitree_api/local/lib/python3.10/dist-packages/unitree_api-0.0.0-py3.10.egg-info/PKG-INFO
[3.600s] -- Up-to-date: /ws/install/unitree_api/local/lib/python3.10/dist-packages/unitree_api
[3.600s] -- Up-to-date: /ws/install/unitree_api/local/lib/python3.10/dist-packages/unitree_api/_unitree_api_s.ep.rosidl_typesupport_introspection_c.c
[3.600s] -- Up-to-date: /ws/install/unitree_api/local/lib/python3.10/dist-packages/unitree_api/unitree_api_s__rosidl_typesupport_fastrtps_c.cpython-310-aarch64-linux-gnu.so
[3.600s] -- Up-to-date: /ws/install/unitree_api/local/lib/python3.10/dist-packages/unitree_api/unitree_api_s__rosidl_typesupport_c.cpython-310-aarch64-linux-gnu.so
[3.600s] -- Up-to-date: /ws/install/unitree_api/local/lib/python3.10/dist-packages/unitree_api/unitree_api_s__rosidl_typesupport_introspection_c.cpython-310-aarch64-linux-gnu.so
[3.600s] -- Up-to-date: /ws/install/unitree_api/local/lib/python3.10/dist-packages/unitree_api/libunitree_api__rosidl_generator_py.so
[3.601s] -- Up-to-date: /ws/install/unitree_api/local/lib/python3.10/dist-packages/unitree_api/msg
[3.601s] -- Up-to-date: /ws/install/unitree_api/local/lib/python3.10/dist-packages/unitree_api/msg/_request_policy_s.c
[3.601s] -- Up-to-date: /ws/install/unitree_api/local/lib/python3.10/dist-packages/unitree_api/msg/_request_policy.py
[3.601s] -- Up-to-date: /ws/install/unitree_api/local/lib/python3.10/dist-packages/unitree_api/msg/_request_identity.py
[3.601s] -- Up-to-date: /ws/install/unitree_api/local/lib/python3.10/dist-packages/unitree_api/msg/_response_status.py
[3.601s] -- Up-to-date: /ws/install/unitree_api/local/lib/python3.10/dist-packages/unitree_api/msg/_response.py
[3.601s] -- Up-to-date: /ws/install/unitree_api/local/lib/python3.10/dist-packages/unitree_api/msg/_response_header_s.c
[3.601s] -- Up-to-date: /ws/install/unitree_api/local/lib/python3.10/dist-packages/unitree_api/msg/_request_header_s.c
[3.601s] -- Up-to-date: /ws/install/unitree_api/local/lib/python3.10/dist-packages/unitree_api/msg/_response_s.c
[3.601s] -- Up-to-date: /ws/install/unitree_api/local/lib/python3.10/dist-packages/unitree_api/msg/_request_lease.py
[3.602s] -- Up-to-date: /ws/install/unitree_api/local/lib/python3.10/dist-packages/unitree_api/msg/__init__.py
[3.602s] -- Up-to-date: /ws/install/unitree_api/local/lib/python3.10/dist-packages/unitree_api/msg/_request_s.c
[3.602s] -- Up-to-date: /ws/install/unitree_api/local/lib/python3.10/dist-packages/unitree_api/msg/_response_header.py
[3.602s] -- Up-to-date: /ws/install/unitree_api/local/lib/python3.10/dist-packages/unitree_api/msg/_response_status_s.c
[3.602s] -- Up-to-date: /ws/install/unitree_api/local/lib/python3.10/dist-packages/unitree_api/msg/_request.py
[3.602s] -- Up-to-date: /ws/install/unitree_api/local/lib/python3.10/dist-packages/unitree_api/msg/_request_header.py
[3.602s] -- Up-to-date: /ws/install/unitree_api/local/lib/python3.10/dist-packages/unitree_api/msg/_request_identity_s.c
[3.602s] -- Up-to-date: /ws/install/unitree_api/local/lib/python3.10/dist-packages/unitree_api/msg/_request_lease_s.c
[3.602s] -- Up-to-date: /ws/install/unitree_api/local/lib/python3.10/dist-packages/unitree_api/_unitree_api_s.ep.rosidl_typesupport_c.c
[3.608s] -- Up-to-date: /ws/install/unitree_api/local/lib/python3.10/dist-packages/unitree_api/__init__.py
[3.609s] -- Up-to-date: /ws/install/unitree_api/local/lib/python3.10/dist-packages/unitree_api/_unitree_api_s.ep.rosidl_typesupport_fastrtps_c.c
[3.916s] Listing '/ws/install/unitree_api/local/lib/python3.10/dist-packages/unitree_api'...
[3.916s] Listing '/ws/install/unitree_api/local/lib/python3.10/dist-packages/unitree_api/msg'...
[4.007s] -- Up-to-date: /ws/install/unitree_api/local/lib/python3.10/dist-packages/unitree_api/unitree_api_s__rosidl_typesupport_fastrtps_c.cpython-310-aarch64-linux-gnu.so
[4.007s] -- Up-to-date: /ws/install/unitree_api/local/lib/python3.10/dist-packages/unitree_api/unitree_api_s__rosidl_typesupport_introspection_c.cpython-310-aarch64-linux-gnu.so
[4.007s] -- Up-to-date: /ws/install/unitree_api/local/lib/python3.10/dist-packages/unitree_api/unitree_api_s__rosidl_typesupport_c.cpython-310-aarch64-linux-gnu.so
[4.007s] -- Up-to-date: /ws/install/unitree_api/lib/libunitree_api__rosidl_generator_py.so
[4.016s] -- Up-to-date: /ws/install/unitree_api/share/unitree_api/msg/Request.idl
[4.016s] -- Up-to-date: /ws/install/unitree_api/share/unitree_api/msg/RequestHeader.idl
[4.016s] -- Up-to-date: /ws/install/unitree_api/share/unitree_api/msg/RequestIdentity.idl
[4.016s] -- Up-to-date: /ws/install/unitree_api/share/unitree_api/msg/RequestLease.idl
[4.016s] -- Up-to-date: /ws/install/unitree_api/share/unitree_api/msg/RequestPolicy.idl
[4.016s] -- Up-to-date: /ws/install/unitree_api/share/unitree_api/msg/Response.idl
[4.016s] -- Up-to-date: /ws/install/unitree_api/share/unitree_api/msg/ResponseHeader.idl
[4.017s] -- Up-to-date: /ws/install/unitree_api/share/unitree_api/msg/ResponseStatus.idl
[4.017s] -- Up-to-date: /ws/install/unitree_api/share/unitree_api/msg/Request.msg
[4.017s] -- Up-to-date: /ws/install/unitree_api/share/unitree_api/msg/RequestHeader.msg
[4.017s] -- Up-to-date: /ws/install/unitree_api/share/unitree_api/msg/RequestIdentity.msg
[4.017s] -- Up-to-date: /ws/install/unitree_api/share/unitree_api/msg/RequestLease.msg
[4.017s] -- Up-to-date: /ws/install/unitree_api/share/unitree_api/msg/RequestPolicy.msg
[4.017s] -- Up-to-date: /ws/install/unitree_api/share/unitree_api/msg/Response.msg
[4.017s] -- Up-to-date: /ws/install/unitree_api/share/unitree_api/msg/ResponseHeader.msg
[4.017s] -- Up-to-date: /ws/install/unitree_api/share/unitree_api/msg/ResponseStatus.msg
[4.017s] -- Up-to-date: /ws/install/unitree_api/share/unitree_api/msg/dds_connext
[4.017s] -- Up-to-date: /ws/install/unitree_api/share/unitree_api/msg/dds_connext/Request_.idl
[4.018s] -- Up-to-date: /ws/install/unitree_api/share/unitree_api/msg/dds_connext/RequestPolicy_.idl
[4.018s] -- Up-to-date: /ws/install/unitree_api/share/unitree_api/msg/dds_connext/RequestLease_.idl
[4.018s] -- Up-to-date: /ws/install/unitree_api/share/unitree_api/msg/dds_connext/RequestHeader_.idl
[4.018s] -- Up-to-date: /ws/install/unitree_api/share/unitree_api/msg/dds_connext/RequestIdentity_.idl
[4.018s] -- Up-to-date: /ws/install/unitree_api/share/unitree_api/msg/dds_connext/ResponseStatus_.idl
[4.018s] -- Up-to-date: /ws/install/unitree_api/share/unitree_api/msg/dds_connext/Response_.idl
[4.018s] -- Up-to-date: /ws/install/unitree_api/share/unitree_api/msg/dds_connext/ResponseHeader_.idl
[4.018s] -- Up-to-date: /ws/install/unitree_api/share/ament_index/resource_index/package_run_dependencies/unitree_api
[4.018s] -- Up-to-date: /ws/install/unitree_api/share/ament_index/resource_index/parent_prefix_path/unitree_api
[4.027s] -- Up-to-date: /ws/install/unitree_api/share/unitree_api/environment/ament_prefix_path.sh
[4.027s] -- Up-to-date: /ws/install/unitree_api/share/unitree_api/environment/ament_prefix_path.dsv
[4.027s] -- Up-to-date: /ws/install/unitree_api/share/unitree_api/environment/path.sh
[4.027s] -- Up-to-date: /ws/install/unitree_api/share/unitree_api/environment/path.dsv
[4.027s] -- Up-to-date: /ws/install/unitree_api/share/unitree_api/local_setup.bash
[4.028s] -- Up-to-date: /ws/install/unitree_api/share/unitree_api/local_setup.sh
[4.028s] -- Up-to-date: /ws/install/unitree_api/share/unitree_api/local_setup.zsh
[4.028s] -- Up-to-date: /ws/install/unitree_api/share/unitree_api/local_setup.dsv
[4.028s] -- Installing: /ws/install/unitree_api/share/unitree_api/package.dsv
[4.028s] -- Up-to-date: /ws/install/unitree_api/share/ament_index/resource_index/packages/unitree_api
[4.028s] -- Up-to-date: /ws/install/unitree_api/share/unitree_api/cmake/export_unitree_api__rosidl_generator_cExport.cmake
[4.028s] -- Up-to-date: /ws/install/unitree_api/share/unitree_api/cmake/export_unitree_api__rosidl_generator_cExport-noconfig.cmake
[4.028s] -- Up-to-date: /ws/install/unitree_api/share/unitree_api/cmake/export_unitree_api__rosidl_typesupport_fastrtps_cExport.cmake
[4.028s] -- Up-to-date: /ws/install/unitree_api/share/unitree_api/cmake/export_unitree_api__rosidl_typesupport_fastrtps_cExport-noconfig.cmake
[4.028s] -- Up-to-date: /ws/install/unitree_api/share/unitree_api/cmake/export_unitree_api__rosidl_generator_cppExport.cmake
[4.028s] -- Up-to-date: /ws/install/unitree_api/share/unitree_api/cmake/export_unitree_api__rosidl_typesupport_fastrtps_cppExport.cmake
[4.028s] -- Up-to-date: /ws/install/unitree_api/share/unitree_api/cmake/export_unitree_api__rosidl_typesupport_fastrtps_cppExport-noconfig.cmake
[4.034s] -- Up-to-date: /ws/install/unitree_api/share/unitree_api/cmake/unitree_api__rosidl_typesupport_introspection_cExport.cmake
[4.035s] -- Up-to-date: /ws/install/unitree_api/share/unitree_api/cmake/unitree_api__rosidl_typesupport_introspection_cExport-noconfig.cmake
[4.035s] -- Up-to-date: /ws/install/unitree_api/share/unitree_api/cmake/unitree_api__rosidl_typesupport_cExport.cmake
[4.035s] -- Up-to-date: /ws/install/unitree_api/share/unitree_api/cmake/unitree_api__rosidl_typesupport_cExport-noconfig.cmake
[4.035s] -- Up-to-date: /ws/install/unitree_api/share/unitree_api/cmake/unitree_api__rosidl_typesupport_introspection_cppExport.cmake
[4.035s] -- Up-to-date: /ws/install/unitree_api/share/unitree_api/cmake/unitree_api__rosidl_typesupport_introspection_cppExport-noconfig.cmake
[4.036s] -- Up-to-date: /ws/install/unitree_api/share/unitree_api/cmake/unitree_api__rosidl_typesupport_cppExport.cmake
[4.036s] -- Up-to-date: /ws/install/unitree_api/share/unitree_api/cmake/unitree_api__rosidl_typesupport_cppExport-noconfig.cmake
[4.036s] -- Up-to-date: /ws/install/unitree_api/share/unitree_api/cmake/export_unitree_api__rosidl_generator_pyExport.cmake
[4.047s] -- Up-to-date: /ws/install/unitree_api/share/unitree_api/cmake/export_unitree_api__rosidl_generator_pyExport-noconfig.cmake
[4.048s] -- Up-to-date: /ws/install/unitree_api/share/unitree_api/cmake/rosidl_cmake-extras.cmake
[4.048s] -- Up-to-date: /ws/install/unitree_api/share/unitree_api/cmake/ament_cmake_export_dependencies-extras.cmake
[4.049s] -- Up-to-date: /ws/install/unitree_api/share/unitree_api/cmake/ament_cmake_export_include_directories-extras.cmake
[4.050s] -- Up-to-date: /ws/install/unitree_api/share/unitree_api/cmake/ament_cmake_export_libraries-extras.cmake
[4.054s] -- Up-to-date: /ws/install/unitree_api/share/unitree_api/cmake/ament_cmake_export_targets-extras.cmake
[4.055s] -- Up-to-date: /ws/install/unitree_api/share/unitree_api/cmake/rosidl_cmake_export_typesupport_targets-extras.cmake
[4.055s] -- Up-to-date: /ws/install/unitree_api/share/unitree_api/cmake/rosidl_cmake_export_typesupport_libraries-extras.cmake
[4.055s] -- Up-to-date: /ws/install/unitree_api/share/unitree_api/cmake/unitree_apiConfig.cmake
[4.062s] -- Up-to-date: /ws/install/unitree_api/share/unitree_api/cmake/unitree_apiConfig-version.cmake
[4.062s] -- Up-to-date: /ws/install/unitree_api/share/unitree_api/package.xml
[4.124s] Invoked command in '/ws/build/unitree_api' returned '0': CMAKE_PREFIX_PATH=${CMAKE_PREFIX_PATH}:/opt/ros/humble /usr/bin/cmake --install /ws/build/unitree_api
