-- The C compiler identification is GNU 11.4.0
-- The CXX compiler identification is GNU 11.4.0
-- Detecting C compiler ABI info
-- Detecting C compiler ABI info - done
-- Check for working C compiler: /usr/bin/cc - skipped
-- Detecting C compile features
-- Detecting C compile features - done
-- Detecting CXX compiler ABI info
-- Detecting CXX compiler ABI info - done
-- Check for working CXX compiler: /usr/bin/c++ - skipped
-- Detecting CXX compile features
-- Detecting CXX compile features - done
-- Found ament_cmake: 1.3.12 (/opt/ros/humble/share/ament_cmake/cmake)
-- Found Python3: /usr/bin/python3 (found version "3.10.12") found components: Interpreter 
-- Found rclcpp: 16.0.16 (/opt/ros/humble/share/rclcpp/cmake)
-- Found rosidl_generator_c: 3.1.7 (/opt/ros/humble/share/rosidl_generator_c/cmake)
-- Found rosidl_adapter: 3.1.7 (/opt/ros/humble/share/rosidl_adapter/cmake)
-- Found rosidl_generator_cpp: 3.1.7 (/opt/ros/humble/share/rosidl_generator_cpp/cmake)
-- Using all available rosidl_typesupport_c: rosidl_typesupport_fastrtps_c;rosidl_typesupport_introspection_c
-- Using all available rosidl_typesupport_cpp: rosidl_typesupport_fastrtps_cpp;rosidl_typesupport_introspection_cpp
-- Found rmw_implementation_cmake: 6.1.2 (/opt/ros/humble/share/rmw_implementation_cmake/cmake)
-- Found rmw_cyclonedds_cpp: 1.3.4 (/opt/ros/humble/share/rmw_cyclonedds_cpp/cmake)
-- Using RMW implementation 'rmw_cyclonedds_cpp' as default
-- Looking for pthread.h
-- Looking for pthread.h - found
-- Performing Test CMAKE_HAVE_LIBC_PTHREAD
-- Performing Test CMAKE_HAVE_LIBC_PTHREAD - Success
-- Found Threads: TRUE  
-- Found sensor_msgs: 4.9.0 (/opt/ros/humble/share/sensor_msgs/cmake)
-- Found std_srvs: 4.9.0 (/opt/ros/humble/share/std_srvs/cmake)
-- Found ros2_unitree_legged_msgs: 0.4.0 (/home/ruben/go2_deploy/workhop_rl/install/ros2_unitree_legged_msgs/share/ros2_unitree_legged_msgs/cmake)
-- Found unitree_rl_controller: 0.0.0 (/home/ruben/go2_deploy/workhop_rl/install/unitree_rl_controller/share/unitree_rl_controller/cmake)
-- Found Torch: /home/ruben/libtorch/lib/libtorch.so  
-- Found unitree_go: 0.0.0 (/home/ruben/go2_deploy/workhop_rl/install/unitree_go/share/unitree_go/cmake)
-- Found unitree_api: 0.0.0 (/home/ruben/go2_deploy/workhop_rl/install/unitree_api/share/unitree_api/cmake)
-- Found tf2: 0.25.17 (/opt/ros/humble/share/tf2/cmake)
-- Found tf2_ros: 0.25.17 (/opt/ros/humble/share/tf2_ros/cmake)
-- Found tf2_sensor_msgs: 0.25.17 (/opt/ros/humble/share/tf2_sensor_msgs/cmake)
[0m-- CMAKE_SYSTEM_PROCESSOR: x86_64[0m
-- Configuring done
-- Generating done
-- Build files have been written to: /home/ruben/go2_deploy/workhop_rl/build/unitree_legged_real
[ 10%] [32mBuilding CXX object CMakeFiles/ros2_rl_go2.dir/src/motor_crc.cpp.o[0m
[ 20%] [32mBuilding CXX object CMakeFiles/ros2_rl_go2.dir/src/ros2_rl_go2.cpp.o[0m
[ 30%] [32mBuilding CXX object CMakeFiles/mujoco_sim.dir/src/mujoco_sim.cpp.o[0m
[ 40%] [32mBuilding CXX object CMakeFiles/lcm_server.dir/unitree_legged_sdk/examples/lcm_server.cpp.o[0m
[ 60%] [32mBuilding CXX object CMakeFiles/mujoco_sim.dir/src/motor_crc.cpp.o[0m
[ 60%] [32mBuilding CXX object CMakeFiles/go2_heightmap_node.dir/src/go2_heightmap_node.cpp.o[0m
In file included from [01m[K/home/ruben/go2_deploy/workhop_rl/src/unitree_ros2_to_real/include/go2_heightmap_node.hpp:16[m[K,
                 from [01m[K/home/ruben/go2_deploy/workhop_rl/src/unitree_ros2_to_real/src/go2_heightmap_node.cpp:1[m[K:
[01m[K/opt/ros/humble/include/tf2_sensor_msgs/tf2_sensor_msgs.h:32:2:[m[K [01;35m[Kwarning: [m[K#warning This header is obsolete, please include tf2_sensor_msgs/tf2_sensor_msgs.hpp instead [[01;35m[K]8;;https://gcc.gnu.org/onlinedocs/gcc/Warning-Options.html#index-Wcpp-Wcpp]8;;[m[K]
   32 | #[01;35m[Kwarning[m[K This header is obsolete, please include tf2_sensor_msgs/tf2_sensor_msgs.hpp instead
      |  [01;35m[K^~~~~~~[m[K
In file included from [01m[K/usr/include/boost/smart_ptr/detail/sp_thread_sleep.hpp:22[m[K,
                 from [01m[K/usr/include/boost/smart_ptr/detail/yield_k.hpp:23[m[K,
                 from [01m[K/usr/include/boost/smart_ptr/detail/spinlock_gcc_atomic.hpp:14[m[K,
                 from [01m[K/usr/include/boost/smart_ptr/detail/spinlock.hpp:42[m[K,
                 from [01m[K/usr/include/boost/smart_ptr/detail/spinlock_pool.hpp:25[m[K,
                 from [01m[K/usr/include/boost/smart_ptr/shared_ptr.hpp:29[m[K,
                 from [01m[K/usr/include/boost/shared_ptr.hpp:17[m[K,
                 from [01m[K/home/ruben/go2_deploy/workhop_rl/src/unitree_ros2_to_real/unitree_legged_sdk/include/unitree_legged_sdk/loop.h:14[m[K,
                 from [01m[K/home/ruben/go2_deploy/workhop_rl/src/unitree_ros2_to_real/unitree_legged_sdk/include/unitree_legged_sdk/unitree_legged_sdk.h:11[m[K,
                 from [01m[K/home/ruben/go2_deploy/workhop_rl/src/unitree_ros2_to_real/unitree_legged_sdk/include/unitree_legged_sdk/lcm_server.h:10[m[K,
                 from [01m[K/home/ruben/go2_deploy/workhop_rl/src/unitree_ros2_to_real/unitree_legged_sdk/examples/lcm_server.cpp:1[m[K:
[01m[K/usr/include/boost/bind.hpp:36:1:[m[K [01;36m[Knote: [m[K‘[01m[K#pragma message: The practice of declaring the Bind placeholders (_1, _2, ...) in the global namespace is deprecated. Please use <boost/bind/bind.hpp> + using namespace boost::placeholders, or define BOOST_BIND_GLOBAL_PLACEHOLDERS to retain the current behavior.[m[K’
   36 | [01;36m[KBOOST_PRAGMA_MESSAGE[m[K(
      | [01;36m[K^~~~~~~~~~~~~~~~~~~~[m[K
[ 70%] [32m[1mLinking CXX executable lcm_server[0m
[ 70%] Built target lcm_server
[ 80%] [32m[1mLinking CXX executable go2_heightmap_node[0m
[ 80%] Built target go2_heightmap_node
[ 90%] [32m[1mLinking CXX executable ros2_rl_go2[0m
[ 90%] Built target ros2_rl_go2
[100%] [32m[1mLinking CXX executable mujoco_sim[0m
[100%] Built target mujoco_sim
-- Install configuration: ""
-- Installing: /home/ruben/go2_deploy/workhop_rl/install/unitree_legged_real/lib
-- Installing: /home/ruben/go2_deploy/workhop_rl/install/unitree_legged_real/lib/libunitree_legged_sdk_amd64.so
-- Installing: /home/ruben/go2_deploy/workhop_rl/install/unitree_legged_real/lib/libunitree_legged_sdk_arm64.so
-- Installing: /home/ruben/go2_deploy/workhop_rl/install/unitree_legged_real/lib/libddsc.so
-- Installing: /home/ruben/go2_deploy/workhop_rl/install/unitree_legged_real/lib/libddscxx.so
-- Up-to-date: /home/ruben/go2_deploy/workhop_rl/install/unitree_legged_real/lib/libddsc.so
-- Up-to-date: /home/ruben/go2_deploy/workhop_rl/install/unitree_legged_real/lib/libddscxx.so
-- Installing: /home/ruben/go2_deploy/workhop_rl/install/unitree_legged_real/lib/unitree_legged_real/ros2_rl_go2
-- Set runtime path of "/home/ruben/go2_deploy/workhop_rl/install/unitree_legged_real/lib/unitree_legged_real/ros2_rl_go2" to ""
-- Installing: /home/ruben/go2_deploy/workhop_rl/install/unitree_legged_real/lib/unitree_legged_real/mujoco_sim
-- Set runtime path of "/home/ruben/go2_deploy/workhop_rl/install/unitree_legged_real/lib/unitree_legged_real/mujoco_sim" to ""
-- Installing: /home/ruben/go2_deploy/workhop_rl/install/unitree_legged_real/lib/unitree_legged_real/go2_heightmap_node
-- Set runtime path of "/home/ruben/go2_deploy/workhop_rl/install/unitree_legged_real/lib/unitree_legged_real/go2_heightmap_node" to ""
-- Installing: /home/ruben/go2_deploy/workhop_rl/install/unitree_legged_real/lib/unitree_legged_real/lcm_server
-- Set runtime path of "/home/ruben/go2_deploy/workhop_rl/install/unitree_legged_real/lib/unitree_legged_real/lcm_server" to ""
-- Installing: /home/ruben/go2_deploy/workhop_rl/install/unitree_legged_real/share/ament_index/resource_index/package_run_dependencies/unitree_legged_real
-- Installing: /home/ruben/go2_deploy/workhop_rl/install/unitree_legged_real/share/ament_index/resource_index/parent_prefix_path/unitree_legged_real
-- Installing: /home/ruben/go2_deploy/workhop_rl/install/unitree_legged_real/share/unitree_legged_real/environment/ament_prefix_path.sh
-- Installing: /home/ruben/go2_deploy/workhop_rl/install/unitree_legged_real/share/unitree_legged_real/environment/ament_prefix_path.dsv
-- Installing: /home/ruben/go2_deploy/workhop_rl/install/unitree_legged_real/share/unitree_legged_real/environment/path.sh
-- Installing: /home/ruben/go2_deploy/workhop_rl/install/unitree_legged_real/share/unitree_legged_real/environment/path.dsv
-- Installing: /home/ruben/go2_deploy/workhop_rl/install/unitree_legged_real/share/unitree_legged_real/local_setup.bash
-- Installing: /home/ruben/go2_deploy/workhop_rl/install/unitree_legged_real/share/unitree_legged_real/local_setup.sh
-- Installing: /home/ruben/go2_deploy/workhop_rl/install/unitree_legged_real/share/unitree_legged_real/local_setup.zsh
-- Installing: /home/ruben/go2_deploy/workhop_rl/install/unitree_legged_real/share/unitree_legged_real/local_setup.dsv
-- Installing: /home/ruben/go2_deploy/workhop_rl/install/unitree_legged_real/share/unitree_legged_real/package.dsv
-- Installing: /home/ruben/go2_deploy/workhop_rl/install/unitree_legged_real/share/ament_index/resource_index/packages/unitree_legged_real
-- Installing: /home/ruben/go2_deploy/workhop_rl/install/unitree_legged_real/share/unitree_legged_real/cmake/unitree_legged_realConfig.cmake
-- Installing: /home/ruben/go2_deploy/workhop_rl/install/unitree_legged_real/share/unitree_legged_real/cmake/unitree_legged_realConfig-version.cmake
-- Installing: /home/ruben/go2_deploy/workhop_rl/install/unitree_legged_real/share/unitree_legged_real/package.xml
