[0.022s] Invoking command in '/home/ruben/go2_deploy/workhop_rl/build/unitree_legged_real': AMENT_PREFIX_PATH=/home/ruben/go2_deploy/workhop_rl/install/unitree_rl_controller:/home/ruben/go2_deploy/workhop_rl/install/unitree_go:/home/ruben/go2_deploy/workhop_rl/install/unitree_api:/home/ruben/go2_deploy/workhop_rl/install/ros2_unitree_legged_msgs:${AMENT_PREFIX_PATH} CMAKE_PREFIX_PATH=/home/ruben/go2_deploy/workhop_rl/install/unitree_rl_controller:/home/ruben/go2_deploy/workhop_rl/install/unitree_go:/home/ruben/go2_deploy/workhop_rl/install/unitree_api:/home/ruben/go2_deploy/workhop_rl/install/ros2_unitree_legged_msgs:/opt/ros/humble LD_LIBRARY_PATH=/home/ruben/go2_deploy/workhop_rl/install/unitree_rl_controller/lib:/home/ruben/go2_deploy/workhop_rl/install/unitree_go/lib:/home/ruben/go2_deploy/workhop_rl/install/unitree_api/lib:/home/ruben/go2_deploy/workhop_rl/install/ros2_unitree_legged_msgs/lib:${LD_LIBRARY_PATH} PYTHONPATH=/home/ruben/go2_deploy/workhop_rl/install/unitree_go/local/lib/python3.10/dist-packages:/home/ruben/go2_deploy/workhop_rl/install/unitree_api/local/lib/python3.10/dist-packages:/home/ruben/go2_deploy/workhop_rl/install/ros2_unitree_legged_msgs/local/lib/python3.10/dist-packages:${PYTHONPATH} /usr/bin/cmake /home/ruben/go2_deploy/workhop_rl/src/unitree_ros2_to_real -DCMAKE_INSTALL_PREFIX=/home/ruben/go2_deploy/workhop_rl/install/unitree_legged_real
[0.094s] -- The C compiler identification is GNU 11.4.0
[0.137s] -- The CXX compiler identification is GNU 11.4.0
[0.141s] -- Detecting C compiler ABI info
[0.236s] -- Detecting C compiler ABI info - done
[0.241s] -- Check for working C compiler: /usr/bin/cc - skipped
[0.241s] -- Detecting C compile features
[0.241s] -- Detecting C compile features - done
[0.243s] -- Detecting CXX compiler ABI info
[0.330s] -- Detecting CXX compiler ABI info - done
[0.337s] -- Check for working CXX compiler: /usr/bin/c++ - skipped
[0.337s] -- Detecting CXX compile features
[0.337s] -- Detecting CXX compile features - done
[0.339s] -- Found ament_cmake: 1.3.12 (/opt/ros/humble/share/ament_cmake/cmake)
[0.445s] -- Found Python3: /usr/bin/python3 (found version "3.10.12") found components: Interpreter 
[0.499s] -- Found rclcpp: 16.0.16 (/opt/ros/humble/share/rclcpp/cmake)
[0.523s] -- Found rosidl_generator_c: 3.1.7 (/opt/ros/humble/share/rosidl_generator_c/cmake)
[0.525s] -- Found rosidl_adapter: 3.1.7 (/opt/ros/humble/share/rosidl_adapter/cmake)
[0.530s] -- Found rosidl_generator_cpp: 3.1.7 (/opt/ros/humble/share/rosidl_generator_cpp/cmake)
[0.536s] -- Using all available rosidl_typesupport_c: rosidl_typesupport_fastrtps_c;rosidl_typesupport_introspection_c
[0.545s] -- Using all available rosidl_typesupport_cpp: rosidl_typesupport_fastrtps_cpp;rosidl_typesupport_introspection_cpp
[0.569s] -- Found rmw_implementation_cmake: 6.1.2 (/opt/ros/humble/share/rmw_implementation_cmake/cmake)
[0.570s] -- Found rmw_cyclonedds_cpp: 1.3.4 (/opt/ros/humble/share/rmw_cyclonedds_cpp/cmake)
[0.582s] -- Using RMW implementation 'rmw_cyclonedds_cpp' as default
[0.586s] -- Looking for pthread.h
[0.646s] -- Looking for pthread.h - found
[0.646s] -- Performing Test CMAKE_HAVE_LIBC_PTHREAD
[0.699s] -- Performing Test CMAKE_HAVE_LIBC_PTHREAD - Success
[0.701s] -- Found Threads: TRUE  
[0.741s] -- Found sensor_msgs: 4.9.0 (/opt/ros/humble/share/sensor_msgs/cmake)
[0.786s] -- Found std_srvs: 4.9.0 (/opt/ros/humble/share/std_srvs/cmake)
[0.804s] -- Found ros2_unitree_legged_msgs: 0.4.0 (/home/ruben/go2_deploy/workhop_rl/install/ros2_unitree_legged_msgs/share/ros2_unitree_legged_msgs/cmake)
[0.809s] -- Found unitree_rl_controller: 0.0.0 (/home/ruben/go2_deploy/workhop_rl/install/unitree_rl_controller/share/unitree_rl_controller/cmake)
[0.828s] -- Found Torch: /home/ruben/libtorch/lib/libtorch.so  
[0.828s] -- Found unitree_go: 0.0.0 (/home/ruben/go2_deploy/workhop_rl/install/unitree_go/share/unitree_go/cmake)
[0.838s] -- Found unitree_api: 0.0.0 (/home/ruben/go2_deploy/workhop_rl/install/unitree_api/share/unitree_api/cmake)
[0.852s] -- Found tf2: 0.25.17 (/opt/ros/humble/share/tf2/cmake)
[0.862s] -- Found tf2_ros: 0.25.17 (/opt/ros/humble/share/tf2_ros/cmake)
[0.983s] -- Found tf2_sensor_msgs: 0.25.17 (/opt/ros/humble/share/tf2_sensor_msgs/cmake)
[0.993s] [0m-- CMAKE_SYSTEM_PROCESSOR: x86_64[0m
[1.053s] -- Configuring done
[1.124s] -- Generating done
[1.133s] -- Build files have been written to: /home/ruben/go2_deploy/workhop_rl/build/unitree_legged_real
[1.143s] Invoked command in '/home/ruben/go2_deploy/workhop_rl/build/unitree_legged_real' returned '0': AMENT_PREFIX_PATH=/home/ruben/go2_deploy/workhop_rl/install/unitree_rl_controller:/home/ruben/go2_deploy/workhop_rl/install/unitree_go:/home/ruben/go2_deploy/workhop_rl/install/unitree_api:/home/ruben/go2_deploy/workhop_rl/install/ros2_unitree_legged_msgs:${AMENT_PREFIX_PATH} CMAKE_PREFIX_PATH=/home/ruben/go2_deploy/workhop_rl/install/unitree_rl_controller:/home/ruben/go2_deploy/workhop_rl/install/unitree_go:/home/ruben/go2_deploy/workhop_rl/install/unitree_api:/home/ruben/go2_deploy/workhop_rl/install/ros2_unitree_legged_msgs:/opt/ros/humble LD_LIBRARY_PATH=/home/ruben/go2_deploy/workhop_rl/install/unitree_rl_controller/lib:/home/ruben/go2_deploy/workhop_rl/install/unitree_go/lib:/home/ruben/go2_deploy/workhop_rl/install/unitree_api/lib:/home/ruben/go2_deploy/workhop_rl/install/ros2_unitree_legged_msgs/lib:${LD_LIBRARY_PATH} PYTHONPATH=/home/ruben/go2_deploy/workhop_rl/install/unitree_go/local/lib/python3.10/dist-packages:/home/ruben/go2_deploy/workhop_rl/install/unitree_api/local/lib/python3.10/dist-packages:/home/ruben/go2_deploy/workhop_rl/install/ros2_unitree_legged_msgs/local/lib/python3.10/dist-packages:${PYTHONPATH} /usr/bin/cmake /home/ruben/go2_deploy/workhop_rl/src/unitree_ros2_to_real -DCMAKE_INSTALL_PREFIX=/home/ruben/go2_deploy/workhop_rl/install/unitree_legged_real
[1.144s] Invoking command in '/home/ruben/go2_deploy/workhop_rl/build/unitree_legged_real': AMENT_PREFIX_PATH=/home/ruben/go2_deploy/workhop_rl/install/unitree_rl_controller:/home/ruben/go2_deploy/workhop_rl/install/unitree_go:/home/ruben/go2_deploy/workhop_rl/install/unitree_api:/home/ruben/go2_deploy/workhop_rl/install/ros2_unitree_legged_msgs:${AMENT_PREFIX_PATH} CMAKE_PREFIX_PATH=/home/ruben/go2_deploy/workhop_rl/install/unitree_rl_controller:/home/ruben/go2_deploy/workhop_rl/install/unitree_go:/home/ruben/go2_deploy/workhop_rl/install/unitree_api:/home/ruben/go2_deploy/workhop_rl/install/ros2_unitree_legged_msgs:/opt/ros/humble LD_LIBRARY_PATH=/home/ruben/go2_deploy/workhop_rl/install/unitree_rl_controller/lib:/home/ruben/go2_deploy/workhop_rl/install/unitree_go/lib:/home/ruben/go2_deploy/workhop_rl/install/unitree_api/lib:/home/ruben/go2_deploy/workhop_rl/install/ros2_unitree_legged_msgs/lib:${LD_LIBRARY_PATH} PYTHONPATH=/home/ruben/go2_deploy/workhop_rl/install/unitree_go/local/lib/python3.10/dist-packages:/home/ruben/go2_deploy/workhop_rl/install/unitree_api/local/lib/python3.10/dist-packages:/home/ruben/go2_deploy/workhop_rl/install/ros2_unitree_legged_msgs/local/lib/python3.10/dist-packages:${PYTHONPATH} /usr/bin/cmake --build /home/ruben/go2_deploy/workhop_rl/build/unitree_legged_real -- -j22 -l22
[1.184s] [ 10%] [32mBuilding CXX object CMakeFiles/ros2_rl_go2.dir/src/motor_crc.cpp.o[0m
[1.184s] [ 20%] [32mBuilding CXX object CMakeFiles/ros2_rl_go2.dir/src/ros2_rl_go2.cpp.o[0m
[1.185s] [ 30%] [32mBuilding CXX object CMakeFiles/mujoco_sim.dir/src/mujoco_sim.cpp.o[0m
[1.185s] [ 40%] [32mBuilding CXX object CMakeFiles/lcm_server.dir/unitree_legged_sdk/examples/lcm_server.cpp.o[0m
[1.185s] [ 60%] [32mBuilding CXX object CMakeFiles/mujoco_sim.dir/src/motor_crc.cpp.o[0m
[1.185s] [ 60%] [32mBuilding CXX object CMakeFiles/go2_heightmap_node.dir/src/go2_heightmap_node.cpp.o[0m
[1.460s] In file included from [01m[K/home/ruben/go2_deploy/workhop_rl/src/unitree_ros2_to_real/include/go2_heightmap_node.hpp:16[m[K,
[1.460s]                  from [01m[K/home/ruben/go2_deploy/workhop_rl/src/unitree_ros2_to_real/src/go2_heightmap_node.cpp:1[m[K:
[1.460s] [01m[K/opt/ros/humble/include/tf2_sensor_msgs/tf2_sensor_msgs.h:32:2:[m[K [01;35m[Kwarning: [m[K#warning This header is obsolete, please include tf2_sensor_msgs/tf2_sensor_msgs.hpp instead [[01;35m[K]8;;https://gcc.gnu.org/onlinedocs/gcc/Warning-Options.html#index-Wcpp-Wcpp]8;;[m[K]
[1.460s]    32 | #[01;35m[Kwarning[m[K This header is obsolete, please include tf2_sensor_msgs/tf2_sensor_msgs.hpp instead
[1.460s]       |  [01;35m[K^~~~~~~[m[K
[2.074s] In file included from [01m[K/usr/include/boost/smart_ptr/detail/sp_thread_sleep.hpp:22[m[K,
[2.074s]                  from [01m[K/usr/include/boost/smart_ptr/detail/yield_k.hpp:23[m[K,
[2.074s]                  from [01m[K/usr/include/boost/smart_ptr/detail/spinlock_gcc_atomic.hpp:14[m[K,
[2.074s]                  from [01m[K/usr/include/boost/smart_ptr/detail/spinlock.hpp:42[m[K,
[2.074s]                  from [01m[K/usr/include/boost/smart_ptr/detail/spinlock_pool.hpp:25[m[K,
[2.074s]                  from [01m[K/usr/include/boost/smart_ptr/shared_ptr.hpp:29[m[K,
[2.074s]                  from [01m[K/usr/include/boost/shared_ptr.hpp:17[m[K,
[2.074s]                  from [01m[K/home/ruben/go2_deploy/workhop_rl/src/unitree_ros2_to_real/unitree_legged_sdk/include/unitree_legged_sdk/loop.h:14[m[K,
[2.074s]                  from [01m[K/home/ruben/go2_deploy/workhop_rl/src/unitree_ros2_to_real/unitree_legged_sdk/include/unitree_legged_sdk/unitree_legged_sdk.h:11[m[K,
[2.074s]                  from [01m[K/home/ruben/go2_deploy/workhop_rl/src/unitree_ros2_to_real/unitree_legged_sdk/include/unitree_legged_sdk/lcm_server.h:10[m[K,
[2.074s]                  from [01m[K/home/ruben/go2_deploy/workhop_rl/src/unitree_ros2_to_real/unitree_legged_sdk/examples/lcm_server.cpp:1[m[K:
[2.074s] [01m[K/usr/include/boost/bind.hpp:36:1:[m[K [01;36m[Knote: [m[K‘[01m[K#pragma message: The practice of declaring the Bind placeholders (_1, _2, ...) in the global namespace is deprecated. Please use <boost/bind/bind.hpp> + using namespace boost::placeholders, or define BOOST_BIND_GLOBAL_PLACEHOLDERS to retain the current behavior.[m[K’
[2.074s]    36 | [01;36m[KBOOST_PRAGMA_MESSAGE[m[K(
[2.074s]       | [01;36m[K^~~~~~~~~~~~~~~~~~~~[m[K
[2.394s] [ 70%] [32m[1mLinking CXX executable lcm_server[0m
[2.472s] [ 70%] Built target lcm_server
[12.580s] [ 80%] [32m[1mLinking CXX executable go2_heightmap_node[0m
[12.819s] [ 80%] Built target go2_heightmap_node
[20.701s] [ 90%] [32m[1mLinking CXX executable ros2_rl_go2[0m
[22.144s] [ 90%] Built target ros2_rl_go2
[23.886s] [100%] [32m[1mLinking CXX executable mujoco_sim[0m
[25.078s] [100%] Built target mujoco_sim
[25.113s] Invoked command in '/home/ruben/go2_deploy/workhop_rl/build/unitree_legged_real' returned '0': AMENT_PREFIX_PATH=/home/ruben/go2_deploy/workhop_rl/install/unitree_rl_controller:/home/ruben/go2_deploy/workhop_rl/install/unitree_go:/home/ruben/go2_deploy/workhop_rl/install/unitree_api:/home/ruben/go2_deploy/workhop_rl/install/ros2_unitree_legged_msgs:${AMENT_PREFIX_PATH} CMAKE_PREFIX_PATH=/home/ruben/go2_deploy/workhop_rl/install/unitree_rl_controller:/home/ruben/go2_deploy/workhop_rl/install/unitree_go:/home/ruben/go2_deploy/workhop_rl/install/unitree_api:/home/ruben/go2_deploy/workhop_rl/install/ros2_unitree_legged_msgs:/opt/ros/humble LD_LIBRARY_PATH=/home/ruben/go2_deploy/workhop_rl/install/unitree_rl_controller/lib:/home/ruben/go2_deploy/workhop_rl/install/unitree_go/lib:/home/ruben/go2_deploy/workhop_rl/install/unitree_api/lib:/home/ruben/go2_deploy/workhop_rl/install/ros2_unitree_legged_msgs/lib:${LD_LIBRARY_PATH} PYTHONPATH=/home/ruben/go2_deploy/workhop_rl/install/unitree_go/local/lib/python3.10/dist-packages:/home/ruben/go2_deploy/workhop_rl/install/unitree_api/local/lib/python3.10/dist-packages:/home/ruben/go2_deploy/workhop_rl/install/ros2_unitree_legged_msgs/local/lib/python3.10/dist-packages:${PYTHONPATH} /usr/bin/cmake --build /home/ruben/go2_deploy/workhop_rl/build/unitree_legged_real -- -j22 -l22
[25.115s] Invoking command in '/home/ruben/go2_deploy/workhop_rl/build/unitree_legged_real': AMENT_PREFIX_PATH=/home/ruben/go2_deploy/workhop_rl/install/unitree_rl_controller:/home/ruben/go2_deploy/workhop_rl/install/unitree_go:/home/ruben/go2_deploy/workhop_rl/install/unitree_api:/home/ruben/go2_deploy/workhop_rl/install/ros2_unitree_legged_msgs:${AMENT_PREFIX_PATH} CMAKE_PREFIX_PATH=/home/ruben/go2_deploy/workhop_rl/install/unitree_rl_controller:/home/ruben/go2_deploy/workhop_rl/install/unitree_go:/home/ruben/go2_deploy/workhop_rl/install/unitree_api:/home/ruben/go2_deploy/workhop_rl/install/ros2_unitree_legged_msgs:/opt/ros/humble LD_LIBRARY_PATH=/home/ruben/go2_deploy/workhop_rl/install/unitree_rl_controller/lib:/home/ruben/go2_deploy/workhop_rl/install/unitree_go/lib:/home/ruben/go2_deploy/workhop_rl/install/unitree_api/lib:/home/ruben/go2_deploy/workhop_rl/install/ros2_unitree_legged_msgs/lib:${LD_LIBRARY_PATH} PYTHONPATH=/home/ruben/go2_deploy/workhop_rl/install/unitree_go/local/lib/python3.10/dist-packages:/home/ruben/go2_deploy/workhop_rl/install/unitree_api/local/lib/python3.10/dist-packages:/home/ruben/go2_deploy/workhop_rl/install/ros2_unitree_legged_msgs/local/lib/python3.10/dist-packages:${PYTHONPATH} /usr/bin/cmake --install /home/ruben/go2_deploy/workhop_rl/build/unitree_legged_real
[25.122s] -- Install configuration: ""
[25.122s] -- Installing: /home/ruben/go2_deploy/workhop_rl/install/unitree_legged_real/lib
[25.122s] -- Installing: /home/ruben/go2_deploy/workhop_rl/install/unitree_legged_real/lib/libunitree_legged_sdk_amd64.so
[25.123s] -- Installing: /home/ruben/go2_deploy/workhop_rl/install/unitree_legged_real/lib/libunitree_legged_sdk_arm64.so
[25.123s] -- Installing: /home/ruben/go2_deploy/workhop_rl/install/unitree_legged_real/lib/libddsc.so
[25.128s] -- Installing: /home/ruben/go2_deploy/workhop_rl/install/unitree_legged_real/lib/libddscxx.so
[25.129s] -- Up-to-date: /home/ruben/go2_deploy/workhop_rl/install/unitree_legged_real/lib/libddsc.so
[25.129s] -- Up-to-date: /home/ruben/go2_deploy/workhop_rl/install/unitree_legged_real/lib/libddscxx.so
[25.129s] -- Installing: /home/ruben/go2_deploy/workhop_rl/install/unitree_legged_real/lib/unitree_legged_real/ros2_rl_go2
[25.130s] -- Set runtime path of "/home/ruben/go2_deploy/workhop_rl/install/unitree_legged_real/lib/unitree_legged_real/ros2_rl_go2" to ""
[25.130s] -- Installing: /home/ruben/go2_deploy/workhop_rl/install/unitree_legged_real/lib/unitree_legged_real/mujoco_sim
[25.131s] -- Set runtime path of "/home/ruben/go2_deploy/workhop_rl/install/unitree_legged_real/lib/unitree_legged_real/mujoco_sim" to ""
[25.131s] -- Installing: /home/ruben/go2_deploy/workhop_rl/install/unitree_legged_real/lib/unitree_legged_real/go2_heightmap_node
[25.132s] -- Set runtime path of "/home/ruben/go2_deploy/workhop_rl/install/unitree_legged_real/lib/unitree_legged_real/go2_heightmap_node" to ""
[25.132s] -- Installing: /home/ruben/go2_deploy/workhop_rl/install/unitree_legged_real/lib/unitree_legged_real/lcm_server
[25.132s] -- Set runtime path of "/home/ruben/go2_deploy/workhop_rl/install/unitree_legged_real/lib/unitree_legged_real/lcm_server" to ""
[25.132s] -- Installing: /home/ruben/go2_deploy/workhop_rl/install/unitree_legged_real/share/ament_index/resource_index/package_run_dependencies/unitree_legged_real
[25.132s] -- Installing: /home/ruben/go2_deploy/workhop_rl/install/unitree_legged_real/share/ament_index/resource_index/parent_prefix_path/unitree_legged_real
[25.132s] -- Installing: /home/ruben/go2_deploy/workhop_rl/install/unitree_legged_real/share/unitree_legged_real/environment/ament_prefix_path.sh
[25.132s] -- Installing: /home/ruben/go2_deploy/workhop_rl/install/unitree_legged_real/share/unitree_legged_real/environment/ament_prefix_path.dsv
[25.132s] -- Installing: /home/ruben/go2_deploy/workhop_rl/install/unitree_legged_real/share/unitree_legged_real/environment/path.sh
[25.132s] -- Installing: /home/ruben/go2_deploy/workhop_rl/install/unitree_legged_real/share/unitree_legged_real/environment/path.dsv
[25.132s] -- Installing: /home/ruben/go2_deploy/workhop_rl/install/unitree_legged_real/share/unitree_legged_real/local_setup.bash
[25.132s] -- Installing: /home/ruben/go2_deploy/workhop_rl/install/unitree_legged_real/share/unitree_legged_real/local_setup.sh
[25.132s] -- Installing: /home/ruben/go2_deploy/workhop_rl/install/unitree_legged_real/share/unitree_legged_real/local_setup.zsh
[25.132s] -- Installing: /home/ruben/go2_deploy/workhop_rl/install/unitree_legged_real/share/unitree_legged_real/local_setup.dsv
[25.132s] -- Installing: /home/ruben/go2_deploy/workhop_rl/install/unitree_legged_real/share/unitree_legged_real/package.dsv
[25.132s] -- Installing: /home/ruben/go2_deploy/workhop_rl/install/unitree_legged_real/share/ament_index/resource_index/packages/unitree_legged_real
[25.132s] -- Installing: /home/ruben/go2_deploy/workhop_rl/install/unitree_legged_real/share/unitree_legged_real/cmake/unitree_legged_realConfig.cmake
[25.132s] -- Installing: /home/ruben/go2_deploy/workhop_rl/install/unitree_legged_real/share/unitree_legged_real/cmake/unitree_legged_realConfig-version.cmake
[25.132s] -- Installing: /home/ruben/go2_deploy/workhop_rl/install/unitree_legged_real/share/unitree_legged_real/package.xml
[25.134s] Invoked command in '/home/ruben/go2_deploy/workhop_rl/build/unitree_legged_real' returned '0': AMENT_PREFIX_PATH=/home/ruben/go2_deploy/workhop_rl/install/unitree_rl_controller:/home/ruben/go2_deploy/workhop_rl/install/unitree_go:/home/ruben/go2_deploy/workhop_rl/install/unitree_api:/home/ruben/go2_deploy/workhop_rl/install/ros2_unitree_legged_msgs:${AMENT_PREFIX_PATH} CMAKE_PREFIX_PATH=/home/ruben/go2_deploy/workhop_rl/install/unitree_rl_controller:/home/ruben/go2_deploy/workhop_rl/install/unitree_go:/home/ruben/go2_deploy/workhop_rl/install/unitree_api:/home/ruben/go2_deploy/workhop_rl/install/ros2_unitree_legged_msgs:/opt/ros/humble LD_LIBRARY_PATH=/home/ruben/go2_deploy/workhop_rl/install/unitree_rl_controller/lib:/home/ruben/go2_deploy/workhop_rl/install/unitree_go/lib:/home/ruben/go2_deploy/workhop_rl/install/unitree_api/lib:/home/ruben/go2_deploy/workhop_rl/install/ros2_unitree_legged_msgs/lib:${LD_LIBRARY_PATH} PYTHONPATH=/home/ruben/go2_deploy/workhop_rl/install/unitree_go/local/lib/python3.10/dist-packages:/home/ruben/go2_deploy/workhop_rl/install/unitree_api/local/lib/python3.10/dist-packages:/home/ruben/go2_deploy/workhop_rl/install/ros2_unitree_legged_msgs/local/lib/python3.10/dist-packages:${PYTHONPATH} /usr/bin/cmake --install /home/ruben/go2_deploy/workhop_rl/build/unitree_legged_real
